2026-06-15 03:01:04 [INFO] ===== Round 2/4 =====
2026-06-15 03:01:04 [INFO] ===== with_tool =====
2026-06-15 03:01:04 [INFO] 

number id: 0
2026-06-15 03:01:14 [INFO] correct (tool_hit=1)
2026-06-15 03:01:15 [INFO] 

number id: 1
2026-06-15 03:01:20 [INFO] correct (tool_hit=3)
2026-06-15 03:01:20 [INFO] 

number id: 2
2026-06-15 03:01:56 [INFO] correct (tool_hit=0)
2026-06-15 03:01:56 [INFO] 

number id: 3
2026-06-15 03:02:25 [INFO] correct (tool_hit=1)
2026-06-15 03:02:25 [INFO] 

number id: 4
2026-06-15 03:02:38 [INFO] correct (tool_hit=0)
2026-06-15 03:02:38 [INFO] 

number id: 5
2026-06-15 03:02:59 [INFO] correct (tool_hit=0)
2026-06-15 03:02:59 [INFO] 

number id: 6
2026-06-15 03:03:25 [INFO] error (tool_hit=0)
2026-06-15 03:03:25 [INFO] 

number id: 7
2026-06-15 03:03:45 [INFO] error (tool_hit=0)
2026-06-15 03:03:45 [INFO] 

number id: 8
2026-06-15 03:04:37 [INFO] error (tool_hit=0)
2026-06-15 03:04:37 [INFO] 

number id: 9
2026-06-15 03:05:14 [INFO] error (tool_hit=0)
2026-06-15 03:05:14 [INFO] 

number id: 10
2026-06-15 03:06:11 [INFO] correct (tool_hit=0)
2026-06-15 03:06:11 [INFO] 

number id: 11
2026-06-15 03:06:37 [INFO] error (tool_hit=0)
2026-06-15 03:06:37 [INFO] 

number id: 12
2026-06-15 03:07:02 [INFO] correct (tool_hit=0)
2026-06-15 03:07:02 [INFO] 

number id: 13
2026-06-15 03:07:22 [INFO] correct (tool_hit=1)
2026-06-15 03:07:22 [INFO] 

number id: 14
2026-06-15 03:08:31 [INFO] error (tool_hit=1)
2026-06-15 03:08:31 [INFO] 

number id: 15
2026-06-15 03:08:59 [INFO] error (tool_hit=0)
2026-06-15 03:08:59 [INFO] 

number id: 16
2026-06-15 03:09:20 [INFO] correct (tool_hit=0)
2026-06-15 03:09:20 [INFO] 

number id: 17
2026-06-15 03:09:53 [INFO] error (tool_hit=0)
2026-06-15 03:09:53 [INFO] 

number id: 18
2026-06-15 03:10:38 [INFO] correct (tool_hit=0)
2026-06-15 03:10:38 [INFO] 

number id: 19
2026-06-15 03:10:55 [INFO] correct (tool_hit=0)
2026-06-15 03:10:55 [INFO] 

number id: 20
2026-06-15 03:11:46 [INFO] error (tool_hit=0)
2026-06-15 03:11:46 [INFO] 

number id: 21
2026-06-15 03:12:13 [INFO] error (tool_hit=0)
2026-06-15 03:12:13 [INFO] 

number id: 22
2026-06-15 03:12:26 [INFO] correct (tool_hit=1)
2026-06-15 03:12:26 [INFO] 

number id: 23
2026-06-15 03:12:52 [INFO] correct (tool_hit=0)
2026-06-15 03:12:52 [INFO] 

number id: 24
2026-06-15 03:13:01 [INFO] correct (tool_hit=0)
2026-06-15 03:13:01 [INFO] 

number id: 25
2026-06-15 03:13:16 [INFO] correct (tool_hit=0)
2026-06-15 03:13:16 [INFO] 

number id: 26
2026-06-15 03:13:47 [INFO] error (tool_hit=1)
2026-06-15 03:13:47 [INFO] 

number id: 27
2026-06-15 03:14:34 [INFO] error (tool_hit=0)
2026-06-15 03:14:34 [INFO] 

number id: 28
2026-06-15 03:14:54 [INFO] correct (tool_hit=0)
2026-06-15 03:14:54 [INFO] 

number id: 29
2026-06-15 03:15:55 [INFO] error (tool_hit=0)
2026-06-15 03:15:55 [INFO] 

number id: 30
2026-06-15 03:16:24 [INFO] correct (tool_hit=0)
2026-06-15 03:16:24 [INFO] 

number id: 31
2026-06-15 03:16:55 [INFO] correct (tool_hit=0)
2026-06-15 03:16:55 [INFO] 

number id: 32
2026-06-15 03:17:54 [INFO] correct (tool_hit=0)
2026-06-15 03:17:54 [INFO] 

number id: 33
2026-06-15 03:18:22 [INFO] error (tool_hit=0)
2026-06-15 03:18:22 [INFO] 

number id: 34
2026-06-15 03:18:50 [INFO] error (tool_hit=0)
2026-06-15 03:18:50 [INFO] 

number id: 35
2026-06-15 03:19:07 [INFO] error (tool_hit=0)
2026-06-15 03:19:07 [INFO] 

number id: 36
2026-06-15 03:20:02 [INFO] error (tool_hit=1)
2026-06-15 03:20:02 [INFO] 

number id: 37
2026-06-15 03:20:43 [INFO] error (tool_hit=0)
2026-06-15 03:20:43 [INFO] 

number id: 38
2026-06-15 03:21:30 [INFO] error (tool_hit=0)
2026-06-15 03:21:30 [INFO] 

number id: 39
2026-06-15 03:22:08 [INFO] correct (tool_hit=0)
2026-06-15 03:22:08 [INFO] 

number id: 40
2026-06-15 03:22:30 [INFO] error (tool_hit=0)
2026-06-15 03:22:30 [INFO] 

number id: 41
2026-06-15 03:22:55 [INFO] correct (tool_hit=0)
2026-06-15 03:22:55 [INFO] 

number id: 42
2026-06-15 03:23:10 [INFO] error (tool_hit=0)
2026-06-15 03:23:10 [INFO] 

number id: 43
2026-06-15 03:24:15 [INFO] error (tool_hit=0)
2026-06-15 03:24:15 [INFO] 

number id: 44
2026-06-15 03:24:40 [INFO] correct (tool_hit=2)
2026-06-15 03:24:40 [INFO] 

number id: 45
2026-06-15 03:24:57 [INFO] correct (tool_hit=0)
2026-06-15 03:24:57 [INFO] 

number id: 46
2026-06-15 03:25:43 [INFO] error (tool_hit=0)
2026-06-15 03:25:43 [INFO] 

number id: 47
2026-06-15 03:26:08 [INFO] correct (tool_hit=0)
2026-06-15 03:26:08 [INFO] 

number id: 48
2026-06-15 03:26:25 [INFO] correct (tool_hit=0)
2026-06-15 03:26:25 [INFO] 

number id: 49
2026-06-15 03:27:48 [INFO] error (tool_hit=0)
2026-06-15 03:27:48 [INFO] 

number id: 50
2026-06-15 03:28:17 [INFO] error (tool_hit=0)
2026-06-15 03:28:17 [INFO] 

number id: 51
2026-06-15 03:28:35 [INFO] correct (tool_hit=0)
2026-06-15 03:28:35 [INFO] 

number id: 52
2026-06-15 03:29:05 [INFO] error (tool_hit=0)
2026-06-15 03:29:05 [INFO] 

number id: 53
2026-06-15 03:29:15 [INFO] correct (tool_hit=0)
2026-06-15 03:29:15 [INFO] 

number id: 54
2026-06-15 03:29:48 [INFO] error (tool_hit=0)
2026-06-15 03:29:48 [INFO] 

number id: 55
2026-06-15 03:29:55 [INFO] correct (tool_hit=0)
2026-06-15 03:29:55 [INFO] 

number id: 56
2026-06-15 03:30:10 [INFO] correct (tool_hit=0)
2026-06-15 03:30:10 [INFO] 

number id: 57
2026-06-15 03:30:25 [INFO] correct (tool_hit=0)
2026-06-15 03:30:25 [INFO] 

number id: 58
2026-06-15 03:30:33 [INFO] correct (tool_hit=0)
2026-06-15 03:30:33 [INFO] 

number id: 59
2026-06-15 03:30:58 [INFO] error (tool_hit=1)
2026-06-15 03:30:58 [INFO] 

number id: 60
2026-06-15 03:31:15 [INFO] correct (tool_hit=0)
2026-06-15 03:31:15 [INFO] 

number id: 61
2026-06-15 03:31:36 [INFO] error (tool_hit=0)
2026-06-15 03:31:36 [INFO] 

number id: 62
2026-06-15 03:32:18 [INFO] correct (tool_hit=0)
2026-06-15 03:32:18 [INFO] 

number id: 63
2026-06-15 03:32:36 [INFO] correct (tool_hit=0)
2026-06-15 03:32:36 [INFO] 

number id: 64
2026-06-15 03:32:47 [INFO] correct (tool_hit=0)
2026-06-15 03:32:47 [INFO] 

number id: 65
2026-06-15 03:33:02 [INFO] correct (tool_hit=0)
2026-06-15 03:33:02 [INFO] 

number id: 66
2026-06-15 03:33:41 [INFO] error (tool_hit=0)
2026-06-15 03:33:41 [INFO] 

number id: 67
2026-06-15 03:34:09 [INFO] correct (tool_hit=0)
2026-06-15 03:34:09 [INFO] 

number id: 68
2026-06-15 03:34:43 [INFO] correct (tool_hit=1)
2026-06-15 03:34:43 [INFO] 

number id: 69
2026-06-15 03:34:56 [INFO] correct (tool_hit=0)
2026-06-15 03:34:56 [INFO] 

number id: 70
2026-06-15 03:35:04 [INFO] correct (tool_hit=2)
2026-06-15 03:35:04 [INFO] 

number id: 71
2026-06-15 03:35:35 [INFO] correct (tool_hit=0)
2026-06-15 03:35:35 [INFO] 

number id: 72
2026-06-15 03:35:46 [INFO] error (tool_hit=0)
2026-06-15 03:35:46 [INFO] 

number id: 73
2026-06-15 03:36:03 [INFO] error (tool_hit=0)
2026-06-15 03:36:03 [INFO] 

number id: 74
2026-06-15 03:36:16 [INFO] correct (tool_hit=0)
2026-06-15 03:36:16 [INFO] 

number id: 75
2026-06-15 03:36:32 [INFO] error (tool_hit=0)
2026-06-15 03:36:32 [INFO] 

number id: 76
2026-06-15 03:36:44 [INFO] correct (tool_hit=0)
2026-06-15 03:36:44 [INFO] 

number id: 77
2026-06-15 03:36:56 [INFO] error (tool_hit=0)
2026-06-15 03:36:56 [INFO] 

number id: 78
2026-06-15 03:37:09 [INFO] error (tool_hit=0)
2026-06-15 03:37:09 [INFO] 

number id: 79
2026-06-15 03:37:27 [INFO] error (tool_hit=0)
2026-06-15 03:37:27 [INFO] 

number id: 80
2026-06-15 03:37:41 [INFO] error (tool_hit=0)
2026-06-15 03:37:41 [INFO] 

number id: 81
2026-06-15 03:37:52 [INFO] correct (tool_hit=0)
2026-06-15 03:37:52 [INFO] 

number id: 82
2026-06-15 03:38:14 [INFO] correct (tool_hit=0)
2026-06-15 03:38:14 [INFO] 

number id: 83
2026-06-15 03:38:21 [INFO] correct (tool_hit=0)
2026-06-15 03:38:21 [INFO] 

number id: 84
2026-06-15 03:38:35 [INFO] error (tool_hit=0)
2026-06-15 03:38:35 [INFO] 

number id: 85
2026-06-15 03:38:54 [INFO] correct (tool_hit=0)
2026-06-15 03:38:54 [INFO] 

number id: 86
2026-06-15 03:39:05 [INFO] correct (tool_hit=0)
2026-06-15 03:39:05 [INFO] 

number id: 87
2026-06-15 03:39:12 [INFO] correct (tool_hit=1)
2026-06-15 03:39:12 [INFO] 

number id: 88
2026-06-15 03:39:22 [INFO] error (tool_hit=0)
2026-06-15 03:39:22 [INFO] 

number id: 89
2026-06-15 03:39:44 [INFO] error (tool_hit=0)
2026-06-15 03:39:44 [INFO] 

number id: 90
2026-06-15 03:40:12 [INFO] error (tool_hit=0)
2026-06-15 03:40:12 [INFO] 

number id: 91
2026-06-15 03:40:49 [INFO] correct (tool_hit=0)
2026-06-15 03:40:49 [INFO] 

number id: 92
2026-06-15 03:40:58 [INFO] correct (tool_hit=0)
2026-06-15 03:40:58 [INFO] 

number id: 93
2026-06-15 03:41:20 [INFO] correct (tool_hit=0)
2026-06-15 03:41:20 [INFO] 

number id: 94
2026-06-15 03:41:31 [INFO] correct (tool_hit=0)
2026-06-15 03:41:31 [INFO] 

number id: 95
2026-06-15 03:42:06 [INFO] error (tool_hit=0)
2026-06-15 03:42:06 [INFO] 

number id: 96
2026-06-15 03:42:19 [INFO] error (tool_hit=0)
2026-06-15 03:42:19 [INFO] 

number id: 97
2026-06-15 03:42:42 [INFO] error (tool_hit=0)
2026-06-15 03:42:42 [INFO] 

number id: 98
2026-06-15 03:42:57 [INFO] error (tool_hit=0)
2026-06-15 03:42:57 [INFO] 

number id: 99
2026-06-15 03:43:09 [INFO] error (tool_hit=0)
2026-06-15 03:43:09 [INFO] 

number id: 100
2026-06-15 03:43:14 [INFO] error (tool_hit=2)
2026-06-15 03:43:14 [INFO] 

number id: 101
2026-06-15 03:43:25 [INFO] correct (tool_hit=0)
2026-06-15 03:43:25 [INFO] 

number id: 102
2026-06-15 03:43:28 [INFO] correct (tool_hit=1)
2026-06-15 03:43:28 [INFO] 

number id: 103
2026-06-15 03:43:47 [INFO] correct (tool_hit=0)
2026-06-15 03:43:47 [INFO] 

number id: 104
2026-06-15 03:43:58 [INFO] error (tool_hit=0)
2026-06-15 03:43:58 [INFO] 

number id: 105
2026-06-15 03:44:05 [INFO] correct (tool_hit=0)
2026-06-15 03:44:05 [INFO] 

number id: 106
2026-06-15 03:44:23 [INFO] correct (tool_hit=0)
2026-06-15 03:44:23 [INFO] 

number id: 107
2026-06-15 03:44:50 [INFO] error (tool_hit=0)
2026-06-15 03:44:50 [INFO] 

number id: 108
2026-06-15 03:45:04 [INFO] error (tool_hit=0)
2026-06-15 03:45:04 [INFO] 

number id: 109
2026-06-15 03:45:29 [INFO] correct (tool_hit=0)
2026-06-15 03:45:29 [INFO] 

number id: 110
2026-06-15 03:45:39 [INFO] correct (tool_hit=0)
2026-06-15 03:45:39 [INFO] 

number id: 111
2026-06-15 03:45:58 [INFO] correct (tool_hit=0)
2026-06-15 03:45:58 [INFO] 

number id: 112
2026-06-15 03:46:07 [INFO] correct (tool_hit=1)
2026-06-15 03:46:07 [INFO] 

number id: 113
2026-06-15 03:46:17 [INFO] correct (tool_hit=0)
2026-06-15 03:46:17 [INFO] 

number id: 114
2026-06-15 03:46:23 [INFO] error (tool_hit=1)
2026-06-15 03:46:23 [INFO] 

number id: 115
2026-06-15 03:46:42 [INFO] error (tool_hit=1)
2026-06-15 03:46:42 [INFO] 

number id: 116
2026-06-15 03:46:54 [INFO] correct (tool_hit=3)
2026-06-15 03:46:54 [INFO] 

number id: 117
2026-06-15 03:47:15 [INFO] error (tool_hit=1)
2026-06-15 03:47:15 [INFO] 

number id: 118
2026-06-15 03:47:22 [INFO] error (tool_hit=1)
2026-06-15 03:47:22 [INFO] 

number id: 119
2026-06-15 03:47:48 [INFO] error (tool_hit=0)
2026-06-15 03:47:48 [INFO] 

number id: 120
2026-06-15 03:47:57 [INFO] correct (tool_hit=0)
2026-06-15 03:47:57 [INFO] 

number id: 121
2026-06-15 03:48:14 [INFO] correct (tool_hit=0)
2026-06-15 03:48:14 [INFO] 

number id: 122
2026-06-15 03:48:31 [INFO] error (tool_hit=0)
2026-06-15 03:48:31 [INFO] 

number id: 123
2026-06-15 03:48:45 [INFO] error (tool_hit=0)
2026-06-15 03:48:45 [INFO] 

number id: 124
2026-06-15 03:49:14 [INFO] correct (tool_hit=0)
2026-06-15 03:49:14 [INFO] 

number id: 125
2026-06-15 03:49:40 [INFO] error (tool_hit=0)
2026-06-15 03:49:40 [INFO] 

number id: 126
2026-06-15 03:49:43 [INFO] correct (tool_hit=2)
2026-06-15 03:49:43 [INFO] 

number id: 127
2026-06-15 03:49:54 [INFO] correct (tool_hit=0)
2026-06-15 03:49:54 [INFO] 

number id: 128
2026-06-15 03:50:03 [INFO] error (tool_hit=0)
2026-06-15 03:50:03 [INFO] 

number id: 129
2026-06-15 03:50:24 [INFO] error (tool_hit=0)
2026-06-15 03:50:24 [INFO] 

number id: 130
2026-06-15 03:50:35 [INFO] error (tool_hit=1)
2026-06-15 03:50:35 [INFO] 

number id: 131
2026-06-15 03:50:43 [INFO] error (tool_hit=1)
2026-06-15 03:50:43 [INFO] 

number id: 132
2026-06-15 03:50:55 [INFO] correct (tool_hit=0)
2026-06-15 03:50:55 [INFO] 

number id: 133
2026-06-15 03:51:03 [INFO] correct (tool_hit=0)
2026-06-15 03:51:03 [INFO] 

number id: 134
2026-06-15 03:51:21 [INFO] error (tool_hit=0)
2026-06-15 03:51:21 [INFO] 

number id: 135
2026-06-15 03:51:33 [INFO] error (tool_hit=0)
2026-06-15 03:51:33 [INFO] 

number id: 136
2026-06-15 03:52:05 [INFO] correct (tool_hit=0)
2026-06-15 03:52:05 [INFO] 

number id: 137
2026-06-15 03:52:26 [INFO] error (tool_hit=1)
2026-06-15 03:52:26 [INFO] 

number id: 138
2026-06-15 03:53:39 [INFO] error (tool_hit=0)
2026-06-15 03:53:39 [INFO] 

number id: 139
2026-06-15 03:54:01 [INFO] error (tool_hit=0)
2026-06-15 03:54:01 [INFO] 

number id: 140
2026-06-15 03:54:20 [INFO] error (tool_hit=1)
2026-06-15 03:54:20 [INFO] 

number id: 141
2026-06-15 03:54:47 [INFO] error (tool_hit=0)
2026-06-15 03:54:47 [INFO] 

number id: 142
2026-06-15 03:55:03 [INFO] error (tool_hit=0)
2026-06-15 03:55:03 [INFO] 

number id: 143
2026-06-15 03:55:23 [INFO] error (tool_hit=0)
2026-06-15 03:55:23 [INFO] 

number id: 144
2026-06-15 03:55:39 [INFO] correct (tool_hit=1)
2026-06-15 03:55:39 [INFO] 

number id: 145
2026-06-15 03:55:45 [INFO] correct (tool_hit=0)
2026-06-15 03:55:45 [INFO] 

number id: 146
2026-06-15 03:55:59 [INFO] error (tool_hit=0)
2026-06-15 03:55:59 [INFO] 

number id: 147
2026-06-15 03:57:22 [INFO] error (tool_hit=2)
2026-06-15 03:57:22 [INFO] 

number id: 148
2026-06-15 03:57:27 [INFO] correct (tool_hit=0)
2026-06-15 03:57:27 [INFO] 

number id: 149
2026-06-15 03:57:37 [INFO] correct (tool_hit=1)
2026-06-15 03:57:37 [INFO] 

number id: 150
2026-06-15 03:58:18 [INFO] error (tool_hit=0)
2026-06-15 03:58:18 [INFO] 

number id: 151
2026-06-15 03:58:50 [INFO] error (tool_hit=0)
2026-06-15 03:58:50 [INFO] 

number id: 152
2026-06-15 03:59:02 [INFO] error (tool_hit=0)
2026-06-15 03:59:02 [INFO] 

number id: 153
2026-06-15 03:59:17 [INFO] error (tool_hit=0)
2026-06-15 03:59:17 [INFO] 

number id: 154
2026-06-15 03:59:25 [INFO] correct (tool_hit=0)
2026-06-15 03:59:25 [INFO] 

number id: 155
2026-06-15 03:59:47 [INFO] error (tool_hit=0)
2026-06-15 03:59:47 [INFO] 

number id: 156
2026-06-15 04:00:10 [INFO] error (tool_hit=0)
2026-06-15 04:00:10 [INFO] 

number id: 157
2026-06-15 04:00:23 [INFO] error (tool_hit=0)
2026-06-15 04:00:23 [INFO] 

number id: 158
2026-06-15 04:00:44 [INFO] correct (tool_hit=0)
2026-06-15 04:00:44 [INFO] 

number id: 159
2026-06-15 04:00:52 [INFO] correct (tool_hit=0)
2026-06-15 04:00:52 [INFO] 

number id: 160
2026-06-15 04:01:03 [INFO] correct (tool_hit=0)
2026-06-15 04:01:03 [INFO] 

number id: 161
2026-06-15 04:01:16 [INFO] error (tool_hit=0)
2026-06-15 04:01:16 [INFO] 

number id: 162
2026-06-15 04:01:25 [INFO] error (tool_hit=0)
2026-06-15 04:01:25 [INFO] 

number id: 163
2026-06-15 04:01:40 [INFO] error (tool_hit=0)
2026-06-15 04:01:40 [INFO] 

number id: 164
2026-06-15 04:02:08 [INFO] error (tool_hit=0)
2026-06-15 04:02:08 [INFO] 

number id: 165
2026-06-15 04:03:16 [INFO] correct (tool_hit=1)
2026-06-15 04:03:16 [INFO] 

number id: 166
2026-06-15 04:03:32 [INFO] error (tool_hit=0)
2026-06-15 04:03:32 [INFO] 

number id: 167
2026-06-15 04:03:41 [INFO] correct (tool_hit=0)
2026-06-15 04:03:41 [INFO] 

number id: 168
2026-06-15 04:04:01 [INFO] correct (tool_hit=0)
2026-06-15 04:04:01 [INFO] 

number id: 169
2026-06-15 04:04:19 [INFO] error (tool_hit=0)
2026-06-15 04:04:19 [INFO] 

number id: 170
2026-06-15 04:04:31 [INFO] correct (tool_hit=0)
2026-06-15 04:04:31 [INFO] 

number id: 171
2026-06-15 04:04:49 [INFO] error (tool_hit=0)
2026-06-15 04:04:49 [INFO] 

number id: 172
2026-06-15 04:05:11 [INFO] error (tool_hit=0)
2026-06-15 04:05:11 [INFO] 

number id: 173
2026-06-15 04:05:20 [INFO] correct (tool_hit=1)
2026-06-15 04:05:20 [INFO] 

number id: 174
2026-06-15 04:05:36 [INFO] correct (tool_hit=0)
2026-06-15 04:05:36 [INFO] 

number id: 175
2026-06-15 04:05:44 [INFO] error (tool_hit=0)
2026-06-15 04:05:44 [INFO] 

number id: 176
2026-06-15 04:06:00 [INFO] correct (tool_hit=1)
2026-06-15 04:06:00 [INFO] 

number id: 177
2026-06-15 04:06:15 [INFO] error (tool_hit=0)
2026-06-15 04:06:15 [INFO] 

number id: 178
2026-06-15 04:06:34 [INFO] error (tool_hit=1)
2026-06-15 04:06:34 [INFO] 

number id: 179
2026-06-15 04:06:43 [INFO] correct (tool_hit=0)
2026-06-15 04:06:43 [INFO] 

number id: 180
2026-06-15 04:08:00 [INFO] error (tool_hit=0)
2026-06-15 04:08:00 [INFO] 

number id: 181
2026-06-15 04:08:08 [INFO] error (tool_hit=0)
2026-06-15 04:08:08 [INFO] 

number id: 182
2026-06-15 04:08:23 [INFO] error (tool_hit=0)
2026-06-15 04:08:23 [INFO] 

number id: 183
2026-06-15 04:08:43 [INFO] error (tool_hit=0)
2026-06-15 04:08:43 [INFO] 

number id: 184
2026-06-15 04:09:26 [INFO] error (tool_hit=0)
2026-06-15 04:09:26 [INFO] 

number id: 185
2026-06-15 04:09:39 [INFO] error (tool_hit=2)
2026-06-15 04:09:39 [INFO] 

number id: 186
2026-06-15 04:09:55 [INFO] correct (tool_hit=0)
2026-06-15 04:09:55 [INFO] 

number id: 187
2026-06-15 04:10:05 [INFO] correct (tool_hit=0)
2026-06-15 04:10:05 [INFO] 

number id: 188
2026-06-15 04:10:16 [INFO] correct (tool_hit=0)
2026-06-15 04:10:16 [INFO] 

number id: 189
2026-06-15 04:10:41 [INFO] correct (tool_hit=0)
2026-06-15 04:10:41 [INFO] 

number id: 190
2026-06-15 04:11:07 [INFO] error (tool_hit=1)
2026-06-15 04:11:07 [INFO] 

number id: 191
2026-06-15 04:11:15 [INFO] correct (tool_hit=2)
2026-06-15 04:11:15 [INFO] 

number id: 192
2026-06-15 04:11:22 [INFO] correct (tool_hit=0)
2026-06-15 04:11:22 [INFO] 

number id: 193
2026-06-15 04:11:31 [INFO] correct (tool_hit=0)
2026-06-15 04:11:31 [INFO] 

number id: 194
2026-06-15 04:11:50 [INFO] correct (tool_hit=0)
2026-06-15 04:11:50 [INFO] 

number id: 195
2026-06-15 04:12:22 [INFO] correct (tool_hit=0)
2026-06-15 04:12:22 [INFO] 

number id: 196
2026-06-15 04:12:44 [INFO] correct (tool_hit=0)
2026-06-15 04:12:44 [INFO] 

number id: 197
2026-06-15 04:12:55 [INFO] error (tool_hit=0)
2026-06-15 04:12:55 [INFO] 

number id: 198
2026-06-15 04:13:10 [INFO] error (tool_hit=0)
2026-06-15 04:13:10 [INFO] 

number id: 199
2026-06-15 04:13:17 [INFO] correct (tool_hit=0)
2026-06-15 04:13:17 [INFO] 200 solving 运行耗时: 1.0h, 12.0min, 13.713335275650024s
2026-06-15 04:13:17 [INFO] Correct_Q: 100
2026-06-15 04:13:17 [INFO] False_Q: 100
2026-06-15 04:13:17 [INFO] Error_Q: 0
2026-06-15 04:13:17 [INFO] Sum_Q: 200
2026-06-15 04:13:17 [INFO] Acc: 50.00%
2026-06-15 04:13:17 [INFO] Avg_time_per_Q: 21.67s
2026-06-15 04:13:17 [INFO] Total Tokens: 327401; Total Cost: $0.94
2026-06-15 04:13:17 [INFO] ===== no_tool =====
2026-06-15 04:13:17 [INFO] 

number id: 0
2026-06-15 04:13:30 [INFO] error (tool_hit=0)
2026-06-15 04:13:30 [INFO] 

number id: 1
2026-06-15 04:13:36 [INFO] correct (tool_hit=0)
2026-06-15 04:13:36 [INFO] 

number id: 2
2026-06-15 04:13:54 [INFO] error (tool_hit=0)
2026-06-15 04:13:54 [INFO] 

number id: 3
2026-06-15 04:14:08 [INFO] error (tool_hit=0)
2026-06-15 04:14:08 [INFO] 

number id: 4
2026-06-15 04:14:15 [INFO] correct (tool_hit=0)
2026-06-15 04:14:15 [INFO] 

number id: 5
2026-06-15 04:14:27 [INFO] error (tool_hit=0)
2026-06-15 04:14:27 [INFO] 

number id: 6
2026-06-15 04:14:44 [INFO] error (tool_hit=0)
2026-06-15 04:14:44 [INFO] 

number id: 7
2026-06-15 04:14:58 [INFO] error (tool_hit=0)
2026-06-15 04:14:58 [INFO] 

number id: 8
2026-06-15 04:15:25 [INFO] error (tool_hit=0)
2026-06-15 04:15:25 [INFO] 

number id: 9
2026-06-15 04:15:49 [INFO] error (tool_hit=0)
2026-06-15 04:15:49 [INFO] 

number id: 10
2026-06-15 04:16:19 [INFO] correct (tool_hit=0)
2026-06-15 04:16:19 [INFO] 

number id: 11
2026-06-15 04:16:40 [INFO] error (tool_hit=0)
2026-06-15 04:16:40 [INFO] 

number id: 12
2026-06-15 04:16:52 [INFO] error (tool_hit=0)
2026-06-15 04:16:52 [INFO] 

number id: 13
2026-06-15 04:17:04 [INFO] correct (tool_hit=0)
2026-06-15 04:17:04 [INFO] 

number id: 14
2026-06-15 04:17:33 [INFO] correct (tool_hit=0)
2026-06-15 04:17:33 [INFO] 

number id: 15
2026-06-15 04:17:49 [INFO] error (tool_hit=0)
2026-06-15 04:17:49 [INFO] 

number id: 16
2026-06-15 04:17:57 [INFO] correct (tool_hit=0)
2026-06-15 04:17:57 [INFO] 

number id: 17
2026-06-15 04:18:17 [INFO] error (tool_hit=0)
2026-06-15 04:18:17 [INFO] 

number id: 18
2026-06-15 04:18:34 [INFO] error (tool_hit=0)
2026-06-15 04:18:34 [INFO] 

number id: 19
2026-06-15 04:18:43 [INFO] error (tool_hit=0)
2026-06-15 04:18:43 [INFO] 

number id: 20
2026-06-15 04:19:20 [INFO] error (tool_hit=0)
2026-06-15 04:19:20 [INFO] 

number id: 21
2026-06-15 04:19:34 [INFO] correct (tool_hit=0)
2026-06-15 04:19:34 [INFO] 

number id: 22
2026-06-15 04:19:45 [INFO] error (tool_hit=0)
2026-06-15 04:19:45 [INFO] 

number id: 23
2026-06-15 04:19:56 [INFO] correct (tool_hit=0)
2026-06-15 04:19:56 [INFO] 

number id: 24
2026-06-15 04:20:00 [INFO] correct (tool_hit=0)
2026-06-15 04:20:00 [INFO] 

number id: 25
2026-06-15 04:20:08 [INFO] correct (tool_hit=0)
2026-06-15 04:20:08 [INFO] 

number id: 26
2026-06-15 04:20:24 [INFO] error (tool_hit=0)
2026-06-15 04:20:24 [INFO] 

number id: 27
2026-06-15 04:20:46 [INFO] error (tool_hit=0)
2026-06-15 04:20:46 [INFO] 

number id: 28
2026-06-15 04:20:55 [INFO] correct (tool_hit=0)
2026-06-15 04:20:55 [INFO] 

number id: 29
2026-06-15 04:21:21 [INFO] error (tool_hit=0)
2026-06-15 04:21:21 [INFO] 

number id: 30
2026-06-15 04:21:38 [INFO] error (tool_hit=0)
2026-06-15 04:21:38 [INFO] 

number id: 31
2026-06-15 04:21:54 [INFO] correct (tool_hit=0)
2026-06-15 04:21:54 [INFO] 

number id: 32
2026-06-15 04:22:26 [INFO] error (tool_hit=0)
2026-06-15 04:22:26 [INFO] 

number id: 33
2026-06-15 04:22:40 [INFO] error (tool_hit=0)
2026-06-15 04:22:40 [INFO] 

number id: 34
2026-06-15 04:22:59 [INFO] correct (tool_hit=0)
2026-06-15 04:22:59 [INFO] 

number id: 35
2026-06-15 04:23:07 [INFO] correct (tool_hit=0)
2026-06-15 04:23:07 [INFO] 

number id: 36
2026-06-15 04:23:32 [INFO] correct (tool_hit=0)
2026-06-15 04:23:32 [INFO] 

number id: 37
2026-06-15 04:24:01 [INFO] error (tool_hit=0)
2026-06-15 04:24:01 [INFO] 

number id: 38
2026-06-15 04:24:20 [INFO] error (tool_hit=0)
2026-06-15 04:24:20 [INFO] 

number id: 39
2026-06-15 04:24:43 [INFO] error (tool_hit=0)
2026-06-15 04:24:43 [INFO] 

number id: 40
2026-06-15 04:24:57 [INFO] correct (tool_hit=0)
2026-06-15 04:24:57 [INFO] 

number id: 41
2026-06-15 04:25:06 [INFO] correct (tool_hit=0)
2026-06-15 04:25:06 [INFO] 

number id: 42
2026-06-15 04:25:13 [INFO] error (tool_hit=0)
2026-06-15 04:25:13 [INFO] 

number id: 43
2026-06-15 04:25:38 [INFO] correct (tool_hit=0)
2026-06-15 04:25:38 [INFO] 

number id: 44
2026-06-15 04:25:53 [INFO] error (tool_hit=0)
2026-06-15 04:25:53 [INFO] 

number id: 45
2026-06-15 04:26:06 [INFO] correct (tool_hit=0)
2026-06-15 04:26:06 [INFO] 

number id: 46
2026-06-15 04:26:33 [INFO] correct (tool_hit=0)
2026-06-15 04:26:33 [INFO] 

number id: 47
2026-06-15 04:26:48 [INFO] correct (tool_hit=0)
2026-06-15 04:26:48 [INFO] 

number id: 48
2026-06-15 04:26:56 [INFO] correct (tool_hit=0)
2026-06-15 04:26:56 [INFO] 

number id: 49
2026-06-15 04:27:38 [INFO] error (tool_hit=0)
2026-06-15 04:27:38 [INFO] 

number id: 50
2026-06-15 04:27:57 [INFO] error (tool_hit=0)
2026-06-15 04:27:57 [INFO] 

number id: 51
2026-06-15 04:28:06 [INFO] correct (tool_hit=0)
2026-06-15 04:28:06 [INFO] 

number id: 52
2026-06-15 04:28:20 [INFO] error (tool_hit=0)
2026-06-15 04:28:20 [INFO] 

number id: 53
2026-06-15 04:28:26 [INFO] correct (tool_hit=0)
2026-06-15 04:28:26 [INFO] 

number id: 54
2026-06-15 04:28:45 [INFO] error (tool_hit=0)
2026-06-15 04:28:45 [INFO] 

number id: 55
2026-06-15 04:28:53 [INFO] correct (tool_hit=0)
2026-06-15 04:28:53 [INFO] 

number id: 56
2026-06-15 04:29:02 [INFO] correct (tool_hit=0)
2026-06-15 04:29:02 [INFO] 

number id: 57
2026-06-15 04:29:13 [INFO] correct (tool_hit=0)
2026-06-15 04:29:13 [INFO] 

number id: 58
2026-06-15 04:29:20 [INFO] correct (tool_hit=0)
2026-06-15 04:29:20 [INFO] 

number id: 59
2026-06-15 04:29:40 [INFO] correct (tool_hit=0)
2026-06-15 04:29:40 [INFO] 

number id: 60
2026-06-15 04:29:52 [INFO] correct (tool_hit=0)
2026-06-15 04:29:52 [INFO] 

number id: 61
2026-06-15 04:30:09 [INFO] error (tool_hit=0)
2026-06-15 04:30:09 [INFO] 

number id: 62
2026-06-15 04:30:40 [INFO] error (tool_hit=0)
2026-06-15 04:30:40 [INFO] 

number id: 63
2026-06-15 04:30:54 [INFO] error (tool_hit=0)
2026-06-15 04:30:54 [INFO] 

number id: 64
2026-06-15 04:31:06 [INFO] error (tool_hit=0)
2026-06-15 04:31:06 [INFO] 

number id: 65
2026-06-15 04:31:23 [INFO] error (tool_hit=0)
2026-06-15 04:31:23 [INFO] 

number id: 66
2026-06-15 04:31:52 [INFO] error (tool_hit=0)
2026-06-15 04:31:52 [INFO] 

number id: 67
2026-06-15 04:32:16 [INFO] correct (tool_hit=0)
2026-06-15 04:32:16 [INFO] 

number id: 68
2026-06-15 04:32:52 [INFO] correct (tool_hit=0)
2026-06-15 04:32:52 [INFO] 

number id: 69
2026-06-15 04:32:59 [INFO] correct (tool_hit=0)
2026-06-15 04:32:59 [INFO] 

number id: 70
2026-06-15 04:33:06 [INFO] error (tool_hit=0)
2026-06-15 04:33:06 [INFO] 

number id: 71
2026-06-15 04:33:28 [INFO] error (tool_hit=0)
2026-06-15 04:33:28 [INFO] 

number id: 72
2026-06-15 04:33:38 [INFO] correct (tool_hit=0)
2026-06-15 04:33:38 [INFO] 

number id: 73
2026-06-15 04:33:53 [INFO] error (tool_hit=0)
2026-06-15 04:33:53 [INFO] 

number id: 74
2026-06-15 04:34:05 [INFO] error (tool_hit=0)
2026-06-15 04:34:05 [INFO] 

number id: 75
2026-06-15 04:34:18 [INFO] error (tool_hit=0)
2026-06-15 04:34:18 [INFO] 

number id: 76
2026-06-15 04:34:28 [INFO] correct (tool_hit=0)
2026-06-15 04:34:28 [INFO] 

number id: 77
2026-06-15 04:34:42 [INFO] error (tool_hit=0)
2026-06-15 04:34:42 [INFO] 

number id: 78
2026-06-15 04:34:57 [INFO] error (tool_hit=0)
2026-06-15 04:34:57 [INFO] 

number id: 79
2026-06-15 04:35:11 [INFO] correct (tool_hit=0)
2026-06-15 04:35:11 [INFO] 

number id: 80
2026-06-15 04:35:26 [INFO] error (tool_hit=0)
2026-06-15 04:35:26 [INFO] 

number id: 81
2026-06-15 04:35:35 [INFO] correct (tool_hit=0)
2026-06-15 04:35:35 [INFO] 

number id: 82
2026-06-15 04:36:04 [INFO] correct (tool_hit=0)
2026-06-15 04:36:04 [INFO] 

number id: 83
2026-06-15 04:36:09 [INFO] error (tool_hit=0)
2026-06-15 04:36:09 [INFO] 

number id: 84
2026-06-15 04:36:18 [INFO] correct (tool_hit=0)
2026-06-15 04:36:18 [INFO] 

number id: 85
2026-06-15 04:36:34 [INFO] error (tool_hit=0)
2026-06-15 04:36:34 [INFO] 

number id: 86
2026-06-15 04:36:44 [INFO] correct (tool_hit=0)
2026-06-15 04:36:44 [INFO] 

number id: 87
2026-06-15 04:36:50 [INFO] error (tool_hit=0)
2026-06-15 04:36:50 [INFO] 

number id: 88
2026-06-15 04:36:58 [INFO] correct (tool_hit=0)
2026-06-15 04:36:58 [INFO] 

number id: 89
2026-06-15 04:37:15 [INFO] error (tool_hit=0)
2026-06-15 04:37:15 [INFO] 

number id: 90
2026-06-15 04:37:39 [INFO] correct (tool_hit=0)
2026-06-15 04:37:39 [INFO] 

number id: 91
2026-06-15 04:38:11 [INFO] correct (tool_hit=0)
2026-06-15 04:38:11 [INFO] 

number id: 92
2026-06-15 04:38:23 [INFO] correct (tool_hit=0)
2026-06-15 04:38:23 [INFO] 

number id: 93
2026-06-15 04:38:43 [INFO] error (tool_hit=0)
2026-06-15 04:38:43 [INFO] 

number id: 94
2026-06-15 04:38:54 [INFO] correct (tool_hit=0)
2026-06-15 04:38:54 [INFO] 

number id: 95
2026-06-15 04:39:15 [INFO] error (tool_hit=0)
2026-06-15 04:39:15 [INFO] 

number id: 96
2026-06-15 04:39:23 [INFO] correct (tool_hit=0)
2026-06-15 04:39:23 [INFO] 

number id: 97
2026-06-15 04:39:41 [INFO] error (tool_hit=0)
2026-06-15 04:39:41 [INFO] 

number id: 98
2026-06-15 04:39:59 [INFO] error (tool_hit=0)
2026-06-15 04:39:59 [INFO] 

number id: 99
2026-06-15 04:40:17 [INFO] correct (tool_hit=0)
2026-06-15 04:40:17 [INFO] 

number id: 100
2026-06-15 04:40:25 [INFO] correct (tool_hit=0)
2026-06-15 04:40:25 [INFO] 

number id: 101
2026-06-15 04:40:34 [INFO] correct (tool_hit=0)
2026-06-15 04:40:34 [INFO] 

number id: 102
2026-06-15 04:40:38 [INFO] correct (tool_hit=0)
2026-06-15 04:40:38 [INFO] 

number id: 103
2026-06-15 04:40:57 [INFO] error (tool_hit=0)
2026-06-15 04:40:57 [INFO] 

number id: 104
2026-06-15 04:41:08 [INFO] error (tool_hit=0)
2026-06-15 04:41:08 [INFO] 

number id: 105
2026-06-15 04:41:15 [INFO] correct (tool_hit=0)
2026-06-15 04:41:15 [INFO] 

number id: 106
2026-06-15 04:41:32 [INFO] error (tool_hit=0)
2026-06-15 04:41:32 [INFO] 

number id: 107
2026-06-15 04:41:56 [INFO] error (tool_hit=0)
2026-06-15 04:41:56 [INFO] 

number id: 108
2026-06-15 04:42:08 [INFO] error (tool_hit=0)
2026-06-15 04:42:08 [INFO] 

number id: 109
2026-06-15 04:42:35 [INFO] correct (tool_hit=0)
2026-06-15 04:42:35 [INFO] 

number id: 110
2026-06-15 04:42:43 [INFO] correct (tool_hit=0)
2026-06-15 04:42:43 [INFO] 

number id: 111
2026-06-15 04:42:56 [INFO] correct (tool_hit=0)
2026-06-15 04:42:56 [INFO] 

number id: 112
2026-06-15 04:43:05 [INFO] correct (tool_hit=0)
2026-06-15 04:43:05 [INFO] 

number id: 113
2026-06-15 04:43:18 [INFO] correct (tool_hit=0)
2026-06-15 04:43:18 [INFO] 

number id: 114
2026-06-15 04:43:24 [INFO] correct (tool_hit=0)
2026-06-15 04:43:24 [INFO] 

number id: 115
2026-06-15 04:43:43 [INFO] error (tool_hit=0)
2026-06-15 04:43:43 [INFO] 

number id: 116
2026-06-15 04:43:57 [INFO] correct (tool_hit=0)
2026-06-15 04:43:57 [INFO] 

number id: 117
2026-06-15 04:44:14 [INFO] error (tool_hit=0)
2026-06-15 04:44:14 [INFO] 

number id: 118
2026-06-15 04:44:20 [INFO] correct (tool_hit=0)
2026-06-15 04:44:20 [INFO] 

number id: 119
2026-06-15 04:44:40 [INFO] error (tool_hit=0)
2026-06-15 04:44:40 [INFO] 

number id: 120
2026-06-15 04:44:48 [INFO] correct (tool_hit=0)
2026-06-15 04:44:48 [INFO] 

number id: 121
2026-06-15 04:45:07 [INFO] error (tool_hit=0)
2026-06-15 04:45:07 [INFO] 

number id: 122
2026-06-15 04:45:24 [INFO] error (tool_hit=0)
2026-06-15 04:45:24 [INFO] 

number id: 123
2026-06-15 04:45:36 [INFO] error (tool_hit=0)
2026-06-15 04:45:36 [INFO] 

number id: 124
2026-06-15 04:46:02 [INFO] error (tool_hit=0)
2026-06-15 04:46:02 [INFO] 

number id: 125
2026-06-15 04:46:20 [INFO] error (tool_hit=0)
2026-06-15 04:46:20 [INFO] 

number id: 126
2026-06-15 04:46:30 [INFO] correct (tool_hit=0)
2026-06-15 04:46:30 [INFO] 

number id: 127
2026-06-15 04:46:48 [INFO] correct (tool_hit=0)
2026-06-15 04:46:48 [INFO] 

number id: 128
2026-06-15 04:46:57 [INFO] correct (tool_hit=0)
2026-06-15 04:46:57 [INFO] 

number id: 129
2026-06-15 04:47:23 [INFO] error (tool_hit=0)
2026-06-15 04:47:23 [INFO] 

number id: 130
2026-06-15 04:47:32 [INFO] correct (tool_hit=0)
2026-06-15 04:47:32 [INFO] 

number id: 131
2026-06-15 04:47:41 [INFO] error (tool_hit=0)
2026-06-15 04:47:41 [INFO] 

number id: 132
2026-06-15 04:47:51 [INFO] correct (tool_hit=0)
2026-06-15 04:47:51 [INFO] 

number id: 133
2026-06-15 04:47:59 [INFO] correct (tool_hit=0)
2026-06-15 04:47:59 [INFO] 

number id: 134
2026-06-15 04:48:15 [INFO] error (tool_hit=0)
2026-06-15 04:48:15 [INFO] 

number id: 135
2026-06-15 04:48:24 [INFO] error (tool_hit=0)
2026-06-15 04:48:24 [INFO] 

number id: 136
2026-06-15 04:48:47 [INFO] correct (tool_hit=0)
2026-06-15 04:48:47 [INFO] 

number id: 137
2026-06-15 04:49:07 [INFO] error (tool_hit=0)
2026-06-15 04:49:07 [INFO] 

number id: 138
2026-06-15 04:50:14 [INFO] correct (tool_hit=0)
2026-06-15 04:50:14 [INFO] 

number id: 139
2026-06-15 04:50:38 [INFO] error (tool_hit=0)
2026-06-15 04:50:38 [INFO] 

number id: 140
2026-06-15 04:50:54 [INFO] correct (tool_hit=0)
2026-06-15 04:50:54 [INFO] 

number id: 141
2026-06-15 04:51:14 [INFO] correct (tool_hit=0)
2026-06-15 04:51:14 [INFO] 

number id: 142
2026-06-15 04:51:32 [INFO] error (tool_hit=0)
2026-06-15 04:51:32 [INFO] 

number id: 143
2026-06-15 04:51:52 [INFO] error (tool_hit=0)
2026-06-15 04:51:52 [INFO] 

number id: 144
2026-06-15 04:52:05 [INFO] correct (tool_hit=0)
2026-06-15 04:52:05 [INFO] 

number id: 145
2026-06-15 04:52:11 [INFO] correct (tool_hit=0)
2026-06-15 04:52:11 [INFO] 

number id: 146
2026-06-15 04:52:18 [INFO] correct (tool_hit=0)
2026-06-15 04:52:18 [INFO] 

number id: 147
2026-06-15 04:53:36 [INFO] error (tool_hit=0)
2026-06-15 04:53:36 [INFO] 

number id: 148
2026-06-15 04:53:40 [INFO] correct (tool_hit=0)
2026-06-15 04:53:40 [INFO] 

number id: 149
2026-06-15 04:53:48 [INFO] correct (tool_hit=0)
2026-06-15 04:53:48 [INFO] 

number id: 150
2026-06-15 04:54:28 [INFO] error (tool_hit=0)
2026-06-15 04:54:28 [INFO] 

number id: 151
2026-06-15 04:54:57 [INFO] error (tool_hit=0)
2026-06-15 04:54:57 [INFO] 

number id: 152
2026-06-15 04:55:08 [INFO] error (tool_hit=0)
2026-06-15 04:55:08 [INFO] 

number id: 153
2026-06-15 04:55:21 [INFO] error (tool_hit=0)
2026-06-15 04:55:21 [INFO] 

number id: 154
2026-06-15 04:55:29 [INFO] correct (tool_hit=0)
2026-06-15 04:55:29 [INFO] 

number id: 155
2026-06-15 04:55:54 [INFO] correct (tool_hit=0)
2026-06-15 04:55:54 [INFO] 

number id: 156
2026-06-15 04:56:13 [INFO] error (tool_hit=0)
2026-06-15 04:56:13 [INFO] 

number id: 157
2026-06-15 04:56:25 [INFO] correct (tool_hit=0)
2026-06-15 04:56:25 [INFO] 

number id: 158
2026-06-15 04:56:46 [INFO] correct (tool_hit=0)
2026-06-15 04:56:46 [INFO] 

number id: 159
2026-06-15 04:56:55 [INFO] correct (tool_hit=0)
2026-06-15 04:56:55 [INFO] 

number id: 160
2026-06-15 04:57:09 [INFO] correct (tool_hit=0)
2026-06-15 04:57:09 [INFO] 

number id: 161
2026-06-15 04:57:22 [INFO] error (tool_hit=0)
2026-06-15 04:57:22 [INFO] 

number id: 162
2026-06-15 04:57:33 [INFO] error (tool_hit=0)
2026-06-15 04:57:33 [INFO] 

number id: 163
2026-06-15 04:57:49 [INFO] error (tool_hit=0)
2026-06-15 04:57:49 [INFO] 

number id: 164
2026-06-15 04:58:17 [INFO] error (tool_hit=0)
2026-06-15 04:58:17 [INFO] 

number id: 165
2026-06-15 04:59:24 [INFO] correct (tool_hit=0)
2026-06-15 04:59:24 [INFO] 

number id: 166
2026-06-15 04:59:40 [INFO] error (tool_hit=0)
2026-06-15 04:59:40 [INFO] 

number id: 167
2026-06-15 04:59:51 [INFO] correct (tool_hit=0)
2026-06-15 04:59:51 [INFO] 

number id: 168
2026-06-15 05:00:02 [INFO] error (tool_hit=0)
2026-06-15 05:00:02 [INFO] 

number id: 169
2026-06-15 05:00:14 [INFO] correct (tool_hit=0)
2026-06-15 05:00:14 [INFO] 

number id: 170
2026-06-15 05:00:28 [INFO] correct (tool_hit=0)
2026-06-15 05:00:28 [INFO] 

number id: 171
2026-06-15 05:00:47 [INFO] error (tool_hit=0)
2026-06-15 05:00:47 [INFO] 

number id: 172
2026-06-15 05:01:05 [INFO] error (tool_hit=0)
2026-06-15 05:01:05 [INFO] 

number id: 173
2026-06-15 05:01:19 [INFO] correct (tool_hit=0)
2026-06-15 05:01:19 [INFO] 

number id: 174
2026-06-15 05:01:32 [INFO] error (tool_hit=0)
2026-06-15 05:01:32 [INFO] 

number id: 175
2026-06-15 05:01:38 [INFO] correct (tool_hit=0)
2026-06-15 05:01:38 [INFO] 

number id: 176
2026-06-15 05:01:56 [INFO] correct (tool_hit=0)
2026-06-15 05:01:56 [INFO] 

number id: 177
2026-06-15 05:02:12 [INFO] correct (tool_hit=0)
2026-06-15 05:02:12 [INFO] 

number id: 178
2026-06-15 05:02:34 [INFO] error (tool_hit=0)
2026-06-15 05:02:34 [INFO] 

number id: 179
2026-06-15 05:02:42 [INFO] correct (tool_hit=0)
2026-06-15 05:02:42 [INFO] 

number id: 180
2026-06-15 05:04:15 [INFO] error (tool_hit=0)
2026-06-15 05:04:15 [INFO] 

number id: 181
2026-06-15 05:04:26 [INFO] correct (tool_hit=0)
2026-06-15 05:04:26 [INFO] 

number id: 182
2026-06-15 05:04:37 [INFO] error (tool_hit=0)
2026-06-15 05:04:37 [INFO] 

number id: 183
2026-06-15 05:04:53 [INFO] error (tool_hit=0)
2026-06-15 05:04:53 [INFO] 

number id: 184
2026-06-15 05:05:26 [INFO] error (tool_hit=0)
2026-06-15 05:05:26 [INFO] 

number id: 185
2026-06-15 05:05:49 [INFO] error (tool_hit=0)
2026-06-15 05:05:49 [INFO] 

number id: 186
2026-06-15 05:06:09 [INFO] correct (tool_hit=0)
2026-06-15 05:06:09 [INFO] 

number id: 187
2026-06-15 05:06:22 [INFO] error (tool_hit=0)
2026-06-15 05:06:22 [INFO] 

number id: 188
2026-06-15 05:06:33 [INFO] error (tool_hit=0)
2026-06-15 05:06:33 [INFO] 

number id: 189
2026-06-15 05:06:53 [INFO] error (tool_hit=0)
2026-06-15 05:06:53 [INFO] 

number id: 190
2026-06-15 05:07:24 [INFO] error (tool_hit=0)
2026-06-15 05:07:24 [INFO] 

number id: 191
2026-06-15 05:07:34 [INFO] correct (tool_hit=0)
2026-06-15 05:07:34 [INFO] 

number id: 192
2026-06-15 05:07:39 [INFO] error (tool_hit=0)
2026-06-15 05:07:39 [INFO] 

number id: 193
2026-06-15 05:07:48 [INFO] correct (tool_hit=0)
2026-06-15 05:07:48 [INFO] 

number id: 194
2026-06-15 05:08:03 [INFO] correct (tool_hit=0)
2026-06-15 05:08:03 [INFO] 

number id: 195
2026-06-15 05:08:25 [INFO] correct (tool_hit=0)
2026-06-15 05:08:25 [INFO] 

number id: 196
2026-06-15 05:08:49 [INFO] error (tool_hit=0)
2026-06-15 05:08:49 [INFO] 

number id: 197
2026-06-15 05:08:58 [INFO] correct (tool_hit=0)
2026-06-15 05:08:58 [INFO] 

number id: 198
2026-06-15 05:09:11 [INFO] correct (tool_hit=0)
2026-06-15 05:09:11 [INFO] 

number id: 199
2026-06-15 05:09:16 [INFO] correct (tool_hit=0)
2026-06-15 05:09:16 [INFO] 200 solving 运行耗时: 0.0h, 55.0min, 58.482752323150635s
2026-06-15 05:09:16 [INFO] Correct_Q: 99
2026-06-15 05:09:16 [INFO] False_Q: 101
2026-06-15 05:09:16 [INFO] Error_Q: 0
2026-06-15 05:09:16 [INFO] Sum_Q: 200
2026-06-15 05:09:16 [INFO] Acc: 49.50%
2026-06-15 05:09:16 [INFO] Avg_time_per_Q: 16.79s
2026-06-15 05:09:16 [INFO] Total Tokens: 325129; Total Cost: $0.93
2026-06-15 05:09:16 [INFO] Round 2 | no_tool: Acc=99/200, Avg_time=16.79s
2026-06-15 05:09:16 [INFO] Round 2 | with_tool: Acc=100/200, Avg_time=21.67s
