2026-06-14 23:29:44 [INFO] ===== Round 1/4 =====
2026-06-14 23:29:44 [INFO] ===== no_tool =====
2026-06-14 23:29:44 [INFO] 

number id: 0
2026-06-14 23:29:56 [INFO] correct (tool_hit=0)
2026-06-14 23:29:56 [INFO] 

number id: 1
2026-06-14 23:30:01 [INFO] correct (tool_hit=0)
2026-06-14 23:30:01 [INFO] 

number id: 2
2026-06-14 23:30:21 [INFO] error (tool_hit=0)
2026-06-14 23:30:21 [INFO] 

number id: 3
2026-06-14 23:30:32 [INFO] error (tool_hit=0)
2026-06-14 23:30:32 [INFO] 

number id: 4
2026-06-14 23:30:39 [INFO] correct (tool_hit=0)
2026-06-14 23:30:39 [INFO] 

number id: 5
2026-06-14 23:30:53 [INFO] correct (tool_hit=0)
2026-06-14 23:30:53 [INFO] 

number id: 6
2026-06-14 23:31:11 [INFO] correct (tool_hit=0)
2026-06-14 23:31:11 [INFO] 

number id: 7
2026-06-14 23:31:21 [INFO] error (tool_hit=0)
2026-06-14 23:31:21 [INFO] 

number id: 8
2026-06-14 23:32:10 [INFO] error (tool_hit=0)
2026-06-14 23:32:10 [INFO] 

number id: 9
2026-06-14 23:32:44 [INFO] error (tool_hit=0)
2026-06-14 23:32:44 [INFO] 

number id: 10
2026-06-14 23:33:22 [INFO] error (tool_hit=0)
2026-06-14 23:33:22 [INFO] 

number id: 11
2026-06-14 23:33:57 [INFO] error (tool_hit=0)
2026-06-14 23:33:57 [INFO] 

number id: 12
2026-06-14 23:34:25 [INFO] correct (tool_hit=0)
2026-06-14 23:34:25 [INFO] 

number id: 13
2026-06-14 23:34:43 [INFO] correct (tool_hit=0)
2026-06-14 23:34:43 [INFO] 

number id: 14
2026-06-14 23:35:32 [INFO] correct (tool_hit=0)
2026-06-14 23:35:32 [INFO] 

number id: 15
2026-06-14 23:35:52 [INFO] error (tool_hit=0)
2026-06-14 23:35:52 [INFO] 

number id: 16
2026-06-14 23:36:09 [INFO] correct (tool_hit=0)
2026-06-14 23:36:09 [INFO] 

number id: 17
2026-06-14 23:36:41 [INFO] correct (tool_hit=0)
2026-06-14 23:36:41 [INFO] 

number id: 18
2026-06-14 23:37:16 [INFO] error (tool_hit=0)
2026-06-14 23:37:16 [INFO] 

number id: 19
2026-06-14 23:37:31 [INFO] correct (tool_hit=0)
2026-06-14 23:37:31 [INFO] 

number id: 20
2026-06-14 23:38:34 [INFO] error (tool_hit=0)
2026-06-14 23:38:34 [INFO] 

number id: 21
2026-06-14 23:38:58 [INFO] correct (tool_hit=0)
2026-06-14 23:38:58 [INFO] 

number id: 22
2026-06-14 23:39:19 [INFO] error (tool_hit=0)
2026-06-14 23:39:19 [INFO] 

number id: 23
2026-06-14 23:39:38 [INFO] correct (tool_hit=0)
2026-06-14 23:39:38 [INFO] 

number id: 24
2026-06-14 23:39:49 [INFO] correct (tool_hit=0)
2026-06-14 23:39:49 [INFO] 

number id: 25
2026-06-14 23:40:03 [INFO] correct (tool_hit=0)
2026-06-14 23:40:03 [INFO] 

number id: 26
2026-06-14 23:40:34 [INFO] correct (tool_hit=0)
2026-06-14 23:40:34 [INFO] 

number id: 27
2026-06-14 23:41:18 [INFO] correct (tool_hit=0)
2026-06-14 23:41:18 [INFO] 

number id: 28
2026-06-14 23:41:36 [INFO] correct (tool_hit=0)
2026-06-14 23:41:36 [INFO] 

number id: 29
2026-06-14 23:42:27 [INFO] error (tool_hit=0)
2026-06-14 23:42:27 [INFO] 

number id: 30
2026-06-14 23:42:50 [INFO] correct (tool_hit=0)
2026-06-14 23:42:50 [INFO] 

number id: 31
2026-06-14 23:43:11 [INFO] correct (tool_hit=0)
2026-06-14 23:43:11 [INFO] 

number id: 32
2026-06-14 23:44:08 [INFO] error (tool_hit=0)
2026-06-14 23:44:08 [INFO] 

number id: 33
2026-06-14 23:44:45 [INFO] error (tool_hit=0)
2026-06-14 23:44:45 [INFO] 

number id: 34
2026-06-14 23:45:12 [INFO] error (tool_hit=0)
2026-06-14 23:45:12 [INFO] 

number id: 35
2026-06-14 23:45:30 [INFO] correct (tool_hit=0)
2026-06-14 23:45:30 [INFO] 

number id: 36
2026-06-14 23:46:34 [INFO] error (tool_hit=0)
2026-06-14 23:46:34 [INFO] 

number id: 37
2026-06-14 23:47:19 [INFO] correct (tool_hit=0)
2026-06-14 23:47:19 [INFO] 

number id: 38
2026-06-14 23:48:03 [INFO] error (tool_hit=0)
2026-06-14 23:48:03 [INFO] 

number id: 39
2026-06-14 23:48:39 [INFO] correct (tool_hit=0)
2026-06-14 23:48:39 [INFO] 

number id: 40
2026-06-14 23:48:54 [INFO] correct (tool_hit=0)
2026-06-14 23:48:54 [INFO] 

number id: 41
2026-06-14 23:49:16 [INFO] correct (tool_hit=0)
2026-06-14 23:49:16 [INFO] 

number id: 42
2026-06-14 23:49:27 [INFO] correct (tool_hit=0)
2026-06-14 23:49:27 [INFO] 

number id: 43
2026-06-14 23:50:17 [INFO] correct (tool_hit=0)
2026-06-14 23:50:17 [INFO] 

number id: 44
2026-06-14 23:50:40 [INFO] correct (tool_hit=0)
2026-06-14 23:50:40 [INFO] 

number id: 45
2026-06-14 23:51:03 [INFO] correct (tool_hit=0)
2026-06-14 23:51:03 [INFO] 

number id: 46
2026-06-14 23:51:53 [INFO] error (tool_hit=0)
2026-06-14 23:51:53 [INFO] 

number id: 47
2026-06-14 23:52:18 [INFO] correct (tool_hit=0)
2026-06-14 23:52:18 [INFO] 

number id: 48
2026-06-14 23:52:29 [INFO] error (tool_hit=0)
2026-06-14 23:52:29 [INFO] 

number id: 49
2026-06-14 23:53:49 [INFO] error (tool_hit=0)
2026-06-14 23:53:49 [INFO] 

number id: 50
2026-06-14 23:54:25 [INFO] error (tool_hit=0)
2026-06-14 23:54:25 [INFO] 

number id: 51
2026-06-14 23:54:50 [INFO] correct (tool_hit=0)
2026-06-14 23:54:50 [INFO] 

number id: 52
2026-06-14 23:55:15 [INFO] error (tool_hit=0)
2026-06-14 23:55:15 [INFO] 

number id: 53
2026-06-14 23:55:26 [INFO] correct (tool_hit=0)
2026-06-14 23:55:26 [INFO] 

number id: 54
2026-06-14 23:56:01 [INFO] error (tool_hit=0)
2026-06-14 23:56:01 [INFO] 

number id: 55
2026-06-14 23:56:13 [INFO] correct (tool_hit=0)
2026-06-14 23:56:13 [INFO] 

number id: 56
2026-06-14 23:56:32 [INFO] correct (tool_hit=0)
2026-06-14 23:56:32 [INFO] 

number id: 57
2026-06-14 23:56:50 [INFO] correct (tool_hit=0)
2026-06-14 23:56:50 [INFO] 

number id: 58
2026-06-14 23:56:57 [INFO] correct (tool_hit=0)
2026-06-14 23:56:57 [INFO] 

number id: 59
2026-06-14 23:57:37 [INFO] error (tool_hit=0)
2026-06-14 23:57:37 [INFO] 

number id: 60
2026-06-14 23:57:57 [INFO] correct (tool_hit=0)
2026-06-14 23:57:57 [INFO] 

number id: 61
2026-06-14 23:58:44 [INFO] error (tool_hit=0)
2026-06-14 23:58:44 [INFO] 

number id: 62
2026-06-14 23:59:38 [INFO] error (tool_hit=0)
2026-06-14 23:59:38 [INFO] 

number id: 63
2026-06-15 00:01:54 [INFO] correct (tool_hit=0)
2026-06-15 00:01:54 [INFO] 

number id: 64
2026-06-15 00:02:03 [INFO] correct (tool_hit=0)
2026-06-15 00:02:03 [INFO] 

number id: 65
2026-06-15 00:02:20 [INFO] correct (tool_hit=0)
2026-06-15 00:02:20 [INFO] 

number id: 66
2026-06-15 00:02:46 [INFO] error (tool_hit=0)
2026-06-15 00:02:46 [INFO] 

number id: 67
2026-06-15 00:03:25 [INFO] correct (tool_hit=0)
2026-06-15 00:03:25 [INFO] 

number id: 68
2026-06-15 00:04:29 [INFO] error (tool_hit=0)
2026-06-15 00:04:29 [INFO] 

number id: 69
2026-06-15 00:04:45 [INFO] correct (tool_hit=0)
2026-06-15 00:04:45 [INFO] 

number id: 70
2026-06-15 00:05:05 [INFO] correct (tool_hit=0)
2026-06-15 00:05:05 [INFO] 

number id: 71
2026-06-15 00:05:48 [INFO] error (tool_hit=0)
2026-06-15 00:05:48 [INFO] 

number id: 72
2026-06-15 00:06:08 [INFO] error (tool_hit=0)
2026-06-15 00:06:08 [INFO] 

number id: 73
2026-06-15 00:06:47 [INFO] error (tool_hit=0)
2026-06-15 00:06:47 [INFO] 

number id: 74
2026-06-15 00:07:09 [INFO] error (tool_hit=0)
2026-06-15 00:07:09 [INFO] 

number id: 75
2026-06-15 00:07:32 [INFO] error (tool_hit=0)
2026-06-15 00:07:32 [INFO] 

number id: 76
2026-06-15 00:07:45 [INFO] error (tool_hit=0)
2026-06-15 00:07:45 [INFO] 

number id: 77
2026-06-15 00:08:11 [INFO] error (tool_hit=0)
2026-06-15 00:08:11 [INFO] 

number id: 78
2026-06-15 00:08:29 [INFO] error (tool_hit=0)
2026-06-15 00:08:29 [INFO] 

number id: 79
2026-06-15 00:08:59 [INFO] correct (tool_hit=0)
2026-06-15 00:08:59 [INFO] 

number id: 80
2026-06-15 00:09:31 [INFO] error (tool_hit=0)
2026-06-15 00:09:31 [INFO] 

number id: 81
2026-06-15 00:09:43 [INFO] correct (tool_hit=0)
2026-06-15 00:09:43 [INFO] 

number id: 82
2026-06-15 00:10:37 [INFO] error (tool_hit=0)
2026-06-15 00:10:37 [INFO] 

number id: 83
2026-06-15 00:10:48 [INFO] correct (tool_hit=0)
2026-06-15 00:10:48 [INFO] 

number id: 84
2026-06-15 00:11:12 [INFO] correct (tool_hit=0)
2026-06-15 00:11:12 [INFO] 

number id: 85
2026-06-15 00:11:38 [INFO] error (tool_hit=0)
2026-06-15 00:11:38 [INFO] 

number id: 86
2026-06-15 00:11:57 [INFO] correct (tool_hit=0)
2026-06-15 00:11:57 [INFO] 

number id: 87
2026-06-15 00:12:09 [INFO] correct (tool_hit=0)
2026-06-15 00:12:09 [INFO] 

number id: 88
2026-06-15 00:12:22 [INFO] error (tool_hit=0)
2026-06-15 00:12:22 [INFO] 

number id: 89
2026-06-15 00:13:04 [INFO] correct (tool_hit=0)
2026-06-15 00:13:04 [INFO] 

number id: 90
2026-06-15 00:14:11 [INFO] correct (tool_hit=0)
2026-06-15 00:14:11 [INFO] 

number id: 91
2026-06-15 00:14:57 [INFO] error (tool_hit=0)
2026-06-15 00:14:57 [INFO] 

number id: 92
2026-06-15 00:15:19 [INFO] error (tool_hit=0)
2026-06-15 00:15:19 [INFO] 

number id: 93
2026-06-15 00:16:04 [INFO] correct (tool_hit=0)
2026-06-15 00:16:04 [INFO] 

number id: 94
2026-06-15 00:16:27 [INFO] correct (tool_hit=0)
2026-06-15 00:16:27 [INFO] 

number id: 95
2026-06-15 00:17:16 [INFO] error (tool_hit=0)
2026-06-15 00:17:16 [INFO] 

number id: 96
2026-06-15 00:17:36 [INFO] correct (tool_hit=0)
2026-06-15 00:17:36 [INFO] 

number id: 97
2026-06-15 00:18:04 [INFO] correct (tool_hit=0)
2026-06-15 00:18:04 [INFO] 

number id: 98
2026-06-15 00:18:32 [INFO] correct (tool_hit=0)
2026-06-15 00:18:32 [INFO] 

number id: 99
2026-06-15 00:18:57 [INFO] correct (tool_hit=0)
2026-06-15 00:18:57 [INFO] 

number id: 100
2026-06-15 00:19:10 [INFO] correct (tool_hit=0)
2026-06-15 00:19:10 [INFO] 

number id: 101
2026-06-15 00:19:25 [INFO] error (tool_hit=0)
2026-06-15 00:19:25 [INFO] 

number id: 102
2026-06-15 00:19:33 [INFO] correct (tool_hit=0)
2026-06-15 00:19:33 [INFO] 

number id: 103
2026-06-15 00:19:53 [INFO] error (tool_hit=0)
2026-06-15 00:19:53 [INFO] 

number id: 104
2026-06-15 00:20:14 [INFO] error (tool_hit=0)
2026-06-15 00:20:14 [INFO] 

number id: 105
2026-06-15 00:20:29 [INFO] correct (tool_hit=0)
2026-06-15 00:20:29 [INFO] 

number id: 106
2026-06-15 00:20:58 [INFO] error (tool_hit=0)
2026-06-15 00:20:58 [INFO] 

number id: 107
2026-06-15 00:21:48 [INFO] error (tool_hit=0)
2026-06-15 00:21:48 [INFO] 

number id: 108
2026-06-15 00:22:02 [INFO] correct (tool_hit=0)
2026-06-15 00:22:02 [INFO] 

number id: 109
2026-06-15 00:22:49 [INFO] error (tool_hit=0)
2026-06-15 00:22:49 [INFO] 

number id: 110
2026-06-15 00:22:57 [INFO] correct (tool_hit=0)
2026-06-15 00:22:57 [INFO] 

number id: 111
2026-06-15 00:23:20 [INFO] error (tool_hit=0)
2026-06-15 00:23:20 [INFO] 

number id: 112
2026-06-15 00:23:33 [INFO] correct (tool_hit=0)
2026-06-15 00:23:33 [INFO] 

number id: 113
2026-06-15 00:23:47 [INFO] correct (tool_hit=0)
2026-06-15 00:23:47 [INFO] 

number id: 114
2026-06-15 00:23:55 [INFO] correct (tool_hit=0)
2026-06-15 00:23:55 [INFO] 

number id: 115
2026-06-15 00:24:22 [INFO] error (tool_hit=0)
2026-06-15 00:24:22 [INFO] 

number id: 116
2026-06-15 00:24:39 [INFO] error (tool_hit=0)
2026-06-15 00:24:39 [INFO] 

number id: 117
2026-06-15 00:25:23 [INFO] correct (tool_hit=0)
2026-06-15 00:25:23 [INFO] 

number id: 118
2026-06-15 00:25:37 [INFO] correct (tool_hit=0)
2026-06-15 00:25:37 [INFO] 

number id: 119
2026-06-15 00:26:33 [INFO] error (tool_hit=0)
2026-06-15 00:26:33 [INFO] 

number id: 120
2026-06-15 00:26:46 [INFO] correct (tool_hit=0)
2026-06-15 00:26:46 [INFO] 

number id: 121
2026-06-15 00:27:22 [INFO] error (tool_hit=0)
2026-06-15 00:27:22 [INFO] 

number id: 122
2026-06-15 00:28:01 [INFO] correct (tool_hit=0)
2026-06-15 00:28:01 [INFO] 

number id: 123
2026-06-15 00:28:28 [INFO] correct (tool_hit=0)
2026-06-15 00:28:28 [INFO] 

number id: 124
2026-06-15 00:29:07 [INFO] correct (tool_hit=0)
2026-06-15 00:29:07 [INFO] 

number id: 125
2026-06-15 00:29:47 [INFO] error (tool_hit=0)
2026-06-15 00:29:47 [INFO] 

number id: 126
2026-06-15 00:29:56 [INFO] correct (tool_hit=0)
2026-06-15 00:29:56 [INFO] 

number id: 127
2026-06-15 00:30:23 [INFO] correct (tool_hit=0)
2026-06-15 00:30:23 [INFO] 

number id: 128
2026-06-15 00:30:38 [INFO] correct (tool_hit=0)
2026-06-15 00:30:38 [INFO] 

number id: 129
2026-06-15 00:31:34 [INFO] error (tool_hit=0)
2026-06-15 00:31:34 [INFO] 

number id: 130
2026-06-15 00:31:46 [INFO] error (tool_hit=0)
2026-06-15 00:31:46 [INFO] 

number id: 131
2026-06-15 00:32:04 [INFO] error (tool_hit=0)
2026-06-15 00:32:04 [INFO] 

number id: 132
2026-06-15 00:32:16 [INFO] correct (tool_hit=0)
2026-06-15 00:32:16 [INFO] 

number id: 133
2026-06-15 00:32:26 [INFO] correct (tool_hit=0)
2026-06-15 00:32:26 [INFO] 

number id: 134
2026-06-15 00:32:53 [INFO] error (tool_hit=0)
2026-06-15 00:32:53 [INFO] 

number id: 135
2026-06-15 00:33:12 [INFO] error (tool_hit=0)
2026-06-15 00:33:12 [INFO] 

number id: 136
2026-06-15 00:34:03 [INFO] correct (tool_hit=0)
2026-06-15 00:34:03 [INFO] 

number id: 137
2026-06-15 00:34:49 [INFO] error (tool_hit=0)
2026-06-15 00:34:49 [INFO] 

number id: 138
2026-06-15 00:36:30 [INFO] correct (tool_hit=0)
2026-06-15 00:36:30 [INFO] 

number id: 139
2026-06-15 00:37:04 [INFO] error (tool_hit=0)
2026-06-15 00:37:04 [INFO] 

number id: 140
2026-06-15 00:37:31 [INFO] correct (tool_hit=0)
2026-06-15 00:37:31 [INFO] 

number id: 141
2026-06-15 00:38:38 [INFO] error (tool_hit=0)
2026-06-15 00:38:38 [INFO] 

number id: 142
2026-06-15 00:39:04 [INFO] correct (tool_hit=0)
2026-06-15 00:39:04 [INFO] 

number id: 143
2026-06-15 00:39:45 [INFO] error (tool_hit=0)
2026-06-15 00:39:45 [INFO] 

number id: 144
2026-06-15 00:40:18 [INFO] correct (tool_hit=0)
2026-06-15 00:40:18 [INFO] 

number id: 145
2026-06-15 00:40:27 [INFO] correct (tool_hit=0)
2026-06-15 00:40:27 [INFO] 

number id: 146
2026-06-15 00:40:43 [INFO] correct (tool_hit=0)
2026-06-15 00:40:43 [INFO] 

number id: 147
2026-06-15 00:44:10 [INFO] correct (tool_hit=0)
2026-06-15 00:44:10 [INFO] 

number id: 148
2026-06-15 00:44:18 [INFO] correct (tool_hit=0)
2026-06-15 00:44:18 [INFO] 

number id: 149
2026-06-15 00:44:32 [INFO] correct (tool_hit=0)
2026-06-15 00:44:32 [INFO] 

number id: 150
2026-06-15 00:46:01 [INFO] error (tool_hit=0)
2026-06-15 00:46:01 [INFO] 

number id: 151
2026-06-15 00:47:14 [INFO] error (tool_hit=0)
2026-06-15 00:47:14 [INFO] 

number id: 152
2026-06-15 00:47:45 [INFO] correct (tool_hit=0)
2026-06-15 00:47:45 [INFO] 

number id: 153
2026-06-15 00:48:06 [INFO] error (tool_hit=0)
2026-06-15 00:48:06 [INFO] 

number id: 154
2026-06-15 00:48:20 [INFO] correct (tool_hit=0)
2026-06-15 00:48:20 [INFO] 

number id: 155
2026-06-15 00:49:01 [INFO] error (tool_hit=0)
2026-06-15 00:49:01 [INFO] 

number id: 156
2026-06-15 00:49:33 [INFO] error (tool_hit=0)
2026-06-15 00:49:33 [INFO] 

number id: 157
2026-06-15 00:50:02 [INFO] correct (tool_hit=0)
2026-06-15 00:50:02 [INFO] 

number id: 158
2026-06-15 00:51:08 [INFO] correct (tool_hit=0)
2026-06-15 00:51:08 [INFO] 

number id: 159
2026-06-15 00:51:22 [INFO] correct (tool_hit=0)
2026-06-15 00:51:22 [INFO] 

number id: 160
2026-06-15 00:51:53 [INFO] correct (tool_hit=0)
2026-06-15 00:51:53 [INFO] 

number id: 161
2026-06-15 00:52:10 [INFO] error (tool_hit=0)
2026-06-15 00:52:10 [INFO] 

number id: 162
2026-06-15 00:52:33 [INFO] error (tool_hit=0)
2026-06-15 00:52:33 [INFO] 

number id: 163
2026-06-15 00:53:11 [INFO] error (tool_hit=0)
2026-06-15 00:53:11 [INFO] 

number id: 164
2026-06-15 00:53:55 [INFO] error (tool_hit=0)
2026-06-15 00:53:55 [INFO] 

number id: 165
2026-06-15 00:55:47 [INFO] error (tool_hit=0)
2026-06-15 00:55:47 [INFO] 

number id: 166
2026-06-15 00:56:18 [INFO] correct (tool_hit=0)
2026-06-15 00:56:18 [INFO] 

number id: 167
2026-06-15 00:56:34 [INFO] correct (tool_hit=0)
2026-06-15 00:56:34 [INFO] 

number id: 168
2026-06-15 00:57:18 [INFO] error (tool_hit=0)
2026-06-15 00:57:18 [INFO] 

number id: 169
2026-06-15 00:57:45 [INFO] correct (tool_hit=0)
2026-06-15 00:57:45 [INFO] 

number id: 170
2026-06-15 00:58:09 [INFO] correct (tool_hit=0)
2026-06-15 00:58:09 [INFO] 

number id: 171
2026-06-15 00:58:40 [INFO] error (tool_hit=0)
2026-06-15 00:58:40 [INFO] 

number id: 172
2026-06-15 00:59:31 [INFO] error (tool_hit=0)
2026-06-15 00:59:31 [INFO] 

number id: 173
2026-06-15 01:00:00 [INFO] correct (tool_hit=0)
2026-06-15 01:00:00 [INFO] 

number id: 174
2026-06-15 01:00:20 [INFO] correct (tool_hit=0)
2026-06-15 01:00:20 [INFO] 

number id: 175
2026-06-15 01:00:35 [INFO] error (tool_hit=0)
2026-06-15 01:00:35 [INFO] 

number id: 176
2026-06-15 01:01:11 [INFO] error (tool_hit=0)
2026-06-15 01:01:11 [INFO] 

number id: 177
2026-06-15 01:01:40 [INFO] correct (tool_hit=0)
2026-06-15 01:01:40 [INFO] 

number id: 178
2026-06-15 01:02:19 [INFO] error (tool_hit=0)
2026-06-15 01:02:19 [INFO] 

number id: 179
2026-06-15 01:02:32 [INFO] correct (tool_hit=0)
2026-06-15 01:02:32 [INFO] 

number id: 180
2026-06-15 01:05:31 [INFO] error (tool_hit=0)
2026-06-15 01:05:31 [INFO] 

number id: 181
2026-06-15 01:05:44 [INFO] correct (tool_hit=0)
2026-06-15 01:05:44 [INFO] 

number id: 182
2026-06-15 01:06:12 [INFO] error (tool_hit=0)
2026-06-15 01:06:12 [INFO] 

number id: 183
2026-06-15 01:06:44 [INFO] error (tool_hit=0)
2026-06-15 01:06:44 [INFO] 

number id: 184
2026-06-15 01:08:06 [INFO] error (tool_hit=0)
2026-06-15 01:08:06 [INFO] 

number id: 185
2026-06-15 01:09:25 [INFO] error (tool_hit=0)
2026-06-15 01:09:25 [INFO] 

number id: 186
2026-06-15 01:10:08 [INFO] error (tool_hit=0)
2026-06-15 01:10:08 [INFO] 

number id: 187
2026-06-15 01:10:34 [INFO] correct (tool_hit=0)
2026-06-15 01:10:34 [INFO] 

number id: 188
2026-06-15 01:10:56 [INFO] correct (tool_hit=0)
2026-06-15 01:10:56 [INFO] 

number id: 189
2026-06-15 01:11:48 [INFO] correct (tool_hit=0)
2026-06-15 01:11:48 [INFO] 

number id: 190
2026-06-15 01:12:32 [INFO] error (tool_hit=0)
2026-06-15 01:12:32 [INFO] 

number id: 191
2026-06-15 01:12:51 [INFO] error (tool_hit=0)
2026-06-15 01:12:51 [INFO] 

number id: 192
2026-06-15 01:13:08 [INFO] correct (tool_hit=0)
2026-06-15 01:13:08 [INFO] 

number id: 193
2026-06-15 01:13:19 [INFO] correct (tool_hit=0)
2026-06-15 01:13:19 [INFO] 

number id: 194
2026-06-15 01:13:55 [INFO] error (tool_hit=0)
2026-06-15 01:13:55 [INFO] 

number id: 195
2026-06-15 01:14:31 [INFO] correct (tool_hit=0)
2026-06-15 01:14:31 [INFO] 

number id: 196
2026-06-15 01:15:18 [INFO] correct (tool_hit=0)
2026-06-15 01:15:18 [INFO] 

number id: 197
2026-06-15 01:15:39 [INFO] correct (tool_hit=0)
2026-06-15 01:15:39 [INFO] 

number id: 198
2026-06-15 01:16:06 [INFO] error (tool_hit=0)
2026-06-15 01:16:06 [INFO] 

number id: 199
2026-06-15 01:16:18 [INFO] correct (tool_hit=0)
2026-06-15 01:16:18 [INFO] 200 solving 运行耗时: 1.0h, 46.0min, 34.37670016288757s
2026-06-15 01:16:18 [INFO] Correct_Q: 110
2026-06-15 01:16:18 [INFO] False_Q: 90
2026-06-15 01:16:18 [INFO] Error_Q: 0
2026-06-15 01:16:18 [INFO] Sum_Q: 200
2026-06-15 01:16:18 [INFO] Acc: 55.00%
2026-06-15 01:16:18 [INFO] Avg_time_per_Q: 31.97s
2026-06-15 01:16:18 [INFO] Total Tokens: 325203; Total Cost: $0.93
2026-06-15 01:16:18 [INFO] ===== with_tool =====
2026-06-15 01:16:18 [INFO] 

number id: 0
2026-06-15 01:16:34 [INFO] correct (tool_hit=1)
2026-06-15 01:16:34 [INFO] 

number id: 1
2026-06-15 01:16:39 [INFO] correct (tool_hit=3)
2026-06-15 01:16:39 [INFO] 

number id: 2
2026-06-15 01:17:12 [INFO] error (tool_hit=0)
2026-06-15 01:17:12 [INFO] 

number id: 3
2026-06-15 01:17:41 [INFO] correct (tool_hit=1)
2026-06-15 01:17:41 [INFO] 

number id: 4
2026-06-15 01:17:53 [INFO] correct (tool_hit=0)
2026-06-15 01:17:53 [INFO] 

number id: 5
2026-06-15 01:18:15 [INFO] correct (tool_hit=0)
2026-06-15 01:18:15 [INFO] 

number id: 6
2026-06-15 01:18:33 [INFO] error (tool_hit=0)
2026-06-15 01:18:33 [INFO] 

number id: 7
2026-06-15 01:18:57 [INFO] error (tool_hit=0)
2026-06-15 01:18:57 [INFO] 

number id: 8
2026-06-15 01:19:53 [INFO] error (tool_hit=0)
2026-06-15 01:19:53 [INFO] 

number id: 9
2026-06-15 01:20:44 [INFO] error (tool_hit=0)
2026-06-15 01:20:44 [INFO] 

number id: 10
2026-06-15 01:21:53 [INFO] correct (tool_hit=0)
2026-06-15 01:21:53 [INFO] 

number id: 11
2026-06-15 01:22:37 [INFO] error (tool_hit=0)
2026-06-15 01:22:37 [INFO] 

number id: 12
2026-06-15 01:23:01 [INFO] correct (tool_hit=0)
2026-06-15 01:23:01 [INFO] 

number id: 13
2026-06-15 01:23:22 [INFO] correct (tool_hit=1)
2026-06-15 01:23:22 [INFO] 

number id: 14
2026-06-15 01:24:48 [INFO] error (tool_hit=1)
2026-06-15 01:24:48 [INFO] 

number id: 15
2026-06-15 01:25:09 [INFO] correct (tool_hit=0)
2026-06-15 01:25:09 [INFO] 

number id: 16
2026-06-15 01:25:28 [INFO] correct (tool_hit=0)
2026-06-15 01:25:28 [INFO] 

number id: 17
2026-06-15 01:25:54 [INFO] error (tool_hit=0)
2026-06-15 01:25:54 [INFO] 

number id: 18
2026-06-15 01:26:40 [INFO] error (tool_hit=0)
2026-06-15 01:26:40 [INFO] 

number id: 19
2026-06-15 01:26:56 [INFO] correct (tool_hit=0)
2026-06-15 01:26:56 [INFO] 

number id: 20
2026-06-15 01:27:43 [INFO] error (tool_hit=0)
2026-06-15 01:27:43 [INFO] 

number id: 21
2026-06-15 01:28:10 [INFO] correct (tool_hit=0)
2026-06-15 01:28:10 [INFO] 

number id: 22
2026-06-15 01:28:29 [INFO] correct (tool_hit=1)
2026-06-15 01:28:29 [INFO] 

number id: 23
2026-06-15 01:28:57 [INFO] error (tool_hit=0)
2026-06-15 01:28:57 [INFO] 

number id: 24
2026-06-15 01:29:07 [INFO] error (tool_hit=0)
2026-06-15 01:29:07 [INFO] 

number id: 25
2026-06-15 01:29:21 [INFO] correct (tool_hit=0)
2026-06-15 01:29:21 [INFO] 

number id: 26
2026-06-15 01:29:50 [INFO] error (tool_hit=1)
2026-06-15 01:29:50 [INFO] 

number id: 27
2026-06-15 01:30:35 [INFO] error (tool_hit=0)
2026-06-15 01:30:35 [INFO] 

number id: 28
2026-06-15 01:31:16 [INFO] error (tool_hit=0)
2026-06-15 01:31:16 [INFO] 

number id: 29
2026-06-15 01:32:05 [INFO] error (tool_hit=0)
2026-06-15 01:32:05 [INFO] 

number id: 30
2026-06-15 01:32:29 [INFO] correct (tool_hit=0)
2026-06-15 01:32:29 [INFO] 

number id: 31
2026-06-15 01:33:00 [INFO] error (tool_hit=0)
2026-06-15 01:33:00 [INFO] 

number id: 32
2026-06-15 01:33:44 [INFO] error (tool_hit=0)
2026-06-15 01:33:44 [INFO] 

number id: 33
2026-06-15 01:34:19 [INFO] error (tool_hit=0)
2026-06-15 01:34:19 [INFO] 

number id: 34
2026-06-15 01:34:50 [INFO] error (tool_hit=0)
2026-06-15 01:34:50 [INFO] 

number id: 35
2026-06-15 01:35:10 [INFO] correct (tool_hit=0)
2026-06-15 01:35:10 [INFO] 

number id: 36
2026-06-15 01:36:06 [INFO] error (tool_hit=1)
2026-06-15 01:36:06 [INFO] 

number id: 37
2026-06-15 01:37:01 [INFO] correct (tool_hit=0)
2026-06-15 01:37:01 [INFO] 

number id: 38
2026-06-15 01:37:48 [INFO] error (tool_hit=0)
2026-06-15 01:37:48 [INFO] 

number id: 39
2026-06-15 01:38:32 [INFO] correct (tool_hit=0)
2026-06-15 01:38:32 [INFO] 

number id: 40
2026-06-15 01:38:50 [INFO] error (tool_hit=0)
2026-06-15 01:38:50 [INFO] 

number id: 41
2026-06-15 01:39:08 [INFO] correct (tool_hit=0)
2026-06-15 01:39:08 [INFO] 

number id: 42
2026-06-15 01:39:23 [INFO] error (tool_hit=0)
2026-06-15 01:39:23 [INFO] 

number id: 43
2026-06-15 01:40:26 [INFO] correct (tool_hit=0)
2026-06-15 01:40:26 [INFO] 

number id: 44
2026-06-15 01:40:42 [INFO] correct (tool_hit=2)
2026-06-15 01:40:42 [INFO] 

number id: 45
2026-06-15 01:41:01 [INFO] correct (tool_hit=0)
2026-06-15 01:41:01 [INFO] 

number id: 46
2026-06-15 01:41:35 [INFO] error (tool_hit=0)
2026-06-15 01:41:35 [INFO] 

number id: 47
2026-06-15 01:41:51 [INFO] correct (tool_hit=0)
2026-06-15 01:41:51 [INFO] 

number id: 48
2026-06-15 01:42:05 [INFO] correct (tool_hit=0)
2026-06-15 01:42:05 [INFO] 

number id: 49
2026-06-15 01:43:41 [INFO] correct (tool_hit=0)
2026-06-15 01:43:41 [INFO] 

number id: 50
2026-06-15 01:44:15 [INFO] error (tool_hit=0)
2026-06-15 01:44:15 [INFO] 

number id: 51
2026-06-15 01:44:37 [INFO] correct (tool_hit=0)
2026-06-15 01:44:37 [INFO] 

number id: 52
2026-06-15 01:45:04 [INFO] error (tool_hit=0)
2026-06-15 01:45:04 [INFO] 

number id: 53
2026-06-15 01:45:13 [INFO] correct (tool_hit=0)
2026-06-15 01:45:13 [INFO] 

number id: 54
2026-06-15 01:45:50 [INFO] error (tool_hit=0)
2026-06-15 01:45:50 [INFO] 

number id: 55
2026-06-15 01:45:57 [INFO] correct (tool_hit=0)
2026-06-15 01:45:57 [INFO] 

number id: 56
2026-06-15 01:46:11 [INFO] correct (tool_hit=0)
2026-06-15 01:46:11 [INFO] 

number id: 57
2026-06-15 01:46:25 [INFO] correct (tool_hit=0)
2026-06-15 01:46:25 [INFO] 

number id: 58
2026-06-15 01:46:41 [INFO] correct (tool_hit=0)
2026-06-15 01:46:41 [INFO] 

number id: 59
2026-06-15 01:47:10 [INFO] error (tool_hit=1)
2026-06-15 01:47:10 [INFO] 

number id: 60
2026-06-15 01:47:36 [INFO] error (tool_hit=0)
2026-06-15 01:47:36 [INFO] 

number id: 61
2026-06-15 01:48:16 [INFO] error (tool_hit=0)
2026-06-15 01:48:16 [INFO] 

number id: 62
2026-06-15 01:49:08 [INFO] error (tool_hit=0)
2026-06-15 01:49:08 [INFO] 

number id: 63
2026-06-15 01:49:38 [INFO] correct (tool_hit=0)
2026-06-15 01:49:38 [INFO] 

number id: 64
2026-06-15 01:50:03 [INFO] correct (tool_hit=0)
2026-06-15 01:50:03 [INFO] 

number id: 65
2026-06-15 01:50:22 [INFO] correct (tool_hit=0)
2026-06-15 01:50:22 [INFO] 

number id: 66
2026-06-15 01:51:05 [INFO] error (tool_hit=0)
2026-06-15 01:51:05 [INFO] 

number id: 67
2026-06-15 01:52:03 [INFO] correct (tool_hit=0)
2026-06-15 01:52:03 [INFO] 

number id: 68
2026-06-15 01:52:51 [INFO] correct (tool_hit=1)
2026-06-15 01:52:51 [INFO] 

number id: 69
2026-06-15 01:53:05 [INFO] correct (tool_hit=0)
2026-06-15 01:53:05 [INFO] 

number id: 70
2026-06-15 01:53:21 [INFO] correct (tool_hit=2)
2026-06-15 01:53:21 [INFO] 

number id: 71
2026-06-15 01:53:52 [INFO] correct (tool_hit=0)
2026-06-15 01:53:52 [INFO] 

number id: 72
2026-06-15 01:54:07 [INFO] error (tool_hit=0)
2026-06-15 01:54:07 [INFO] 

number id: 73
2026-06-15 01:54:38 [INFO] error (tool_hit=0)
2026-06-15 01:54:38 [INFO] 

number id: 74
2026-06-15 01:55:03 [INFO] correct (tool_hit=0)
2026-06-15 01:55:03 [INFO] 

number id: 75
2026-06-15 01:55:26 [INFO] error (tool_hit=0)
2026-06-15 01:55:26 [INFO] 

number id: 76
2026-06-15 01:55:38 [INFO] correct (tool_hit=0)
2026-06-15 01:55:38 [INFO] 

number id: 77
2026-06-15 01:56:04 [INFO] correct (tool_hit=0)
2026-06-15 01:56:04 [INFO] 

number id: 78
2026-06-15 01:56:26 [INFO] error (tool_hit=0)
2026-06-15 01:56:26 [INFO] 

number id: 79
2026-06-15 01:57:03 [INFO] correct (tool_hit=0)
2026-06-15 01:57:03 [INFO] 

number id: 80
2026-06-15 01:57:23 [INFO] error (tool_hit=0)
2026-06-15 01:57:23 [INFO] 

number id: 81
2026-06-15 01:57:34 [INFO] correct (tool_hit=0)
2026-06-15 01:57:34 [INFO] 

number id: 82
2026-06-15 01:58:19 [INFO] error (tool_hit=0)
2026-06-15 01:58:19 [INFO] 

number id: 83
2026-06-15 01:58:28 [INFO] correct (tool_hit=0)
2026-06-15 01:58:28 [INFO] 

number id: 84
2026-06-15 01:58:42 [INFO] correct (tool_hit=0)
2026-06-15 01:58:42 [INFO] 

number id: 85
2026-06-15 01:59:23 [INFO] error (tool_hit=0)
2026-06-15 01:59:23 [INFO] 

number id: 86
2026-06-15 01:59:43 [INFO] correct (tool_hit=0)
2026-06-15 01:59:43 [INFO] 

number id: 87
2026-06-15 01:59:55 [INFO] error (tool_hit=1)
2026-06-15 01:59:55 [INFO] 

number id: 88
2026-06-15 02:00:12 [INFO] error (tool_hit=0)
2026-06-15 02:00:12 [INFO] 

number id: 89
2026-06-15 02:00:50 [INFO] correct (tool_hit=0)
2026-06-15 02:00:50 [INFO] 

number id: 90
2026-06-15 02:01:43 [INFO] error (tool_hit=0)
2026-06-15 02:01:43 [INFO] 

number id: 91
2026-06-15 02:02:35 [INFO] error (tool_hit=0)
2026-06-15 02:02:35 [INFO] 

number id: 92
2026-06-15 02:02:45 [INFO] correct (tool_hit=0)
2026-06-15 02:02:45 [INFO] 

number id: 93
2026-06-15 02:03:30 [INFO] error (tool_hit=0)
2026-06-15 02:03:30 [INFO] 

number id: 94
2026-06-15 02:03:44 [INFO] correct (tool_hit=0)
2026-06-15 02:03:44 [INFO] 

number id: 95
2026-06-15 02:04:26 [INFO] error (tool_hit=0)
2026-06-15 02:04:26 [INFO] 

number id: 96
2026-06-15 02:04:55 [INFO] correct (tool_hit=0)
2026-06-15 02:04:55 [INFO] 

number id: 97
2026-06-15 02:05:28 [INFO] error (tool_hit=0)
2026-06-15 02:05:28 [INFO] 

number id: 98
2026-06-15 02:05:58 [INFO] error (tool_hit=0)
2026-06-15 02:05:58 [INFO] 

number id: 99
2026-06-15 02:06:14 [INFO] correct (tool_hit=0)
2026-06-15 02:06:14 [INFO] 

number id: 100
2026-06-15 02:06:23 [INFO] error (tool_hit=2)
2026-06-15 02:06:23 [INFO] 

number id: 101
2026-06-15 02:06:39 [INFO] error (tool_hit=0)
2026-06-15 02:06:39 [INFO] 

number id: 102
2026-06-15 02:06:45 [INFO] correct (tool_hit=1)
2026-06-15 02:06:45 [INFO] 

number id: 103
2026-06-15 02:07:13 [INFO] error (tool_hit=0)
2026-06-15 02:07:13 [INFO] 

number id: 104
2026-06-15 02:07:31 [INFO] error (tool_hit=0)
2026-06-15 02:07:31 [INFO] 

number id: 105
2026-06-15 02:07:41 [INFO] correct (tool_hit=0)
2026-06-15 02:07:41 [INFO] 

number id: 106
2026-06-15 02:08:13 [INFO] error (tool_hit=0)
2026-06-15 02:08:13 [INFO] 

number id: 107
2026-06-15 02:08:51 [INFO] error (tool_hit=0)
2026-06-15 02:08:51 [INFO] 

number id: 108
2026-06-15 02:09:24 [INFO] correct (tool_hit=0)
2026-06-15 02:09:24 [INFO] 

number id: 109
2026-06-15 02:10:10 [INFO] error (tool_hit=0)
2026-06-15 02:10:10 [INFO] 

number id: 110
2026-06-15 02:10:23 [INFO] correct (tool_hit=0)
2026-06-15 02:10:23 [INFO] 

number id: 111
2026-06-15 02:10:50 [INFO] correct (tool_hit=0)
2026-06-15 02:10:50 [INFO] 

number id: 112
2026-06-15 02:11:05 [INFO] correct (tool_hit=1)
2026-06-15 02:11:05 [INFO] 

number id: 113
2026-06-15 02:11:18 [INFO] correct (tool_hit=0)
2026-06-15 02:11:18 [INFO] 

number id: 114
2026-06-15 02:11:26 [INFO] correct (tool_hit=1)
2026-06-15 02:11:26 [INFO] 

number id: 115
2026-06-15 02:12:10 [INFO] correct (tool_hit=1)
2026-06-15 02:12:10 [INFO] 

number id: 116
2026-06-15 02:12:23 [INFO] correct (tool_hit=3)
2026-06-15 02:12:23 [INFO] 

number id: 117
2026-06-15 02:12:54 [INFO] error (tool_hit=1)
2026-06-15 02:12:54 [INFO] 

number id: 118
2026-06-15 02:13:06 [INFO] correct (tool_hit=1)
2026-06-15 02:13:06 [INFO] 

number id: 119
2026-06-15 02:13:57 [INFO] correct (tool_hit=0)
2026-06-15 02:13:57 [INFO] 

number id: 120
2026-06-15 02:14:14 [INFO] correct (tool_hit=0)
2026-06-15 02:14:14 [INFO] 

number id: 121
2026-06-15 02:15:02 [INFO] correct (tool_hit=0)
2026-06-15 02:15:02 [INFO] 

number id: 122
2026-06-15 02:15:32 [INFO] correct (tool_hit=0)
2026-06-15 02:15:32 [INFO] 

number id: 123
2026-06-15 02:15:57 [INFO] error (tool_hit=0)
2026-06-15 02:15:57 [INFO] 

number id: 124
2026-06-15 02:16:29 [INFO] error (tool_hit=0)
2026-06-15 02:16:29 [INFO] 

number id: 125
2026-06-15 02:17:03 [INFO] error (tool_hit=0)
2026-06-15 02:17:03 [INFO] 

number id: 126
2026-06-15 02:17:11 [INFO] correct (tool_hit=2)
2026-06-15 02:17:11 [INFO] 

number id: 127
2026-06-15 02:17:46 [INFO] correct (tool_hit=0)
2026-06-15 02:17:46 [INFO] 

number id: 128
2026-06-15 02:18:03 [INFO] correct (tool_hit=0)
2026-06-15 02:18:03 [INFO] 

number id: 129
2026-06-15 02:18:56 [INFO] correct (tool_hit=0)
2026-06-15 02:18:56 [INFO] 

number id: 130
2026-06-15 02:19:08 [INFO] error (tool_hit=1)
2026-06-15 02:19:08 [INFO] 

number id: 131
2026-06-15 02:19:23 [INFO] error (tool_hit=1)
2026-06-15 02:19:23 [INFO] 

number id: 132
2026-06-15 02:19:40 [INFO] correct (tool_hit=0)
2026-06-15 02:19:40 [INFO] 

number id: 133
2026-06-15 02:19:50 [INFO] correct (tool_hit=0)
2026-06-15 02:19:50 [INFO] 

number id: 134
2026-06-15 02:20:22 [INFO] correct (tool_hit=0)
2026-06-15 02:20:22 [INFO] 

number id: 135
2026-06-15 02:20:45 [INFO] error (tool_hit=0)
2026-06-15 02:20:45 [INFO] 

number id: 136
2026-06-15 02:21:47 [INFO] correct (tool_hit=0)
2026-06-15 02:21:47 [INFO] 

number id: 137
2026-06-15 02:22:29 [INFO] error (tool_hit=1)
2026-06-15 02:22:29 [INFO] 

number id: 138
2026-06-15 02:23:51 [INFO] error (tool_hit=0)
2026-06-15 02:23:51 [INFO] 

number id: 139
2026-06-15 02:24:20 [INFO] error (tool_hit=0)
2026-06-15 02:24:20 [INFO] 

number id: 140
2026-06-15 02:25:00 [INFO] error (tool_hit=1)
2026-06-15 02:25:00 [INFO] 

number id: 141
2026-06-15 02:26:01 [INFO] correct (tool_hit=0)
2026-06-15 02:26:01 [INFO] 

number id: 142
2026-06-15 02:26:29 [INFO] correct (tool_hit=0)
2026-06-15 02:26:29 [INFO] 

number id: 143
2026-06-15 02:26:59 [INFO] error (tool_hit=0)
2026-06-15 02:26:59 [INFO] 

number id: 144
2026-06-15 02:27:30 [INFO] correct (tool_hit=1)
2026-06-15 02:27:30 [INFO] 

number id: 145
2026-06-15 02:27:40 [INFO] correct (tool_hit=0)
2026-06-15 02:27:40 [INFO] 

number id: 146
2026-06-15 02:27:50 [INFO] correct (tool_hit=0)
2026-06-15 02:27:50 [INFO] 

number id: 147
2026-06-15 02:30:53 [INFO] error (tool_hit=2)
2026-06-15 02:30:53 [INFO] 

number id: 148
2026-06-15 02:31:04 [INFO] correct (tool_hit=0)
2026-06-15 02:31:04 [INFO] 

number id: 149
2026-06-15 02:31:20 [INFO] correct (tool_hit=1)
2026-06-15 02:31:20 [INFO] 

number id: 150
2026-06-15 02:32:27 [INFO] error (tool_hit=0)
2026-06-15 02:32:27 [INFO] 

number id: 151
2026-06-15 02:33:03 [INFO] error (tool_hit=0)
2026-06-15 02:33:03 [INFO] 

number id: 152
2026-06-15 02:33:27 [INFO] correct (tool_hit=0)
2026-06-15 02:33:27 [INFO] 

number id: 153
2026-06-15 02:33:46 [INFO] error (tool_hit=0)
2026-06-15 02:33:46 [INFO] 

number id: 154
2026-06-15 02:34:04 [INFO] correct (tool_hit=0)
2026-06-15 02:34:04 [INFO] 

number id: 155
2026-06-15 02:34:51 [INFO] correct (tool_hit=0)
2026-06-15 02:34:51 [INFO] 

number id: 156
2026-06-15 02:35:22 [INFO] correct (tool_hit=0)
2026-06-15 02:35:22 [INFO] 

number id: 157
2026-06-15 02:36:02 [INFO] correct (tool_hit=0)
2026-06-15 02:36:02 [INFO] 

number id: 158
2026-06-15 02:36:50 [INFO] error (tool_hit=0)
2026-06-15 02:36:50 [INFO] 

number id: 159
2026-06-15 02:37:10 [INFO] correct (tool_hit=0)
2026-06-15 02:37:10 [INFO] 

number id: 160
2026-06-15 02:37:34 [INFO] correct (tool_hit=0)
2026-06-15 02:37:34 [INFO] 

number id: 161
2026-06-15 02:37:56 [INFO] error (tool_hit=0)
2026-06-15 02:37:56 [INFO] 

number id: 162
2026-06-15 02:38:31 [INFO] error (tool_hit=0)
2026-06-15 02:38:31 [INFO] 

number id: 163
2026-06-15 02:39:07 [INFO] correct (tool_hit=0)
2026-06-15 02:39:07 [INFO] 

number id: 164
2026-06-15 02:40:05 [INFO] correct (tool_hit=0)
2026-06-15 02:40:05 [INFO] 

number id: 165
2026-06-15 02:42:37 [INFO] correct (tool_hit=0)
2026-06-15 02:42:37 [INFO] 

number id: 166
2026-06-15 02:43:03 [INFO] correct (tool_hit=0)
2026-06-15 02:43:03 [INFO] 

number id: 167
2026-06-15 02:43:18 [INFO] correct (tool_hit=0)
2026-06-15 02:43:18 [INFO] 

number id: 168
2026-06-15 02:43:53 [INFO] error (tool_hit=0)
2026-06-15 02:43:53 [INFO] 

number id: 169
2026-06-15 02:44:19 [INFO] error (tool_hit=0)
2026-06-15 02:44:19 [INFO] 

number id: 170
2026-06-15 02:44:40 [INFO] correct (tool_hit=0)
2026-06-15 02:44:40 [INFO] 

number id: 171
2026-06-15 02:45:11 [INFO] error (tool_hit=0)
2026-06-15 02:45:11 [INFO] 

number id: 172
2026-06-15 02:45:54 [INFO] correct (tool_hit=0)
2026-06-15 02:45:54 [INFO] 

number id: 173
2026-06-15 02:46:15 [INFO] correct (tool_hit=1)
2026-06-15 02:46:15 [INFO] 

number id: 174
2026-06-15 02:46:32 [INFO] correct (tool_hit=0)
2026-06-15 02:46:32 [INFO] 

number id: 175
2026-06-15 02:46:42 [INFO] correct (tool_hit=0)
2026-06-15 02:46:42 [INFO] 

number id: 176
2026-06-15 02:47:15 [INFO] error (tool_hit=1)
2026-06-15 02:47:15 [INFO] 

number id: 177
2026-06-15 02:47:59 [INFO] error (tool_hit=0)
2026-06-15 02:47:59 [INFO] 

number id: 178
2026-06-15 02:48:34 [INFO] error (tool_hit=1)
2026-06-15 02:48:34 [INFO] 

number id: 179
2026-06-15 02:48:47 [INFO] correct (tool_hit=0)
2026-06-15 02:48:47 [INFO] 

number id: 180
2026-06-15 02:51:27 [INFO] error (tool_hit=0)
2026-06-15 02:51:27 [INFO] 

number id: 181
2026-06-15 02:51:42 [INFO] correct (tool_hit=0)
2026-06-15 02:51:42 [INFO] 

number id: 182
2026-06-15 02:52:07 [INFO] error (tool_hit=0)
2026-06-15 02:52:07 [INFO] 

number id: 183
2026-06-15 02:52:40 [INFO] error (tool_hit=0)
2026-06-15 02:52:40 [INFO] 

number id: 184
2026-06-15 02:53:34 [INFO] error (tool_hit=0)
2026-06-15 02:53:34 [INFO] 

number id: 185
2026-06-15 02:54:09 [INFO] error (tool_hit=2)
2026-06-15 02:54:09 [INFO] 

number id: 186
2026-06-15 02:54:36 [INFO] error (tool_hit=0)
2026-06-15 02:54:36 [INFO] 

number id: 187
2026-06-15 02:54:58 [INFO] correct (tool_hit=0)
2026-06-15 02:54:58 [INFO] 

number id: 188
2026-06-15 02:55:15 [INFO] correct (tool_hit=0)
2026-06-15 02:55:15 [INFO] 

number id: 189
2026-06-15 02:56:05 [INFO] correct (tool_hit=0)
2026-06-15 02:56:05 [INFO] 

number id: 190
2026-06-15 02:56:50 [INFO] error (tool_hit=1)
2026-06-15 02:56:50 [INFO] 

number id: 191
2026-06-15 02:57:04 [INFO] error (tool_hit=2)
2026-06-15 02:57:04 [INFO] 

number id: 192
2026-06-15 02:57:19 [INFO] correct (tool_hit=0)
2026-06-15 02:57:19 [INFO] 

number id: 193
2026-06-15 02:57:32 [INFO] correct (tool_hit=0)
2026-06-15 02:57:32 [INFO] 

number id: 194
2026-06-15 02:58:15 [INFO] correct (tool_hit=0)
2026-06-15 02:58:15 [INFO] 

number id: 195
2026-06-15 02:59:24 [INFO] correct (tool_hit=0)
2026-06-15 02:59:24 [INFO] 

number id: 196
2026-06-15 03:00:22 [INFO] correct (tool_hit=0)
2026-06-15 03:00:22 [INFO] 

number id: 197
2026-06-15 03:00:36 [INFO] correct (tool_hit=0)
2026-06-15 03:00:36 [INFO] 

number id: 198
2026-06-15 03:00:54 [INFO] correct (tool_hit=0)
2026-06-15 03:00:54 [INFO] 

number id: 199
2026-06-15 03:01:04 [INFO] correct (tool_hit=0)
2026-06-15 03:01:04 [INFO] 200 solving 运行耗时: 1.0h, 44.0min, 45.232245206832886s
2026-06-15 03:01:04 [INFO] Correct_Q: 112
2026-06-15 03:01:04 [INFO] False_Q: 88
2026-06-15 03:01:04 [INFO] Error_Q: 0
2026-06-15 03:01:04 [INFO] Sum_Q: 200
2026-06-15 03:01:04 [INFO] Acc: 56.00%
2026-06-15 03:01:04 [INFO] Avg_time_per_Q: 31.43s
2026-06-15 03:01:04 [INFO] Total Tokens: 325143; Total Cost: $0.92
2026-06-15 03:01:04 [INFO] Round 1 | no_tool: Acc=110/200, Avg_time=31.97s
2026-06-15 03:01:04 [INFO] Round 1 | with_tool: Acc=112/200, Avg_time=31.43s
