2026-06-15 05:09:16 [INFO] ===== Round 3/4 =====
2026-06-15 05:09:16 [INFO] ===== no_tool =====
2026-06-15 05:09:16 [INFO] 

number id: 0
2026-06-15 05:09:26 [INFO] error (tool_hit=0)
2026-06-15 05:09:26 [INFO] 

number id: 1
2026-06-15 05:09:32 [INFO] correct (tool_hit=0)
2026-06-15 05:09:32 [INFO] 

number id: 2
2026-06-15 05:09:55 [INFO] correct (tool_hit=0)
2026-06-15 05:09:55 [INFO] 

number id: 3
2026-06-15 05:10:06 [INFO] correct (tool_hit=0)
2026-06-15 05:10:06 [INFO] 

number id: 4
2026-06-15 05:10:14 [INFO] correct (tool_hit=0)
2026-06-15 05:10:14 [INFO] 

number id: 5
2026-06-15 05:10:24 [INFO] correct (tool_hit=0)
2026-06-15 05:10:24 [INFO] 

number id: 6
2026-06-15 05:10:38 [INFO] correct (tool_hit=0)
2026-06-15 05:10:38 [INFO] 

number id: 7
2026-06-15 05:10:53 [INFO] error (tool_hit=0)
2026-06-15 05:10:53 [INFO] 

number id: 8
2026-06-15 05:11:26 [INFO] error (tool_hit=0)
2026-06-15 05:11:26 [INFO] 

number id: 9
2026-06-15 05:11:54 [INFO] error (tool_hit=0)
2026-06-15 05:11:54 [INFO] 

number id: 10
2026-06-15 05:12:16 [INFO] correct (tool_hit=0)
2026-06-15 05:12:16 [INFO] 

number id: 11
2026-06-15 05:12:32 [INFO] error (tool_hit=0)
2026-06-15 05:12:32 [INFO] 

number id: 12
2026-06-15 05:12:44 [INFO] correct (tool_hit=0)
2026-06-15 05:12:44 [INFO] 

number id: 13
2026-06-15 05:12:55 [INFO] correct (tool_hit=0)
2026-06-15 05:12:55 [INFO] 

number id: 14
2026-06-15 05:13:20 [INFO] error (tool_hit=0)
2026-06-15 05:13:20 [INFO] 

number id: 15
2026-06-15 05:13:38 [INFO] error (tool_hit=0)
2026-06-15 05:13:38 [INFO] 

number id: 16
2026-06-15 05:13:47 [INFO] correct (tool_hit=0)
2026-06-15 05:13:47 [INFO] 

number id: 17
2026-06-15 05:14:01 [INFO] correct (tool_hit=0)
2026-06-15 05:14:01 [INFO] 

number id: 18
2026-06-15 05:14:16 [INFO] correct (tool_hit=0)
2026-06-15 05:14:16 [INFO] 

number id: 19
2026-06-15 05:14:24 [INFO] correct (tool_hit=0)
2026-06-15 05:14:24 [INFO] 

number id: 20
2026-06-15 05:14:51 [INFO] error (tool_hit=0)
2026-06-15 05:14:51 [INFO] 

number id: 21
2026-06-15 05:15:04 [INFO] error (tool_hit=0)
2026-06-15 05:15:04 [INFO] 

number id: 22
2026-06-15 05:15:11 [INFO] correct (tool_hit=0)
2026-06-15 05:15:11 [INFO] 

number id: 23
2026-06-15 05:15:23 [INFO] correct (tool_hit=0)
2026-06-15 05:15:23 [INFO] 

number id: 24
2026-06-15 05:15:30 [INFO] correct (tool_hit=0)
2026-06-15 05:15:30 [INFO] 

number id: 25
2026-06-15 05:15:35 [INFO] correct (tool_hit=0)
2026-06-15 05:15:35 [INFO] 

number id: 26
2026-06-15 05:15:53 [INFO] correct (tool_hit=0)
2026-06-15 05:15:53 [INFO] 

number id: 27
2026-06-15 05:16:20 [INFO] error (tool_hit=0)
2026-06-15 05:16:20 [INFO] 

number id: 28
2026-06-15 05:16:38 [INFO] correct (tool_hit=0)
2026-06-15 05:16:38 [INFO] 

number id: 29
2026-06-15 05:17:03 [INFO] correct (tool_hit=0)
2026-06-15 05:17:03 [INFO] 

number id: 30
2026-06-15 05:17:22 [INFO] correct (tool_hit=0)
2026-06-15 05:17:22 [INFO] 

number id: 31
2026-06-15 05:17:38 [INFO] correct (tool_hit=0)
2026-06-15 05:17:38 [INFO] 

number id: 32
2026-06-15 05:17:59 [INFO] error (tool_hit=0)
2026-06-15 05:17:59 [INFO] 

number id: 33
2026-06-15 05:18:13 [INFO] error (tool_hit=0)
2026-06-15 05:18:13 [INFO] 

number id: 34
2026-06-15 05:18:26 [INFO] error (tool_hit=0)
2026-06-15 05:18:26 [INFO] 

number id: 35
2026-06-15 05:18:34 [INFO] correct (tool_hit=0)
2026-06-15 05:18:34 [INFO] 

number id: 36
2026-06-15 05:19:04 [INFO] error (tool_hit=0)
2026-06-15 05:19:04 [INFO] 

number id: 37
2026-06-15 05:19:37 [INFO] correct (tool_hit=0)
2026-06-15 05:19:37 [INFO] 

number id: 38
2026-06-15 05:20:00 [INFO] error (tool_hit=0)
2026-06-15 05:20:00 [INFO] 

number id: 39
2026-06-15 05:20:17 [INFO] correct (tool_hit=0)
2026-06-15 05:20:17 [INFO] 

number id: 40
2026-06-15 05:20:32 [INFO] error (tool_hit=0)
2026-06-15 05:20:32 [INFO] 

number id: 41
2026-06-15 05:20:41 [INFO] correct (tool_hit=0)
2026-06-15 05:20:41 [INFO] 

number id: 42
2026-06-15 05:20:48 [INFO] correct (tool_hit=0)
2026-06-15 05:20:48 [INFO] 

number id: 43
2026-06-15 05:21:21 [INFO] error (tool_hit=0)
2026-06-15 05:21:21 [INFO] 

number id: 44
2026-06-15 05:21:35 [INFO] error (tool_hit=0)
2026-06-15 05:21:35 [INFO] 

number id: 45
2026-06-15 05:21:45 [INFO] error (tool_hit=0)
2026-06-15 05:21:45 [INFO] 

number id: 46
2026-06-15 05:22:06 [INFO] error (tool_hit=0)
2026-06-15 05:22:06 [INFO] 

number id: 47
2026-06-15 05:22:20 [INFO] error (tool_hit=0)
2026-06-15 05:22:20 [INFO] 

number id: 48
2026-06-15 05:22:29 [INFO] correct (tool_hit=0)
2026-06-15 05:22:29 [INFO] 

number id: 49
2026-06-15 05:23:34 [INFO] correct (tool_hit=0)
2026-06-15 05:23:34 [INFO] 

number id: 50
2026-06-15 05:23:52 [INFO] error (tool_hit=0)
2026-06-15 05:23:52 [INFO] 

number id: 51
2026-06-15 05:24:04 [INFO] correct (tool_hit=0)
2026-06-15 05:24:04 [INFO] 

number id: 52
2026-06-15 05:24:21 [INFO] error (tool_hit=0)
2026-06-15 05:24:21 [INFO] 

number id: 53
2026-06-15 05:24:26 [INFO] error (tool_hit=0)
2026-06-15 05:24:26 [INFO] 

number id: 54
2026-06-15 05:24:47 [INFO] error (tool_hit=0)
2026-06-15 05:24:47 [INFO] 

number id: 55
2026-06-15 05:24:54 [INFO] correct (tool_hit=0)
2026-06-15 05:24:54 [INFO] 

number id: 56
2026-06-15 05:25:04 [INFO] correct (tool_hit=0)
2026-06-15 05:25:04 [INFO] 

number id: 57
2026-06-15 05:25:15 [INFO] correct (tool_hit=0)
2026-06-15 05:25:15 [INFO] 

number id: 58
2026-06-15 05:25:21 [INFO] correct (tool_hit=0)
2026-06-15 05:25:21 [INFO] 

number id: 59
2026-06-15 05:25:44 [INFO] error (tool_hit=0)
2026-06-15 05:25:44 [INFO] 

number id: 60
2026-06-15 05:25:55 [INFO] correct (tool_hit=0)
2026-06-15 05:25:55 [INFO] 

number id: 61
2026-06-15 05:26:13 [INFO] correct (tool_hit=0)
2026-06-15 05:26:13 [INFO] 

number id: 62
2026-06-15 05:26:47 [INFO] error (tool_hit=0)
2026-06-15 05:26:47 [INFO] 

number id: 63
2026-06-15 05:26:59 [INFO] correct (tool_hit=0)
2026-06-15 05:26:59 [INFO] 

number id: 64
2026-06-15 05:27:11 [INFO] correct (tool_hit=0)
2026-06-15 05:27:11 [INFO] 

number id: 65
2026-06-15 05:27:18 [INFO] error (tool_hit=0)
2026-06-15 05:27:18 [INFO] 

number id: 66
2026-06-15 05:27:43 [INFO] error (tool_hit=0)
2026-06-15 05:27:43 [INFO] 

number id: 67
2026-06-15 05:28:04 [INFO] correct (tool_hit=0)
2026-06-15 05:28:04 [INFO] 

number id: 68
2026-06-15 05:28:39 [INFO] error (tool_hit=0)
2026-06-15 05:28:39 [INFO] 

number id: 69
2026-06-15 05:28:49 [INFO] correct (tool_hit=0)
2026-06-15 05:28:49 [INFO] 

number id: 70
2026-06-15 05:28:59 [INFO] correct (tool_hit=0)
2026-06-15 05:28:59 [INFO] 

number id: 71
2026-06-15 05:29:20 [INFO] correct (tool_hit=0)
2026-06-15 05:29:20 [INFO] 

number id: 72
2026-06-15 05:29:32 [INFO] correct (tool_hit=0)
2026-06-15 05:29:32 [INFO] 

number id: 73
2026-06-15 05:29:48 [INFO] correct (tool_hit=0)
2026-06-15 05:29:48 [INFO] 

number id: 74
2026-06-15 05:29:59 [INFO] error (tool_hit=0)
2026-06-15 05:29:59 [INFO] 

number id: 75
2026-06-15 05:30:11 [INFO] error (tool_hit=0)
2026-06-15 05:30:11 [INFO] 

number id: 76
2026-06-15 05:30:21 [INFO] correct (tool_hit=0)
2026-06-15 05:30:21 [INFO] 

number id: 77
2026-06-15 05:30:34 [INFO] error (tool_hit=0)
2026-06-15 05:30:34 [INFO] 

number id: 78
2026-06-15 05:30:52 [INFO] error (tool_hit=0)
2026-06-15 05:30:52 [INFO] 

number id: 79
2026-06-15 05:31:08 [INFO] error (tool_hit=0)
2026-06-15 05:31:08 [INFO] 

number id: 80
2026-06-15 05:31:23 [INFO] error (tool_hit=0)
2026-06-15 05:31:23 [INFO] 

number id: 81
2026-06-15 05:31:33 [INFO] correct (tool_hit=0)
2026-06-15 05:31:33 [INFO] 

number id: 82
2026-06-15 05:31:58 [INFO] error (tool_hit=0)
2026-06-15 05:31:58 [INFO] 

number id: 83
2026-06-15 05:32:04 [INFO] correct (tool_hit=0)
2026-06-15 05:32:04 [INFO] 

number id: 84
2026-06-15 05:32:15 [INFO] error (tool_hit=0)
2026-06-15 05:32:15 [INFO] 

number id: 85
2026-06-15 05:32:36 [INFO] error (tool_hit=0)
2026-06-15 05:32:36 [INFO] 

number id: 86
2026-06-15 05:32:43 [INFO] error (tool_hit=0)
2026-06-15 05:32:43 [INFO] 

number id: 87
2026-06-15 05:32:52 [INFO] correct (tool_hit=0)
2026-06-15 05:32:52 [INFO] 

number id: 88
2026-06-15 05:33:03 [INFO] error (tool_hit=0)
2026-06-15 05:33:03 [INFO] 

number id: 89
2026-06-15 05:33:19 [INFO] correct (tool_hit=0)
2026-06-15 05:33:19 [INFO] 

number id: 90
2026-06-15 05:33:52 [INFO] correct (tool_hit=0)
2026-06-15 05:33:52 [INFO] 

number id: 91
2026-06-15 05:34:13 [INFO] error (tool_hit=0)
2026-06-15 05:34:13 [INFO] 

number id: 92
2026-06-15 05:34:23 [INFO] correct (tool_hit=0)
2026-06-15 05:34:23 [INFO] 

number id: 93
2026-06-15 05:34:45 [INFO] error (tool_hit=0)
2026-06-15 05:34:45 [INFO] 

number id: 94
2026-06-15 05:34:54 [INFO] correct (tool_hit=0)
2026-06-15 05:34:54 [INFO] 

number id: 95
2026-06-15 05:35:20 [INFO] error (tool_hit=0)
2026-06-15 05:35:20 [INFO] 

number id: 96
2026-06-15 05:35:33 [INFO] correct (tool_hit=0)
2026-06-15 05:35:33 [INFO] 

number id: 97
2026-06-15 05:35:51 [INFO] correct (tool_hit=0)
2026-06-15 05:35:51 [INFO] 

number id: 98
2026-06-15 05:36:11 [INFO] correct (tool_hit=0)
2026-06-15 05:36:11 [INFO] 

number id: 99
2026-06-15 05:36:23 [INFO] correct (tool_hit=0)
2026-06-15 05:36:23 [INFO] 

number id: 100
2026-06-15 05:36:29 [INFO] correct (tool_hit=0)
2026-06-15 05:36:29 [INFO] 

number id: 101
2026-06-15 05:36:40 [INFO] correct (tool_hit=0)
2026-06-15 05:36:40 [INFO] 

number id: 102
2026-06-15 05:36:44 [INFO] correct (tool_hit=0)
2026-06-15 05:36:44 [INFO] 

number id: 103
2026-06-15 05:36:56 [INFO] error (tool_hit=0)
2026-06-15 05:36:56 [INFO] 

number id: 104
2026-06-15 05:37:04 [INFO] error (tool_hit=0)
2026-06-15 05:37:04 [INFO] 

number id: 105
2026-06-15 05:37:12 [INFO] correct (tool_hit=0)
2026-06-15 05:37:12 [INFO] 

number id: 106
2026-06-15 05:37:26 [INFO] error (tool_hit=0)
2026-06-15 05:37:26 [INFO] 

number id: 107
2026-06-15 05:37:52 [INFO] error (tool_hit=0)
2026-06-15 05:37:52 [INFO] 

number id: 108
2026-06-15 05:38:03 [INFO] error (tool_hit=0)
2026-06-15 05:38:03 [INFO] 

number id: 109
2026-06-15 05:38:26 [INFO] error (tool_hit=0)
2026-06-15 05:38:26 [INFO] 

number id: 110
2026-06-15 05:38:34 [INFO] correct (tool_hit=0)
2026-06-15 05:38:34 [INFO] 

number id: 111
2026-06-15 05:38:51 [INFO] error (tool_hit=0)
2026-06-15 05:38:51 [INFO] 

number id: 112
2026-06-15 05:39:01 [INFO] correct (tool_hit=0)
2026-06-15 05:39:01 [INFO] 

number id: 113
2026-06-15 05:39:11 [INFO] error (tool_hit=0)
2026-06-15 05:39:11 [INFO] 

number id: 114
2026-06-15 05:39:16 [INFO] correct (tool_hit=0)
2026-06-15 05:39:16 [INFO] 

number id: 115
2026-06-15 05:39:36 [INFO] correct (tool_hit=0)
2026-06-15 05:39:36 [INFO] 

number id: 116
2026-06-15 05:39:52 [INFO] correct (tool_hit=0)
2026-06-15 05:39:52 [INFO] 

number id: 117
2026-06-15 05:40:17 [INFO] correct (tool_hit=0)
2026-06-15 05:40:17 [INFO] 

number id: 118
2026-06-15 05:40:23 [INFO] error (tool_hit=0)
2026-06-15 05:40:23 [INFO] 

number id: 119
2026-06-15 05:40:48 [INFO] error (tool_hit=0)
2026-06-15 05:40:48 [INFO] 

number id: 120
2026-06-15 05:40:56 [INFO] correct (tool_hit=0)
2026-06-15 05:40:56 [INFO] 

number id: 121
2026-06-15 05:41:13 [INFO] correct (tool_hit=0)
2026-06-15 05:41:13 [INFO] 

number id: 122
2026-06-15 05:41:32 [INFO] correct (tool_hit=0)
2026-06-15 05:41:32 [INFO] 

number id: 123
2026-06-15 05:41:47 [INFO] correct (tool_hit=0)
2026-06-15 05:41:47 [INFO] 

number id: 124
2026-06-15 05:42:17 [INFO] error (tool_hit=0)
2026-06-15 05:42:17 [INFO] 

number id: 125
2026-06-15 05:42:37 [INFO] correct (tool_hit=0)
2026-06-15 05:42:37 [INFO] 

number id: 126
2026-06-15 05:42:42 [INFO] correct (tool_hit=0)
2026-06-15 05:42:42 [INFO] 

number id: 127
2026-06-15 05:43:00 [INFO] correct (tool_hit=0)
2026-06-15 05:43:00 [INFO] 

number id: 128
2026-06-15 05:43:08 [INFO] correct (tool_hit=0)
2026-06-15 05:43:08 [INFO] 

number id: 129
2026-06-15 05:43:28 [INFO] error (tool_hit=0)
2026-06-15 05:43:28 [INFO] 

number id: 130
2026-06-15 05:43:39 [INFO] error (tool_hit=0)
2026-06-15 05:43:39 [INFO] 

number id: 131
2026-06-15 05:43:51 [INFO] error (tool_hit=0)
2026-06-15 05:43:51 [INFO] 

number id: 132
2026-06-15 05:44:00 [INFO] correct (tool_hit=0)
2026-06-15 05:44:00 [INFO] 

number id: 133
2026-06-15 05:44:06 [INFO] error (tool_hit=0)
2026-06-15 05:44:06 [INFO] 

number id: 134
2026-06-15 05:44:20 [INFO] error (tool_hit=0)
2026-06-15 05:44:20 [INFO] 

number id: 135
2026-06-15 05:44:31 [INFO] error (tool_hit=0)
2026-06-15 05:44:31 [INFO] 

number id: 136
2026-06-15 05:44:56 [INFO] correct (tool_hit=0)
2026-06-15 05:44:56 [INFO] 

number id: 137
2026-06-15 05:45:20 [INFO] correct (tool_hit=0)
2026-06-15 05:45:20 [INFO] 

number id: 138
2026-06-15 05:46:29 [INFO] error (tool_hit=0)
2026-06-15 05:46:29 [INFO] 

number id: 139
2026-06-15 05:46:59 [INFO] correct (tool_hit=0)
2026-06-15 05:46:59 [INFO] 

number id: 140
2026-06-15 05:47:15 [INFO] correct (tool_hit=0)
2026-06-15 05:47:15 [INFO] 

number id: 141
2026-06-15 05:47:43 [INFO] correct (tool_hit=0)
2026-06-15 05:47:43 [INFO] 

number id: 142
2026-06-15 05:47:56 [INFO] error (tool_hit=0)
2026-06-15 05:47:56 [INFO] 

number id: 143
2026-06-15 05:48:25 [INFO] correct (tool_hit=0)
2026-06-15 05:48:25 [INFO] 

number id: 144
2026-06-15 05:48:39 [INFO] correct (tool_hit=0)
2026-06-15 05:48:39 [INFO] 

number id: 145
2026-06-15 05:48:44 [INFO] correct (tool_hit=0)
2026-06-15 05:48:44 [INFO] 

number id: 146
2026-06-15 05:48:52 [INFO] correct (tool_hit=0)
2026-06-15 05:48:52 [INFO] 

number id: 147
2026-06-15 05:50:02 [INFO] error (tool_hit=0)
2026-06-15 05:50:02 [INFO] 

number id: 148
2026-06-15 05:50:07 [INFO] correct (tool_hit=0)
2026-06-15 05:50:07 [INFO] 

number id: 149
2026-06-15 05:50:20 [INFO] correct (tool_hit=0)
2026-06-15 05:50:20 [INFO] 

number id: 150
2026-06-15 05:51:04 [INFO] error (tool_hit=0)
2026-06-15 05:51:04 [INFO] 

number id: 151
2026-06-15 05:51:38 [INFO] error (tool_hit=0)
2026-06-15 05:51:38 [INFO] 

number id: 152
2026-06-15 05:51:47 [INFO] correct (tool_hit=0)
2026-06-15 05:51:47 [INFO] 

number id: 153
2026-06-15 05:52:01 [INFO] error (tool_hit=0)
2026-06-15 05:52:01 [INFO] 

number id: 154
2026-06-15 05:52:10 [INFO] correct (tool_hit=0)
2026-06-15 05:52:10 [INFO] 

number id: 155
2026-06-15 05:52:29 [INFO] error (tool_hit=0)
2026-06-15 05:52:29 [INFO] 

number id: 156
2026-06-15 05:52:45 [INFO] error (tool_hit=0)
2026-06-15 05:52:45 [INFO] 

number id: 157
2026-06-15 05:52:57 [INFO] error (tool_hit=0)
2026-06-15 05:52:57 [INFO] 

number id: 158
2026-06-15 05:53:16 [INFO] correct (tool_hit=0)
2026-06-15 05:53:16 [INFO] 

number id: 159
2026-06-15 05:53:23 [INFO] correct (tool_hit=0)
2026-06-15 05:53:23 [INFO] 

number id: 160
2026-06-15 05:53:37 [INFO] correct (tool_hit=0)
2026-06-15 05:53:37 [INFO] 

number id: 161
2026-06-15 05:53:48 [INFO] error (tool_hit=0)
2026-06-15 05:53:48 [INFO] 

number id: 162
2026-06-15 05:53:56 [INFO] error (tool_hit=0)
2026-06-15 05:53:56 [INFO] 

number id: 163
2026-06-15 05:54:09 [INFO] error (tool_hit=0)
2026-06-15 05:54:09 [INFO] 

number id: 164
2026-06-15 05:54:28 [INFO] correct (tool_hit=0)
2026-06-15 05:54:28 [INFO] 

number id: 165
2026-06-15 05:55:37 [INFO] correct (tool_hit=0)
2026-06-15 05:55:37 [INFO] 

number id: 166
2026-06-15 05:55:48 [INFO] correct (tool_hit=0)
2026-06-15 05:55:48 [INFO] 

number id: 167
2026-06-15 05:55:57 [INFO] correct (tool_hit=0)
2026-06-15 05:55:57 [INFO] 

number id: 168
2026-06-15 05:56:16 [INFO] error (tool_hit=0)
2026-06-15 05:56:16 [INFO] 

number id: 169
2026-06-15 05:56:28 [INFO] error (tool_hit=0)
2026-06-15 05:56:28 [INFO] 

number id: 170
2026-06-15 05:56:39 [INFO] error (tool_hit=0)
2026-06-15 05:56:39 [INFO] 

number id: 171
2026-06-15 05:56:58 [INFO] error (tool_hit=0)
2026-06-15 05:56:58 [INFO] 

number id: 172
2026-06-15 05:57:16 [INFO] error (tool_hit=0)
2026-06-15 05:57:16 [INFO] 

number id: 173
2026-06-15 05:57:30 [INFO] correct (tool_hit=0)
2026-06-15 05:57:30 [INFO] 

number id: 174
2026-06-15 05:57:44 [INFO] correct (tool_hit=0)
2026-06-15 05:57:44 [INFO] 

number id: 175
2026-06-15 05:57:50 [INFO] correct (tool_hit=0)
2026-06-15 05:57:50 [INFO] 

number id: 176
2026-06-15 05:58:06 [INFO] error (tool_hit=0)
2026-06-15 05:58:06 [INFO] 

number id: 177
2026-06-15 05:58:24 [INFO] correct (tool_hit=0)
2026-06-15 05:58:24 [INFO] 

number id: 178
2026-06-15 05:58:36 [INFO] error (tool_hit=0)
2026-06-15 05:58:36 [INFO] 

number id: 179
2026-06-15 05:58:45 [INFO] error (tool_hit=0)
2026-06-15 05:58:45 [INFO] 

number id: 180
2026-06-15 06:00:03 [INFO] error (tool_hit=0)
2026-06-15 06:00:03 [INFO] 

number id: 181
2026-06-15 06:00:10 [INFO] correct (tool_hit=0)
2026-06-15 06:00:10 [INFO] 

number id: 182
2026-06-15 06:00:24 [INFO] correct (tool_hit=0)
2026-06-15 06:00:24 [INFO] 

number id: 183
2026-06-15 06:00:37 [INFO] error (tool_hit=0)
2026-06-15 06:00:37 [INFO] 

number id: 184
2026-06-15 06:01:15 [INFO] error (tool_hit=0)
2026-06-15 06:01:15 [INFO] 

number id: 185
2026-06-15 06:01:43 [INFO] error (tool_hit=0)
2026-06-15 06:01:43 [INFO] 

number id: 186
2026-06-15 06:01:56 [INFO] error (tool_hit=0)
2026-06-15 06:01:56 [INFO] 

number id: 187
2026-06-15 06:02:07 [INFO] error (tool_hit=0)
2026-06-15 06:02:07 [INFO] 

number id: 188
2026-06-15 06:02:22 [INFO] error (tool_hit=0)
2026-06-15 06:02:22 [INFO] 

number id: 189
2026-06-15 06:02:47 [INFO] correct (tool_hit=0)
2026-06-15 06:02:47 [INFO] 

number id: 190
2026-06-15 06:03:08 [INFO] error (tool_hit=0)
2026-06-15 06:03:08 [INFO] 

number id: 191
2026-06-15 06:03:18 [INFO] error (tool_hit=0)
2026-06-15 06:03:18 [INFO] 

number id: 192
2026-06-15 06:03:27 [INFO] correct (tool_hit=0)
2026-06-15 06:03:27 [INFO] 

number id: 193
2026-06-15 06:03:38 [INFO] correct (tool_hit=0)
2026-06-15 06:03:38 [INFO] 

number id: 194
2026-06-15 06:03:56 [INFO] correct (tool_hit=0)
2026-06-15 06:03:56 [INFO] 

number id: 195
2026-06-15 06:04:21 [INFO] correct (tool_hit=0)
2026-06-15 06:04:21 [INFO] 

number id: 196
2026-06-15 06:04:47 [INFO] error (tool_hit=0)
2026-06-15 06:04:47 [INFO] 

number id: 197
2026-06-15 06:04:58 [INFO] error (tool_hit=0)
2026-06-15 06:04:58 [INFO] 

number id: 198
2026-06-15 06:05:07 [INFO] error (tool_hit=0)
2026-06-15 06:05:07 [INFO] 

number id: 199
2026-06-15 06:05:14 [INFO] correct (tool_hit=0)
2026-06-15 06:05:14 [INFO] 200 solving 运行耗时: 0.0h, 55.0min, 58.344855308532715s
2026-06-15 06:05:14 [INFO] Correct_Q: 107
2026-06-15 06:05:14 [INFO] False_Q: 93
2026-06-15 06:05:14 [INFO] Error_Q: 0
2026-06-15 06:05:14 [INFO] Sum_Q: 200
2026-06-15 06:05:14 [INFO] Acc: 53.50%
2026-06-15 06:05:14 [INFO] Avg_time_per_Q: 16.79s
2026-06-15 06:05:14 [INFO] Total Tokens: 329577; Total Cost: $0.94
2026-06-15 06:05:14 [INFO] ===== with_tool =====
2026-06-15 06:05:14 [INFO] 

number id: 0
2026-06-15 06:05:24 [INFO] error (tool_hit=1)
2026-06-15 06:05:24 [INFO] 

number id: 1
2026-06-15 06:05:27 [INFO] correct (tool_hit=3)
2026-06-15 06:05:27 [INFO] 

number id: 2
2026-06-15 06:05:52 [INFO] correct (tool_hit=0)
2026-06-15 06:05:52 [INFO] 

number id: 3
2026-06-15 06:06:11 [INFO] error (tool_hit=1)
2026-06-15 06:06:11 [INFO] 

number id: 4
2026-06-15 06:06:21 [INFO] correct (tool_hit=0)
2026-06-15 06:06:21 [INFO] 

number id: 5
2026-06-15 06:06:30 [INFO] error (tool_hit=0)
2026-06-15 06:06:30 [INFO] 

number id: 6
2026-06-15 06:06:43 [INFO] correct (tool_hit=0)
2026-06-15 06:06:43 [INFO] 

number id: 7
2026-06-15 06:06:55 [INFO] correct (tool_hit=0)
2026-06-15 06:06:55 [INFO] 

number id: 8
2026-06-15 06:07:26 [INFO] error (tool_hit=0)
2026-06-15 06:07:26 [INFO] 

number id: 9
2026-06-15 06:07:49 [INFO] error (tool_hit=0)
2026-06-15 06:07:49 [INFO] 

number id: 10
2026-06-15 06:08:14 [INFO] error (tool_hit=0)
2026-06-15 06:08:14 [INFO] 

number id: 11
2026-06-15 06:08:31 [INFO] error (tool_hit=0)
2026-06-15 06:08:31 [INFO] 

number id: 12
2026-06-15 06:08:43 [INFO] correct (tool_hit=0)
2026-06-15 06:08:43 [INFO] 

number id: 13
2026-06-15 06:08:54 [INFO] correct (tool_hit=1)
2026-06-15 06:08:54 [INFO] 

number id: 14
2026-06-15 06:09:34 [INFO] error (tool_hit=1)
2026-06-15 06:09:34 [INFO] 

number id: 15
2026-06-15 06:09:46 [INFO] correct (tool_hit=0)
2026-06-15 06:09:46 [INFO] 

number id: 16
2026-06-15 06:09:57 [INFO] correct (tool_hit=0)
2026-06-15 06:09:57 [INFO] 

number id: 17
2026-06-15 06:10:12 [INFO] correct (tool_hit=0)
2026-06-15 06:10:12 [INFO] 

number id: 18
2026-06-15 06:10:30 [INFO] error (tool_hit=0)
2026-06-15 06:10:30 [INFO] 

number id: 19
2026-06-15 06:10:37 [INFO] correct (tool_hit=0)
2026-06-15 06:10:37 [INFO] 

number id: 20
2026-06-15 06:11:04 [INFO] error (tool_hit=0)
2026-06-15 06:11:04 [INFO] 

number id: 21
2026-06-15 06:11:23 [INFO] correct (tool_hit=0)
2026-06-15 06:11:23 [INFO] 

number id: 22
2026-06-15 06:11:32 [INFO] correct (tool_hit=1)
2026-06-15 06:11:32 [INFO] 

number id: 23
2026-06-15 06:11:42 [INFO] correct (tool_hit=0)
2026-06-15 06:11:42 [INFO] 

number id: 24
2026-06-15 06:11:47 [INFO] error (tool_hit=0)
2026-06-15 06:11:47 [INFO] 

number id: 25
2026-06-15 06:11:55 [INFO] error (tool_hit=0)
2026-06-15 06:11:55 [INFO] 

number id: 26
2026-06-15 06:12:08 [INFO] error (tool_hit=1)
2026-06-15 06:12:08 [INFO] 

number id: 27
2026-06-15 06:12:32 [INFO] error (tool_hit=0)
2026-06-15 06:12:32 [INFO] 

number id: 28
2026-06-15 06:12:45 [INFO] correct (tool_hit=0)
2026-06-15 06:12:45 [INFO] 

number id: 29
2026-06-15 06:13:04 [INFO] correct (tool_hit=0)
2026-06-15 06:13:04 [INFO] 

number id: 30
2026-06-15 06:13:14 [INFO] correct (tool_hit=0)
2026-06-15 06:13:14 [INFO] 

number id: 31
2026-06-15 06:13:38 [INFO] correct (tool_hit=0)
2026-06-15 06:13:38 [INFO] 

number id: 32
2026-06-15 06:14:09 [INFO] error (tool_hit=0)
2026-06-15 06:14:09 [INFO] 

number id: 33
2026-06-15 06:14:28 [INFO] error (tool_hit=0)
2026-06-15 06:14:28 [INFO] 

number id: 34
2026-06-15 06:14:45 [INFO] error (tool_hit=0)
2026-06-15 06:14:45 [INFO] 

number id: 35
2026-06-15 06:14:56 [INFO] correct (tool_hit=0)
2026-06-15 06:14:56 [INFO] 

number id: 36
2026-06-15 06:15:27 [INFO] correct (tool_hit=1)
2026-06-15 06:15:27 [INFO] 

number id: 37
2026-06-15 06:15:54 [INFO] correct (tool_hit=0)
2026-06-15 06:15:54 [INFO] 

number id: 38
2026-06-15 06:16:11 [INFO] error (tool_hit=0)
2026-06-15 06:16:11 [INFO] 

number id: 39
2026-06-15 06:16:27 [INFO] correct (tool_hit=0)
2026-06-15 06:16:27 [INFO] 

number id: 40
2026-06-15 06:16:35 [INFO] correct (tool_hit=0)
2026-06-15 06:16:35 [INFO] 

number id: 41
2026-06-15 06:16:47 [INFO] correct (tool_hit=0)
2026-06-15 06:16:47 [INFO] 

number id: 42
2026-06-15 06:16:54 [INFO] error (tool_hit=0)
2026-06-15 06:16:54 [INFO] 

number id: 43
2026-06-15 06:17:25 [INFO] correct (tool_hit=0)
2026-06-15 06:17:25 [INFO] 

number id: 44
2026-06-15 06:17:34 [INFO] correct (tool_hit=2)
2026-06-15 06:17:34 [INFO] 

number id: 45
2026-06-15 06:17:44 [INFO] error (tool_hit=0)
2026-06-15 06:17:44 [INFO] 

number id: 46
2026-06-15 06:18:04 [INFO] error (tool_hit=0)
2026-06-15 06:18:04 [INFO] 

number id: 47
2026-06-15 06:18:15 [INFO] correct (tool_hit=0)
2026-06-15 06:18:15 [INFO] 

number id: 48
2026-06-15 06:18:22 [INFO] error (tool_hit=0)
2026-06-15 06:18:22 [INFO] 

number id: 49
2026-06-15 06:19:14 [INFO] correct (tool_hit=0)
2026-06-15 06:19:14 [INFO] 

number id: 50
2026-06-15 06:19:37 [INFO] error (tool_hit=0)
2026-06-15 06:19:37 [INFO] 

number id: 51
2026-06-15 06:19:47 [INFO] correct (tool_hit=0)
2026-06-15 06:19:47 [INFO] 

number id: 52
2026-06-15 06:20:03 [INFO] error (tool_hit=0)
2026-06-15 06:20:03 [INFO] 

number id: 53
2026-06-15 06:20:08 [INFO] error (tool_hit=0)
2026-06-15 06:20:08 [INFO] 

number id: 54
2026-06-15 06:20:26 [INFO] correct (tool_hit=0)
2026-06-15 06:20:26 [INFO] 

number id: 55
2026-06-15 06:20:32 [INFO] correct (tool_hit=0)
2026-06-15 06:20:32 [INFO] 

number id: 56
2026-06-15 06:20:41 [INFO] correct (tool_hit=0)
2026-06-15 06:20:41 [INFO] 

number id: 57
2026-06-15 06:20:52 [INFO] correct (tool_hit=0)
2026-06-15 06:20:52 [INFO] 

number id: 58
2026-06-15 06:21:04 [INFO] correct (tool_hit=0)
2026-06-15 06:21:04 [INFO] 

number id: 59
2026-06-15 06:21:23 [INFO] correct (tool_hit=1)
2026-06-15 06:21:23 [INFO] 

number id: 60
2026-06-15 06:21:35 [INFO] correct (tool_hit=0)
2026-06-15 06:21:35 [INFO] 

number id: 61
2026-06-15 06:21:55 [INFO] error (tool_hit=0)
2026-06-15 06:21:55 [INFO] 

number id: 62
2026-06-15 06:22:22 [INFO] error (tool_hit=0)
2026-06-15 06:22:22 [INFO] 

number id: 63
2026-06-15 06:22:35 [INFO] error (tool_hit=0)
2026-06-15 06:22:35 [INFO] 

number id: 64
2026-06-15 06:22:44 [INFO] error (tool_hit=0)
2026-06-15 06:22:44 [INFO] 

number id: 65
2026-06-15 06:23:01 [INFO] correct (tool_hit=0)
2026-06-15 06:23:01 [INFO] 

number id: 66
2026-06-15 06:23:23 [INFO] error (tool_hit=0)
2026-06-15 06:23:23 [INFO] 

number id: 67
2026-06-15 06:23:54 [INFO] correct (tool_hit=0)
2026-06-15 06:23:54 [INFO] 

number id: 68
2026-06-15 06:24:21 [INFO] correct (tool_hit=1)
2026-06-15 06:24:21 [INFO] 

number id: 69
2026-06-15 06:24:31 [INFO] correct (tool_hit=0)
2026-06-15 06:24:31 [INFO] 

number id: 70
2026-06-15 06:24:37 [INFO] correct (tool_hit=2)
2026-06-15 06:24:37 [INFO] 

number id: 71
2026-06-15 06:24:58 [INFO] error (tool_hit=0)
2026-06-15 06:24:58 [INFO] 

number id: 72
2026-06-15 06:25:08 [INFO] correct (tool_hit=0)
2026-06-15 06:25:08 [INFO] 

number id: 73
2026-06-15 06:25:20 [INFO] error (tool_hit=0)
2026-06-15 06:25:20 [INFO] 

number id: 74
2026-06-15 06:25:31 [INFO] correct (tool_hit=0)
2026-06-15 06:25:31 [INFO] 

number id: 75
2026-06-15 06:25:44 [INFO] error (tool_hit=0)
2026-06-15 06:25:44 [INFO] 

number id: 76
2026-06-15 06:25:53 [INFO] error (tool_hit=0)
2026-06-15 06:25:53 [INFO] 

number id: 77
2026-06-15 06:26:09 [INFO] error (tool_hit=0)
2026-06-15 06:26:09 [INFO] 

number id: 78
2026-06-15 06:26:23 [INFO] error (tool_hit=0)
2026-06-15 06:26:23 [INFO] 

number id: 79
2026-06-15 06:26:45 [INFO] correct (tool_hit=0)
2026-06-15 06:26:45 [INFO] 

number id: 80
2026-06-15 06:26:58 [INFO] error (tool_hit=0)
2026-06-15 06:26:58 [INFO] 

number id: 81
2026-06-15 06:27:09 [INFO] correct (tool_hit=0)
2026-06-15 06:27:09 [INFO] 

number id: 82
2026-06-15 06:27:31 [INFO] error (tool_hit=0)
2026-06-15 06:27:31 [INFO] 

number id: 83
2026-06-15 06:27:39 [INFO] correct (tool_hit=0)
2026-06-15 06:27:39 [INFO] 

number id: 84
2026-06-15 06:27:48 [INFO] error (tool_hit=0)
2026-06-15 06:27:48 [INFO] 

number id: 85
2026-06-15 06:28:01 [INFO] error (tool_hit=0)
2026-06-15 06:28:01 [INFO] 

number id: 86
2026-06-15 06:28:11 [INFO] correct (tool_hit=0)
2026-06-15 06:28:11 [INFO] 

number id: 87
2026-06-15 06:28:18 [INFO] error (tool_hit=1)
2026-06-15 06:28:18 [INFO] 

number id: 88
2026-06-15 06:28:25 [INFO] error (tool_hit=0)
2026-06-15 06:28:25 [INFO] 

number id: 89
2026-06-15 06:28:39 [INFO] correct (tool_hit=0)
2026-06-15 06:28:39 [INFO] 

number id: 90
2026-06-15 06:29:14 [INFO] correct (tool_hit=0)
2026-06-15 06:29:14 [INFO] 

number id: 91
2026-06-15 06:29:41 [INFO] error (tool_hit=0)
2026-06-15 06:29:41 [INFO] 

number id: 92
2026-06-15 06:29:49 [INFO] correct (tool_hit=0)
2026-06-15 06:29:49 [INFO] 

number id: 93
2026-06-15 06:30:08 [INFO] error (tool_hit=0)
2026-06-15 06:30:08 [INFO] 

number id: 94
2026-06-15 06:30:17 [INFO] correct (tool_hit=0)
2026-06-15 06:30:17 [INFO] 

number id: 95
2026-06-15 06:30:47 [INFO] error (tool_hit=0)
2026-06-15 06:30:47 [INFO] 

number id: 96
2026-06-15 06:30:58 [INFO] correct (tool_hit=0)
2026-06-15 06:30:58 [INFO] 

number id: 97
2026-06-15 06:31:18 [INFO] error (tool_hit=0)
2026-06-15 06:31:18 [INFO] 

number id: 98
2026-06-15 06:31:31 [INFO] error (tool_hit=0)
2026-06-15 06:31:31 [INFO] 

number id: 99
2026-06-15 06:31:42 [INFO] correct (tool_hit=0)
2026-06-15 06:31:42 [INFO] 

number id: 100
2026-06-15 06:31:49 [INFO] correct (tool_hit=2)
2026-06-15 06:31:49 [INFO] 

number id: 101
2026-06-15 06:31:58 [INFO] error (tool_hit=0)
2026-06-15 06:31:58 [INFO] 

number id: 102
2026-06-15 06:32:01 [INFO] correct (tool_hit=1)
2026-06-15 06:32:01 [INFO] 

number id: 103
2026-06-15 06:32:14 [INFO] error (tool_hit=0)
2026-06-15 06:32:14 [INFO] 

number id: 104
2026-06-15 06:32:28 [INFO] error (tool_hit=0)
2026-06-15 06:32:28 [INFO] 

number id: 105
2026-06-15 06:32:37 [INFO] error (tool_hit=0)
2026-06-15 06:32:37 [INFO] 

number id: 106
2026-06-15 06:32:49 [INFO] error (tool_hit=0)
2026-06-15 06:32:49 [INFO] 

number id: 107
2026-06-15 06:33:14 [INFO] error (tool_hit=0)
2026-06-15 06:33:14 [INFO] 

number id: 108
2026-06-15 06:33:25 [INFO] error (tool_hit=0)
2026-06-15 06:33:25 [INFO] 

number id: 109
2026-06-15 06:33:48 [INFO] error (tool_hit=0)
2026-06-15 06:33:48 [INFO] 

number id: 110
2026-06-15 06:33:56 [INFO] correct (tool_hit=0)
2026-06-15 06:33:56 [INFO] 

number id: 111
2026-06-15 06:34:09 [INFO] error (tool_hit=0)
2026-06-15 06:34:09 [INFO] 

number id: 112
2026-06-15 06:34:19 [INFO] error (tool_hit=1)
2026-06-15 06:34:19 [INFO] 

number id: 113
2026-06-15 06:34:28 [INFO] correct (tool_hit=0)
2026-06-15 06:34:28 [INFO] 

number id: 114
2026-06-15 06:34:33 [INFO] correct (tool_hit=1)
2026-06-15 06:34:33 [INFO] 

number id: 115
2026-06-15 06:34:52 [INFO] error (tool_hit=1)
2026-06-15 06:34:52 [INFO] 

number id: 116
2026-06-15 06:35:02 [INFO] correct (tool_hit=3)
2026-06-15 06:35:02 [INFO] 

number id: 117
2026-06-15 06:35:14 [INFO] correct (tool_hit=1)
2026-06-15 06:35:14 [INFO] 

number id: 118
2026-06-15 06:35:20 [INFO] correct (tool_hit=1)
2026-06-15 06:35:20 [INFO] 

number id: 119
2026-06-15 06:35:43 [INFO] error (tool_hit=0)
2026-06-15 06:35:43 [INFO] 

number id: 120
2026-06-15 06:35:52 [INFO] correct (tool_hit=0)
2026-06-15 06:35:52 [INFO] 

number id: 121
2026-06-15 06:36:10 [INFO] error (tool_hit=0)
2026-06-15 06:36:10 [INFO] 

number id: 122
2026-06-15 06:36:26 [INFO] error (tool_hit=0)
2026-06-15 06:36:26 [INFO] 

number id: 123
2026-06-15 06:36:39 [INFO] error (tool_hit=0)
2026-06-15 06:36:39 [INFO] 

number id: 124
2026-06-15 06:37:04 [INFO] error (tool_hit=0)
2026-06-15 06:37:04 [INFO] 

number id: 125
2026-06-15 06:37:21 [INFO] error (tool_hit=0)
2026-06-15 06:37:21 [INFO] 

number id: 126
2026-06-15 06:37:25 [INFO] correct (tool_hit=2)
2026-06-15 06:37:25 [INFO] 

number id: 127
2026-06-15 06:37:39 [INFO] correct (tool_hit=0)
2026-06-15 06:37:39 [INFO] 

number id: 128
2026-06-15 06:37:47 [INFO] error (tool_hit=0)
2026-06-15 06:37:47 [INFO] 

number id: 129
2026-06-15 06:38:09 [INFO] error (tool_hit=0)
2026-06-15 06:38:09 [INFO] 

number id: 130
2026-06-15 06:38:20 [INFO] correct (tool_hit=1)
2026-06-15 06:38:20 [INFO] 

number id: 131
2026-06-15 06:38:30 [INFO] correct (tool_hit=1)
2026-06-15 06:38:30 [INFO] 

number id: 132
2026-06-15 06:38:42 [INFO] error (tool_hit=0)
2026-06-15 06:38:42 [INFO] 

number id: 133
2026-06-15 06:38:49 [INFO] error (tool_hit=0)
2026-06-15 06:38:49 [INFO] 

number id: 134
2026-06-15 06:39:06 [INFO] correct (tool_hit=0)
2026-06-15 06:39:06 [INFO] 

number id: 135
2026-06-15 06:39:16 [INFO] error (tool_hit=0)
2026-06-15 06:39:16 [INFO] 

number id: 136
2026-06-15 06:39:38 [INFO] error (tool_hit=0)
2026-06-15 06:39:38 [INFO] 

number id: 137
2026-06-15 06:39:59 [INFO] error (tool_hit=1)
2026-06-15 06:39:59 [INFO] 

number id: 138
2026-06-15 06:40:59 [INFO] error (tool_hit=0)
2026-06-15 06:40:59 [INFO] 

number id: 139
2026-06-15 06:41:16 [INFO] error (tool_hit=0)
2026-06-15 06:41:16 [INFO] 

number id: 140
2026-06-15 06:41:39 [INFO] correct (tool_hit=1)
2026-06-15 06:41:39 [INFO] 

number id: 141
2026-06-15 06:42:01 [INFO] correct (tool_hit=0)
2026-06-15 06:42:01 [INFO] 

number id: 142
2026-06-15 06:42:15 [INFO] correct (tool_hit=0)
2026-06-15 06:42:15 [INFO] 

number id: 143
2026-06-15 06:42:35 [INFO] error (tool_hit=0)
2026-06-15 06:42:35 [INFO] 

number id: 144
2026-06-15 06:42:49 [INFO] correct (tool_hit=1)
2026-06-15 06:42:49 [INFO] 

number id: 145
2026-06-15 06:42:56 [INFO] correct (tool_hit=0)
2026-06-15 06:42:56 [INFO] 

number id: 146
2026-06-15 06:43:04 [INFO] correct (tool_hit=0)
2026-06-15 06:43:04 [INFO] 

number id: 147
2026-06-15 06:44:12 [INFO] error (tool_hit=2)
2026-06-15 06:44:12 [INFO] 

number id: 148
2026-06-15 06:44:17 [INFO] correct (tool_hit=0)
2026-06-15 06:44:17 [INFO] 

number id: 149
2026-06-15 06:44:23 [INFO] correct (tool_hit=1)
2026-06-15 06:44:23 [INFO] 

number id: 150
2026-06-15 06:44:58 [INFO] error (tool_hit=0)
2026-06-15 06:44:58 [INFO] 

number id: 151
2026-06-15 06:45:21 [INFO] error (tool_hit=0)
2026-06-15 06:45:21 [INFO] 

number id: 152
2026-06-15 06:45:34 [INFO] correct (tool_hit=0)
2026-06-15 06:45:34 [INFO] 

number id: 153
2026-06-15 06:45:52 [INFO] error (tool_hit=0)
2026-06-15 06:45:52 [INFO] 

number id: 154
2026-06-15 06:45:58 [INFO] correct (tool_hit=0)
2026-06-15 06:45:58 [INFO] 

number id: 155
2026-06-15 06:46:23 [INFO] error (tool_hit=0)
2026-06-15 06:46:23 [INFO] 

number id: 156
2026-06-15 06:46:41 [INFO] error (tool_hit=0)
2026-06-15 06:46:41 [INFO] 

number id: 157
2026-06-15 06:46:52 [INFO] error (tool_hit=0)
2026-06-15 06:46:52 [INFO] 

number id: 158
2026-06-15 06:47:15 [INFO] correct (tool_hit=0)
2026-06-15 06:47:15 [INFO] 

number id: 159
2026-06-15 06:47:24 [INFO] correct (tool_hit=0)
2026-06-15 06:47:24 [INFO] 

number id: 160
2026-06-15 06:47:36 [INFO] correct (tool_hit=0)
2026-06-15 06:47:36 [INFO] 

number id: 161
2026-06-15 06:47:47 [INFO] error (tool_hit=0)
2026-06-15 06:47:47 [INFO] 

number id: 162
2026-06-15 06:47:56 [INFO] error (tool_hit=0)
2026-06-15 06:47:56 [INFO] 

number id: 163
2026-06-15 06:48:18 [INFO] error (tool_hit=0)
2026-06-15 06:48:18 [INFO] 

number id: 164
2026-06-15 06:48:50 [INFO] error (tool_hit=0)
2026-06-15 06:48:50 [INFO] 

number id: 165
2026-06-15 06:49:39 [INFO] error (tool_hit=0)
2026-06-15 06:49:39 [INFO] 

number id: 166
2026-06-15 06:49:55 [INFO] correct (tool_hit=0)
2026-06-15 06:49:55 [INFO] 

number id: 167
2026-06-15 06:50:04 [INFO] correct (tool_hit=0)
2026-06-15 06:50:04 [INFO] 

number id: 168
2026-06-15 06:50:30 [INFO] error (tool_hit=0)
2026-06-15 06:50:30 [INFO] 

number id: 169
2026-06-15 06:50:41 [INFO] error (tool_hit=0)
2026-06-15 06:50:41 [INFO] 

number id: 170
2026-06-15 06:50:50 [INFO] error (tool_hit=0)
2026-06-15 06:50:50 [INFO] 

number id: 171
2026-06-15 06:51:03 [INFO] error (tool_hit=0)
2026-06-15 06:51:03 [INFO] 

number id: 172
2026-06-15 06:51:19 [INFO] error (tool_hit=0)
2026-06-15 06:51:19 [INFO] 

number id: 173
2026-06-15 06:51:27 [INFO] correct (tool_hit=1)
2026-06-15 06:51:27 [INFO] 

number id: 174
2026-06-15 06:51:38 [INFO] correct (tool_hit=0)
2026-06-15 06:51:38 [INFO] 

number id: 175
2026-06-15 06:51:46 [INFO] correct (tool_hit=0)
2026-06-15 06:51:46 [INFO] 

number id: 176
2026-06-15 06:52:02 [INFO] correct (tool_hit=1)
2026-06-15 06:52:02 [INFO] 

number id: 177
2026-06-15 06:52:17 [INFO] error (tool_hit=0)
2026-06-15 06:52:17 [INFO] 

number id: 178
2026-06-15 06:52:36 [INFO] error (tool_hit=1)
2026-06-15 06:52:36 [INFO] 

number id: 179
2026-06-15 06:52:45 [INFO] correct (tool_hit=0)
2026-06-15 06:52:45 [INFO] 

number id: 180
2026-06-15 06:54:02 [INFO] error (tool_hit=0)
2026-06-15 06:54:02 [INFO] 

number id: 181
2026-06-15 06:54:14 [INFO] correct (tool_hit=0)
2026-06-15 06:54:14 [INFO] 

number id: 182
2026-06-15 06:54:28 [INFO] error (tool_hit=0)
2026-06-15 06:54:28 [INFO] 

number id: 183
2026-06-15 06:54:47 [INFO] error (tool_hit=0)
2026-06-15 06:54:47 [INFO] 

number id: 184
2026-06-15 06:55:22 [INFO] error (tool_hit=0)
2026-06-15 06:55:22 [INFO] 

number id: 185
2026-06-15 06:55:36 [INFO] error (tool_hit=2)
2026-06-15 06:55:36 [INFO] 

number id: 186
2026-06-15 06:55:50 [INFO] error (tool_hit=0)
2026-06-15 06:55:50 [INFO] 

number id: 187
2026-06-15 06:56:05 [INFO] error (tool_hit=0)
2026-06-15 06:56:05 [INFO] 

number id: 188
2026-06-15 06:56:16 [INFO] error (tool_hit=0)
2026-06-15 06:56:16 [INFO] 

number id: 189
2026-06-15 06:56:44 [INFO] correct (tool_hit=0)
2026-06-15 06:56:44 [INFO] 

number id: 190
2026-06-15 06:57:06 [INFO] error (tool_hit=1)
2026-06-15 06:57:06 [INFO] 

number id: 191
2026-06-15 06:57:16 [INFO] correct (tool_hit=2)
2026-06-15 06:57:16 [INFO] 

number id: 192
2026-06-15 06:57:24 [INFO] error (tool_hit=0)
2026-06-15 06:57:24 [INFO] 

number id: 193
2026-06-15 06:57:32 [INFO] correct (tool_hit=0)
2026-06-15 06:57:32 [INFO] 

number id: 194
2026-06-15 06:57:52 [INFO] error (tool_hit=0)
2026-06-15 06:57:52 [INFO] 

number id: 195
2026-06-15 06:58:17 [INFO] error (tool_hit=0)
2026-06-15 06:58:17 [INFO] 

number id: 196
2026-06-15 06:58:37 [INFO] correct (tool_hit=0)
2026-06-15 06:58:37 [INFO] 

number id: 197
2026-06-15 06:58:47 [INFO] correct (tool_hit=0)
2026-06-15 06:58:47 [INFO] 

number id: 198
2026-06-15 06:58:59 [INFO] error (tool_hit=0)
2026-06-15 06:58:59 [INFO] 

number id: 199
2026-06-15 06:59:05 [INFO] correct (tool_hit=0)
2026-06-15 06:59:05 [INFO] 200 solving 运行耗时: 0.0h, 53.0min, 50.5990731716156s
2026-06-15 06:59:05 [INFO] Correct_Q: 94
2026-06-15 06:59:05 [INFO] False_Q: 106
2026-06-15 06:59:05 [INFO] Error_Q: 0
2026-06-15 06:59:05 [INFO] Sum_Q: 200
2026-06-15 06:59:05 [INFO] Acc: 47.00%
2026-06-15 06:59:05 [INFO] Avg_time_per_Q: 16.15s
2026-06-15 06:59:05 [INFO] Total Tokens: 320321; Total Cost: $0.91
2026-06-15 06:59:05 [INFO] Round 3 | no_tool: Acc=107/200, Avg_time=16.79s
2026-06-15 06:59:05 [INFO] Round 3 | with_tool: Acc=94/200, Avg_time=16.15s
