2026-06-14 17:38:14 [INFO] ===== Round 2/3 =====
2026-06-14 17:38:14 [INFO] ===== with_tool =====
2026-06-14 17:38:14 [INFO] 

number id: 0
2026-06-14 17:38:19 [INFO] correct (tool_hit=1)
2026-06-14 17:38:19 [INFO] 

number id: 1
2026-06-14 17:38:21 [INFO] correct (tool_hit=2)
2026-06-14 17:38:21 [INFO] 

number id: 2
2026-06-14 17:38:57 [INFO] error (tool_hit=0)
2026-06-14 17:38:57 [INFO] 

number id: 3
2026-06-14 17:39:24 [INFO] error (tool_hit=0)
2026-06-14 17:39:24 [INFO] 

number id: 4
2026-06-14 17:39:35 [INFO] correct (tool_hit=0)
2026-06-14 17:39:35 [INFO] 

number id: 5
2026-06-14 17:39:51 [INFO] correct (tool_hit=0)
2026-06-14 17:39:51 [INFO] 

number id: 6
2026-06-14 17:40:08 [INFO] correct (tool_hit=0)
2026-06-14 17:40:08 [INFO] 

number id: 7
2026-06-14 17:40:26 [INFO] correct (tool_hit=0)
2026-06-14 17:40:26 [INFO] 

number id: 8
2026-06-14 17:41:19 [INFO] error (tool_hit=0)
2026-06-14 17:41:19 [INFO] 

number id: 9
2026-06-14 17:42:03 [INFO] error (tool_hit=0)
2026-06-14 17:42:03 [INFO] 

number id: 10
2026-06-14 17:42:45 [INFO] correct (tool_hit=0)
2026-06-14 17:42:45 [INFO] 

number id: 11
2026-06-14 17:43:08 [INFO] error (tool_hit=0)
2026-06-14 17:43:08 [INFO] 

number id: 12
2026-06-14 17:43:24 [INFO] correct (tool_hit=0)
2026-06-14 17:43:24 [INFO] 

number id: 13
2026-06-14 17:43:39 [INFO] correct (tool_hit=0)
2026-06-14 17:43:39 [INFO] 

number id: 14
2026-06-14 17:44:47 [INFO] error (tool_hit=1)
2026-06-14 17:44:47 [INFO] 

number id: 15
2026-06-14 17:45:05 [INFO] correct (tool_hit=0)
2026-06-14 17:45:05 [INFO] 

number id: 16
2026-06-14 17:45:15 [INFO] correct (tool_hit=0)
2026-06-14 17:45:15 [INFO] 

number id: 17
2026-06-14 17:45:42 [INFO] error (tool_hit=0)
2026-06-14 17:45:42 [INFO] 

number id: 18
2026-06-14 17:46:05 [INFO] error (tool_hit=0)
2026-06-14 17:46:05 [INFO] 

number id: 19
2026-06-14 17:46:14 [INFO] correct (tool_hit=0)
2026-06-14 17:46:14 [INFO] 

number id: 20
2026-06-14 17:46:58 [INFO] error (tool_hit=0)
2026-06-14 17:46:58 [INFO] 

number id: 21
2026-06-14 17:47:18 [INFO] error (tool_hit=0)
2026-06-14 17:47:18 [INFO] 

number id: 22
2026-06-14 17:47:28 [INFO] error (tool_hit=1)
2026-06-14 17:47:28 [INFO] 

number id: 23
2026-06-14 17:47:44 [INFO] correct (tool_hit=0)
2026-06-14 17:47:44 [INFO] 

number id: 24
2026-06-14 17:47:51 [INFO] correct (tool_hit=0)
2026-06-14 17:47:51 [INFO] 

number id: 25
2026-06-14 17:48:00 [INFO] correct (tool_hit=0)
2026-06-14 17:48:00 [INFO] 

number id: 26
2026-06-14 17:48:17 [INFO] correct (tool_hit=1)
2026-06-14 17:48:17 [INFO] 

number id: 27
2026-06-14 17:48:51 [INFO] error (tool_hit=0)
2026-06-14 17:48:51 [INFO] 

number id: 28
2026-06-14 17:49:17 [INFO] correct (tool_hit=0)
2026-06-14 17:49:17 [INFO] 

number id: 29
2026-06-14 17:49:56 [INFO] error (tool_hit=0)
2026-06-14 17:49:56 [INFO] 

number id: 30
2026-06-14 17:50:19 [INFO] error (tool_hit=0)
2026-06-14 17:50:19 [INFO] 

number id: 31
2026-06-14 17:50:38 [INFO] correct (tool_hit=0)
2026-06-14 17:50:38 [INFO] 

number id: 32
2026-06-14 17:51:14 [INFO] error (tool_hit=0)
2026-06-14 17:51:14 [INFO] 

number id: 33
2026-06-14 17:51:44 [INFO] error (tool_hit=0)
2026-06-14 17:51:44 [INFO] 

number id: 34
2026-06-14 17:52:06 [INFO] correct (tool_hit=0)
2026-06-14 17:52:06 [INFO] 

number id: 35
2026-06-14 17:52:20 [INFO] correct (tool_hit=0)
2026-06-14 17:52:20 [INFO] 

number id: 36
2026-06-14 17:53:22 [INFO] correct (tool_hit=1)
2026-06-14 17:53:22 [INFO] 

number id: 37
2026-06-14 17:54:09 [INFO] error (tool_hit=0)
2026-06-14 17:54:09 [INFO] 

number id: 38
2026-06-14 17:54:44 [INFO] error (tool_hit=0)
2026-06-14 17:54:44 [INFO] 

number id: 39
2026-06-14 17:55:19 [INFO] correct (tool_hit=0)
2026-06-14 17:55:19 [INFO] 

number id: 40
2026-06-14 17:55:39 [INFO] error (tool_hit=0)
2026-06-14 17:55:39 [INFO] 

number id: 41
2026-06-14 17:55:51 [INFO] correct (tool_hit=0)
2026-06-14 17:55:51 [INFO] 

number id: 42
2026-06-14 17:56:03 [INFO] error (tool_hit=0)
2026-06-14 17:56:03 [INFO] 

number id: 43
2026-06-14 17:56:47 [INFO] correct (tool_hit=0)
2026-06-14 17:56:47 [INFO] 

number id: 44
2026-06-14 17:57:09 [INFO] error (tool_hit=2)
2026-06-14 17:57:09 [INFO] 

number id: 45
2026-06-14 17:57:27 [INFO] correct (tool_hit=0)
2026-06-14 17:57:27 [INFO] 

number id: 46
2026-06-14 17:58:16 [INFO] error (tool_hit=0)
2026-06-14 17:58:16 [INFO] 

number id: 47
2026-06-14 17:58:37 [INFO] correct (tool_hit=0)
2026-06-14 17:58:37 [INFO] 

number id: 48
2026-06-14 17:58:49 [INFO] error (tool_hit=0)
2026-06-14 17:58:49 [INFO] 

number id: 49
2026-06-14 18:00:10 [INFO] error (tool_hit=0)
2026-06-14 18:00:10 [INFO] 

number id: 50
2026-06-14 18:00:38 [INFO] error (tool_hit=0)
2026-06-14 18:00:38 [INFO] 

number id: 51
2026-06-14 18:00:55 [INFO] correct (tool_hit=0)
2026-06-14 18:00:55 [INFO] 

number id: 52
2026-06-14 18:01:09 [INFO] error (tool_hit=0)
2026-06-14 18:01:09 [INFO] 

number id: 53
2026-06-14 18:01:14 [INFO] correct (tool_hit=0)
2026-06-14 18:01:14 [INFO] 

number id: 54
2026-06-14 18:01:33 [INFO] error (tool_hit=0)
2026-06-14 18:01:33 [INFO] 

number id: 55
2026-06-14 18:01:42 [INFO] correct (tool_hit=0)
2026-06-14 18:01:42 [INFO] 

number id: 56
2026-06-14 18:01:54 [INFO] correct (tool_hit=0)
2026-06-14 18:01:54 [INFO] 

number id: 57
2026-06-14 18:02:07 [INFO] correct (tool_hit=0)
2026-06-14 18:02:07 [INFO] 

number id: 58
2026-06-14 18:02:12 [INFO] correct (tool_hit=0)
2026-06-14 18:02:12 [INFO] 

number id: 59
2026-06-14 18:02:50 [INFO] error (tool_hit=1)
2026-06-14 18:02:50 [INFO] 

number id: 60
2026-06-14 18:03:06 [INFO] correct (tool_hit=0)
2026-06-14 18:03:06 [INFO] 

number id: 61
2026-06-14 18:03:33 [INFO] error (tool_hit=0)
2026-06-14 18:03:33 [INFO] 

number id: 62
2026-06-14 18:04:15 [INFO] correct (tool_hit=0)
2026-06-14 18:04:15 [INFO] 

number id: 63
2026-06-14 18:04:35 [INFO] correct (tool_hit=0)
2026-06-14 18:04:35 [INFO] 

number id: 64
2026-06-14 18:04:58 [INFO] correct (tool_hit=0)
2026-06-14 18:04:58 [INFO] 

number id: 65
2026-06-14 18:05:11 [INFO] correct (tool_hit=0)
2026-06-14 18:05:11 [INFO] 

number id: 66
2026-06-14 18:06:06 [INFO] correct (tool_hit=0)
2026-06-14 18:06:06 [INFO] 

number id: 67
2026-06-14 18:06:46 [INFO] correct (tool_hit=0)
2026-06-14 18:06:46 [INFO] 

number id: 68
2026-06-14 18:07:46 [INFO] correct (tool_hit=1)
2026-06-14 18:07:46 [INFO] 

number id: 69
