2026-06-14 15:13:09 [INFO] ===== Round 1/3 =====
2026-06-14 15:13:09 [INFO] ===== no_tool =====
2026-06-14 15:13:09 [INFO] 

number id: 0
2026-06-14 15:13:18 [INFO] correct (tool_hit=0)
2026-06-14 15:13:18 [INFO] 

number id: 1
2026-06-14 15:13:22 [INFO] correct (tool_hit=0)
2026-06-14 15:13:22 [INFO] 

number id: 2
2026-06-14 15:13:36 [INFO] error (tool_hit=0)
2026-06-14 15:13:36 [INFO] 

number id: 3
2026-06-14 15:13:45 [INFO] error (tool_hit=0)
2026-06-14 15:13:45 [INFO] 

number id: 4
2026-06-14 15:13:51 [INFO] correct (tool_hit=0)
2026-06-14 15:13:51 [INFO] 

number id: 5
2026-06-14 15:14:02 [INFO] correct (tool_hit=0)
2026-06-14 15:14:02 [INFO] 

number id: 6
2026-06-14 15:14:15 [INFO] correct (tool_hit=0)
2026-06-14 15:14:15 [INFO] 

number id: 7
2026-06-14 15:14:27 [INFO] error (tool_hit=0)
2026-06-14 15:14:27 [INFO] 

number id: 8
2026-06-14 15:14:51 [INFO] error (tool_hit=0)
2026-06-14 15:14:51 [INFO] 

number id: 9
2026-06-14 15:15:09 [INFO] error (tool_hit=0)
2026-06-14 15:15:09 [INFO] 

number id: 10
2026-06-14 15:15:32 [INFO] error (tool_hit=0)
2026-06-14 15:15:32 [INFO] 

number id: 11
2026-06-14 15:15:46 [INFO] error (tool_hit=0)
2026-06-14 15:15:46 [INFO] 

number id: 12
2026-06-14 15:15:55 [INFO] correct (tool_hit=0)
2026-06-14 15:15:55 [INFO] 

number id: 13
2026-06-14 15:16:03 [INFO] correct (tool_hit=0)
2026-06-14 15:16:03 [INFO] 

number id: 14
2026-06-14 15:16:29 [INFO] error (tool_hit=0)
2026-06-14 15:16:29 [INFO] 

number id: 15
2026-06-14 15:16:40 [INFO] error (tool_hit=0)
2026-06-14 15:16:40 [INFO] 

number id: 16
2026-06-14 15:16:47 [INFO] correct (tool_hit=0)
2026-06-14 15:16:47 [INFO] 

number id: 17
2026-06-14 15:17:08 [INFO] correct (tool_hit=0)
2026-06-14 15:17:08 [INFO] 

number id: 18
2026-06-14 15:17:26 [INFO] error (tool_hit=0)
2026-06-14 15:17:26 [INFO] 

number id: 19
2026-06-14 15:17:31 [INFO] correct (tool_hit=0)
2026-06-14 15:17:31 [INFO] 

number id: 20
2026-06-14 15:18:10 [INFO] error (tool_hit=0)
2026-06-14 15:18:10 [INFO] 

number id: 21
2026-06-14 15:18:24 [INFO] error (tool_hit=0)
2026-06-14 15:18:24 [INFO] 

number id: 22
2026-06-14 15:18:32 [INFO] error (tool_hit=0)
2026-06-14 15:18:32 [INFO] 

number id: 23
2026-06-14 15:18:44 [INFO] correct (tool_hit=0)
2026-06-14 15:18:44 [INFO] 

number id: 24
2026-06-14 15:18:50 [INFO] correct (tool_hit=0)
2026-06-14 15:18:50 [INFO] 

number id: 25
2026-06-14 15:18:55 [INFO] correct (tool_hit=0)
2026-06-14 15:18:55 [INFO] 

number id: 26
2026-06-14 15:19:09 [INFO] error (tool_hit=0)
2026-06-14 15:19:09 [INFO] 

number id: 27
2026-06-14 15:19:44 [INFO] correct (tool_hit=0)
2026-06-14 15:19:44 [INFO] 

number id: 28
2026-06-14 15:19:59 [INFO] correct (tool_hit=0)
2026-06-14 15:19:59 [INFO] 

number id: 29
2026-06-14 15:20:37 [INFO] correct (tool_hit=0)
2026-06-14 15:20:37 [INFO] 

number id: 30
2026-06-14 15:20:55 [INFO] correct (tool_hit=0)
2026-06-14 15:20:55 [INFO] 

number id: 31
2026-06-14 15:21:16 [INFO] correct (tool_hit=0)
2026-06-14 15:21:16 [INFO] 

number id: 32
2026-06-14 15:21:57 [INFO] correct (tool_hit=0)
2026-06-14 15:21:57 [INFO] 

number id: 33
2026-06-14 15:22:20 [INFO] error (tool_hit=0)
2026-06-14 15:22:20 [INFO] 

number id: 34
2026-06-14 15:22:37 [INFO] error (tool_hit=0)
2026-06-14 15:22:37 [INFO] 

number id: 35
2026-06-14 15:22:49 [INFO] error (tool_hit=0)
2026-06-14 15:22:49 [INFO] 

number id: 36
2026-06-14 15:23:45 [INFO] error (tool_hit=0)
2026-06-14 15:23:45 [INFO] 

number id: 37
2026-06-14 15:24:08 [INFO] correct (tool_hit=0)
2026-06-14 15:24:08 [INFO] 

number id: 38
2026-06-14 15:24:32 [INFO] error (tool_hit=0)
2026-06-14 15:24:32 [INFO] 

number id: 39
2026-06-14 15:24:55 [INFO] correct (tool_hit=0)
2026-06-14 15:24:55 [INFO] 

number id: 40
2026-06-14 15:25:11 [INFO] correct (tool_hit=0)
2026-06-14 15:25:11 [INFO] 

number id: 41
2026-06-14 15:25:24 [INFO] error (tool_hit=0)
2026-06-14 15:25:24 [INFO] 

number id: 42
2026-06-14 15:25:34 [INFO] correct (tool_hit=0)
2026-06-14 15:25:34 [INFO] 

number id: 43
2026-06-14 15:26:04 [INFO] error (tool_hit=0)
2026-06-14 15:26:04 [INFO] 

number id: 44
2026-06-14 15:26:31 [INFO] correct (tool_hit=0)
2026-06-14 15:26:31 [INFO] 

number id: 45
2026-06-14 15:26:47 [INFO] correct (tool_hit=0)
2026-06-14 15:26:47 [INFO] 

number id: 46
2026-06-14 15:27:22 [INFO] correct (tool_hit=0)
2026-06-14 15:27:22 [INFO] 

number id: 47
2026-06-14 15:27:36 [INFO] correct (tool_hit=0)
2026-06-14 15:27:36 [INFO] 

number id: 48
2026-06-14 15:27:46 [INFO] correct (tool_hit=0)
2026-06-14 15:27:46 [INFO] 

number id: 49
2026-06-14 15:29:02 [INFO] correct (tool_hit=0)
2026-06-14 15:29:02 [INFO] 

number id: 50
2026-06-14 15:29:21 [INFO] correct (tool_hit=0)
2026-06-14 15:29:21 [INFO] 

number id: 51
2026-06-14 15:29:38 [INFO] correct (tool_hit=0)
2026-06-14 15:29:38 [INFO] 

number id: 52
2026-06-14 15:29:51 [INFO] correct (tool_hit=0)
2026-06-14 15:29:51 [INFO] 

number id: 53
2026-06-14 15:29:57 [INFO] error (tool_hit=0)
2026-06-14 15:29:57 [INFO] 

number id: 54
2026-06-14 15:30:22 [INFO] error (tool_hit=0)
2026-06-14 15:30:22 [INFO] 

number id: 55
2026-06-14 15:30:30 [INFO] error (tool_hit=0)
2026-06-14 15:30:30 [INFO] 

number id: 56
2026-06-14 15:30:40 [INFO] correct (tool_hit=0)
2026-06-14 15:30:40 [INFO] 

number id: 57
2026-06-14 15:30:52 [INFO] correct (tool_hit=0)
2026-06-14 15:30:52 [INFO] 

number id: 58
2026-06-14 15:30:59 [INFO] correct (tool_hit=0)
2026-06-14 15:30:59 [INFO] 

number id: 59
2026-06-14 15:31:33 [INFO] error (tool_hit=0)
2026-06-14 15:31:33 [INFO] 

number id: 60
2026-06-14 15:31:48 [INFO] correct (tool_hit=0)
2026-06-14 15:31:48 [INFO] 

number id: 61
2026-06-14 15:32:12 [INFO] correct (tool_hit=0)
2026-06-14 15:32:12 [INFO] 

number id: 62
2026-06-14 15:32:55 [INFO] error (tool_hit=0)
2026-06-14 15:32:55 [INFO] 

number id: 63
2026-06-14 15:33:10 [INFO] correct (tool_hit=0)
2026-06-14 15:33:10 [INFO] 

number id: 64
2026-06-14 15:33:23 [INFO] correct (tool_hit=0)
2026-06-14 15:33:23 [INFO] 

number id: 65
2026-06-14 15:33:40 [INFO] correct (tool_hit=0)
2026-06-14 15:33:40 [INFO] 

number id: 66
2026-06-14 15:34:14 [INFO] correct (tool_hit=0)
2026-06-14 15:34:14 [INFO] 

number id: 67
2026-06-14 15:34:40 [INFO] correct (tool_hit=0)
2026-06-14 15:34:40 [INFO] 

number id: 68
2026-06-14 15:35:17 [INFO] error (tool_hit=0)
2026-06-14 15:35:17 [INFO] 

number id: 69
2026-06-14 15:35:25 [INFO] correct (tool_hit=0)
2026-06-14 15:35:25 [INFO] 

number id: 70
2026-06-14 15:35:34 [INFO] correct (tool_hit=0)
2026-06-14 15:35:34 [INFO] 

number id: 71
2026-06-14 15:35:56 [INFO] error (tool_hit=0)
2026-06-14 15:35:56 [INFO] 

number id: 72
2026-06-14 15:36:05 [INFO] correct (tool_hit=0)
2026-06-14 15:36:05 [INFO] 

number id: 73
2026-06-14 15:36:28 [INFO] error (tool_hit=0)
2026-06-14 15:36:28 [INFO] 

number id: 74
2026-06-14 15:36:48 [INFO] error (tool_hit=0)
2026-06-14 15:36:48 [INFO] 

number id: 75
2026-06-14 15:37:06 [INFO] correct (tool_hit=0)
2026-06-14 15:37:06 [INFO] 

number id: 76
2026-06-14 15:37:16 [INFO] correct (tool_hit=0)
2026-06-14 15:37:16 [INFO] 

number id: 77
2026-06-14 15:37:33 [INFO] error (tool_hit=0)
2026-06-14 15:37:33 [INFO] 

number id: 78
2026-06-14 15:37:50 [INFO] correct (tool_hit=0)
2026-06-14 15:37:50 [INFO] 

number id: 79
2026-06-14 15:38:09 [INFO] correct (tool_hit=0)
2026-06-14 15:38:09 [INFO] 

number id: 80
2026-06-14 15:38:26 [INFO] error (tool_hit=0)
2026-06-14 15:38:26 [INFO] 

number id: 81
2026-06-14 15:38:42 [INFO] error (tool_hit=0)
2026-06-14 15:38:42 [INFO] 

number id: 82
2026-06-14 15:39:17 [INFO] error (tool_hit=0)
2026-06-14 15:39:17 [INFO] 

number id: 83
2026-06-14 15:39:23 [INFO] correct (tool_hit=0)
2026-06-14 15:39:23 [INFO] 

number id: 84
2026-06-14 15:39:36 [INFO] correct (tool_hit=0)
2026-06-14 15:39:36 [INFO] 

number id: 85
2026-06-14 15:40:03 [INFO] error (tool_hit=0)
2026-06-14 15:40:03 [INFO] 

number id: 86
2026-06-14 15:40:11 [INFO] error (tool_hit=0)
2026-06-14 15:40:11 [INFO] 

number id: 87
2026-06-14 15:40:17 [INFO] error (tool_hit=0)
2026-06-14 15:40:17 [INFO] 

number id: 88
2026-06-14 15:40:23 [INFO] correct (tool_hit=0)
2026-06-14 15:40:23 [INFO] 

number id: 89
2026-06-14 15:40:49 [INFO] correct (tool_hit=0)
2026-06-14 15:40:49 [INFO] 

number id: 90
2026-06-14 15:41:28 [INFO] correct (tool_hit=0)
2026-06-14 15:41:28 [INFO] 

number id: 91
2026-06-14 15:42:10 [INFO] error (tool_hit=0)
2026-06-14 15:42:10 [INFO] 

number id: 92
2026-06-14 15:42:20 [INFO] correct (tool_hit=0)
2026-06-14 15:42:20 [INFO] 

number id: 93
2026-06-14 15:42:37 [INFO] error (tool_hit=0)
2026-06-14 15:42:37 [INFO] 

number id: 94
2026-06-14 15:42:55 [INFO] correct (tool_hit=0)
2026-06-14 15:42:55 [INFO] 

number id: 95
2026-06-14 15:43:34 [INFO] correct (tool_hit=0)
2026-06-14 15:43:34 [INFO] 

number id: 96
2026-06-14 15:43:43 [INFO] correct (tool_hit=0)
2026-06-14 15:43:43 [INFO] 

number id: 97
2026-06-14 15:44:02 [INFO] error (tool_hit=0)
2026-06-14 15:44:02 [INFO] 

number id: 98
2026-06-14 15:44:23 [INFO] error (tool_hit=0)
2026-06-14 15:44:23 [INFO] 

number id: 99
2026-06-14 15:44:35 [INFO] correct (tool_hit=0)
2026-06-14 15:44:35 [INFO] 

number id: 100
2026-06-14 15:44:42 [INFO] correct (tool_hit=0)
2026-06-14 15:44:42 [INFO] 

number id: 101
2026-06-14 15:44:50 [INFO] error (tool_hit=0)
2026-06-14 15:44:50 [INFO] 

number id: 102
2026-06-14 15:44:54 [INFO] correct (tool_hit=0)
2026-06-14 15:44:54 [INFO] 

number id: 103
2026-06-14 15:45:13 [INFO] correct (tool_hit=0)
2026-06-14 15:45:13 [INFO] 

number id: 104
2026-06-14 15:45:26 [INFO] correct (tool_hit=0)
2026-06-14 15:45:26 [INFO] 

number id: 105
2026-06-14 15:45:33 [INFO] error (tool_hit=0)
2026-06-14 15:45:33 [INFO] 

number id: 106
2026-06-14 15:45:51 [INFO] error (tool_hit=0)
2026-06-14 15:45:51 [INFO] 

number id: 107
2026-06-14 15:46:17 [INFO] error (tool_hit=0)
2026-06-14 15:46:17 [INFO] 

number id: 108
2026-06-14 15:46:32 [INFO] error (tool_hit=0)
2026-06-14 15:46:32 [INFO] 

number id: 109
2026-06-14 15:47:00 [INFO] error (tool_hit=0)
2026-06-14 15:47:00 [INFO] 

number id: 110
2026-06-14 15:47:09 [INFO] correct (tool_hit=0)
2026-06-14 15:47:09 [INFO] 

number id: 111
2026-06-14 15:47:22 [INFO] error (tool_hit=0)
2026-06-14 15:47:22 [INFO] 

number id: 112
2026-06-14 15:47:30 [INFO] correct (tool_hit=0)
2026-06-14 15:47:30 [INFO] 

number id: 113
2026-06-14 15:47:40 [INFO] correct (tool_hit=0)
2026-06-14 15:47:40 [INFO] 

number id: 114
2026-06-14 15:47:48 [INFO] correct (tool_hit=0)
2026-06-14 15:47:48 [INFO] 

number id: 115
2026-06-14 15:48:13 [INFO] error (tool_hit=0)
2026-06-14 15:48:13 [INFO] 

number id: 116
2026-06-14 15:48:34 [INFO] correct (tool_hit=0)
2026-06-14 15:48:34 [INFO] 

number id: 117
2026-06-14 15:49:19 [INFO] correct (tool_hit=0)
2026-06-14 15:49:19 [INFO] 

number id: 118
2026-06-14 15:49:25 [INFO] correct (tool_hit=0)
2026-06-14 15:49:25 [INFO] 

number id: 119
2026-06-14 15:50:01 [INFO] error (tool_hit=0)
2026-06-14 15:50:01 [INFO] 

number id: 120
2026-06-14 15:50:10 [INFO] correct (tool_hit=0)
2026-06-14 15:50:10 [INFO] 

number id: 121
2026-06-14 15:50:46 [INFO] error (tool_hit=0)
2026-06-14 15:50:46 [INFO] 

number id: 122
2026-06-14 15:51:06 [INFO] correct (tool_hit=0)
2026-06-14 15:51:06 [INFO] 

number id: 123
2026-06-14 15:51:24 [INFO] error (tool_hit=0)
2026-06-14 15:51:24 [INFO] 

number id: 124
2026-06-14 15:52:06 [INFO] correct (tool_hit=0)
2026-06-14 15:52:06 [INFO] 

number id: 125
2026-06-14 15:52:30 [INFO] correct (tool_hit=0)
2026-06-14 15:52:30 [INFO] 

number id: 126
2026-06-14 15:52:36 [INFO] correct (tool_hit=0)
2026-06-14 15:52:36 [INFO] 

number id: 127
2026-06-14 15:52:50 [INFO] correct (tool_hit=0)
2026-06-14 15:52:50 [INFO] 

number id: 128
2026-06-14 15:53:02 [INFO] correct (tool_hit=0)
2026-06-14 15:53:02 [INFO] 

number id: 129
2026-06-14 15:53:33 [INFO] correct (tool_hit=0)
2026-06-14 15:53:33 [INFO] 

number id: 130
2026-06-14 15:53:43 [INFO] correct (tool_hit=0)
2026-06-14 15:53:43 [INFO] 

number id: 131
2026-06-14 15:53:52 [INFO] error (tool_hit=0)
2026-06-14 15:53:52 [INFO] 

number id: 132
2026-06-14 15:54:03 [INFO] correct (tool_hit=0)
2026-06-14 15:54:03 [INFO] 

number id: 133
2026-06-14 15:54:11 [INFO] error (tool_hit=0)
2026-06-14 15:54:11 [INFO] 

number id: 134
2026-06-14 15:54:34 [INFO] correct (tool_hit=0)
2026-06-14 15:54:34 [INFO] 

number id: 135
2026-06-14 15:54:43 [INFO] correct (tool_hit=0)
2026-06-14 15:54:43 [INFO] 

number id: 136
2026-06-14 15:55:08 [INFO] correct (tool_hit=0)
2026-06-14 15:55:08 [INFO] 

number id: 137
2026-06-14 15:55:30 [INFO] error (tool_hit=0)
2026-06-14 15:55:30 [INFO] 

number id: 138
2026-06-14 15:56:45 [INFO] error (tool_hit=0)
2026-06-14 15:56:45 [INFO] 

number id: 139
2026-06-14 15:57:09 [INFO] error (tool_hit=0)
2026-06-14 15:57:09 [INFO] 

number id: 140
2026-06-14 15:57:24 [INFO] correct (tool_hit=0)
2026-06-14 15:57:24 [INFO] 

number id: 141
2026-06-14 15:58:02 [INFO] correct (tool_hit=0)
2026-06-14 15:58:02 [INFO] 

number id: 142
2026-06-14 15:58:25 [INFO] error (tool_hit=0)
2026-06-14 15:58:25 [INFO] 

number id: 143
2026-06-14 15:58:55 [INFO] error (tool_hit=0)
2026-06-14 15:58:55 [INFO] 

number id: 144
2026-06-14 15:59:10 [INFO] error (tool_hit=0)
2026-06-14 15:59:10 [INFO] 

number id: 145
2026-06-14 15:59:15 [INFO] correct (tool_hit=0)
2026-06-14 15:59:15 [INFO] 

number id: 146
2026-06-14 15:59:21 [INFO] correct (tool_hit=0)
2026-06-14 15:59:21 [INFO] 

number id: 147
2026-06-14 16:01:32 [INFO] error (tool_hit=0)
2026-06-14 16:01:32 [INFO] 

number id: 148
2026-06-14 16:01:36 [INFO] correct (tool_hit=0)
2026-06-14 16:01:36 [INFO] 

number id: 149
2026-06-14 16:01:42 [INFO] correct (tool_hit=0)
2026-06-14 16:01:42 [INFO] 

number id: 150
2026-06-14 16:02:33 [INFO] error (tool_hit=0)
2026-06-14 16:02:33 [INFO] 

number id: 151
2026-06-14 16:03:00 [INFO] error (tool_hit=0)
2026-06-14 16:03:00 [INFO] 

number id: 152
2026-06-14 16:03:14 [INFO] error (tool_hit=0)
2026-06-14 16:03:14 [INFO] 

number id: 153
2026-06-14 16:03:32 [INFO] error (tool_hit=0)
2026-06-14 16:03:32 [INFO] 

number id: 154
2026-06-14 16:03:38 [INFO] correct (tool_hit=0)
2026-06-14 16:03:38 [INFO] 

number id: 155
2026-06-14 16:04:09 [INFO] error (tool_hit=0)
2026-06-14 16:04:09 [INFO] 

number id: 156
2026-06-14 16:04:36 [INFO] correct (tool_hit=0)
2026-06-14 16:04:36 [INFO] 

number id: 157
2026-06-14 16:04:54 [INFO] correct (tool_hit=0)
2026-06-14 16:04:54 [INFO] 

number id: 158
2026-06-14 16:05:24 [INFO] correct (tool_hit=0)
2026-06-14 16:05:24 [INFO] 

number id: 159
2026-06-14 16:05:33 [INFO] correct (tool_hit=0)
2026-06-14 16:05:33 [INFO] 

number id: 160
2026-06-14 16:05:42 [INFO] correct (tool_hit=0)
2026-06-14 16:05:42 [INFO] 

number id: 161
2026-06-14 16:05:54 [INFO] correct (tool_hit=0)
2026-06-14 16:05:54 [INFO] 

number id: 162
2026-06-14 16:06:05 [INFO] error (tool_hit=0)
2026-06-14 16:06:05 [INFO] 

number id: 163
2026-06-14 16:06:21 [INFO] correct (tool_hit=0)
2026-06-14 16:06:21 [INFO] 

number id: 164
2026-06-14 16:06:50 [INFO] error (tool_hit=0)
2026-06-14 16:06:50 [INFO] 

number id: 165
2026-06-14 16:08:20 [INFO] error (tool_hit=0)
2026-06-14 16:08:20 [INFO] 

number id: 166
2026-06-14 16:08:34 [INFO] correct (tool_hit=0)
2026-06-14 16:08:34 [INFO] 

number id: 167
2026-06-14 16:08:45 [INFO] correct (tool_hit=0)
2026-06-14 16:08:45 [INFO] 

number id: 168
2026-06-14 16:09:03 [INFO] error (tool_hit=0)
2026-06-14 16:09:03 [INFO] 

number id: 169
2026-06-14 16:09:23 [INFO] error (tool_hit=0)
2026-06-14 16:09:23 [INFO] 

number id: 170
2026-06-14 16:09:40 [INFO] correct (tool_hit=0)
2026-06-14 16:09:40 [INFO] 

number id: 171
2026-06-14 16:09:58 [INFO] error (tool_hit=0)
2026-06-14 16:09:58 [INFO] 

number id: 172
2026-06-14 16:10:26 [INFO] error (tool_hit=0)
2026-06-14 16:10:26 [INFO] 

number id: 173
2026-06-14 16:10:42 [INFO] correct (tool_hit=0)
2026-06-14 16:10:42 [INFO] 

number id: 174
2026-06-14 16:10:57 [INFO] correct (tool_hit=0)
2026-06-14 16:10:57 [INFO] 

number id: 175
2026-06-14 16:11:04 [INFO] error (tool_hit=0)
2026-06-14 16:11:04 [INFO] 

number id: 176
2026-06-14 16:11:21 [INFO] error (tool_hit=0)
2026-06-14 16:11:21 [INFO] 

number id: 177
2026-06-14 16:11:40 [INFO] correct (tool_hit=0)
2026-06-14 16:11:40 [INFO] 

number id: 178
2026-06-14 16:12:10 [INFO] error (tool_hit=0)
2026-06-14 16:12:10 [INFO] 

number id: 179
2026-06-14 16:12:21 [INFO] correct (tool_hit=0)
2026-06-14 16:12:21 [INFO] 

number id: 180
2026-06-14 16:14:23 [INFO] error (tool_hit=0)
2026-06-14 16:14:23 [INFO] 

number id: 181
2026-06-14 16:14:31 [INFO] correct (tool_hit=0)
2026-06-14 16:14:31 [INFO] 

number id: 182
2026-06-14 16:14:45 [INFO] error (tool_hit=0)
2026-06-14 16:14:45 [INFO] 

number id: 183
2026-06-14 16:15:01 [INFO] correct (tool_hit=0)
2026-06-14 16:15:01 [INFO] 

number id: 184
2026-06-14 16:15:38 [INFO] error (tool_hit=0)
2026-06-14 16:15:38 [INFO] 

number id: 185
2026-06-14 16:16:13 [INFO] error (tool_hit=0)
2026-06-14 16:16:13 [INFO] 

number id: 186
2026-06-14 16:16:36 [INFO] error (tool_hit=0)
2026-06-14 16:16:36 [INFO] 

number id: 187
2026-06-14 16:16:44 [INFO] correct (tool_hit=0)
2026-06-14 16:16:44 [INFO] 

number id: 188
2026-06-14 16:16:54 [INFO] error (tool_hit=0)
2026-06-14 16:16:54 [INFO] 

number id: 189
2026-06-14 16:17:23 [INFO] error (tool_hit=0)
2026-06-14 16:17:23 [INFO] 

number id: 190
2026-06-14 16:17:59 [INFO] error (tool_hit=0)
2026-06-14 16:17:59 [INFO] 

number id: 191
2026-06-14 16:18:08 [INFO] error (tool_hit=0)
2026-06-14 16:18:08 [INFO] 

number id: 192
2026-06-14 16:18:15 [INFO] correct (tool_hit=0)
2026-06-14 16:18:15 [INFO] 

number id: 193
2026-06-14 16:18:24 [INFO] correct (tool_hit=0)
2026-06-14 16:18:24 [INFO] 

number id: 194
2026-06-14 16:18:43 [INFO] error (tool_hit=0)
2026-06-14 16:18:43 [INFO] 

number id: 195
2026-06-14 16:19:17 [INFO] correct (tool_hit=0)
2026-06-14 16:19:17 [INFO] 

number id: 196
2026-06-14 16:19:46 [INFO] correct (tool_hit=0)
2026-06-14 16:19:46 [INFO] 

number id: 197
2026-06-14 16:20:00 [INFO] correct (tool_hit=0)
2026-06-14 16:20:00 [INFO] 

number id: 198
2026-06-14 16:20:13 [INFO] error (tool_hit=0)
2026-06-14 16:20:13 [INFO] 

number id: 199
2026-06-14 16:20:19 [INFO] correct (tool_hit=0)
2026-06-14 16:20:19 [INFO] 200 solving 运行耗时: 1.0h, 7.0min, 9.359870672225952s
2026-06-14 16:20:19 [INFO] Correct_Q: 113
2026-06-14 16:20:19 [INFO] False_Q: 87
2026-06-14 16:20:19 [INFO] Error_Q: 0
2026-06-14 16:20:19 [INFO] Sum_Q: 200
2026-06-14 16:20:19 [INFO] Acc: 56.50%
2026-06-14 16:20:19 [INFO] Avg_time_per_Q: 20.15s
2026-06-14 16:20:19 [INFO] Total Tokens: 265325; Total Cost: $0.78
2026-06-14 16:20:19 [INFO] ===== with_tool =====
2026-06-14 16:20:19 [INFO] 

number id: 0
2026-06-14 16:20:25 [INFO] correct (tool_hit=1)
2026-06-14 16:20:25 [INFO] 

number id: 1
2026-06-14 16:20:27 [INFO] correct (tool_hit=2)
2026-06-14 16:20:27 [INFO] 

number id: 2
2026-06-14 16:20:52 [INFO] correct (tool_hit=0)
2026-06-14 16:20:52 [INFO] 

number id: 3
2026-06-14 16:21:12 [INFO] error (tool_hit=0)
2026-06-14 16:21:12 [INFO] 

number id: 4
2026-06-14 16:21:20 [INFO] correct (tool_hit=0)
2026-06-14 16:21:20 [INFO] 

number id: 5
2026-06-14 16:21:30 [INFO] correct (tool_hit=0)
2026-06-14 16:21:30 [INFO] 

number id: 6
2026-06-14 16:21:48 [INFO] correct (tool_hit=0)
2026-06-14 16:21:48 [INFO] 

number id: 7
2026-06-14 16:22:06 [INFO] error (tool_hit=0)
2026-06-14 16:22:06 [INFO] 

number id: 8
2026-06-14 16:22:45 [INFO] error (tool_hit=0)
2026-06-14 16:22:45 [INFO] 

number id: 9
2026-06-14 16:23:11 [INFO] error (tool_hit=0)
2026-06-14 16:23:11 [INFO] 

number id: 10
2026-06-14 16:23:42 [INFO] correct (tool_hit=0)
2026-06-14 16:23:42 [INFO] 

number id: 11
2026-06-14 16:24:02 [INFO] error (tool_hit=0)
2026-06-14 16:24:02 [INFO] 

number id: 12
2026-06-14 16:24:23 [INFO] correct (tool_hit=0)
2026-06-14 16:24:23 [INFO] 

number id: 13
2026-06-14 16:24:35 [INFO] correct (tool_hit=0)
2026-06-14 16:24:35 [INFO] 

number id: 14
2026-06-14 16:25:21 [INFO] error (tool_hit=1)
2026-06-14 16:25:21 [INFO] 

number id: 15
2026-06-14 16:25:41 [INFO] error (tool_hit=0)
2026-06-14 16:25:41 [INFO] 

number id: 16
2026-06-14 16:25:56 [INFO] correct (tool_hit=0)
2026-06-14 16:25:56 [INFO] 

number id: 17
2026-06-14 16:26:21 [INFO] correct (tool_hit=0)
2026-06-14 16:26:21 [INFO] 

number id: 18
2026-06-14 16:26:41 [INFO] correct (tool_hit=0)
2026-06-14 16:26:41 [INFO] 

number id: 19
2026-06-14 16:26:48 [INFO] correct (tool_hit=0)
2026-06-14 16:26:48 [INFO] 

number id: 20
2026-06-14 16:27:33 [INFO] correct (tool_hit=0)
2026-06-14 16:27:33 [INFO] 

number id: 21
2026-06-14 16:27:48 [INFO] error (tool_hit=0)
2026-06-14 16:27:48 [INFO] 

number id: 22
2026-06-14 16:27:55 [INFO] correct (tool_hit=1)
2026-06-14 16:27:55 [INFO] 

number id: 23
2026-06-14 16:28:09 [INFO] correct (tool_hit=0)
2026-06-14 16:28:09 [INFO] 

number id: 24
2026-06-14 16:28:14 [INFO] correct (tool_hit=0)
2026-06-14 16:28:14 [INFO] 

number id: 25
2026-06-14 16:28:21 [INFO] correct (tool_hit=0)
2026-06-14 16:28:21 [INFO] 

number id: 26
2026-06-14 16:28:41 [INFO] correct (tool_hit=1)
2026-06-14 16:28:41 [INFO] 

number id: 27
2026-06-14 16:29:27 [INFO] error (tool_hit=0)
2026-06-14 16:29:27 [INFO] 

number id: 28
2026-06-14 16:29:41 [INFO] correct (tool_hit=0)
2026-06-14 16:29:41 [INFO] 

number id: 29
2026-06-14 16:30:15 [INFO] error (tool_hit=0)
2026-06-14 16:30:15 [INFO] 

number id: 30
2026-06-14 16:30:35 [INFO] correct (tool_hit=0)
2026-06-14 16:30:35 [INFO] 

number id: 31
2026-06-14 16:31:02 [INFO] correct (tool_hit=0)
2026-06-14 16:31:02 [INFO] 

number id: 32
2026-06-14 16:31:57 [INFO] correct (tool_hit=0)
2026-06-14 16:31:57 [INFO] 

number id: 33
2026-06-14 16:32:18 [INFO] error (tool_hit=0)
2026-06-14 16:32:18 [INFO] 

number id: 34
2026-06-14 16:32:39 [INFO] error (tool_hit=0)
2026-06-14 16:32:39 [INFO] 

number id: 35
2026-06-14 16:32:53 [INFO] correct (tool_hit=0)
2026-06-14 16:32:53 [INFO] 

number id: 36
2026-06-14 16:33:44 [INFO] correct (tool_hit=1)
2026-06-14 16:33:44 [INFO] 

number id: 37
2026-06-14 16:34:21 [INFO] error (tool_hit=0)
2026-06-14 16:34:21 [INFO] 

number id: 38
2026-06-14 16:34:50 [INFO] correct (tool_hit=0)
2026-06-14 16:34:50 [INFO] 

number id: 39
2026-06-14 16:35:09 [INFO] correct (tool_hit=0)
2026-06-14 16:35:09 [INFO] 

number id: 40
2026-06-14 16:35:28 [INFO] correct (tool_hit=0)
2026-06-14 16:35:28 [INFO] 

number id: 41
2026-06-14 16:35:41 [INFO] correct (tool_hit=0)
2026-06-14 16:35:41 [INFO] 

number id: 42
2026-06-14 16:35:51 [INFO] error (tool_hit=0)
2026-06-14 16:35:51 [INFO] 

number id: 43
2026-06-14 16:36:24 [INFO] error (tool_hit=0)
2026-06-14 16:36:24 [INFO] 

number id: 44
2026-06-14 16:36:33 [INFO] correct (tool_hit=2)
2026-06-14 16:36:33 [INFO] 

number id: 45
2026-06-14 16:36:46 [INFO] correct (tool_hit=0)
2026-06-14 16:36:46 [INFO] 

number id: 46
2026-06-14 16:37:17 [INFO] error (tool_hit=0)
2026-06-14 16:37:17 [INFO] 

number id: 47
2026-06-14 16:37:28 [INFO] correct (tool_hit=0)
2026-06-14 16:37:28 [INFO] 

number id: 48
2026-06-14 16:37:37 [INFO] correct (tool_hit=0)
2026-06-14 16:37:37 [INFO] 

number id: 49
2026-06-14 16:39:17 [INFO] error (tool_hit=0)
2026-06-14 16:39:17 [INFO] 

number id: 50
2026-06-14 16:39:41 [INFO] error (tool_hit=0)
2026-06-14 16:39:41 [INFO] 

number id: 51
2026-06-14 16:39:54 [INFO] correct (tool_hit=0)
2026-06-14 16:39:54 [INFO] 

number id: 52
2026-06-14 16:40:04 [INFO] error (tool_hit=0)
2026-06-14 16:40:04 [INFO] 

number id: 53
2026-06-14 16:40:08 [INFO] correct (tool_hit=0)
2026-06-14 16:40:08 [INFO] 

number id: 54
2026-06-14 16:40:29 [INFO] correct (tool_hit=0)
2026-06-14 16:40:29 [INFO] 

number id: 55
2026-06-14 16:40:37 [INFO] correct (tool_hit=0)
2026-06-14 16:40:37 [INFO] 

number id: 56
2026-06-14 16:40:46 [INFO] correct (tool_hit=0)
2026-06-14 16:40:46 [INFO] 

number id: 57
2026-06-14 16:40:56 [INFO] correct (tool_hit=0)
2026-06-14 16:40:56 [INFO] 

number id: 58
2026-06-14 16:41:03 [INFO] error (tool_hit=0)
2026-06-14 16:41:03 [INFO] 

number id: 59
2026-06-14 16:41:30 [INFO] correct (tool_hit=1)
2026-06-14 16:41:30 [INFO] 

number id: 60
2026-06-14 16:41:43 [INFO] error (tool_hit=0)
2026-06-14 16:41:43 [INFO] 

number id: 61
2026-06-14 16:42:01 [INFO] error (tool_hit=0)
2026-06-14 16:42:01 [INFO] 

number id: 62
2026-06-14 16:42:40 [INFO] correct (tool_hit=0)
2026-06-14 16:42:40 [INFO] 

number id: 63
2026-06-14 16:43:00 [INFO] error (tool_hit=0)
2026-06-14 16:43:00 [INFO] 

number id: 64
2026-06-14 16:43:20 [INFO] correct (tool_hit=0)
2026-06-14 16:43:20 [INFO] 

number id: 65
2026-06-14 16:43:39 [INFO] correct (tool_hit=0)
2026-06-14 16:43:39 [INFO] 

number id: 66
2026-06-14 16:44:29 [INFO] error (tool_hit=0)
2026-06-14 16:44:29 [INFO] 

number id: 67
2026-06-14 16:45:00 [INFO] correct (tool_hit=0)
2026-06-14 16:45:00 [INFO] 

number id: 68
2026-06-14 16:45:40 [INFO] correct (tool_hit=1)
2026-06-14 16:45:40 [INFO] 

number id: 69
2026-06-14 16:45:47 [INFO] correct (tool_hit=0)
2026-06-14 16:45:47 [INFO] 

number id: 70
2026-06-14 16:45:55 [INFO] correct (tool_hit=2)
2026-06-14 16:45:55 [INFO] 

number id: 71
2026-06-14 16:46:25 [INFO] error (tool_hit=0)
2026-06-14 16:46:25 [INFO] 

number id: 72
2026-06-14 16:46:37 [INFO] error (tool_hit=0)
2026-06-14 16:46:37 [INFO] 

number id: 73
2026-06-14 16:46:52 [INFO] error (tool_hit=0)
2026-06-14 16:46:52 [INFO] 

number id: 74
2026-06-14 16:47:06 [INFO] correct (tool_hit=0)
2026-06-14 16:47:06 [INFO] 

number id: 75
2026-06-14 16:47:27 [INFO] error (tool_hit=0)
2026-06-14 16:47:27 [INFO] 

number id: 76
2026-06-14 16:47:38 [INFO] error (tool_hit=0)
2026-06-14 16:47:38 [INFO] 

number id: 77
2026-06-14 16:47:57 [INFO] error (tool_hit=0)
2026-06-14 16:47:57 [INFO] 

number id: 78
2026-06-14 16:48:16 [INFO] error (tool_hit=0)
2026-06-14 16:48:16 [INFO] 

number id: 79
2026-06-14 16:48:51 [INFO] correct (tool_hit=0)
2026-06-14 16:48:51 [INFO] 

number id: 80
2026-06-14 16:49:10 [INFO] error (tool_hit=0)
2026-06-14 16:49:10 [INFO] 

number id: 81
2026-06-14 16:49:19 [INFO] correct (tool_hit=0)
2026-06-14 16:49:19 [INFO] 

number id: 82
2026-06-14 16:49:48 [INFO] error (tool_hit=0)
2026-06-14 16:49:48 [INFO] 

number id: 83
2026-06-14 16:49:56 [INFO] correct (tool_hit=0)
2026-06-14 16:49:56 [INFO] 

number id: 84
2026-06-14 16:50:10 [INFO] correct (tool_hit=0)
2026-06-14 16:50:10 [INFO] 

number id: 85
2026-06-14 16:50:31 [INFO] correct (tool_hit=0)
2026-06-14 16:50:31 [INFO] 

number id: 86
2026-06-14 16:50:41 [INFO] correct (tool_hit=0)
2026-06-14 16:50:41 [INFO] 

number id: 87
2026-06-14 16:50:48 [INFO] correct (tool_hit=1)
2026-06-14 16:50:48 [INFO] 

number id: 88
2026-06-14 16:50:56 [INFO] correct (tool_hit=0)
2026-06-14 16:50:56 [INFO] 

number id: 89
2026-06-14 16:51:13 [INFO] error (tool_hit=0)
2026-06-14 16:51:13 [INFO] 

number id: 90
2026-06-14 16:51:51 [INFO] error (tool_hit=0)
2026-06-14 16:51:51 [INFO] 

number id: 91
2026-06-14 16:52:31 [INFO] error (tool_hit=0)
2026-06-14 16:52:31 [INFO] 

number id: 92
2026-06-14 16:52:43 [INFO] correct (tool_hit=0)
2026-06-14 16:52:43 [INFO] 

number id: 93
2026-06-14 16:53:04 [INFO] correct (tool_hit=0)
2026-06-14 16:53:04 [INFO] 

number id: 94
2026-06-14 16:53:12 [INFO] correct (tool_hit=0)
2026-06-14 16:53:12 [INFO] 

number id: 95
2026-06-14 16:53:52 [INFO] error (tool_hit=0)
2026-06-14 16:53:52 [INFO] 

number id: 96
2026-06-14 16:54:10 [INFO] correct (tool_hit=0)
2026-06-14 16:54:10 [INFO] 

number id: 97
2026-06-14 16:54:25 [INFO] correct (tool_hit=0)
2026-06-14 16:54:25 [INFO] 

number id: 98
2026-06-14 16:54:46 [INFO] correct (tool_hit=0)
2026-06-14 16:54:46 [INFO] 

number id: 99
2026-06-14 16:55:02 [INFO] error (tool_hit=0)
2026-06-14 16:55:02 [INFO] 

number id: 100
2026-06-14 16:55:09 [INFO] error (tool_hit=2)
2026-06-14 16:55:09 [INFO] 

number id: 101
2026-06-14 16:55:21 [INFO] error (tool_hit=0)
2026-06-14 16:55:21 [INFO] 

number id: 102
2026-06-14 16:55:23 [INFO] correct (tool_hit=1)
2026-06-14 16:55:23 [INFO] 

number id: 103
2026-06-14 16:55:41 [INFO] correct (tool_hit=0)
2026-06-14 16:55:41 [INFO] 

number id: 104
2026-06-14 16:55:53 [INFO] correct (tool_hit=0)
2026-06-14 16:55:53 [INFO] 

number id: 105
2026-06-14 16:56:01 [INFO] error (tool_hit=0)
2026-06-14 16:56:01 [INFO] 

number id: 106
2026-06-14 16:56:20 [INFO] error (tool_hit=0)
2026-06-14 16:56:20 [INFO] 

number id: 107
2026-06-14 16:56:56 [INFO] correct (tool_hit=0)
2026-06-14 16:56:56 [INFO] 

number id: 108
2026-06-14 16:57:14 [INFO] error (tool_hit=0)
2026-06-14 16:57:14 [INFO] 

number id: 109
2026-06-14 16:57:47 [INFO] error (tool_hit=0)
2026-06-14 16:57:47 [INFO] 

number id: 110
2026-06-14 16:57:56 [INFO] correct (tool_hit=0)
2026-06-14 16:57:56 [INFO] 

number id: 111
2026-06-14 16:58:14 [INFO] correct (tool_hit=0)
2026-06-14 16:58:14 [INFO] 

number id: 112
2026-06-14 16:58:30 [INFO] correct (tool_hit=0)
2026-06-14 16:58:30 [INFO] 

number id: 113
2026-06-14 16:58:39 [INFO] correct (tool_hit=0)
2026-06-14 16:58:39 [INFO] 

number id: 114
2026-06-14 16:58:45 [INFO] correct (tool_hit=0)
2026-06-14 16:58:45 [INFO] 

number id: 115
2026-06-14 16:59:09 [INFO] error (tool_hit=1)
2026-06-14 16:59:09 [INFO] 

number id: 116
2026-06-14 16:59:21 [INFO] error (tool_hit=3)
2026-06-14 16:59:21 [INFO] 

number id: 117
2026-06-14 16:59:50 [INFO] error (tool_hit=1)
2026-06-14 16:59:50 [INFO] 

number id: 118
2026-06-14 16:59:54 [INFO] correct (tool_hit=0)
2026-06-14 16:59:54 [INFO] 

number id: 119
2026-06-14 17:00:44 [INFO] error (tool_hit=0)
2026-06-14 17:00:44 [INFO] 

number id: 120
2026-06-14 17:00:56 [INFO] correct (tool_hit=0)
2026-06-14 17:00:56 [INFO] 

number id: 121
2026-06-14 17:01:28 [INFO] error (tool_hit=0)
2026-06-14 17:01:28 [INFO] 

number id: 122
2026-06-14 17:01:49 [INFO] correct (tool_hit=0)
2026-06-14 17:01:49 [INFO] 

number id: 123
2026-06-14 17:02:08 [INFO] error (tool_hit=0)
2026-06-14 17:02:08 [INFO] 

number id: 124
2026-06-14 17:02:41 [INFO] error (tool_hit=0)
2026-06-14 17:02:41 [INFO] 

number id: 125
2026-06-14 17:03:08 [INFO] correct (tool_hit=0)
2026-06-14 17:03:08 [INFO] 

number id: 126
2026-06-14 17:03:09 [INFO] correct (tool_hit=2)
2026-06-14 17:03:09 [INFO] 

number id: 127
2026-06-14 17:03:32 [INFO] correct (tool_hit=0)
2026-06-14 17:03:32 [INFO] 

number id: 128
2026-06-14 17:03:42 [INFO] correct (tool_hit=0)
2026-06-14 17:03:42 [INFO] 

number id: 129
2026-06-14 17:04:16 [INFO] error (tool_hit=0)
2026-06-14 17:04:16 [INFO] 

number id: 130
2026-06-14 17:04:28 [INFO] correct (tool_hit=1)
2026-06-14 17:04:28 [INFO] 

number id: 131
2026-06-14 17:04:40 [INFO] error (tool_hit=0)
2026-06-14 17:04:40 [INFO] 

number id: 132
2026-06-14 17:04:50 [INFO] correct (tool_hit=0)
2026-06-14 17:04:50 [INFO] 

number id: 133
2026-06-14 17:04:57 [INFO] error (tool_hit=0)
2026-06-14 17:04:57 [INFO] 

number id: 134
2026-06-14 17:05:12 [INFO] correct (tool_hit=0)
2026-06-14 17:05:12 [INFO] 

number id: 135
2026-06-14 17:05:22 [INFO] error (tool_hit=0)
2026-06-14 17:05:22 [INFO] 

number id: 136
2026-06-14 17:05:58 [INFO] correct (tool_hit=0)
2026-06-14 17:05:58 [INFO] 

number id: 137
2026-06-14 17:06:29 [INFO] error (tool_hit=1)
2026-06-14 17:06:29 [INFO] 

number id: 138
2026-06-14 17:08:13 [INFO] error (tool_hit=0)
2026-06-14 17:08:13 [INFO] 

number id: 139
2026-06-14 17:08:49 [INFO] error (tool_hit=0)
2026-06-14 17:08:49 [INFO] 

number id: 140
2026-06-14 17:09:12 [INFO] correct (tool_hit=0)
2026-06-14 17:09:12 [INFO] 

number id: 141
2026-06-14 17:09:47 [INFO] correct (tool_hit=0)
2026-06-14 17:09:47 [INFO] 

number id: 142
2026-06-14 17:10:04 [INFO] error (tool_hit=0)
2026-06-14 17:10:04 [INFO] 

number id: 143
2026-06-14 17:10:35 [INFO] error (tool_hit=0)
2026-06-14 17:10:35 [INFO] 

number id: 144
2026-06-14 17:10:55 [INFO] correct (tool_hit=1)
2026-06-14 17:10:55 [INFO] 

number id: 145
2026-06-14 17:11:01 [INFO] correct (tool_hit=0)
2026-06-14 17:11:01 [INFO] 

number id: 146
2026-06-14 17:11:10 [INFO] correct (tool_hit=0)
2026-06-14 17:11:10 [INFO] 

number id: 147
2026-06-14 17:13:46 [INFO] error (tool_hit=2)
2026-06-14 17:13:46 [INFO] 

number id: 148
2026-06-14 17:13:51 [INFO] correct (tool_hit=0)
2026-06-14 17:13:51 [INFO] 

number id: 149
2026-06-14 17:13:56 [INFO] error (tool_hit=0)
2026-06-14 17:13:56 [INFO] 

number id: 150
2026-06-14 17:14:52 [INFO] error (tool_hit=0)
2026-06-14 17:14:52 [INFO] 

number id: 151
2026-06-14 17:15:35 [INFO] error (tool_hit=0)
2026-06-14 17:15:35 [INFO] 

number id: 152
2026-06-14 17:15:50 [INFO] error (tool_hit=0)
2026-06-14 17:15:50 [INFO] 

number id: 153
2026-06-14 17:16:10 [INFO] error (tool_hit=0)
2026-06-14 17:16:10 [INFO] 

number id: 154
2026-06-14 17:16:19 [INFO] correct (tool_hit=0)
2026-06-14 17:16:19 [INFO] 

number id: 155
2026-06-14 17:16:55 [INFO] correct (tool_hit=0)
2026-06-14 17:16:55 [INFO] 

number id: 156
2026-06-14 17:17:25 [INFO] error (tool_hit=0)
2026-06-14 17:17:25 [INFO] 

number id: 157
2026-06-14 17:17:45 [INFO] correct (tool_hit=0)
2026-06-14 17:17:45 [INFO] 

number id: 158
2026-06-14 17:18:23 [INFO] correct (tool_hit=0)
2026-06-14 17:18:23 [INFO] 

number id: 159
2026-06-14 17:18:32 [INFO] correct (tool_hit=0)
2026-06-14 17:18:32 [INFO] 

number id: 160
2026-06-14 17:18:46 [INFO] correct (tool_hit=0)
2026-06-14 17:18:46 [INFO] 

number id: 161
2026-06-14 17:18:57 [INFO] correct (tool_hit=0)
2026-06-14 17:18:57 [INFO] 

number id: 162
2026-06-14 17:19:10 [INFO] error (tool_hit=0)
2026-06-14 17:19:10 [INFO] 

number id: 163
2026-06-14 17:19:27 [INFO] error (tool_hit=0)
2026-06-14 17:19:27 [INFO] 

number id: 164
2026-06-14 17:19:59 [INFO] correct (tool_hit=0)
2026-06-14 17:19:59 [INFO] 

number id: 165
2026-06-14 17:22:29 [INFO] correct (tool_hit=0)
2026-06-14 17:22:29 [INFO] 

number id: 166
2026-06-14 17:22:46 [INFO] correct (tool_hit=0)
2026-06-14 17:22:46 [INFO] 

number id: 167
2026-06-14 17:23:01 [INFO] correct (tool_hit=0)
2026-06-14 17:23:01 [INFO] 

number id: 168
2026-06-14 17:23:33 [INFO] error (tool_hit=0)
2026-06-14 17:23:33 [INFO] 

number id: 169
2026-06-14 17:24:02 [INFO] error (tool_hit=0)
2026-06-14 17:24:02 [INFO] 

number id: 170
2026-06-14 17:24:21 [INFO] correct (tool_hit=0)
2026-06-14 17:24:21 [INFO] 

number id: 171
2026-06-14 17:24:44 [INFO] error (tool_hit=0)
2026-06-14 17:24:44 [INFO] 

number id: 172
2026-06-14 17:25:17 [INFO] error (tool_hit=0)
2026-06-14 17:25:17 [INFO] 

number id: 173
2026-06-14 17:25:30 [INFO] correct (tool_hit=1)
2026-06-14 17:25:30 [INFO] 

number id: 174
2026-06-14 17:25:48 [INFO] correct (tool_hit=0)
2026-06-14 17:25:48 [INFO] 

number id: 175
2026-06-14 17:25:51 [INFO] correct (tool_hit=0)
2026-06-14 17:25:51 [INFO] 

number id: 176
2026-06-14 17:26:10 [INFO] correct (tool_hit=1)
2026-06-14 17:26:10 [INFO] 

number id: 177
2026-06-14 17:26:41 [INFO] error (tool_hit=0)
2026-06-14 17:26:41 [INFO] 

number id: 178
2026-06-14 17:27:11 [INFO] error (tool_hit=1)
2026-06-14 17:27:11 [INFO] 

number id: 179
2026-06-14 17:27:23 [INFO] correct (tool_hit=0)
2026-06-14 17:27:23 [INFO] 

number id: 180
2026-06-14 17:30:19 [INFO] correct (tool_hit=0)
2026-06-14 17:30:19 [INFO] 

number id: 181
2026-06-14 17:30:27 [INFO] correct (tool_hit=0)
2026-06-14 17:30:27 [INFO] 

number id: 182
2026-06-14 17:30:50 [INFO] error (tool_hit=0)
2026-06-14 17:30:50 [INFO] 

number id: 183
2026-06-14 17:31:13 [INFO] correct (tool_hit=0)
2026-06-14 17:31:13 [INFO] 

number id: 184
2026-06-14 17:32:19 [INFO] error (tool_hit=0)
2026-06-14 17:32:19 [INFO] 

number id: 185
2026-06-14 17:32:48 [INFO] correct (tool_hit=2)
2026-06-14 17:32:48 [INFO] 

number id: 186
2026-06-14 17:33:18 [INFO] correct (tool_hit=0)
2026-06-14 17:33:18 [INFO] 

number id: 187
2026-06-14 17:33:32 [INFO] correct (tool_hit=0)
2026-06-14 17:33:32 [INFO] 

number id: 188
2026-06-14 17:33:45 [INFO] error (tool_hit=0)
2026-06-14 17:33:45 [INFO] 

number id: 189
2026-06-14 17:34:25 [INFO] correct (tool_hit=0)
2026-06-14 17:34:25 [INFO] 

number id: 190
2026-06-14 17:35:19 [INFO] error (tool_hit=1)
2026-06-14 17:35:19 [INFO] 

number id: 191
2026-06-14 17:35:29 [INFO] correct (tool_hit=1)
2026-06-14 17:35:29 [INFO] 

number id: 192
2026-06-14 17:35:38 [INFO] correct (tool_hit=0)
2026-06-14 17:35:38 [INFO] 

number id: 193
2026-06-14 17:35:50 [INFO] correct (tool_hit=0)
2026-06-14 17:35:50 [INFO] 

number id: 194
2026-06-14 17:36:25 [INFO] error (tool_hit=0)
2026-06-14 17:36:25 [INFO] 

number id: 195
2026-06-14 17:36:56 [INFO] correct (tool_hit=0)
2026-06-14 17:36:56 [INFO] 

number id: 196
2026-06-14 17:37:33 [INFO] correct (tool_hit=0)
2026-06-14 17:37:33 [INFO] 

number id: 197
2026-06-14 17:37:51 [INFO] correct (tool_hit=0)
2026-06-14 17:37:51 [INFO] 

number id: 198
2026-06-14 17:38:09 [INFO] correct (tool_hit=0)
2026-06-14 17:38:09 [INFO] 

number id: 199
2026-06-14 17:38:14 [INFO] correct (tool_hit=0)
2026-06-14 17:38:14 [INFO] 200 solving 运行耗时: 1.0h, 17.0min, 55.36525321006775s
2026-06-14 17:38:14 [INFO] Correct_Q: 120
2026-06-14 17:38:14 [INFO] False_Q: 80
2026-06-14 17:38:14 [INFO] Error_Q: 0
2026-06-14 17:38:14 [INFO] Sum_Q: 200
2026-06-14 17:38:14 [INFO] Acc: 60.00%
2026-06-14 17:38:14 [INFO] Avg_time_per_Q: 23.38s
2026-06-14 17:38:14 [INFO] Total Tokens: 265599; Total Cost: $0.78
2026-06-14 17:38:14 [INFO] Round 1 | no_tool: Acc=113/200, Avg_time=20.15s
2026-06-14 17:38:14 [INFO] Round 1 | with_tool: Acc=120/200, Avg_time=23.38s
