2026-06-14 20:32:15 [INFO] ===== Round 3/3 =====
2026-06-14 20:32:15 [INFO] ===== no_tool =====
2026-06-14 20:32:15 [INFO] 

number id: 0
2026-06-14 20:32:28 [INFO] correct (tool_hit=0)
2026-06-14 20:32:28 [INFO] 

number id: 1
2026-06-14 20:32:35 [INFO] correct (tool_hit=0)
2026-06-14 20:32:35 [INFO] 

number id: 2
2026-06-14 20:33:23 [INFO] error (tool_hit=0)
2026-06-14 20:33:23 [INFO] 

number id: 3
2026-06-14 20:33:57 [INFO] correct (tool_hit=0)
2026-06-14 20:33:57 [INFO] 

number id: 4
2026-06-14 20:34:12 [INFO] correct (tool_hit=0)
2026-06-14 20:34:12 [INFO] 

number id: 5
2026-06-14 20:34:29 [INFO] correct (tool_hit=0)
2026-06-14 20:34:29 [INFO] 

number id: 6
2026-06-14 20:34:56 [INFO] error (tool_hit=0)
2026-06-14 20:34:56 [INFO] 

number id: 7
2026-06-14 20:35:19 [INFO] error (tool_hit=0)
2026-06-14 20:35:19 [INFO] 

number id: 8
2026-06-14 20:36:13 [INFO] correct (tool_hit=0)
2026-06-14 20:36:13 [INFO] 

number id: 9
2026-06-14 20:36:56 [INFO] error (tool_hit=0)
2026-06-14 20:36:56 [INFO] 

number id: 10
2026-06-14 20:37:32 [INFO] correct (tool_hit=0)
2026-06-14 20:37:32 [INFO] 

number id: 11
2026-06-14 20:37:59 [INFO] error (tool_hit=0)
2026-06-14 20:37:59 [INFO] 

number id: 12
2026-06-14 20:38:15 [INFO] correct (tool_hit=0)
2026-06-14 20:38:15 [INFO] 

number id: 13
2026-06-14 20:38:31 [INFO] correct (tool_hit=0)
2026-06-14 20:38:31 [INFO] 

number id: 14
2026-06-14 20:39:29 [INFO] error (tool_hit=0)
2026-06-14 20:39:29 [INFO] 

number id: 15
2026-06-14 20:39:49 [INFO] error (tool_hit=0)
2026-06-14 20:39:49 [INFO] 

number id: 16
2026-06-14 20:39:59 [INFO] correct (tool_hit=0)
2026-06-14 20:39:59 [INFO] 

number id: 17
2026-06-14 20:40:28 [INFO] correct (tool_hit=0)
2026-06-14 20:40:28 [INFO] 

number id: 18
2026-06-14 20:40:57 [INFO] correct (tool_hit=0)
2026-06-14 20:40:57 [INFO] 

number id: 19
2026-06-14 20:41:06 [INFO] correct (tool_hit=0)
2026-06-14 20:41:06 [INFO] 

number id: 20
2026-06-14 20:42:00 [INFO] correct (tool_hit=0)
2026-06-14 20:42:00 [INFO] 

number id: 21
2026-06-14 20:42:23 [INFO] error (tool_hit=0)
2026-06-14 20:42:23 [INFO] 

number id: 22
2026-06-14 20:42:40 [INFO] correct (tool_hit=0)
2026-06-14 20:42:40 [INFO] 

number id: 23
2026-06-14 20:42:58 [INFO] correct (tool_hit=0)
2026-06-14 20:42:58 [INFO] 

number id: 24
2026-06-14 20:43:06 [INFO] correct (tool_hit=0)
2026-06-14 20:43:06 [INFO] 

number id: 25
2026-06-14 20:43:12 [INFO] correct (tool_hit=0)
2026-06-14 20:43:12 [INFO] 

number id: 26
2026-06-14 20:43:31 [INFO] error (tool_hit=0)
2026-06-14 20:43:31 [INFO] 

number id: 27
2026-06-14 20:44:11 [INFO] error (tool_hit=0)
2026-06-14 20:44:11 [INFO] 

number id: 28
2026-06-14 20:44:26 [INFO] correct (tool_hit=0)
2026-06-14 20:44:26 [INFO] 

number id: 29
2026-06-14 20:45:11 [INFO] correct (tool_hit=0)
2026-06-14 20:45:11 [INFO] 

number id: 30
2026-06-14 20:45:37 [INFO] error (tool_hit=0)
2026-06-14 20:45:37 [INFO] 

number id: 31
2026-06-14 20:46:05 [INFO] correct (tool_hit=0)
2026-06-14 20:46:05 [INFO] 

number id: 32
2026-06-14 20:46:56 [INFO] correct (tool_hit=0)
2026-06-14 20:46:56 [INFO] 

number id: 33
2026-06-14 20:47:32 [INFO] error (tool_hit=0)
2026-06-14 20:47:32 [INFO] 

number id: 34
2026-06-14 20:47:58 [INFO] correct (tool_hit=0)
2026-06-14 20:47:58 [INFO] 

number id: 35
2026-06-14 20:48:15 [INFO] error (tool_hit=0)
2026-06-14 20:48:15 [INFO] 

number id: 36
2026-06-14 20:49:15 [INFO] error (tool_hit=0)
2026-06-14 20:49:15 [INFO] 

number id: 37
2026-06-14 20:50:08 [INFO] error (tool_hit=0)
2026-06-14 20:50:08 [INFO] 

number id: 38
2026-06-14 20:50:37 [INFO] error (tool_hit=0)
2026-06-14 20:50:37 [INFO] 

number id: 39
2026-06-14 20:51:14 [INFO] error (tool_hit=0)
2026-06-14 20:51:14 [INFO] 

number id: 40
2026-06-14 20:51:29 [INFO] correct (tool_hit=0)
2026-06-14 20:51:29 [INFO] 

number id: 41
2026-06-14 20:51:42 [INFO] correct (tool_hit=0)
2026-06-14 20:51:42 [INFO] 

number id: 42
2026-06-14 20:51:54 [INFO] error (tool_hit=0)
2026-06-14 20:51:54 [INFO] 

number id: 43
2026-06-14 20:52:34 [INFO] correct (tool_hit=0)
2026-06-14 20:52:34 [INFO] 

number id: 44
2026-06-14 20:53:03 [INFO] error (tool_hit=0)
2026-06-14 20:53:03 [INFO] 

number id: 45
2026-06-14 20:53:26 [INFO] error (tool_hit=0)
2026-06-14 20:53:26 [INFO] 

number id: 46
2026-06-14 20:54:04 [INFO] correct (tool_hit=0)
2026-06-14 20:54:04 [INFO] 

number id: 47
2026-06-14 20:54:23 [INFO] correct (tool_hit=0)
2026-06-14 20:54:23 [INFO] 

number id: 48
2026-06-14 20:54:30 [INFO] correct (tool_hit=0)
2026-06-14 20:54:30 [INFO] 

number id: 49
2026-06-14 20:55:52 [INFO] correct (tool_hit=0)
2026-06-14 20:55:52 [INFO] 

number id: 50
2026-06-14 20:56:24 [INFO] error (tool_hit=0)
2026-06-14 20:56:24 [INFO] 

number id: 51
2026-06-14 20:56:41 [INFO] correct (tool_hit=0)
2026-06-14 20:56:41 [INFO] 

number id: 52
2026-06-14 20:57:04 [INFO] error (tool_hit=0)
2026-06-14 20:57:04 [INFO] 

number id: 53
2026-06-14 20:57:08 [INFO] correct (tool_hit=0)
2026-06-14 20:57:08 [INFO] 

number id: 54
2026-06-14 20:57:31 [INFO] error (tool_hit=0)
2026-06-14 20:57:31 [INFO] 

number id: 55
2026-06-14 20:57:41 [INFO] correct (tool_hit=0)
2026-06-14 20:57:41 [INFO] 

number id: 56
2026-06-14 20:57:52 [INFO] correct (tool_hit=0)
2026-06-14 20:57:52 [INFO] 

number id: 57
2026-06-14 20:58:07 [INFO] correct (tool_hit=0)
2026-06-14 20:58:07 [INFO] 

number id: 58
2026-06-14 20:58:16 [INFO] correct (tool_hit=0)
2026-06-14 20:58:16 [INFO] 

number id: 59
2026-06-14 20:58:48 [INFO] correct (tool_hit=0)
2026-06-14 20:58:48 [INFO] 

number id: 60
2026-06-14 20:59:13 [INFO] correct (tool_hit=0)
2026-06-14 20:59:13 [INFO] 

number id: 61
2026-06-14 20:59:45 [INFO] correct (tool_hit=0)
2026-06-14 20:59:45 [INFO] 

number id: 62
2026-06-14 21:00:37 [INFO] error (tool_hit=0)
2026-06-14 21:00:37 [INFO] 

number id: 63
2026-06-14 21:01:00 [INFO] error (tool_hit=0)
2026-06-14 21:01:00 [INFO] 

number id: 64
2026-06-14 21:01:15 [INFO] correct (tool_hit=0)
2026-06-14 21:01:15 [INFO] 

number id: 65
2026-06-14 21:01:31 [INFO] correct (tool_hit=0)
2026-06-14 21:01:31 [INFO] 

number id: 66
2026-06-14 21:02:21 [INFO] error (tool_hit=0)
2026-06-14 21:02:21 [INFO] 

number id: 67
2026-06-14 21:02:57 [INFO] correct (tool_hit=0)
2026-06-14 21:02:57 [INFO] 

number id: 68
2026-06-14 21:03:49 [INFO] correct (tool_hit=0)
2026-06-14 21:03:49 [INFO] 

number id: 69
2026-06-14 21:03:56 [INFO] correct (tool_hit=0)
2026-06-14 21:03:56 [INFO] 

number id: 70
2026-06-14 21:04:10 [INFO] error (tool_hit=0)
2026-06-14 21:04:10 [INFO] 

number id: 71
2026-06-14 21:04:43 [INFO] correct (tool_hit=0)
2026-06-14 21:04:43 [INFO] 

number id: 72
2026-06-14 21:04:55 [INFO] error (tool_hit=0)
2026-06-14 21:04:55 [INFO] 

number id: 73
2026-06-14 21:05:14 [INFO] error (tool_hit=0)
2026-06-14 21:05:14 [INFO] 

number id: 74
2026-06-14 21:05:27 [INFO] correct (tool_hit=0)
2026-06-14 21:05:27 [INFO] 

number id: 75
2026-06-14 21:05:47 [INFO] error (tool_hit=0)
2026-06-14 21:05:47 [INFO] 

number id: 76
2026-06-14 21:06:06 [INFO] correct (tool_hit=0)
2026-06-14 21:06:06 [INFO] 

number id: 77
2026-06-14 21:06:30 [INFO] error (tool_hit=0)
2026-06-14 21:06:30 [INFO] 

number id: 78
2026-06-14 21:06:51 [INFO] error (tool_hit=0)
2026-06-14 21:06:51 [INFO] 

number id: 79
2026-06-14 21:07:08 [INFO] correct (tool_hit=0)
2026-06-14 21:07:08 [INFO] 

number id: 80
2026-06-14 21:07:25 [INFO] error (tool_hit=0)
2026-06-14 21:07:25 [INFO] 

number id: 81
2026-06-14 21:07:35 [INFO] correct (tool_hit=0)
2026-06-14 21:07:35 [INFO] 

number id: 82
2026-06-14 21:08:14 [INFO] correct (tool_hit=0)
2026-06-14 21:08:14 [INFO] 

number id: 83
2026-06-14 21:08:19 [INFO] correct (tool_hit=0)
2026-06-14 21:08:19 [INFO] 

number id: 84
2026-06-14 21:08:31 [INFO] error (tool_hit=0)
2026-06-14 21:08:31 [INFO] 

number id: 85
2026-06-14 21:08:56 [INFO] error (tool_hit=0)
2026-06-14 21:08:56 [INFO] 

number id: 86
2026-06-14 21:09:06 [INFO] error (tool_hit=0)
2026-06-14 21:09:06 [INFO] 

number id: 87
2026-06-14 21:09:14 [INFO] error (tool_hit=0)
2026-06-14 21:09:14 [INFO] 

number id: 88
2026-06-14 21:09:21 [INFO] correct (tool_hit=0)
2026-06-14 21:09:21 [INFO] 

number id: 89
2026-06-14 21:09:41 [INFO] correct (tool_hit=0)
2026-06-14 21:09:41 [INFO] 

number id: 90
2026-06-14 21:10:11 [INFO] correct (tool_hit=0)
2026-06-14 21:10:11 [INFO] 

number id: 91
2026-06-14 21:10:59 [INFO] error (tool_hit=0)
2026-06-14 21:10:59 [INFO] 

number id: 92
2026-06-14 21:11:07 [INFO] correct (tool_hit=0)
2026-06-14 21:11:07 [INFO] 

number id: 93
2026-06-14 21:11:35 [INFO] error (tool_hit=0)
2026-06-14 21:11:35 [INFO] 

number id: 94
2026-06-14 21:11:49 [INFO] error (tool_hit=0)
2026-06-14 21:11:49 [INFO] 

number id: 95
2026-06-14 21:12:38 [INFO] error (tool_hit=0)
2026-06-14 21:12:38 [INFO] 

number id: 96
2026-06-14 21:12:50 [INFO] correct (tool_hit=0)
2026-06-14 21:12:50 [INFO] 

number id: 97
2026-06-14 21:13:16 [INFO] correct (tool_hit=0)
2026-06-14 21:13:16 [INFO] 

number id: 98
2026-06-14 21:13:35 [INFO] error (tool_hit=0)
2026-06-14 21:13:35 [INFO] 

number id: 99
2026-06-14 21:14:04 [INFO] error (tool_hit=0)
2026-06-14 21:14:04 [INFO] 

number id: 100
2026-06-14 21:14:13 [INFO] correct (tool_hit=0)
2026-06-14 21:14:13 [INFO] 

number id: 101
2026-06-14 21:14:28 [INFO] error (tool_hit=0)
2026-06-14 21:14:28 [INFO] 

number id: 102
2026-06-14 21:14:32 [INFO] correct (tool_hit=0)
2026-06-14 21:14:32 [INFO] 

number id: 103
2026-06-14 21:14:48 [INFO] error (tool_hit=0)
2026-06-14 21:14:48 [INFO] 

number id: 104
2026-06-14 21:15:05 [INFO] error (tool_hit=0)
2026-06-14 21:15:05 [INFO] 

number id: 105
2026-06-14 21:15:14 [INFO] error (tool_hit=0)
2026-06-14 21:15:14 [INFO] 

number id: 106
2026-06-14 21:15:44 [INFO] error (tool_hit=0)
2026-06-14 21:15:44 [INFO] 

number id: 107
2026-06-14 21:16:30 [INFO] correct (tool_hit=0)
2026-06-14 21:16:30 [INFO] 

number id: 108
2026-06-14 21:16:45 [INFO] correct (tool_hit=0)
2026-06-14 21:16:45 [INFO] 

number id: 109
2026-06-14 21:17:23 [INFO] error (tool_hit=0)
2026-06-14 21:17:23 [INFO] 

number id: 110
2026-06-14 21:17:33 [INFO] correct (tool_hit=0)
2026-06-14 21:17:33 [INFO] 

number id: 111
2026-06-14 21:17:50 [INFO] correct (tool_hit=0)
2026-06-14 21:17:50 [INFO] 

number id: 112
2026-06-14 21:18:03 [INFO] correct (tool_hit=0)
2026-06-14 21:18:03 [INFO] 

number id: 113
2026-06-14 21:18:14 [INFO] correct (tool_hit=0)
2026-06-14 21:18:14 [INFO] 

number id: 114
2026-06-14 21:18:19 [INFO] correct (tool_hit=0)
2026-06-14 21:18:19 [INFO] 

number id: 115
2026-06-14 21:18:46 [INFO] error (tool_hit=0)
2026-06-14 21:18:46 [INFO] 

number id: 116
2026-06-14 21:19:08 [INFO] error (tool_hit=0)
2026-06-14 21:19:08 [INFO] 

number id: 117
2026-06-14 21:19:48 [INFO] error (tool_hit=0)
2026-06-14 21:19:48 [INFO] 

number id: 118
2026-06-14 21:20:00 [INFO] correct (tool_hit=0)
2026-06-14 21:20:00 [INFO] 

number id: 119
2026-06-14 21:20:45 [INFO] error (tool_hit=0)
2026-06-14 21:20:45 [INFO] 

number id: 120
2026-06-14 21:20:55 [INFO] correct (tool_hit=0)
2026-06-14 21:20:55 [INFO] 

number id: 121
2026-06-14 21:21:22 [INFO] error (tool_hit=0)
2026-06-14 21:21:22 [INFO] 

number id: 122
2026-06-14 21:21:58 [INFO] correct (tool_hit=0)
2026-06-14 21:21:58 [INFO] 

number id: 123
2026-06-14 21:22:17 [INFO] error (tool_hit=0)
2026-06-14 21:22:17 [INFO] 

number id: 124
2026-06-14 21:22:59 [INFO] correct (tool_hit=0)
2026-06-14 21:22:59 [INFO] 

number id: 125
2026-06-14 21:23:29 [INFO] correct (tool_hit=0)
2026-06-14 21:23:29 [INFO] 

number id: 126
2026-06-14 21:23:38 [INFO] correct (tool_hit=0)
2026-06-14 21:23:38 [INFO] 

number id: 127
2026-06-14 21:24:04 [INFO] correct (tool_hit=0)
2026-06-14 21:24:04 [INFO] 

number id: 128
2026-06-14 21:24:12 [INFO] correct (tool_hit=0)
2026-06-14 21:24:12 [INFO] 

number id: 129
2026-06-14 21:24:48 [INFO] error (tool_hit=0)
2026-06-14 21:24:48 [INFO] 

number id: 130
2026-06-14 21:24:58 [INFO] correct (tool_hit=0)
2026-06-14 21:24:58 [INFO] 

number id: 131
2026-06-14 21:25:16 [INFO] error (tool_hit=0)
2026-06-14 21:25:16 [INFO] 

number id: 132
2026-06-14 21:25:28 [INFO] error (tool_hit=0)
2026-06-14 21:25:28 [INFO] 

number id: 133
2026-06-14 21:25:38 [INFO] correct (tool_hit=0)
2026-06-14 21:25:38 [INFO] 

number id: 134
2026-06-14 21:26:07 [INFO] error (tool_hit=0)
2026-06-14 21:26:07 [INFO] 

number id: 135
2026-06-14 21:26:26 [INFO] correct (tool_hit=0)
2026-06-14 21:26:26 [INFO] 

number id: 136
2026-06-14 21:27:11 [INFO] error (tool_hit=0)
2026-06-14 21:27:11 [INFO] 

number id: 137
2026-06-14 21:27:55 [INFO] error (tool_hit=0)
2026-06-14 21:27:55 [INFO] 

number id: 138
2026-06-14 21:29:24 [INFO] error (tool_hit=0)
2026-06-14 21:29:24 [INFO] 

number id: 139
2026-06-14 21:30:13 [INFO] error (tool_hit=0)
2026-06-14 21:30:13 [INFO] 

number id: 140
2026-06-14 21:30:35 [INFO] correct (tool_hit=0)
2026-06-14 21:30:35 [INFO] 

number id: 141
2026-06-14 21:31:20 [INFO] correct (tool_hit=0)
2026-06-14 21:31:20 [INFO] 

number id: 142
2026-06-14 21:31:43 [INFO] correct (tool_hit=0)
2026-06-14 21:31:43 [INFO] 

number id: 143
2026-06-14 21:32:14 [INFO] error (tool_hit=0)
2026-06-14 21:32:14 [INFO] 

number id: 144
2026-06-14 21:32:41 [INFO] error (tool_hit=0)
2026-06-14 21:32:41 [INFO] 

number id: 145
2026-06-14 21:32:47 [INFO] correct (tool_hit=0)
2026-06-14 21:32:47 [INFO] 

number id: 146
2026-06-14 21:32:54 [INFO] correct (tool_hit=0)
2026-06-14 21:32:54 [INFO] 

number id: 147
2026-06-14 21:36:02 [INFO] error (tool_hit=0)
2026-06-14 21:36:02 [INFO] 

number id: 148
2026-06-14 21:36:06 [INFO] correct (tool_hit=0)
2026-06-14 21:36:06 [INFO] 

number id: 149
2026-06-14 21:36:18 [INFO] correct (tool_hit=0)
2026-06-14 21:36:18 [INFO] 

number id: 150
2026-06-14 21:37:21 [INFO] error (tool_hit=0)
2026-06-14 21:37:21 [INFO] 

number id: 151
2026-06-14 21:38:02 [INFO] error (tool_hit=0)
2026-06-14 21:38:02 [INFO] 

number id: 152
2026-06-14 21:38:17 [INFO] error (tool_hit=0)
2026-06-14 21:38:17 [INFO] 

number id: 153
2026-06-14 21:38:49 [INFO] error (tool_hit=0)
2026-06-14 21:38:49 [INFO] 

number id: 154
2026-06-14 21:38:58 [INFO] correct (tool_hit=0)
2026-06-14 21:38:58 [INFO] 

number id: 155
2026-06-14 21:39:39 [INFO] correct (tool_hit=0)
2026-06-14 21:39:39 [INFO] 

number id: 156
2026-06-14 21:40:17 [INFO] error (tool_hit=0)
2026-06-14 21:40:17 [INFO] 

number id: 157
2026-06-14 21:40:46 [INFO] correct (tool_hit=0)
2026-06-14 21:40:46 [INFO] 

number id: 158
2026-06-14 21:41:17 [INFO] correct (tool_hit=0)
2026-06-14 21:41:17 [INFO] 

number id: 159
2026-06-14 21:41:27 [INFO] correct (tool_hit=0)
2026-06-14 21:41:27 [INFO] 

number id: 160
2026-06-14 21:41:41 [INFO] correct (tool_hit=0)
2026-06-14 21:41:41 [INFO] 

number id: 161
2026-06-14 21:41:55 [INFO] correct (tool_hit=0)
2026-06-14 21:41:55 [INFO] 

number id: 162
2026-06-14 21:42:04 [INFO] error (tool_hit=0)
2026-06-14 21:42:04 [INFO] 

number id: 163
2026-06-14 21:42:29 [INFO] error (tool_hit=0)
2026-06-14 21:42:29 [INFO] 

number id: 164
2026-06-14 21:42:55 [INFO] correct (tool_hit=0)
2026-06-14 21:42:55 [INFO] 

number id: 165
2026-06-14 21:44:57 [INFO] error (tool_hit=0)
2026-06-14 21:44:57 [INFO] 

number id: 166
2026-06-14 21:45:20 [INFO] correct (tool_hit=0)
2026-06-14 21:45:20 [INFO] 

number id: 167
2026-06-14 21:45:31 [INFO] correct (tool_hit=0)
2026-06-14 21:45:31 [INFO] 

number id: 168
2026-06-14 21:46:07 [INFO] error (tool_hit=0)
2026-06-14 21:46:07 [INFO] 

number id: 169
2026-06-14 21:46:31 [INFO] correct (tool_hit=0)
2026-06-14 21:46:31 [INFO] 

number id: 170
2026-06-14 21:46:48 [INFO] correct (tool_hit=0)
2026-06-14 21:46:48 [INFO] 

number id: 171
2026-06-14 21:47:14 [INFO] error (tool_hit=0)
2026-06-14 21:47:14 [INFO] 

number id: 172
2026-06-14 21:47:50 [INFO] error (tool_hit=0)
2026-06-14 21:47:50 [INFO] 

number id: 173
2026-06-14 21:48:13 [INFO] correct (tool_hit=0)
2026-06-14 21:48:13 [INFO] 

number id: 174
2026-06-14 21:48:30 [INFO] correct (tool_hit=0)
2026-06-14 21:48:30 [INFO] 

number id: 175
2026-06-14 21:48:37 [INFO] correct (tool_hit=0)
2026-06-14 21:48:37 [INFO] 

number id: 176
2026-06-14 21:49:01 [INFO] error (tool_hit=0)
2026-06-14 21:49:01 [INFO] 

number id: 177
2026-06-14 21:49:25 [INFO] correct (tool_hit=0)
2026-06-14 21:49:25 [INFO] 

number id: 178
2026-06-14 21:50:08 [INFO] error (tool_hit=0)
2026-06-14 21:50:08 [INFO] 

number id: 179
2026-06-14 21:50:19 [INFO] correct (tool_hit=0)
2026-06-14 21:50:19 [INFO] 

number id: 180
2026-06-14 21:52:19 [INFO] error (tool_hit=0)
2026-06-14 21:52:19 [INFO] 

number id: 181
2026-06-14 21:52:30 [INFO] correct (tool_hit=0)
2026-06-14 21:52:30 [INFO] 

number id: 182
2026-06-14 21:52:46 [INFO] error (tool_hit=0)
2026-06-14 21:52:46 [INFO] 

number id: 183
2026-06-14 21:53:12 [INFO] correct (tool_hit=0)
2026-06-14 21:53:12 [INFO] 

number id: 184
2026-06-14 21:54:16 [INFO] error (tool_hit=0)
2026-06-14 21:54:16 [INFO] 

number id: 185
2026-06-14 21:54:57 [INFO] error (tool_hit=0)
2026-06-14 21:54:57 [INFO] 

number id: 186
2026-06-14 21:55:28 [INFO] error (tool_hit=0)
2026-06-14 21:55:28 [INFO] 

number id: 187
2026-06-14 21:55:40 [INFO] error (tool_hit=0)
2026-06-14 21:55:40 [INFO] 

number id: 188
2026-06-14 21:55:55 [INFO] correct (tool_hit=0)
2026-06-14 21:55:55 [INFO] 

number id: 189
2026-06-14 21:56:32 [INFO] error (tool_hit=0)
2026-06-14 21:56:32 [INFO] 

number id: 190
2026-06-14 21:57:30 [INFO] error (tool_hit=0)
2026-06-14 21:57:30 [INFO] 

number id: 191
2026-06-14 21:57:46 [INFO] correct (tool_hit=0)
2026-06-14 21:57:46 [INFO] 

number id: 192
2026-06-14 21:57:54 [INFO] correct (tool_hit=0)
2026-06-14 21:57:54 [INFO] 

number id: 193
2026-06-14 21:58:08 [INFO] correct (tool_hit=0)
2026-06-14 21:58:08 [INFO] 

number id: 194
2026-06-14 21:58:35 [INFO] correct (tool_hit=0)
2026-06-14 21:58:35 [INFO] 

number id: 195
2026-06-14 21:59:30 [INFO] correct (tool_hit=0)
2026-06-14 21:59:30 [INFO] 

number id: 196
2026-06-14 22:00:11 [INFO] correct (tool_hit=0)
2026-06-14 22:00:11 [INFO] 

number id: 197
2026-06-14 22:00:26 [INFO] correct (tool_hit=0)
2026-06-14 22:00:26 [INFO] 

number id: 198
2026-06-14 22:00:43 [INFO] correct (tool_hit=0)
2026-06-14 22:00:43 [INFO] 

number id: 199
2026-06-14 22:00:51 [INFO] correct (tool_hit=0)
2026-06-14 22:00:51 [INFO] 200 solving 运行耗时: 1.0h, 28.0min, 36.48204946517944s
2026-06-14 22:00:51 [INFO] Correct_Q: 113
2026-06-14 22:00:51 [INFO] False_Q: 87
2026-06-14 22:00:51 [INFO] Error_Q: 0
2026-06-14 22:00:51 [INFO] Sum_Q: 200
2026-06-14 22:00:51 [INFO] Acc: 56.50%
2026-06-14 22:00:51 [INFO] Avg_time_per_Q: 26.58s
2026-06-14 22:00:51 [INFO] Total Tokens: 264628; Total Cost: $0.77
2026-06-14 22:00:51 [INFO] ===== with_tool =====
2026-06-14 22:00:51 [INFO] 

number id: 0
2026-06-14 22:00:58 [INFO] correct (tool_hit=1)
2026-06-14 22:00:58 [INFO] 

number id: 1
2026-06-14 22:01:00 [INFO] correct (tool_hit=2)
2026-06-14 22:01:00 [INFO] 

number id: 2
2026-06-14 22:01:23 [INFO] error (tool_hit=0)
2026-06-14 22:01:23 [INFO] 

number id: 3
2026-06-14 22:01:49 [INFO] error (tool_hit=0)
2026-06-14 22:01:49 [INFO] 

number id: 4
2026-06-14 22:02:00 [INFO] correct (tool_hit=0)
2026-06-14 22:02:00 [INFO] 

number id: 5
2026-06-14 22:02:14 [INFO] correct (tool_hit=0)
2026-06-14 22:02:14 [INFO] 

number id: 6
2026-06-14 22:02:29 [INFO] correct (tool_hit=0)
2026-06-14 22:02:29 [INFO] 

number id: 7
2026-06-14 22:02:48 [INFO] error (tool_hit=0)
2026-06-14 22:02:48 [INFO] 

number id: 8
2026-06-14 22:03:39 [INFO] error (tool_hit=0)
2026-06-14 22:03:39 [INFO] 

number id: 9
2026-06-14 22:04:03 [INFO] error (tool_hit=0)
2026-06-14 22:04:03 [INFO] 

number id: 10
2026-06-14 22:04:46 [INFO] correct (tool_hit=0)
2026-06-14 22:04:46 [INFO] 

number id: 11
2026-06-14 22:05:19 [INFO] correct (tool_hit=0)
2026-06-14 22:05:19 [INFO] 

number id: 12
2026-06-14 22:05:33 [INFO] correct (tool_hit=0)
2026-06-14 22:05:33 [INFO] 

number id: 13
2026-06-14 22:05:51 [INFO] correct (tool_hit=0)
2026-06-14 22:05:51 [INFO] 

number id: 14
2026-06-14 22:06:45 [INFO] correct (tool_hit=1)
2026-06-14 22:06:45 [INFO] 

number id: 15
2026-06-14 22:07:07 [INFO] correct (tool_hit=0)
2026-06-14 22:07:07 [INFO] 

number id: 16
2026-06-14 22:07:21 [INFO] correct (tool_hit=0)
2026-06-14 22:07:21 [INFO] 

number id: 17
2026-06-14 22:07:45 [INFO] correct (tool_hit=0)
2026-06-14 22:07:45 [INFO] 

number id: 18
2026-06-14 22:08:13 [INFO] error (tool_hit=0)
2026-06-14 22:08:13 [INFO] 

number id: 19
2026-06-14 22:08:30 [INFO] correct (tool_hit=0)
2026-06-14 22:08:30 [INFO] 

number id: 20
2026-06-14 22:09:12 [INFO] error (tool_hit=0)
2026-06-14 22:09:12 [INFO] 

number id: 21
2026-06-14 22:09:33 [INFO] error (tool_hit=0)
2026-06-14 22:09:33 [INFO] 

number id: 22
2026-06-14 22:09:41 [INFO] correct (tool_hit=1)
2026-06-14 22:09:41 [INFO] 

number id: 23
2026-06-14 22:09:56 [INFO] correct (tool_hit=0)
2026-06-14 22:09:56 [INFO] 

number id: 24
2026-06-14 22:10:03 [INFO] correct (tool_hit=0)
2026-06-14 22:10:03 [INFO] 

number id: 25
2026-06-14 22:10:09 [INFO] correct (tool_hit=0)
2026-06-14 22:10:09 [INFO] 

number id: 26
2026-06-14 22:10:33 [INFO] correct (tool_hit=1)
2026-06-14 22:10:33 [INFO] 

number id: 27
2026-06-14 22:11:04 [INFO] error (tool_hit=0)
2026-06-14 22:11:04 [INFO] 

number id: 28
2026-06-14 22:11:29 [INFO] correct (tool_hit=0)
2026-06-14 22:11:29 [INFO] 

number id: 29
2026-06-14 22:12:03 [INFO] correct (tool_hit=0)
2026-06-14 22:12:03 [INFO] 

number id: 30
2026-06-14 22:12:20 [INFO] error (tool_hit=0)
2026-06-14 22:12:20 [INFO] 

number id: 31
2026-06-14 22:12:40 [INFO] correct (tool_hit=0)
2026-06-14 22:12:40 [INFO] 

number id: 32
2026-06-14 22:13:21 [INFO] error (tool_hit=0)
2026-06-14 22:13:21 [INFO] 

number id: 33
2026-06-14 22:14:01 [INFO] error (tool_hit=0)
2026-06-14 22:14:01 [INFO] 

number id: 34
2026-06-14 22:14:23 [INFO] error (tool_hit=0)
2026-06-14 22:14:23 [INFO] 

number id: 35
2026-06-14 22:14:35 [INFO] error (tool_hit=0)
2026-06-14 22:14:35 [INFO] 

number id: 36
2026-06-14 22:15:20 [INFO] correct (tool_hit=1)
2026-06-14 22:15:20 [INFO] 

number id: 37
2026-06-14 22:16:04 [INFO] correct (tool_hit=0)
2026-06-14 22:16:04 [INFO] 

number id: 38
2026-06-14 22:16:31 [INFO] correct (tool_hit=0)
2026-06-14 22:16:31 [INFO] 

number id: 39
2026-06-14 22:17:09 [INFO] correct (tool_hit=0)
2026-06-14 22:17:09 [INFO] 

number id: 40
2026-06-14 22:17:22 [INFO] correct (tool_hit=0)
2026-06-14 22:17:22 [INFO] 

number id: 41
2026-06-14 22:17:40 [INFO] correct (tool_hit=0)
2026-06-14 22:17:40 [INFO] 

number id: 42
2026-06-14 22:17:51 [INFO] correct (tool_hit=0)
2026-06-14 22:17:51 [INFO] 

number id: 43
2026-06-14 22:18:47 [INFO] correct (tool_hit=0)
2026-06-14 22:18:47 [INFO] 

number id: 44
2026-06-14 22:19:08 [INFO] error (tool_hit=2)
2026-06-14 22:19:08 [INFO] 

number id: 45
2026-06-14 22:19:27 [INFO] correct (tool_hit=0)
2026-06-14 22:19:27 [INFO] 

number id: 46
2026-06-14 22:20:05 [INFO] error (tool_hit=0)
2026-06-14 22:20:05 [INFO] 

number id: 47
2026-06-14 22:20:21 [INFO] correct (tool_hit=0)
2026-06-14 22:20:21 [INFO] 

number id: 48
2026-06-14 22:20:27 [INFO] correct (tool_hit=0)
2026-06-14 22:20:27 [INFO] 

number id: 49
2026-06-14 22:21:39 [INFO] correct (tool_hit=0)
2026-06-14 22:21:39 [INFO] 

number id: 50
2026-06-14 22:21:58 [INFO] error (tool_hit=0)
2026-06-14 22:21:58 [INFO] 

number id: 51
2026-06-14 22:22:15 [INFO] correct (tool_hit=0)
2026-06-14 22:22:15 [INFO] 

number id: 52
2026-06-14 22:22:29 [INFO] error (tool_hit=0)
2026-06-14 22:22:29 [INFO] 

number id: 53
2026-06-14 22:22:33 [INFO] error (tool_hit=0)
2026-06-14 22:22:33 [INFO] 

number id: 54
2026-06-14 22:22:55 [INFO] error (tool_hit=0)
2026-06-14 22:22:55 [INFO] 

number id: 55
2026-06-14 22:23:03 [INFO] correct (tool_hit=0)
2026-06-14 22:23:03 [INFO] 

number id: 56
2026-06-14 22:23:14 [INFO] correct (tool_hit=0)
2026-06-14 22:23:14 [INFO] 

number id: 57
2026-06-14 22:23:29 [INFO] correct (tool_hit=0)
2026-06-14 22:23:29 [INFO] 

number id: 58
2026-06-14 22:23:35 [INFO] error (tool_hit=0)
2026-06-14 22:23:35 [INFO] 

number id: 59
2026-06-14 22:24:07 [INFO] correct (tool_hit=1)
2026-06-14 22:24:07 [INFO] 

number id: 60
2026-06-14 22:24:26 [INFO] correct (tool_hit=0)
2026-06-14 22:24:26 [INFO] 

number id: 61
2026-06-14 22:24:49 [INFO] error (tool_hit=0)
2026-06-14 22:24:49 [INFO] 

number id: 62
2026-06-14 22:25:44 [INFO] error (tool_hit=0)
2026-06-14 22:25:44 [INFO] 

number id: 63
2026-06-14 22:25:59 [INFO] error (tool_hit=0)
2026-06-14 22:25:59 [INFO] 

number id: 64
2026-06-14 22:26:14 [INFO] correct (tool_hit=0)
2026-06-14 22:26:14 [INFO] 

number id: 65
2026-06-14 22:26:36 [INFO] correct (tool_hit=0)
2026-06-14 22:26:36 [INFO] 

number id: 66
2026-06-14 22:27:39 [INFO] error (tool_hit=0)
2026-06-14 22:27:39 [INFO] 

number id: 67
2026-06-14 22:28:16 [INFO] correct (tool_hit=0)
2026-06-14 22:28:16 [INFO] 

number id: 68
2026-06-14 22:29:13 [INFO] correct (tool_hit=1)
2026-06-14 22:29:13 [INFO] 

number id: 69
2026-06-14 22:29:23 [INFO] correct (tool_hit=0)
2026-06-14 22:29:23 [INFO] 

number id: 70
2026-06-14 22:29:27 [INFO] error (tool_hit=2)
2026-06-14 22:29:27 [INFO] 

number id: 71
2026-06-14 22:30:00 [INFO] correct (tool_hit=0)
2026-06-14 22:30:00 [INFO] 

number id: 72
2026-06-14 22:30:12 [INFO] correct (tool_hit=0)
2026-06-14 22:30:12 [INFO] 

number id: 73
2026-06-14 22:30:32 [INFO] error (tool_hit=0)
2026-06-14 22:30:32 [INFO] 

number id: 74
2026-06-14 22:30:54 [INFO] correct (tool_hit=0)
2026-06-14 22:30:54 [INFO] 

number id: 75
2026-06-14 22:31:16 [INFO] error (tool_hit=0)
2026-06-14 22:31:16 [INFO] 

number id: 76
2026-06-14 22:31:27 [INFO] error (tool_hit=0)
2026-06-14 22:31:27 [INFO] 

number id: 77
2026-06-14 22:31:51 [INFO] error (tool_hit=0)
2026-06-14 22:31:51 [INFO] 

number id: 78
2026-06-14 22:32:12 [INFO] error (tool_hit=0)
2026-06-14 22:32:12 [INFO] 

number id: 79
2026-06-14 22:32:36 [INFO] error (tool_hit=0)
2026-06-14 22:32:36 [INFO] 

number id: 80
2026-06-14 22:32:56 [INFO] correct (tool_hit=0)
2026-06-14 22:32:56 [INFO] 

number id: 81
2026-06-14 22:33:06 [INFO] error (tool_hit=0)
2026-06-14 22:33:06 [INFO] 

number id: 82
2026-06-14 22:33:48 [INFO] error (tool_hit=0)
2026-06-14 22:33:48 [INFO] 

number id: 83
2026-06-14 22:33:53 [INFO] correct (tool_hit=0)
2026-06-14 22:33:53 [INFO] 

number id: 84
2026-06-14 22:34:08 [INFO] correct (tool_hit=0)
2026-06-14 22:34:08 [INFO] 

number id: 85
2026-06-14 22:34:31 [INFO] error (tool_hit=0)
2026-06-14 22:34:31 [INFO] 

number id: 86
2026-06-14 22:34:42 [INFO] correct (tool_hit=0)
2026-06-14 22:34:42 [INFO] 

number id: 87
2026-06-14 22:34:50 [INFO] correct (tool_hit=1)
2026-06-14 22:34:50 [INFO] 

number id: 88
2026-06-14 22:34:55 [INFO] error (tool_hit=0)
2026-06-14 22:34:55 [INFO] 

number id: 89
2026-06-14 22:35:15 [INFO] correct (tool_hit=0)
2026-06-14 22:35:15 [INFO] 

number id: 90
2026-06-14 22:36:00 [INFO] error (tool_hit=0)
2026-06-14 22:36:00 [INFO] 

number id: 91
2026-06-14 22:36:38 [INFO] error (tool_hit=0)
2026-06-14 22:36:38 [INFO] 

number id: 92
2026-06-14 22:36:49 [INFO] correct (tool_hit=0)
2026-06-14 22:36:49 [INFO] 

number id: 93
2026-06-14 22:37:14 [INFO] correct (tool_hit=0)
2026-06-14 22:37:14 [INFO] 

number id: 94
2026-06-14 22:37:26 [INFO] correct (tool_hit=0)
2026-06-14 22:37:26 [INFO] 

number id: 95
2026-06-14 22:38:15 [INFO] error (tool_hit=0)
2026-06-14 22:38:15 [INFO] 

number id: 96
2026-06-14 22:38:29 [INFO] error (tool_hit=0)
2026-06-14 22:38:29 [INFO] 

number id: 97
2026-06-14 22:38:49 [INFO] correct (tool_hit=0)
2026-06-14 22:38:49 [INFO] 

number id: 98
2026-06-14 22:39:14 [INFO] error (tool_hit=0)
2026-06-14 22:39:14 [INFO] 

number id: 99
2026-06-14 22:39:41 [INFO] correct (tool_hit=0)
2026-06-14 22:39:41 [INFO] 

number id: 100
2026-06-14 22:39:47 [INFO] correct (tool_hit=2)
2026-06-14 22:39:47 [INFO] 

number id: 101
2026-06-14 22:40:03 [INFO] correct (tool_hit=0)
2026-06-14 22:40:03 [INFO] 

number id: 102
2026-06-14 22:40:05 [INFO] correct (tool_hit=1)
2026-06-14 22:40:05 [INFO] 

number id: 103
2026-06-14 22:40:26 [INFO] correct (tool_hit=0)
2026-06-14 22:40:26 [INFO] 

number id: 104
2026-06-14 22:40:40 [INFO] correct (tool_hit=0)
2026-06-14 22:40:40 [INFO] 

number id: 105
2026-06-14 22:40:53 [INFO] correct (tool_hit=0)
2026-06-14 22:40:53 [INFO] 

number id: 106
2026-06-14 22:41:21 [INFO] error (tool_hit=0)
2026-06-14 22:41:21 [INFO] 

number id: 107
2026-06-14 22:41:53 [INFO] error (tool_hit=0)
2026-06-14 22:41:53 [INFO] 

number id: 108
2026-06-14 22:42:08 [INFO] error (tool_hit=0)
2026-06-14 22:42:08 [INFO] 

number id: 109
2026-06-14 22:42:55 [INFO] error (tool_hit=0)
2026-06-14 22:42:55 [INFO] 

number id: 110
2026-06-14 22:43:05 [INFO] correct (tool_hit=0)
2026-06-14 22:43:05 [INFO] 

number id: 111
2026-06-14 22:43:31 [INFO] correct (tool_hit=0)
2026-06-14 22:43:31 [INFO] 

number id: 112
2026-06-14 22:43:43 [INFO] correct (tool_hit=0)
2026-06-14 22:43:43 [INFO] 

number id: 113
2026-06-14 22:43:52 [INFO] correct (tool_hit=0)
2026-06-14 22:43:52 [INFO] 

number id: 114
2026-06-14 22:44:00 [INFO] error (tool_hit=0)
2026-06-14 22:44:00 [INFO] 

number id: 115
2026-06-14 22:44:30 [INFO] error (tool_hit=1)
2026-06-14 22:44:30 [INFO] 

number id: 116
2026-06-14 22:44:44 [INFO] correct (tool_hit=3)
2026-06-14 22:44:44 [INFO] 

number id: 117
2026-06-14 22:45:16 [INFO] error (tool_hit=1)
2026-06-14 22:45:16 [INFO] 

number id: 118
2026-06-14 22:45:24 [INFO] correct (tool_hit=0)
2026-06-14 22:45:24 [INFO] 

number id: 119
2026-06-14 22:46:05 [INFO] error (tool_hit=0)
2026-06-14 22:46:05 [INFO] 

number id: 120
2026-06-14 22:46:24 [INFO] correct (tool_hit=0)
2026-06-14 22:46:24 [INFO] 

number id: 121
2026-06-14 22:46:56 [INFO] correct (tool_hit=0)
2026-06-14 22:46:56 [INFO] 

number id: 122
2026-06-14 22:47:16 [INFO] error (tool_hit=0)
2026-06-14 22:47:16 [INFO] 

number id: 123
2026-06-14 22:47:34 [INFO] error (tool_hit=0)
2026-06-14 22:47:34 [INFO] 

number id: 124
2026-06-14 22:48:25 [INFO] correct (tool_hit=0)
2026-06-14 22:48:25 [INFO] 

number id: 125
2026-06-14 22:48:54 [INFO] correct (tool_hit=0)
2026-06-14 22:48:54 [INFO] 

number id: 126
2026-06-14 22:48:57 [INFO] error (tool_hit=2)
2026-06-14 22:48:57 [INFO] 

number id: 127
2026-06-14 22:49:29 [INFO] correct (tool_hit=0)
2026-06-14 22:49:29 [INFO] 

number id: 128
2026-06-14 22:49:38 [INFO] correct (tool_hit=0)
2026-06-14 22:49:38 [INFO] 

number id: 129
2026-06-14 22:50:20 [INFO] error (tool_hit=0)
2026-06-14 22:50:20 [INFO] 

number id: 130
2026-06-14 22:50:30 [INFO] correct (tool_hit=1)
2026-06-14 22:50:30 [INFO] 

number id: 131
2026-06-14 22:50:49 [INFO] error (tool_hit=0)
2026-06-14 22:50:49 [INFO] 

number id: 132
2026-06-14 22:51:00 [INFO] error (tool_hit=0)
2026-06-14 22:51:00 [INFO] 

number id: 133
2026-06-14 22:51:09 [INFO] correct (tool_hit=0)
2026-06-14 22:51:09 [INFO] 

number id: 134
2026-06-14 22:51:24 [INFO] correct (tool_hit=0)
2026-06-14 22:51:24 [INFO] 

number id: 135
2026-06-14 22:51:38 [INFO] error (tool_hit=0)
2026-06-14 22:51:38 [INFO] 

number id: 136
2026-06-14 22:52:14 [INFO] error (tool_hit=0)
2026-06-14 22:52:14 [INFO] 

number id: 137
2026-06-14 22:52:45 [INFO] error (tool_hit=1)
2026-06-14 22:52:45 [INFO] 

number id: 138
2026-06-14 22:54:57 [INFO] error (tool_hit=0)
2026-06-14 22:54:57 [INFO] 

number id: 139
2026-06-14 22:55:25 [INFO] error (tool_hit=0)
2026-06-14 22:55:25 [INFO] 

number id: 140
2026-06-14 22:55:50 [INFO] correct (tool_hit=0)
2026-06-14 22:55:50 [INFO] 

number id: 141
2026-06-14 22:56:40 [INFO] correct (tool_hit=0)
2026-06-14 22:56:40 [INFO] 

number id: 142
2026-06-14 22:56:57 [INFO] error (tool_hit=0)
2026-06-14 22:56:57 [INFO] 

number id: 143
2026-06-14 22:57:22 [INFO] error (tool_hit=0)
2026-06-14 22:57:22 [INFO] 

number id: 144
2026-06-14 22:57:45 [INFO] correct (tool_hit=1)
2026-06-14 22:57:45 [INFO] 

number id: 145
2026-06-14 22:57:50 [INFO] correct (tool_hit=0)
2026-06-14 22:57:50 [INFO] 

number id: 146
2026-06-14 22:58:01 [INFO] correct (tool_hit=0)
2026-06-14 22:58:01 [INFO] 

number id: 147
2026-06-14 23:00:14 [INFO] error (tool_hit=2)
2026-06-14 23:00:14 [INFO] 

number id: 148
2026-06-14 23:00:19 [INFO] correct (tool_hit=0)
2026-06-14 23:00:19 [INFO] 

number id: 149
2026-06-14 23:00:24 [INFO] correct (tool_hit=0)
2026-06-14 23:00:24 [INFO] 

number id: 150
2026-06-14 23:01:29 [INFO] error (tool_hit=0)
2026-06-14 23:01:29 [INFO] 

number id: 151
2026-06-14 23:02:13 [INFO] error (tool_hit=0)
2026-06-14 23:02:13 [INFO] 

number id: 152
2026-06-14 23:02:31 [INFO] correct (tool_hit=0)
2026-06-14 23:02:31 [INFO] 

number id: 153
2026-06-14 23:02:54 [INFO] error (tool_hit=0)
2026-06-14 23:02:54 [INFO] 

number id: 154
2026-06-14 23:03:02 [INFO] correct (tool_hit=0)
2026-06-14 23:03:02 [INFO] 

number id: 155
2026-06-14 23:03:31 [INFO] error (tool_hit=0)
2026-06-14 23:03:31 [INFO] 

number id: 156
2026-06-14 23:04:09 [INFO] error (tool_hit=0)
2026-06-14 23:04:09 [INFO] 

number id: 157
2026-06-14 23:04:24 [INFO] correct (tool_hit=0)
2026-06-14 23:04:24 [INFO] 

number id: 158
2026-06-14 23:04:59 [INFO] correct (tool_hit=0)
2026-06-14 23:04:59 [INFO] 

number id: 159
2026-06-14 23:05:09 [INFO] correct (tool_hit=0)
2026-06-14 23:05:09 [INFO] 

number id: 160
2026-06-14 23:05:26 [INFO] correct (tool_hit=0)
2026-06-14 23:05:26 [INFO] 

number id: 161
2026-06-14 23:05:41 [INFO] correct (tool_hit=0)
2026-06-14 23:05:41 [INFO] 

number id: 162
2026-06-14 23:05:53 [INFO] correct (tool_hit=0)
2026-06-14 23:05:53 [INFO] 

number id: 163
2026-06-14 23:06:17 [INFO] correct (tool_hit=0)
2026-06-14 23:06:17 [INFO] 

number id: 164
2026-06-14 23:06:44 [INFO] error (tool_hit=0)
2026-06-14 23:06:44 [INFO] 

number id: 165
2026-06-14 23:09:07 [INFO] correct (tool_hit=0)
2026-06-14 23:09:07 [INFO] 

number id: 166
2026-06-14 23:09:22 [INFO] error (tool_hit=0)
2026-06-14 23:09:22 [INFO] 

number id: 167
2026-06-14 23:09:34 [INFO] error (tool_hit=0)
2026-06-14 23:09:34 [INFO] 

number id: 168
2026-06-14 23:10:06 [INFO] error (tool_hit=0)
2026-06-14 23:10:06 [INFO] 

number id: 169
2026-06-14 23:10:30 [INFO] error (tool_hit=0)
2026-06-14 23:10:30 [INFO] 

number id: 170
2026-06-14 23:10:50 [INFO] error (tool_hit=0)
2026-06-14 23:10:50 [INFO] 

number id: 171
2026-06-14 23:11:10 [INFO] correct (tool_hit=0)
2026-06-14 23:11:10 [INFO] 

number id: 172
2026-06-14 23:11:49 [INFO] correct (tool_hit=0)
2026-06-14 23:11:49 [INFO] 

number id: 173
2026-06-14 23:11:58 [INFO] correct (tool_hit=1)
2026-06-14 23:11:58 [INFO] 

number id: 174
2026-06-14 23:12:20 [INFO] correct (tool_hit=0)
2026-06-14 23:12:20 [INFO] 

number id: 175
2026-06-14 23:12:27 [INFO] correct (tool_hit=0)
2026-06-14 23:12:27 [INFO] 

number id: 176
2026-06-14 23:12:51 [INFO] error (tool_hit=1)
2026-06-14 23:12:51 [INFO] 

number id: 177
2026-06-14 23:13:21 [INFO] error (tool_hit=0)
2026-06-14 23:13:21 [INFO] 

number id: 178
2026-06-14 23:13:55 [INFO] correct (tool_hit=1)
2026-06-14 23:13:55 [INFO] 

number id: 179
2026-06-14 23:14:04 [INFO] correct (tool_hit=0)
2026-06-14 23:14:04 [INFO] 

number id: 180
2026-06-14 23:16:26 [INFO] correct (tool_hit=0)
2026-06-14 23:16:26 [INFO] 

number id: 181
2026-06-14 23:16:34 [INFO] error (tool_hit=0)
2026-06-14 23:16:34 [INFO] 

number id: 182
2026-06-14 23:16:46 [INFO] error (tool_hit=0)
2026-06-14 23:16:46 [INFO] 

number id: 183
2026-06-14 23:17:12 [INFO] correct (tool_hit=0)
2026-06-14 23:17:12 [INFO] 

number id: 184
2026-06-14 23:18:10 [INFO] error (tool_hit=0)
2026-06-14 23:18:10 [INFO] 

number id: 185
2026-06-14 23:18:25 [INFO] correct (tool_hit=2)
2026-06-14 23:18:25 [INFO] 

number id: 186
2026-06-14 23:18:48 [INFO] correct (tool_hit=0)
2026-06-14 23:18:48 [INFO] 

number id: 187
2026-06-14 23:19:01 [INFO] error (tool_hit=0)
2026-06-14 23:19:01 [INFO] 

number id: 188
2026-06-14 23:19:14 [INFO] correct (tool_hit=0)
2026-06-14 23:19:14 [INFO] 

number id: 189
2026-06-14 23:19:51 [INFO] correct (tool_hit=0)
2026-06-14 23:19:51 [INFO] 

number id: 190
2026-06-14 23:20:43 [INFO] correct (tool_hit=1)
2026-06-14 23:20:43 [INFO] 

number id: 191
2026-06-14 23:20:58 [INFO] correct (tool_hit=1)
2026-06-14 23:20:58 [INFO] 

number id: 192
2026-06-14 23:21:06 [INFO] error (tool_hit=0)
2026-06-14 23:21:06 [INFO] 

number id: 193
2026-06-14 23:21:17 [INFO] correct (tool_hit=0)
2026-06-14 23:21:17 [INFO] 

number id: 194
2026-06-14 23:21:59 [INFO] error (tool_hit=0)
2026-06-14 23:21:59 [INFO] 

number id: 195
2026-06-14 23:22:40 [INFO] correct (tool_hit=0)
2026-06-14 23:22:40 [INFO] 

number id: 196
2026-06-14 23:23:15 [INFO] correct (tool_hit=0)
2026-06-14 23:23:15 [INFO] 

number id: 197
2026-06-14 23:23:29 [INFO] correct (tool_hit=0)
2026-06-14 23:23:29 [INFO] 

number id: 198
2026-06-14 23:23:53 [INFO] error (tool_hit=0)
2026-06-14 23:23:53 [INFO] 

number id: 199
2026-06-14 23:23:59 [INFO] correct (tool_hit=0)
2026-06-14 23:23:59 [INFO] 200 solving 运行耗时: 1.0h, 23.0min, 7.259365081787109s
2026-06-14 23:23:59 [INFO] Correct_Q: 117
2026-06-14 23:23:59 [INFO] False_Q: 83
2026-06-14 23:23:59 [INFO] Error_Q: 0
2026-06-14 23:23:59 [INFO] Sum_Q: 200
2026-06-14 23:23:59 [INFO] Acc: 58.50%
2026-06-14 23:23:59 [INFO] Avg_time_per_Q: 24.94s
2026-06-14 23:23:59 [INFO] Total Tokens: 257550; Total Cost: $0.75
2026-06-14 23:23:59 [INFO] Round 3 | no_tool: Acc=113/200, Avg_time=26.58s
2026-06-14 23:23:59 [INFO] Round 3 | with_tool: Acc=117/200, Avg_time=24.94s
