2026-06-14 02:29:03 [INFO] ===== Round 2/5 =====
2026-06-14 02:29:03 [INFO] ===== no_tool =====
2026-06-14 02:29:03 [INFO] 

number id: 0
2026-06-14 02:29:15 [INFO] correct (tool_hit=0)
2026-06-14 02:29:15 [INFO] 

number id: 1
2026-06-14 02:29:23 [INFO] correct (tool_hit=0)
2026-06-14 02:29:23 [INFO] 

number id: 2
2026-06-14 02:29:53 [INFO] error (tool_hit=0)
2026-06-14 02:29:53 [INFO] 

number id: 3
2026-06-14 02:30:27 [INFO] error (tool_hit=0)
2026-06-14 02:30:27 [INFO] 

number id: 4
2026-06-14 02:30:38 [INFO] correct (tool_hit=0)
2026-06-14 02:30:38 [INFO] 

number id: 5
2026-06-14 02:30:59 [INFO] correct (tool_hit=0)
2026-06-14 02:30:59 [INFO] 

number id: 6
2026-06-14 02:31:32 [INFO] error (tool_hit=0)
2026-06-14 02:31:32 [INFO] 

number id: 7
2026-06-14 02:31:57 [INFO] error (tool_hit=0)
2026-06-14 02:31:57 [INFO] 

number id: 8
2026-06-14 02:33:13 [INFO] error (tool_hit=0)
2026-06-14 02:33:13 [INFO] 

number id: 9
2026-06-14 02:34:07 [INFO] error (tool_hit=0)
2026-06-14 02:34:07 [INFO] 

number id: 10
2026-06-14 02:35:04 [INFO] correct (tool_hit=0)
2026-06-14 02:35:04 [INFO] 

number id: 11
2026-06-14 02:35:30 [INFO] error (tool_hit=0)
2026-06-14 02:35:30 [INFO] 

number id: 12
2026-06-14 02:35:48 [INFO] correct (tool_hit=0)
2026-06-14 02:35:48 [INFO] 

number id: 13
2026-06-14 02:36:09 [INFO] correct (tool_hit=0)
2026-06-14 02:36:09 [INFO] 

number id: 14
2026-06-14 02:37:24 [INFO] correct (tool_hit=0)
2026-06-14 02:37:24 [INFO] 

number id: 15
2026-06-14 02:37:51 [INFO] error (tool_hit=0)
2026-06-14 02:37:51 [INFO] 

number id: 16
2026-06-14 02:38:11 [INFO] error (tool_hit=0)
2026-06-14 02:38:11 [INFO] 

number id: 17
2026-06-14 02:38:37 [INFO] error (tool_hit=0)
2026-06-14 02:38:37 [INFO] 

number id: 18
2026-06-14 02:39:12 [INFO] correct (tool_hit=0)
2026-06-14 02:39:12 [INFO] 

number id: 19
2026-06-14 02:39:26 [INFO] correct (tool_hit=0)
2026-06-14 02:39:26 [INFO] 

number id: 20
2026-06-14 02:40:38 [INFO] error (tool_hit=0)
2026-06-14 02:40:38 [INFO] 

number id: 21
2026-06-14 02:41:06 [INFO] error (tool_hit=0)
2026-06-14 02:41:06 [INFO] 

number id: 22
2026-06-14 02:41:14 [INFO] error (tool_hit=0)
2026-06-14 02:41:14 [INFO] 

number id: 23
2026-06-14 02:41:31 [INFO] correct (tool_hit=0)
2026-06-14 02:41:31 [INFO] 

number id: 24
2026-06-14 02:41:41 [INFO] correct (tool_hit=0)
2026-06-14 02:41:41 [INFO] 

number id: 25
2026-06-14 02:41:50 [INFO] correct (tool_hit=0)
2026-06-14 02:41:50 [INFO] 

number id: 26
2026-06-14 02:42:17 [INFO] correct (tool_hit=0)
2026-06-14 02:42:17 [INFO] 

number id: 27
2026-06-14 02:43:26 [INFO] correct (tool_hit=0)
2026-06-14 02:43:26 [INFO] 

number id: 28
2026-06-14 02:43:48 [INFO] correct (tool_hit=0)
2026-06-14 02:43:48 [INFO] 

number id: 29
2026-06-14 02:44:49 [INFO] correct (tool_hit=0)
2026-06-14 02:44:49 [INFO] 

number id: 30
2026-06-14 02:45:26 [INFO] correct (tool_hit=0)
2026-06-14 02:45:26 [INFO] 

number id: 31
2026-06-14 02:46:02 [INFO] correct (tool_hit=0)
2026-06-14 02:46:02 [INFO] 

number id: 32
2026-06-14 02:47:04 [INFO] error (tool_hit=0)
2026-06-14 02:47:04 [INFO] 

number id: 33
2026-06-14 02:47:49 [INFO] error (tool_hit=0)
2026-06-14 02:47:49 [INFO] 

number id: 34
2026-06-14 02:48:10 [INFO] error (tool_hit=0)
2026-06-14 02:48:10 [INFO] 

number id: 35
2026-06-14 02:48:32 [INFO] error (tool_hit=0)
2026-06-14 02:48:32 [INFO] 

number id: 36
2026-06-14 02:49:32 [INFO] error (tool_hit=0)
2026-06-14 02:49:32 [INFO] 

number id: 37
2026-06-14 02:50:17 [INFO] correct (tool_hit=0)
2026-06-14 02:50:17 [INFO] 

number id: 38
2026-06-14 02:50:46 [INFO] error (tool_hit=0)
2026-06-14 02:50:46 [INFO] 

number id: 39
2026-06-14 02:51:28 [INFO] correct (tool_hit=0)
2026-06-14 02:51:28 [INFO] 

number id: 40
2026-06-14 02:51:54 [INFO] error (tool_hit=0)
2026-06-14 02:51:54 [INFO] 

number id: 41
2026-06-14 02:52:11 [INFO] correct (tool_hit=0)
2026-06-14 02:52:11 [INFO] 

number id: 42
2026-06-14 02:52:22 [INFO] correct (tool_hit=0)
2026-06-14 02:52:22 [INFO] 

number id: 43
2026-06-14 02:53:02 [INFO] error (tool_hit=0)
2026-06-14 02:53:02 [INFO] 

number id: 44
2026-06-14 02:53:29 [INFO] error (tool_hit=0)
2026-06-14 02:53:29 [INFO] 

number id: 45
2026-06-14 02:53:50 [INFO] correct (tool_hit=0)
2026-06-14 02:53:50 [INFO] 

number id: 46
2026-06-14 02:54:23 [INFO] error (tool_hit=0)
2026-06-14 02:54:23 [INFO] 

number id: 47
2026-06-14 02:54:46 [INFO] correct (tool_hit=0)
2026-06-14 02:54:46 [INFO] 

number id: 48
2026-06-14 02:54:58 [INFO] correct (tool_hit=0)
2026-06-14 02:54:58 [INFO] 

number id: 49
2026-06-14 02:57:03 [INFO] correct (tool_hit=0)
2026-06-14 02:57:03 [INFO] 

number id: 50
2026-06-14 02:57:42 [INFO] error (tool_hit=0)
2026-06-14 02:57:42 [INFO] 

number id: 51
2026-06-14 02:57:56 [INFO] error (tool_hit=0)
2026-06-14 02:57:56 [INFO] 

number id: 52
2026-06-14 02:58:18 [INFO] error (tool_hit=0)
2026-06-14 02:58:18 [INFO] 

number id: 53
2026-06-14 02:58:23 [INFO] correct (tool_hit=0)
2026-06-14 02:58:23 [INFO] 

number id: 54
2026-06-14 02:59:03 [INFO] error (tool_hit=0)
2026-06-14 02:59:03 [INFO] 

number id: 55
2026-06-14 02:59:10 [INFO] correct (tool_hit=0)
2026-06-14 02:59:10 [INFO] 

number id: 56
2026-06-14 02:59:24 [INFO] correct (tool_hit=0)
2026-06-14 02:59:24 [INFO] 

number id: 57
2026-06-14 02:59:37 [INFO] correct (tool_hit=0)
2026-06-14 02:59:37 [INFO] 

number id: 58
2026-06-14 02:59:43 [INFO] correct (tool_hit=0)
2026-06-14 02:59:43 [INFO] 

number id: 59
2026-06-14 03:00:53 [INFO] error (tool_hit=0)
2026-06-14 03:00:53 [INFO] 

number id: 60
2026-06-14 03:01:09 [INFO] correct (tool_hit=0)
2026-06-14 03:01:09 [INFO] 

number id: 61
2026-06-14 03:01:40 [INFO] error (tool_hit=0)
2026-06-14 03:01:40 [INFO] 

number id: 62
2026-06-14 03:02:40 [INFO] error (tool_hit=0)
2026-06-14 03:02:40 [INFO] 

number id: 63
2026-06-14 03:03:01 [INFO] correct (tool_hit=0)
2026-06-14 03:03:01 [INFO] 

number id: 64
2026-06-14 03:03:14 [INFO] correct (tool_hit=0)
2026-06-14 03:03:14 [INFO] 

number id: 65
2026-06-14 03:03:34 [INFO] correct (tool_hit=0)
2026-06-14 03:03:34 [INFO] 

number id: 66
2026-06-14 03:04:20 [INFO] correct (tool_hit=0)
2026-06-14 03:04:20 [INFO] 

number id: 67
2026-06-14 03:05:17 [INFO] correct (tool_hit=0)
2026-06-14 03:05:17 [INFO] 

number id: 68
2026-06-14 03:05:58 [INFO] correct (tool_hit=0)
2026-06-14 03:05:58 [INFO] 

number id: 69
2026-06-14 03:06:07 [INFO] correct (tool_hit=0)
2026-06-14 03:06:07 [INFO] 

number id: 70
2026-06-14 03:06:18 [INFO] error (tool_hit=0)
2026-06-14 03:06:18 [INFO] 

number id: 71
2026-06-14 03:06:52 [INFO] error (tool_hit=0)
2026-06-14 03:06:52 [INFO] 

number id: 72
2026-06-14 03:07:07 [INFO] correct (tool_hit=0)
2026-06-14 03:07:07 [INFO] 

number id: 73
2026-06-14 03:07:36 [INFO] error (tool_hit=0)
2026-06-14 03:07:36 [INFO] 

number id: 74
2026-06-14 03:07:57 [INFO] correct (tool_hit=0)
2026-06-14 03:07:57 [INFO] 

number id: 75
2026-06-14 03:08:24 [INFO] error (tool_hit=0)
2026-06-14 03:08:24 [INFO] 

number id: 76
2026-06-14 03:08:37 [INFO] correct (tool_hit=0)
2026-06-14 03:08:37 [INFO] 

number id: 77
2026-06-14 03:09:06 [INFO] correct (tool_hit=0)
2026-06-14 03:09:06 [INFO] 

number id: 78
2026-06-14 03:09:37 [INFO] error (tool_hit=0)
2026-06-14 03:09:37 [INFO] 

number id: 79
2026-06-14 03:10:09 [INFO] correct (tool_hit=0)
2026-06-14 03:10:09 [INFO] 

number id: 80
2026-06-14 03:10:39 [INFO] error (tool_hit=0)
2026-06-14 03:10:39 [INFO] 

number id: 81
2026-06-14 03:10:50 [INFO] correct (tool_hit=0)
2026-06-14 03:10:50 [INFO] 

number id: 82
2026-06-14 03:11:38 [INFO] correct (tool_hit=0)
2026-06-14 03:11:38 [INFO] 

number id: 83
2026-06-14 03:11:48 [INFO] error (tool_hit=0)
2026-06-14 03:11:48 [INFO] 

number id: 84
2026-06-14 03:12:06 [INFO] correct (tool_hit=0)
2026-06-14 03:12:06 [INFO] 

number id: 85
2026-06-14 03:12:38 [INFO] error (tool_hit=0)
2026-06-14 03:12:38 [INFO] 

number id: 86
2026-06-14 03:12:53 [INFO] correct (tool_hit=0)
2026-06-14 03:12:53 [INFO] 

number id: 87
2026-06-14 03:13:01 [INFO] correct (tool_hit=0)
2026-06-14 03:13:01 [INFO] 

number id: 88
2026-06-14 03:13:11 [INFO] correct (tool_hit=0)
2026-06-14 03:13:11 [INFO] 

number id: 89
2026-06-14 03:13:45 [INFO] correct (tool_hit=0)
2026-06-14 03:13:45 [INFO] 

number id: 90
2026-06-14 03:14:52 [INFO] error (tool_hit=0)
2026-06-14 03:14:52 [INFO] 

number id: 91
2026-06-14 03:15:40 [INFO] error (tool_hit=0)
2026-06-14 03:15:40 [INFO] 

number id: 92
2026-06-14 03:15:49 [INFO] correct (tool_hit=0)
2026-06-14 03:15:49 [INFO] 

number id: 93
2026-06-14 03:16:24 [INFO] error (tool_hit=0)
2026-06-14 03:16:24 [INFO] 

number id: 94
2026-06-14 03:16:40 [INFO] correct (tool_hit=0)
2026-06-14 03:16:40 [INFO] 

number id: 95
2026-06-14 03:17:33 [INFO] correct (tool_hit=0)
2026-06-14 03:17:33 [INFO] 

number id: 96
2026-06-14 03:17:48 [INFO] correct (tool_hit=0)
2026-06-14 03:17:48 [INFO] 

number id: 97
2026-06-14 03:18:20 [INFO] error (tool_hit=0)
2026-06-14 03:18:20 [INFO] 

number id: 98
2026-06-14 03:18:49 [INFO] correct (tool_hit=0)
2026-06-14 03:18:49 [INFO] 

number id: 99
2026-06-14 03:19:19 [INFO] correct (tool_hit=0)
2026-06-14 03:19:19 [INFO] 

number id: 100
2026-06-14 03:19:30 [INFO] correct (tool_hit=0)
2026-06-14 03:19:30 [INFO] 

number id: 101
2026-06-14 03:19:48 [INFO] error (tool_hit=0)
2026-06-14 03:19:48 [INFO] 

number id: 102
2026-06-14 03:19:52 [INFO] correct (tool_hit=0)
2026-06-14 03:19:52 [INFO] 

number id: 103
2026-06-14 03:20:20 [INFO] correct (tool_hit=0)
2026-06-14 03:20:20 [INFO] 

number id: 104
2026-06-14 03:20:43 [INFO] correct (tool_hit=0)
2026-06-14 03:20:43 [INFO] 

number id: 105
2026-06-14 03:20:54 [INFO] correct (tool_hit=0)
2026-06-14 03:20:54 [INFO] 

number id: 106
2026-06-14 03:21:28 [INFO] correct (tool_hit=0)
2026-06-14 03:21:28 [INFO] 

number id: 107
2026-06-14 03:22:24 [INFO] correct (tool_hit=0)
2026-06-14 03:22:24 [INFO] 

number id: 108
2026-06-14 03:22:43 [INFO] error (tool_hit=0)
2026-06-14 03:22:43 [INFO] 

number id: 109
2026-06-14 03:23:22 [INFO] error (tool_hit=0)
2026-06-14 03:23:22 [INFO] 

number id: 110
2026-06-14 03:23:34 [INFO] correct (tool_hit=0)
2026-06-14 03:23:34 [INFO] 

number id: 111
2026-06-14 03:24:04 [INFO] error (tool_hit=0)
2026-06-14 03:24:04 [INFO] 

number id: 112
2026-06-14 03:24:18 [INFO] correct (tool_hit=0)
2026-06-14 03:24:18 [INFO] 

number id: 113
2026-06-14 03:24:29 [INFO] error (tool_hit=0)
2026-06-14 03:24:29 [INFO] 

number id: 114
2026-06-14 03:24:41 [INFO] error (tool_hit=0)
2026-06-14 03:24:41 [INFO] 

number id: 115
2026-06-14 03:25:20 [INFO] error (tool_hit=0)
2026-06-14 03:25:20 [INFO] 

number id: 116
2026-06-14 03:25:49 [INFO] correct (tool_hit=0)
2026-06-14 03:25:49 [INFO] 

number id: 117
2026-06-14 03:26:33 [INFO] error (tool_hit=0)
2026-06-14 03:26:33 [INFO] 

number id: 118
2026-06-14 03:26:46 [INFO] correct (tool_hit=0)
2026-06-14 03:26:46 [INFO] 

number id: 119
2026-06-14 03:27:43 [INFO] correct (tool_hit=0)
2026-06-14 03:27:43 [INFO] 

number id: 120
2026-06-14 03:27:55 [INFO] correct (tool_hit=0)
2026-06-14 03:27:55 [INFO] 

number id: 121
2026-06-14 03:28:27 [INFO] error (tool_hit=0)
2026-06-14 03:28:27 [INFO] 

number id: 122
2026-06-14 03:29:11 [INFO] error (tool_hit=0)
2026-06-14 03:29:11 [INFO] 

number id: 123
2026-06-14 03:29:28 [INFO] error (tool_hit=0)
2026-06-14 03:29:28 [INFO] 

number id: 124
2026-06-14 03:30:21 [INFO] error (tool_hit=0)
2026-06-14 03:30:21 [INFO] 

number id: 125
2026-06-14 03:30:54 [INFO] correct (tool_hit=0)
2026-06-14 03:30:54 [INFO] 

number id: 126
2026-06-14 03:31:04 [INFO] error (tool_hit=0)
2026-06-14 03:31:04 [INFO] 

number id: 127
2026-06-14 03:31:29 [INFO] correct (tool_hit=0)
2026-06-14 03:31:29 [INFO] 

number id: 128
2026-06-14 03:31:43 [INFO] correct (tool_hit=0)
2026-06-14 03:31:43 [INFO] 

number id: 129
2026-06-14 03:32:22 [INFO] correct (tool_hit=0)
2026-06-14 03:32:22 [INFO] 

number id: 130
2026-06-14 03:32:31 [INFO] correct (tool_hit=0)
2026-06-14 03:32:31 [INFO] 

number id: 131
2026-06-14 03:32:53 [INFO] error (tool_hit=0)
2026-06-14 03:32:53 [INFO] 

number id: 132
2026-06-14 03:33:07 [INFO] correct (tool_hit=0)
2026-06-14 03:33:07 [INFO] 

number id: 133
2026-06-14 03:33:15 [INFO] error (tool_hit=0)
2026-06-14 03:33:15 [INFO] 

number id: 134
2026-06-14 03:33:38 [INFO] error (tool_hit=0)
2026-06-14 03:33:38 [INFO] 

number id: 135
2026-06-14 03:33:54 [INFO] correct (tool_hit=0)
2026-06-14 03:33:54 [INFO] 

number id: 136
2026-06-14 03:34:35 [INFO] error (tool_hit=0)
2026-06-14 03:34:35 [INFO] 

number id: 137
2026-06-14 03:35:19 [INFO] error (tool_hit=0)
2026-06-14 03:35:19 [INFO] 

number id: 138
2026-06-14 03:37:43 [INFO] error (tool_hit=0)
2026-06-14 03:37:43 [INFO] 

number id: 139
2026-06-14 03:38:10 [INFO] error (tool_hit=0)
2026-06-14 03:38:10 [INFO] 

number id: 140
2026-06-14 03:38:41 [INFO] correct (tool_hit=0)
2026-06-14 03:38:41 [INFO] 

number id: 141
2026-06-14 03:39:27 [INFO] correct (tool_hit=0)
2026-06-14 03:39:27 [INFO] 

number id: 142
2026-06-14 03:39:53 [INFO] error (tool_hit=0)
2026-06-14 03:39:53 [INFO] 

number id: 143
2026-06-14 03:40:45 [INFO] error (tool_hit=0)
2026-06-14 03:40:45 [INFO] 

number id: 144
2026-06-14 03:41:09 [INFO] correct (tool_hit=0)
2026-06-14 03:41:09 [INFO] 

number id: 145
2026-06-14 03:41:15 [INFO] correct (tool_hit=0)
2026-06-14 03:41:15 [INFO] 

number id: 146
2026-06-14 03:41:29 [INFO] correct (tool_hit=0)
2026-06-14 03:41:29 [INFO] 

number id: 147
2026-06-14 03:44:05 [INFO] error (tool_hit=0)
2026-06-14 03:44:05 [INFO] 

number id: 148
2026-06-14 03:44:10 [INFO] correct (tool_hit=0)
2026-06-14 03:44:10 [INFO] 

number id: 149
2026-06-14 03:44:18 [INFO] error (tool_hit=0)
2026-06-14 03:44:18 [INFO] 

number id: 150
2026-06-14 03:45:53 [INFO] error (tool_hit=0)
2026-06-14 03:45:53 [INFO] 

number id: 151
2026-06-14 03:46:43 [INFO] error (tool_hit=0)
2026-06-14 03:46:43 [INFO] 

number id: 152
2026-06-14 03:47:03 [INFO] error (tool_hit=0)
2026-06-14 03:47:03 [INFO] 

number id: 153
2026-06-14 03:47:28 [INFO] error (tool_hit=0)
2026-06-14 03:47:28 [INFO] 

number id: 154
2026-06-14 03:47:38 [INFO] correct (tool_hit=0)
2026-06-14 03:47:38 [INFO] 

number id: 155
2026-06-14 03:48:35 [INFO] error (tool_hit=0)
2026-06-14 03:48:35 [INFO] 

number id: 156
2026-06-14 03:49:05 [INFO] error (tool_hit=0)
2026-06-14 03:49:05 [INFO] 

number id: 157
2026-06-14 03:49:41 [INFO] error (tool_hit=0)
2026-06-14 03:49:41 [INFO] 

number id: 158
2026-06-14 03:50:33 [INFO] correct (tool_hit=0)
2026-06-14 03:50:33 [INFO] 

number id: 159
2026-06-14 03:50:43 [INFO] correct (tool_hit=0)
2026-06-14 03:50:43 [INFO] 

number id: 160
2026-06-14 03:51:04 [INFO] correct (tool_hit=0)
2026-06-14 03:51:04 [INFO] 

number id: 161
2026-06-14 03:51:29 [INFO] correct (tool_hit=0)
2026-06-14 03:51:29 [INFO] 

number id: 162
2026-06-14 03:51:45 [INFO] correct (tool_hit=0)
2026-06-14 03:51:45 [INFO] 

number id: 163
2026-06-14 03:52:11 [INFO] error (tool_hit=0)
2026-06-14 03:52:11 [INFO] 

number id: 164
2026-06-14 03:53:17 [INFO] correct (tool_hit=0)
2026-06-14 03:53:17 [INFO] 

number id: 165
2026-06-14 03:55:46 [INFO] error (tool_hit=0)
2026-06-14 03:55:46 [INFO] 

number id: 166
2026-06-14 03:56:29 [INFO] error (tool_hit=0)
2026-06-14 03:56:29 [INFO] 

number id: 167
2026-06-14 03:56:51 [INFO] correct (tool_hit=0)
2026-06-14 03:56:51 [INFO] 

number id: 168
2026-06-14 03:57:37 [INFO] error (tool_hit=0)
2026-06-14 03:57:37 [INFO] 

number id: 169
2026-06-14 03:58:15 [INFO] error (tool_hit=0)
2026-06-14 03:58:15 [INFO] 

number id: 170
2026-06-14 03:58:42 [INFO] correct (tool_hit=0)
2026-06-14 03:58:42 [INFO] 

number id: 171
2026-06-14 03:59:06 [INFO] error (tool_hit=0)
2026-06-14 03:59:06 [INFO] 

number id: 172
2026-06-14 03:59:44 [INFO] correct (tool_hit=0)
2026-06-14 03:59:44 [INFO] 

number id: 173
2026-06-14 04:00:08 [INFO] correct (tool_hit=0)
2026-06-14 04:00:08 [INFO] 

number id: 174
2026-06-14 04:00:22 [INFO] correct (tool_hit=0)
2026-06-14 04:00:22 [INFO] 

number id: 175
2026-06-14 04:00:26 [INFO] correct (tool_hit=0)
2026-06-14 04:00:26 [INFO] 

number id: 176
2026-06-14 04:00:53 [INFO] error (tool_hit=0)
2026-06-14 04:00:53 [INFO] 

number id: 177
2026-06-14 04:01:22 [INFO] error (tool_hit=0)
2026-06-14 04:01:22 [INFO] 

number id: 178
2026-06-14 04:02:19 [INFO] error (tool_hit=0)
2026-06-14 04:02:19 [INFO] 

number id: 179
2026-06-14 04:02:33 [INFO] correct (tool_hit=0)
2026-06-14 04:02:33 [INFO] 

number id: 180
2026-06-14 04:05:41 [INFO] error (tool_hit=0)
2026-06-14 04:05:41 [INFO] 

number id: 181
2026-06-14 04:05:52 [INFO] error (tool_hit=0)
2026-06-14 04:05:52 [INFO] 

number id: 182
2026-06-14 04:06:25 [INFO] correct (tool_hit=0)
2026-06-14 04:06:25 [INFO] 

number id: 183
2026-06-14 04:06:47 [INFO] error (tool_hit=0)
2026-06-14 04:06:47 [INFO] 

number id: 184
2026-06-14 04:08:05 [INFO] error (tool_hit=0)
2026-06-14 04:08:05 [INFO] 

number id: 185
2026-06-14 04:08:49 [INFO] error (tool_hit=0)
2026-06-14 04:08:49 [INFO] 

number id: 186
2026-06-14 04:09:25 [INFO] correct (tool_hit=0)
2026-06-14 04:09:25 [INFO] 

number id: 187
2026-06-14 04:09:45 [INFO] error (tool_hit=0)
2026-06-14 04:09:45 [INFO] 

number id: 188
2026-06-14 04:10:08 [INFO] correct (tool_hit=0)
2026-06-14 04:10:08 [INFO] 

number id: 189
2026-06-14 04:11:03 [INFO] correct (tool_hit=0)
2026-06-14 04:11:03 [INFO] 

number id: 190
2026-06-14 04:11:58 [INFO] error (tool_hit=0)
2026-06-14 04:11:58 [INFO] 

number id: 191
2026-06-14 04:12:18 [INFO] error (tool_hit=0)
2026-06-14 04:12:18 [INFO] 

number id: 192
2026-06-14 04:12:30 [INFO] correct (tool_hit=0)
2026-06-14 04:12:30 [INFO] 

number id: 193
2026-06-14 04:12:43 [INFO] correct (tool_hit=0)
2026-06-14 04:12:43 [INFO] 

number id: 194
2026-06-14 04:13:29 [INFO] error (tool_hit=0)
2026-06-14 04:13:29 [INFO] 

number id: 195
2026-06-14 04:14:42 [INFO] correct (tool_hit=0)
2026-06-14 04:14:42 [INFO] 

number id: 196
2026-06-14 04:15:38 [INFO] correct (tool_hit=0)
2026-06-14 04:15:38 [INFO] 

number id: 197
2026-06-14 04:16:04 [INFO] correct (tool_hit=0)
2026-06-14 04:16:04 [INFO] 

number id: 198
2026-06-14 04:16:25 [INFO] correct (tool_hit=0)
2026-06-14 04:16:25 [INFO] 

number id: 199
2026-06-14 04:16:32 [INFO] correct (tool_hit=0)
2026-06-14 04:16:32 [INFO] 200 solving 运行耗时: 1.0h, 47.0min, 29.111902952194214s
2026-06-14 04:16:32 [INFO] Correct_Q: 109
2026-06-14 04:16:32 [INFO] False_Q: 91
2026-06-14 04:16:32 [INFO] Error_Q: 0
2026-06-14 04:16:32 [INFO] Sum_Q: 200
2026-06-14 04:16:32 [INFO] Acc: 54.50%
2026-06-14 04:16:32 [INFO] Avg_time_per_Q: 32.25s
2026-06-14 04:16:32 [INFO] Total Tokens: 267854; Total Cost: $0.79
2026-06-14 04:16:32 [INFO] ===== with_tool =====
2026-06-14 04:16:32 [INFO] 

number id: 0
2026-06-14 04:16:40 [INFO] correct (tool_hit=1)
2026-06-14 04:16:40 [INFO] 

number id: 1
2026-06-14 04:16:48 [INFO] correct (tool_hit=0)
2026-06-14 04:16:48 [INFO] 

number id: 2
2026-06-14 04:17:20 [INFO] correct (tool_hit=0)
2026-06-14 04:17:20 [INFO] 

number id: 3
2026-06-14 04:17:48 [INFO] correct (tool_hit=0)
2026-06-14 04:17:48 [INFO] 

number id: 4
2026-06-14 04:17:59 [INFO] correct (tool_hit=0)
2026-06-14 04:17:59 [INFO] 

number id: 5
2026-06-14 04:18:32 [INFO] error (tool_hit=0)
2026-06-14 04:18:32 [INFO] 

number id: 6
2026-06-14 04:19:02 [INFO] correct (tool_hit=0)
2026-06-14 04:19:02 [INFO] 

number id: 7
2026-06-14 04:19:35 [INFO] error (tool_hit=0)
2026-06-14 04:19:35 [INFO] 

number id: 8
2026-06-14 04:20:47 [INFO] error (tool_hit=0)
2026-06-14 04:20:47 [INFO] 

number id: 9
2026-06-14 04:21:40 [INFO] error (tool_hit=0)
2026-06-14 04:21:40 [INFO] 

number id: 10
2026-06-14 04:22:31 [INFO] correct (tool_hit=0)
2026-06-14 04:22:31 [INFO] 

number id: 11
2026-06-14 04:23:06 [INFO] error (tool_hit=0)
2026-06-14 04:23:06 [INFO] 

number id: 12
2026-06-14 04:23:27 [INFO] correct (tool_hit=0)
2026-06-14 04:23:27 [INFO] 

number id: 13
2026-06-14 04:23:45 [INFO] correct (tool_hit=0)
2026-06-14 04:23:45 [INFO] 

number id: 14
2026-06-14 04:24:48 [INFO] error (tool_hit=0)
2026-06-14 04:24:48 [INFO] 

number id: 15
2026-06-14 04:25:13 [INFO] error (tool_hit=0)
2026-06-14 04:25:13 [INFO] 

number id: 16
2026-06-14 04:25:26 [INFO] correct (tool_hit=0)
2026-06-14 04:25:26 [INFO] 

number id: 17
2026-06-14 04:25:59 [INFO] error (tool_hit=0)
2026-06-14 04:25:59 [INFO] 

number id: 18
2026-06-14 04:26:45 [INFO] error (tool_hit=0)
2026-06-14 04:26:45 [INFO] 

number id: 19
2026-06-14 04:26:59 [INFO] correct (tool_hit=0)
2026-06-14 04:26:59 [INFO] 

number id: 20
2026-06-14 04:28:12 [INFO] error (tool_hit=0)
2026-06-14 04:28:12 [INFO] 

number id: 21
2026-06-14 04:28:40 [INFO] correct (tool_hit=0)
2026-06-14 04:28:40 [INFO] 

number id: 22
2026-06-14 04:28:52 [INFO] correct (tool_hit=1)
2026-06-14 04:28:52 [INFO] 

number id: 23
2026-06-14 04:29:09 [INFO] correct (tool_hit=0)
2026-06-14 04:29:09 [INFO] 

number id: 24
2026-06-14 04:29:18 [INFO] correct (tool_hit=0)
2026-06-14 04:29:18 [INFO] 

number id: 25
2026-06-14 04:29:24 [INFO] correct (tool_hit=0)
2026-06-14 04:29:24 [INFO] 

number id: 26
2026-06-14 04:29:56 [INFO] correct (tool_hit=0)
2026-06-14 04:29:56 [INFO] 

number id: 27
2026-06-14 04:30:48 [INFO] error (tool_hit=0)
2026-06-14 04:30:48 [INFO] 

number id: 28
2026-06-14 04:31:15 [INFO] correct (tool_hit=0)
2026-06-14 04:31:15 [INFO] 

number id: 29
2026-06-14 04:32:17 [INFO] error (tool_hit=0)
2026-06-14 04:32:17 [INFO] 

number id: 30
2026-06-14 04:32:46 [INFO] error (tool_hit=0)
2026-06-14 04:32:46 [INFO] 

number id: 31
2026-06-14 04:33:23 [INFO] correct (tool_hit=0)
2026-06-14 04:33:23 [INFO] 

number id: 32
2026-06-14 04:34:22 [INFO] error (tool_hit=0)
2026-06-14 04:34:22 [INFO] 

number id: 33
2026-06-14 04:35:17 [INFO] error (tool_hit=0)
2026-06-14 04:35:17 [INFO] 

number id: 34
2026-06-14 04:35:42 [INFO] error (tool_hit=0)
2026-06-14 04:35:42 [INFO] 

number id: 35
2026-06-14 04:36:05 [INFO] correct (tool_hit=0)
2026-06-14 04:36:05 [INFO] 

number id: 36
2026-06-14 04:37:21 [INFO] correct (tool_hit=0)
2026-06-14 04:37:21 [INFO] 

number id: 37
2026-06-14 04:38:19 [INFO] error (tool_hit=0)
2026-06-14 04:38:19 [INFO] 

number id: 38
2026-06-14 04:39:02 [INFO] error (tool_hit=0)
2026-06-14 04:39:02 [INFO] 

number id: 39
2026-06-14 04:39:40 [INFO] correct (tool_hit=0)
2026-06-14 04:39:40 [INFO] 

number id: 40
2026-06-14 04:39:55 [INFO] error (tool_hit=0)
2026-06-14 04:39:55 [INFO] 

number id: 41
2026-06-14 04:40:15 [INFO] correct (tool_hit=0)
2026-06-14 04:40:15 [INFO] 

number id: 42
2026-06-14 04:40:29 [INFO] correct (tool_hit=0)
2026-06-14 04:40:29 [INFO] 

number id: 43
2026-06-14 04:41:16 [INFO] correct (tool_hit=0)
2026-06-14 04:41:16 [INFO] 

number id: 44
2026-06-14 04:41:36 [INFO] error (tool_hit=2)
2026-06-14 04:41:36 [INFO] 

number id: 45
2026-06-14 04:41:50 [INFO] correct (tool_hit=0)
2026-06-14 04:41:50 [INFO] 

number id: 46
2026-06-14 04:42:48 [INFO] correct (tool_hit=0)
2026-06-14 04:42:48 [INFO] 

number id: 47
2026-06-14 04:43:25 [INFO] correct (tool_hit=0)
2026-06-14 04:43:25 [INFO] 

number id: 48
2026-06-14 04:43:33 [INFO] correct (tool_hit=0)
2026-06-14 04:43:33 [INFO] 

number id: 49
2026-06-14 04:45:58 [INFO] correct (tool_hit=0)
2026-06-14 04:45:58 [INFO] 

number id: 50
2026-06-14 04:46:35 [INFO] error (tool_hit=0)
2026-06-14 04:46:35 [INFO] 

number id: 51
2026-06-14 04:46:59 [INFO] correct (tool_hit=0)
2026-06-14 04:46:59 [INFO] 

number id: 52
2026-06-14 04:47:23 [INFO] correct (tool_hit=0)
2026-06-14 04:47:23 [INFO] 

number id: 53
2026-06-14 04:47:28 [INFO] error (tool_hit=0)
2026-06-14 04:47:28 [INFO] 

number id: 54
2026-06-14 04:47:45 [INFO] correct (tool_hit=0)
2026-06-14 04:47:45 [INFO] 

number id: 55
2026-06-14 04:47:51 [INFO] correct (tool_hit=0)
2026-06-14 04:47:51 [INFO] 

number id: 56
2026-06-14 04:48:11 [INFO] correct (tool_hit=0)
2026-06-14 04:48:11 [INFO] 

number id: 57
2026-06-14 04:48:20 [INFO] correct (tool_hit=0)
2026-06-14 04:48:20 [INFO] 

number id: 58
2026-06-14 04:48:48 [INFO] correct (tool_hit=0)
2026-06-14 04:48:48 [INFO] 

number id: 59
2026-06-14 04:49:30 [INFO] correct (tool_hit=1)
2026-06-14 04:49:30 [INFO] 

number id: 60
2026-06-14 04:49:44 [INFO] correct (tool_hit=0)
2026-06-14 04:49:44 [INFO] 

number id: 61
2026-06-14 04:50:24 [INFO] correct (tool_hit=0)
2026-06-14 04:50:24 [INFO] 

number id: 62
2026-06-14 04:51:44 [INFO] error (tool_hit=0)
2026-06-14 04:51:44 [INFO] 

number id: 63
2026-06-14 04:52:10 [INFO] correct (tool_hit=0)
2026-06-14 04:52:10 [INFO] 

number id: 64
2026-06-14 04:52:25 [INFO] correct (tool_hit=0)
2026-06-14 04:52:25 [INFO] 

number id: 65
2026-06-14 04:52:46 [INFO] error (tool_hit=0)
2026-06-14 04:52:46 [INFO] 

number id: 66
2026-06-14 04:53:55 [INFO] correct (tool_hit=0)
2026-06-14 04:53:55 [INFO] 

number id: 67
2026-06-14 04:54:39 [INFO] correct (tool_hit=0)
2026-06-14 04:54:39 [INFO] 

number id: 68
2026-06-14 04:55:45 [INFO] correct (tool_hit=1)
2026-06-14 04:55:45 [INFO] 

number id: 69
2026-06-14 04:56:00 [INFO] error (tool_hit=0)
2026-06-14 04:56:00 [INFO] 

number id: 70
2026-06-14 04:56:10 [INFO] error (tool_hit=2)
2026-06-14 04:56:10 [INFO] 

number id: 71
2026-06-14 04:56:41 [INFO] error (tool_hit=0)
2026-06-14 04:56:41 [INFO] 

number id: 72
2026-06-14 04:56:57 [INFO] correct (tool_hit=0)
2026-06-14 04:56:57 [INFO] 

number id: 73
2026-06-14 04:57:21 [INFO] error (tool_hit=0)
2026-06-14 04:57:21 [INFO] 

number id: 74
2026-06-14 04:57:48 [INFO] correct (tool_hit=0)
2026-06-14 04:57:48 [INFO] 

number id: 75
2026-06-14 04:58:14 [INFO] correct (tool_hit=0)
2026-06-14 04:58:14 [INFO] 

number id: 76
2026-06-14 04:58:24 [INFO] error (tool_hit=0)
2026-06-14 04:58:24 [INFO] 

number id: 77
2026-06-14 04:58:43 [INFO] correct (tool_hit=0)
2026-06-14 04:58:43 [INFO] 

number id: 78
2026-06-14 04:59:18 [INFO] error (tool_hit=0)
2026-06-14 04:59:18 [INFO] 

number id: 79
2026-06-14 04:59:48 [INFO] correct (tool_hit=0)
2026-06-14 04:59:48 [INFO] 

number id: 80
2026-06-14 05:00:22 [INFO] correct (tool_hit=0)
2026-06-14 05:00:22 [INFO] 

number id: 81
2026-06-14 05:00:29 [INFO] correct (tool_hit=0)
2026-06-14 05:00:29 [INFO] 

number id: 82
2026-06-14 05:01:28 [INFO] error (tool_hit=0)
2026-06-14 05:01:28 [INFO] 

number id: 83
2026-06-14 05:01:38 [INFO] error (tool_hit=0)
2026-06-14 05:01:38 [INFO] 

number id: 84
2026-06-14 05:01:56 [INFO] correct (tool_hit=0)
2026-06-14 05:01:56 [INFO] 

number id: 85
2026-06-14 05:02:24 [INFO] error (tool_hit=0)
2026-06-14 05:02:24 [INFO] 

number id: 86
2026-06-14 05:02:33 [INFO] correct (tool_hit=0)
2026-06-14 05:02:33 [INFO] 

number id: 87
2026-06-14 05:02:40 [INFO] correct (tool_hit=1)
2026-06-14 05:02:40 [INFO] 

number id: 88
2026-06-14 05:02:48 [INFO] correct (tool_hit=0)
2026-06-14 05:02:48 [INFO] 

number id: 89
2026-06-14 05:03:09 [INFO] correct (tool_hit=0)
2026-06-14 05:03:09 [INFO] 

number id: 90
2026-06-14 05:04:18 [INFO] correct (tool_hit=0)
2026-06-14 05:04:18 [INFO] 

number id: 91
2026-06-14 05:05:25 [INFO] error (tool_hit=0)
2026-06-14 05:05:25 [INFO] 

number id: 92
2026-06-14 05:05:34 [INFO] correct (tool_hit=0)
2026-06-14 05:05:34 [INFO] 

number id: 93
2026-06-14 05:06:14 [INFO] correct (tool_hit=0)
2026-06-14 05:06:14 [INFO] 

number id: 94
2026-06-14 05:06:29 [INFO] error (tool_hit=0)
2026-06-14 05:06:29 [INFO] 

number id: 95
2026-06-14 05:07:27 [INFO] error (tool_hit=0)
2026-06-14 05:07:27 [INFO] 

number id: 96
2026-06-14 05:07:39 [INFO] correct (tool_hit=0)
2026-06-14 05:07:39 [INFO] 

number id: 97
2026-06-14 05:08:05 [INFO] error (tool_hit=0)
2026-06-14 05:08:05 [INFO] 

number id: 98
2026-06-14 05:08:38 [INFO] error (tool_hit=0)
2026-06-14 05:08:38 [INFO] 

number id: 99
2026-06-14 05:09:08 [INFO] error (tool_hit=0)
2026-06-14 05:09:08 [INFO] 

number id: 100
2026-06-14 05:09:16 [INFO] correct (tool_hit=1)
2026-06-14 05:09:16 [INFO] 

number id: 101
2026-06-14 05:09:33 [INFO] correct (tool_hit=0)
2026-06-14 05:09:33 [INFO] 

number id: 102
2026-06-14 05:09:34 [INFO] error (tool_hit=1)
2026-06-14 05:09:34 [INFO] 

number id: 103
2026-06-14 05:10:00 [INFO] error (tool_hit=1)
2026-06-14 05:10:00 [INFO] 

number id: 104
2026-06-14 05:10:17 [INFO] error (tool_hit=0)
2026-06-14 05:10:17 [INFO] 

number id: 105
2026-06-14 05:10:26 [INFO] correct (tool_hit=0)
2026-06-14 05:10:26 [INFO] 

number id: 106
2026-06-14 05:11:01 [INFO] correct (tool_hit=0)
2026-06-14 05:11:01 [INFO] 

number id: 107
2026-06-14 05:11:37 [INFO] error (tool_hit=0)
2026-06-14 05:11:37 [INFO] 

number id: 108
2026-06-14 05:12:02 [INFO] error (tool_hit=0)
2026-06-14 05:12:02 [INFO] 

number id: 109
2026-06-14 05:12:53 [INFO] error (tool_hit=0)
2026-06-14 05:12:53 [INFO] 

number id: 110
2026-06-14 05:13:06 [INFO] correct (tool_hit=0)
2026-06-14 05:13:06 [INFO] 

number id: 111
2026-06-14 05:13:31 [INFO] error (tool_hit=0)
2026-06-14 05:13:31 [INFO] 

number id: 112
2026-06-14 05:13:43 [INFO] correct (tool_hit=0)
2026-06-14 05:13:43 [INFO] 

number id: 113
2026-06-14 05:13:55 [INFO] error (tool_hit=0)
2026-06-14 05:13:55 [INFO] 

number id: 114
2026-06-14 05:14:07 [INFO] error (tool_hit=0)
2026-06-14 05:14:07 [INFO] 

number id: 115
2026-06-14 05:14:52 [INFO] correct (tool_hit=0)
2026-06-14 05:14:52 [INFO] 

number id: 116
2026-06-14 05:15:02 [INFO] correct (tool_hit=2)
2026-06-14 05:15:02 [INFO] 

number id: 117
2026-06-14 05:15:38 [INFO] error (tool_hit=1)
2026-06-14 05:15:38 [INFO] 

number id: 118
2026-06-14 05:15:57 [INFO] correct (tool_hit=0)
2026-06-14 05:15:57 [INFO] 

number id: 119
2026-06-14 05:17:03 [INFO] correct (tool_hit=0)
2026-06-14 05:17:03 [INFO] 

number id: 120
2026-06-14 05:17:16 [INFO] correct (tool_hit=0)
2026-06-14 05:17:16 [INFO] 

number id: 121
2026-06-14 05:17:46 [INFO] error (tool_hit=0)
2026-06-14 05:17:46 [INFO] 

number id: 122
2026-06-14 05:18:23 [INFO] correct (tool_hit=0)
2026-06-14 05:18:23 [INFO] 

number id: 123
2026-06-14 05:18:54 [INFO] error (tool_hit=0)
2026-06-14 05:18:54 [INFO] 

number id: 124
2026-06-14 05:19:50 [INFO] error (tool_hit=0)
2026-06-14 05:19:50 [INFO] 

number id: 125
2026-06-14 05:20:28 [INFO] error (tool_hit=0)
2026-06-14 05:20:28 [INFO] 

number id: 126
2026-06-14 05:20:30 [INFO] correct (tool_hit=2)
2026-06-14 05:20:30 [INFO] 

number id: 127
2026-06-14 05:20:53 [INFO] correct (tool_hit=0)
2026-06-14 05:20:53 [INFO] 

number id: 128
2026-06-14 05:21:06 [INFO] correct (tool_hit=0)
2026-06-14 05:21:06 [INFO] 

number id: 129
2026-06-14 05:21:47 [INFO] error (tool_hit=0)
2026-06-14 05:21:47 [INFO] 

number id: 130
2026-06-14 05:21:54 [INFO] correct (tool_hit=1)
2026-06-14 05:21:54 [INFO] 

number id: 131
2026-06-14 05:22:16 [INFO] error (tool_hit=0)
2026-06-14 05:22:16 [INFO] 

number id: 132
2026-06-14 05:22:32 [INFO] correct (tool_hit=0)
2026-06-14 05:22:32 [INFO] 

number id: 133
2026-06-14 05:22:38 [INFO] correct (tool_hit=0)
2026-06-14 05:22:38 [INFO] 

number id: 134
2026-06-14 05:23:04 [INFO] correct (tool_hit=0)
2026-06-14 05:23:04 [INFO] 

number id: 135
2026-06-14 05:23:25 [INFO] error (tool_hit=0)
2026-06-14 05:23:25 [INFO] 

number id: 136
2026-06-14 05:24:09 [INFO] error (tool_hit=0)
2026-06-14 05:24:09 [INFO] 

number id: 137
2026-06-14 05:24:59 [INFO] correct (tool_hit=0)
2026-06-14 05:24:59 [INFO] 

number id: 138
2026-06-14 05:28:30 [INFO] correct (tool_hit=0)
2026-06-14 05:28:30 [INFO] 

number id: 139
2026-06-14 05:29:00 [INFO] correct (tool_hit=0)
2026-06-14 05:29:00 [INFO] 

number id: 140
2026-06-14 05:29:28 [INFO] correct (tool_hit=0)
2026-06-14 05:29:28 [INFO] 

number id: 141
2026-06-14 05:30:16 [INFO] error (tool_hit=1)
2026-06-14 05:30:16 [INFO] 

number id: 142
2026-06-14 05:30:54 [INFO] error (tool_hit=0)
2026-06-14 05:30:54 [INFO] 

number id: 143
2026-06-14 05:31:32 [INFO] error (tool_hit=0)
2026-06-14 05:31:32 [INFO] 

number id: 144
2026-06-14 05:32:03 [INFO] correct (tool_hit=0)
2026-06-14 05:32:03 [INFO] 

number id: 145
2026-06-14 05:32:15 [INFO] correct (tool_hit=0)
2026-06-14 05:32:15 [INFO] 

number id: 146
2026-06-14 05:32:25 [INFO] correct (tool_hit=0)
2026-06-14 05:32:25 [INFO] 

number id: 147
2026-06-14 05:35:04 [INFO] error (tool_hit=2)
2026-06-14 05:35:04 [INFO] 

number id: 148
2026-06-14 05:35:09 [INFO] correct (tool_hit=0)
2026-06-14 05:35:09 [INFO] 

number id: 149
2026-06-14 05:35:15 [INFO] correct (tool_hit=0)
2026-06-14 05:35:15 [INFO] 

number id: 150
2026-06-14 05:36:25 [INFO] correct (tool_hit=0)
2026-06-14 05:36:25 [INFO] 

number id: 151
2026-06-14 05:37:20 [INFO] error (tool_hit=0)
2026-06-14 05:37:20 [INFO] 

number id: 152
2026-06-14 05:37:32 [INFO] error (tool_hit=0)
2026-06-14 05:37:32 [INFO] 

number id: 153
2026-06-14 05:38:03 [INFO] error (tool_hit=0)
2026-06-14 05:38:03 [INFO] 

number id: 154
2026-06-14 05:38:13 [INFO] correct (tool_hit=0)
2026-06-14 05:38:13 [INFO] 

number id: 155
2026-06-14 05:38:47 [INFO] correct (tool_hit=0)
2026-06-14 05:38:47 [INFO] 

number id: 156
2026-06-14 05:39:24 [INFO] error (tool_hit=0)
2026-06-14 05:39:24 [INFO] 

number id: 157
2026-06-14 05:40:01 [INFO] correct (tool_hit=0)
2026-06-14 05:40:01 [INFO] 

number id: 158
2026-06-14 05:40:58 [INFO] correct (tool_hit=0)
2026-06-14 05:40:58 [INFO] 

number id: 159
2026-06-14 05:41:10 [INFO] correct (tool_hit=0)
2026-06-14 05:41:10 [INFO] 

number id: 160
2026-06-14 05:41:30 [INFO] correct (tool_hit=0)
2026-06-14 05:41:30 [INFO] 

number id: 161
2026-06-14 05:41:53 [INFO] correct (tool_hit=0)
2026-06-14 05:41:53 [INFO] 

number id: 162
2026-06-14 05:42:04 [INFO] error (tool_hit=0)
2026-06-14 05:42:04 [INFO] 

number id: 163
2026-06-14 05:42:39 [INFO] error (tool_hit=0)
2026-06-14 05:42:39 [INFO] 

number id: 164
2026-06-14 05:43:22 [INFO] error (tool_hit=0)
2026-06-14 05:43:22 [INFO] 

number id: 165
2026-06-14 05:45:07 [INFO] correct (tool_hit=0)
2026-06-14 05:45:07 [INFO] 

number id: 166
2026-06-14 05:45:37 [INFO] correct (tool_hit=0)
2026-06-14 05:45:37 [INFO] 

number id: 167
2026-06-14 05:45:48 [INFO] correct (tool_hit=0)
2026-06-14 05:45:48 [INFO] 

number id: 168
2026-06-14 05:46:41 [INFO] error (tool_hit=0)
2026-06-14 05:46:41 [INFO] 

number id: 169
2026-06-14 05:47:15 [INFO] error (tool_hit=0)
2026-06-14 05:47:15 [INFO] 

number id: 170
2026-06-14 05:47:33 [INFO] error (tool_hit=0)
2026-06-14 05:47:33 [INFO] 

number id: 171
2026-06-14 05:48:03 [INFO] error (tool_hit=0)
2026-06-14 05:48:03 [INFO] 

number id: 172
2026-06-14 05:48:41 [INFO] error (tool_hit=0)
2026-06-14 05:48:41 [INFO] 

number id: 173
2026-06-14 05:49:02 [INFO] correct (tool_hit=1)
2026-06-14 05:49:02 [INFO] 

number id: 174
2026-06-14 05:49:25 [INFO] correct (tool_hit=0)
2026-06-14 05:49:25 [INFO] 

number id: 175
2026-06-14 05:49:31 [INFO] correct (tool_hit=0)
2026-06-14 05:49:31 [INFO] 

number id: 176
2026-06-14 05:50:04 [INFO] correct (tool_hit=0)
2026-06-14 05:50:04 [INFO] 

number id: 177
2026-06-14 05:50:27 [INFO] error (tool_hit=0)
2026-06-14 05:50:27 [INFO] 

number id: 178
2026-06-14 05:51:16 [INFO] error (tool_hit=0)
2026-06-14 05:51:16 [INFO] 

number id: 179
2026-06-14 05:51:29 [INFO] correct (tool_hit=0)
2026-06-14 05:51:29 [INFO] 

number id: 180
2026-06-14 05:55:34 [INFO] correct (tool_hit=0)
2026-06-14 05:55:34 [INFO] 

number id: 181
2026-06-14 05:55:46 [INFO] error (tool_hit=0)
2026-06-14 05:55:46 [INFO] 

number id: 182
2026-06-14 05:56:10 [INFO] error (tool_hit=0)
2026-06-14 05:56:10 [INFO] 

number id: 183
2026-06-14 05:56:29 [INFO] error (tool_hit=0)
2026-06-14 05:56:29 [INFO] 

number id: 184
2026-06-14 05:57:36 [INFO] error (tool_hit=0)
2026-06-14 05:57:36 [INFO] 

number id: 185
2026-06-14 05:58:07 [INFO] correct (tool_hit=2)
2026-06-14 05:58:07 [INFO] 

number id: 186
2026-06-14 05:58:45 [INFO] correct (tool_hit=0)
2026-06-14 05:58:45 [INFO] 

number id: 187
2026-06-14 05:59:05 [INFO] correct (tool_hit=0)
2026-06-14 05:59:05 [INFO] 

number id: 188
2026-06-14 05:59:21 [INFO] correct (tool_hit=0)
2026-06-14 05:59:21 [INFO] 

number id: 189
2026-06-14 06:00:06 [INFO] correct (tool_hit=0)
2026-06-14 06:00:06 [INFO] 

number id: 190
2026-06-14 06:00:56 [INFO] error (tool_hit=0)
2026-06-14 06:00:56 [INFO] 

number id: 191
2026-06-14 06:01:10 [INFO] correct (tool_hit=0)
2026-06-14 06:01:10 [INFO] 

number id: 192
2026-06-14 06:01:24 [INFO] correct (tool_hit=0)
2026-06-14 06:01:24 [INFO] 

number id: 193
2026-06-14 06:01:37 [INFO] correct (tool_hit=0)
2026-06-14 06:01:37 [INFO] 

number id: 194
2026-06-14 06:02:12 [INFO] correct (tool_hit=0)
2026-06-14 06:02:12 [INFO] 

number id: 195
2026-06-14 06:03:09 [INFO] correct (tool_hit=1)
2026-06-14 06:03:09 [INFO] 

number id: 196
2026-06-14 06:03:54 [INFO] error (tool_hit=0)
2026-06-14 06:03:54 [INFO] 

number id: 197
2026-06-14 06:04:08 [INFO] correct (tool_hit=0)
2026-06-14 06:04:08 [INFO] 

number id: 198
2026-06-14 06:04:33 [INFO] error (tool_hit=0)
2026-06-14 06:04:33 [INFO] 

number id: 199
2026-06-14 06:04:42 [INFO] correct (tool_hit=0)
2026-06-14 06:04:42 [INFO] 200 solving 运行耗时: 1.0h, 48.0min, 9.936941623687744s
2026-06-14 06:04:42 [INFO] Correct_Q: 118
2026-06-14 06:04:42 [INFO] False_Q: 82
2026-06-14 06:04:42 [INFO] Error_Q: 0
2026-06-14 06:04:42 [INFO] Sum_Q: 200
2026-06-14 06:04:42 [INFO] Acc: 59.00%
2026-06-14 06:04:42 [INFO] Avg_time_per_Q: 32.45s
2026-06-14 06:04:42 [INFO] Total Tokens: 265355; Total Cost: $0.78
2026-06-14 06:04:42 [INFO] Round 2 | no_tool: Acc=109/200, Avg_time=32.25s
2026-06-14 06:04:42 [INFO] Round 2 | with_tool: Acc=118/200, Avg_time=32.45s
