2026-06-14 06:04:42 [INFO] ===== Round 3/5 =====
2026-06-14 06:04:42 [INFO] ===== no_tool =====
2026-06-14 06:04:42 [INFO] 

number id: 0
2026-06-14 06:04:56 [INFO] correct (tool_hit=0)
2026-06-14 06:04:56 [INFO] 

number id: 1
2026-06-14 06:05:04 [INFO] correct (tool_hit=0)
2026-06-14 06:05:04 [INFO] 

number id: 2
2026-06-14 06:05:43 [INFO] error (tool_hit=0)
2026-06-14 06:05:43 [INFO] 

number id: 3
2026-06-14 06:06:22 [INFO] error (tool_hit=0)
2026-06-14 06:06:22 [INFO] 

number id: 4
2026-06-14 06:06:33 [INFO] correct (tool_hit=0)
2026-06-14 06:06:33 [INFO] 

number id: 5
2026-06-14 06:06:57 [INFO] error (tool_hit=0)
2026-06-14 06:06:57 [INFO] 

number id: 6
2026-06-14 06:07:26 [INFO] error (tool_hit=0)
2026-06-14 06:07:26 [INFO] 

number id: 7
2026-06-14 06:08:00 [INFO] correct (tool_hit=0)
2026-06-14 06:08:00 [INFO] 

number id: 8
2026-06-14 06:09:06 [INFO] error (tool_hit=0)
2026-06-14 06:09:06 [INFO] 

number id: 9
2026-06-14 06:10:27 [INFO] correct (tool_hit=0)
2026-06-14 06:10:27 [INFO] 

number id: 10
2026-06-14 06:11:11 [INFO] correct (tool_hit=0)
2026-06-14 06:11:11 [INFO] 

number id: 11
2026-06-14 06:11:47 [INFO] error (tool_hit=0)
2026-06-14 06:11:47 [INFO] 

number id: 12
2026-06-14 06:12:09 [INFO] error (tool_hit=0)
2026-06-14 06:12:09 [INFO] 

number id: 13
2026-06-14 06:12:34 [INFO] error (tool_hit=0)
2026-06-14 06:12:34 [INFO] 

number id: 14
2026-06-14 06:13:49 [INFO] error (tool_hit=0)
2026-06-14 06:13:49 [INFO] 

number id: 15
2026-06-14 06:14:09 [INFO] error (tool_hit=0)
2026-06-14 06:14:09 [INFO] 

number id: 16
2026-06-14 06:14:32 [INFO] correct (tool_hit=0)
2026-06-14 06:14:32 [INFO] 

number id: 17
2026-06-14 06:15:02 [INFO] error (tool_hit=0)
2026-06-14 06:15:02 [INFO] 

number id: 18
2026-06-14 06:15:37 [INFO] error (tool_hit=0)
2026-06-14 06:15:37 [INFO] 

number id: 19
2026-06-14 06:15:56 [INFO] correct (tool_hit=0)
2026-06-14 06:15:56 [INFO] 

number id: 20
2026-06-14 06:16:57 [INFO] error (tool_hit=0)
2026-06-14 06:16:57 [INFO] 

number id: 21
2026-06-14 06:17:22 [INFO] error (tool_hit=0)
2026-06-14 06:17:22 [INFO] 

number id: 22
2026-06-14 06:17:41 [INFO] correct (tool_hit=0)
2026-06-14 06:17:41 [INFO] 

number id: 23
2026-06-14 06:17:57 [INFO] correct (tool_hit=0)
2026-06-14 06:17:57 [INFO] 

number id: 24
2026-06-14 06:18:05 [INFO] correct (tool_hit=0)
2026-06-14 06:18:05 [INFO] 

number id: 25
2026-06-14 06:18:16 [INFO] correct (tool_hit=0)
2026-06-14 06:18:16 [INFO] 

number id: 26
2026-06-14 06:18:50 [INFO] correct (tool_hit=0)
2026-06-14 06:18:50 [INFO] 

number id: 27
2026-06-14 06:19:29 [INFO] error (tool_hit=0)
2026-06-14 06:19:29 [INFO] 

number id: 28
2026-06-14 06:19:57 [INFO] error (tool_hit=0)
2026-06-14 06:19:57 [INFO] 

number id: 29
2026-06-14 06:20:55 [INFO] error (tool_hit=0)
2026-06-14 06:20:55 [INFO] 

number id: 30
2026-06-14 06:21:24 [INFO] error (tool_hit=0)
2026-06-14 06:21:24 [INFO] 

number id: 31
2026-06-14 06:21:52 [INFO] error (tool_hit=0)
2026-06-14 06:21:52 [INFO] 

number id: 32
2026-06-14 06:22:45 [INFO] correct (tool_hit=0)
2026-06-14 06:22:45 [INFO] 

number id: 33
2026-06-14 06:23:29 [INFO] error (tool_hit=0)
2026-06-14 06:23:29 [INFO] 

number id: 34
2026-06-14 06:23:50 [INFO] error (tool_hit=0)
2026-06-14 06:23:50 [INFO] 

number id: 35
2026-06-14 06:24:06 [INFO] correct (tool_hit=0)
2026-06-14 06:24:06 [INFO] 

number id: 36
2026-06-14 06:25:24 [INFO] correct (tool_hit=0)
2026-06-14 06:25:24 [INFO] 

number id: 37
2026-06-14 06:26:22 [INFO] error (tool_hit=0)
2026-06-14 06:26:22 [INFO] 

number id: 38
2026-06-14 06:27:05 [INFO] error (tool_hit=0)
2026-06-14 06:27:05 [INFO] 

number id: 39
2026-06-14 06:27:43 [INFO] correct (tool_hit=0)
2026-06-14 06:27:43 [INFO] 

number id: 40
2026-06-14 06:27:57 [INFO] correct (tool_hit=0)
2026-06-14 06:27:57 [INFO] 

number id: 41
2026-06-14 06:28:24 [INFO] correct (tool_hit=0)
2026-06-14 06:28:24 [INFO] 

number id: 42
2026-06-14 06:28:38 [INFO] correct (tool_hit=0)
2026-06-14 06:28:38 [INFO] 

number id: 43
2026-06-14 06:29:21 [INFO] correct (tool_hit=0)
2026-06-14 06:29:21 [INFO] 

number id: 44
2026-06-14 06:29:50 [INFO] correct (tool_hit=0)
2026-06-14 06:29:50 [INFO] 

number id: 45
2026-06-14 06:30:13 [INFO] error (tool_hit=0)
2026-06-14 06:30:13 [INFO] 

number id: 46
2026-06-14 06:31:07 [INFO] error (tool_hit=0)
2026-06-14 06:31:07 [INFO] 

number id: 47
2026-06-14 06:31:34 [INFO] correct (tool_hit=0)
2026-06-14 06:31:34 [INFO] 

number id: 48
2026-06-14 06:31:49 [INFO] correct (tool_hit=0)
2026-06-14 06:31:49 [INFO] 

number id: 49
2026-06-14 06:34:42 [INFO] error (tool_hit=0)
2026-06-14 06:34:42 [INFO] 

number id: 50
2026-06-14 06:35:11 [INFO] error (tool_hit=0)
2026-06-14 06:35:11 [INFO] 

number id: 51
2026-06-14 06:35:27 [INFO] correct (tool_hit=0)
2026-06-14 06:35:27 [INFO] 

number id: 52
2026-06-14 06:35:53 [INFO] error (tool_hit=0)
2026-06-14 06:35:53 [INFO] 

number id: 53
2026-06-14 06:36:00 [INFO] correct (tool_hit=0)
2026-06-14 06:36:00 [INFO] 

number id: 54
2026-06-14 06:36:28 [INFO] error (tool_hit=0)
2026-06-14 06:36:28 [INFO] 

number id: 55
2026-06-14 06:36:34 [INFO] correct (tool_hit=0)
2026-06-14 06:36:34 [INFO] 

number id: 56
2026-06-14 06:36:49 [INFO] correct (tool_hit=0)
2026-06-14 06:36:49 [INFO] 

number id: 57
2026-06-14 06:37:00 [INFO] correct (tool_hit=0)
2026-06-14 06:37:00 [INFO] 

number id: 58
2026-06-14 06:37:07 [INFO] correct (tool_hit=0)
2026-06-14 06:37:07 [INFO] 

number id: 59
2026-06-14 06:37:43 [INFO] correct (tool_hit=0)
2026-06-14 06:37:43 [INFO] 

number id: 60
2026-06-14 06:38:14 [INFO] correct (tool_hit=0)
2026-06-14 06:38:14 [INFO] 

number id: 61
2026-06-14 06:38:41 [INFO] correct (tool_hit=0)
2026-06-14 06:38:41 [INFO] 

number id: 62
2026-06-14 06:40:00 [INFO] correct (tool_hit=0)
2026-06-14 06:40:00 [INFO] 

number id: 63
2026-06-14 06:40:17 [INFO] correct (tool_hit=0)
2026-06-14 06:40:17 [INFO] 

number id: 64
2026-06-14 06:40:47 [INFO] correct (tool_hit=0)
2026-06-14 06:40:47 [INFO] 

number id: 65
2026-06-14 06:40:59 [INFO] error (tool_hit=0)
2026-06-14 06:40:59 [INFO] 

number id: 66
2026-06-14 06:42:06 [INFO] error (tool_hit=0)
2026-06-14 06:42:06 [INFO] 

number id: 67
2026-06-14 06:42:46 [INFO] correct (tool_hit=0)
2026-06-14 06:42:46 [INFO] 

number id: 68
2026-06-14 06:43:45 [INFO] correct (tool_hit=0)
2026-06-14 06:43:45 [INFO] 

number id: 69
2026-06-14 06:43:58 [INFO] correct (tool_hit=0)
2026-06-14 06:43:58 [INFO] 

number id: 70
2026-06-14 06:44:14 [INFO] correct (tool_hit=0)
2026-06-14 06:44:14 [INFO] 

number id: 71
2026-06-14 06:45:00 [INFO] error (tool_hit=0)
2026-06-14 06:45:00 [INFO] 

number id: 72
2026-06-14 06:45:16 [INFO] correct (tool_hit=0)
2026-06-14 06:45:16 [INFO] 

number id: 73
2026-06-14 06:45:42 [INFO] error (tool_hit=0)
2026-06-14 06:45:42 [INFO] 

number id: 74
2026-06-14 06:46:03 [INFO] error (tool_hit=0)
2026-06-14 06:46:03 [INFO] 

number id: 75
2026-06-14 06:46:35 [INFO] error (tool_hit=0)
2026-06-14 06:46:35 [INFO] 

number id: 76
2026-06-14 06:46:45 [INFO] error (tool_hit=0)
2026-06-14 06:46:45 [INFO] 

number id: 77
2026-06-14 06:47:16 [INFO] error (tool_hit=0)
2026-06-14 06:47:16 [INFO] 

number id: 78
2026-06-14 06:47:35 [INFO] error (tool_hit=0)
2026-06-14 06:47:35 [INFO] 

number id: 79
2026-06-14 06:48:11 [INFO] correct (tool_hit=0)
2026-06-14 06:48:11 [INFO] 

number id: 80
2026-06-14 06:48:34 [INFO] correct (tool_hit=0)
2026-06-14 06:48:34 [INFO] 

number id: 81
2026-06-14 06:48:41 [INFO] correct (tool_hit=0)
2026-06-14 06:48:41 [INFO] 

number id: 82
2026-06-14 06:49:41 [INFO] correct (tool_hit=0)
2026-06-14 06:49:41 [INFO] 

number id: 83
2026-06-14 06:49:49 [INFO] correct (tool_hit=0)
2026-06-14 06:49:49 [INFO] 

number id: 84
2026-06-14 06:50:05 [INFO] correct (tool_hit=0)
2026-06-14 06:50:05 [INFO] 

number id: 85
2026-06-14 06:50:35 [INFO] error (tool_hit=0)
2026-06-14 06:50:35 [INFO] 

number id: 86
2026-06-14 06:50:47 [INFO] correct (tool_hit=0)
2026-06-14 06:50:47 [INFO] 

number id: 87
2026-06-14 06:50:56 [INFO] correct (tool_hit=0)
2026-06-14 06:50:56 [INFO] 

number id: 88
2026-06-14 06:51:04 [INFO] correct (tool_hit=0)
2026-06-14 06:51:04 [INFO] 

number id: 89
2026-06-14 06:51:41 [INFO] error (tool_hit=0)
2026-06-14 06:51:41 [INFO] 

number id: 90
2026-06-14 06:52:25 [INFO] correct (tool_hit=0)
2026-06-14 06:52:25 [INFO] 

number id: 91
2026-06-14 06:53:31 [INFO] error (tool_hit=0)
2026-06-14 06:53:31 [INFO] 

number id: 92
2026-06-14 06:53:41 [INFO] correct (tool_hit=0)
2026-06-14 06:53:41 [INFO] 

number id: 93
2026-06-14 06:54:23 [INFO] error (tool_hit=0)
2026-06-14 06:54:23 [INFO] 

number id: 94
2026-06-14 06:54:39 [INFO] correct (tool_hit=0)
2026-06-14 06:54:39 [INFO] 

number id: 95
2026-06-14 06:55:41 [INFO] error (tool_hit=0)
2026-06-14 06:55:41 [INFO] 

number id: 96
2026-06-14 06:56:01 [INFO] correct (tool_hit=0)
2026-06-14 06:56:01 [INFO] 

number id: 97
2026-06-14 06:56:35 [INFO] error (tool_hit=0)
2026-06-14 06:56:35 [INFO] 

number id: 98
2026-06-14 06:57:10 [INFO] correct (tool_hit=0)
2026-06-14 06:57:10 [INFO] 

number id: 99
2026-06-14 06:57:29 [INFO] correct (tool_hit=0)
2026-06-14 06:57:29 [INFO] 

number id: 100
2026-06-14 06:57:40 [INFO] correct (tool_hit=0)
2026-06-14 06:57:40 [INFO] 

number id: 101
2026-06-14 06:58:01 [INFO] correct (tool_hit=0)
2026-06-14 06:58:01 [INFO] 

number id: 102
2026-06-14 06:58:06 [INFO] correct (tool_hit=0)
2026-06-14 06:58:06 [INFO] 

number id: 103
2026-06-14 06:58:47 [INFO] error (tool_hit=0)
2026-06-14 06:58:47 [INFO] 

number id: 104
2026-06-14 06:58:53 [INFO] correct (tool_hit=0)
2026-06-14 06:58:53 [INFO] 

number id: 105
2026-06-14 06:59:04 [INFO] error (tool_hit=0)
2026-06-14 06:59:04 [INFO] 

number id: 106
2026-06-14 06:59:35 [INFO] error (tool_hit=0)
2026-06-14 06:59:35 [INFO] 

number id: 107
2026-06-14 07:00:30 [INFO] correct (tool_hit=0)
2026-06-14 07:00:30 [INFO] 

number id: 108
2026-06-14 07:00:54 [INFO] correct (tool_hit=0)
2026-06-14 07:00:54 [INFO] 

number id: 109
2026-06-14 07:01:31 [INFO] correct (tool_hit=0)
2026-06-14 07:01:31 [INFO] 

number id: 110
2026-06-14 07:01:41 [INFO] correct (tool_hit=0)
2026-06-14 07:01:41 [INFO] 

number id: 111
2026-06-14 07:02:03 [INFO] correct (tool_hit=0)
2026-06-14 07:02:03 [INFO] 

number id: 112
2026-06-14 07:02:15 [INFO] correct (tool_hit=0)
2026-06-14 07:02:15 [INFO] 

number id: 113
2026-06-14 07:02:24 [INFO] correct (tool_hit=0)
2026-06-14 07:02:24 [INFO] 

number id: 114
2026-06-14 07:02:34 [INFO] correct (tool_hit=0)
2026-06-14 07:02:34 [INFO] 

number id: 115
2026-06-14 07:03:11 [INFO] error (tool_hit=0)
2026-06-14 07:03:11 [INFO] 

number id: 116
2026-06-14 07:03:31 [INFO] error (tool_hit=0)
2026-06-14 07:03:31 [INFO] 

number id: 117
2026-06-14 07:04:43 [INFO] error (tool_hit=0)
2026-06-14 07:04:43 [INFO] 

number id: 118
2026-06-14 07:04:54 [INFO] correct (tool_hit=0)
2026-06-14 07:04:54 [INFO] 

number id: 119
2026-06-14 07:06:09 [INFO] error (tool_hit=0)
2026-06-14 07:06:09 [INFO] 

number id: 120
2026-06-14 07:06:31 [INFO] error (tool_hit=0)
2026-06-14 07:06:31 [INFO] 

number id: 121
2026-06-14 07:06:57 [INFO] error (tool_hit=0)
2026-06-14 07:06:57 [INFO] 

number id: 122
2026-06-14 07:07:41 [INFO] correct (tool_hit=0)
2026-06-14 07:07:41 [INFO] 

number id: 123
2026-06-14 07:08:04 [INFO] error (tool_hit=0)
2026-06-14 07:08:04 [INFO] 

number id: 124
2026-06-14 07:08:49 [INFO] correct (tool_hit=0)
2026-06-14 07:08:49 [INFO] 

number id: 125
2026-06-14 07:09:26 [INFO] error (tool_hit=0)
2026-06-14 07:09:26 [INFO] 

number id: 126
2026-06-14 07:09:36 [INFO] correct (tool_hit=0)
2026-06-14 07:09:36 [INFO] 

number id: 127
2026-06-14 07:10:01 [INFO] correct (tool_hit=0)
2026-06-14 07:10:01 [INFO] 

number id: 128
2026-06-14 07:10:10 [INFO] correct (tool_hit=0)
2026-06-14 07:10:10 [INFO] 

number id: 129
2026-06-14 07:10:55 [INFO] correct (tool_hit=0)
2026-06-14 07:10:55 [INFO] 

number id: 130
2026-06-14 07:11:02 [INFO] correct (tool_hit=0)
2026-06-14 07:11:02 [INFO] 

number id: 131
2026-06-14 07:11:30 [INFO] correct (tool_hit=0)
2026-06-14 07:11:30 [INFO] 

number id: 132
2026-06-14 07:11:46 [INFO] error (tool_hit=0)
2026-06-14 07:11:46 [INFO] 

number id: 133
2026-06-14 07:11:51 [INFO] correct (tool_hit=0)
2026-06-14 07:11:51 [INFO] 

number id: 134
2026-06-14 07:12:09 [INFO] correct (tool_hit=0)
2026-06-14 07:12:09 [INFO] 

number id: 135
2026-06-14 07:12:23 [INFO] error (tool_hit=0)
2026-06-14 07:12:23 [INFO] 

number id: 136
2026-06-14 07:12:55 [INFO] correct (tool_hit=0)
2026-06-14 07:12:55 [INFO] 

number id: 137
2026-06-14 07:13:41 [INFO] error (tool_hit=0)
2026-06-14 07:13:41 [INFO] 

number id: 138
2026-06-14 07:16:48 [INFO] error (tool_hit=0)
2026-06-14 07:16:48 [INFO] 

number id: 139
2026-06-14 07:17:28 [INFO] error (tool_hit=0)
2026-06-14 07:17:28 [INFO] 

number id: 140
2026-06-14 07:17:58 [INFO] correct (tool_hit=0)
2026-06-14 07:17:58 [INFO] 

number id: 141
2026-06-14 07:18:41 [INFO] correct (tool_hit=0)
2026-06-14 07:18:41 [INFO] 

number id: 142
2026-06-14 07:19:01 [INFO] error (tool_hit=0)
2026-06-14 07:19:01 [INFO] 

number id: 143
2026-06-14 07:19:22 [INFO] error (tool_hit=0)
2026-06-14 07:19:22 [INFO] 

number id: 144
2026-06-14 07:19:51 [INFO] correct (tool_hit=0)
2026-06-14 07:19:51 [INFO] 

number id: 145
2026-06-14 07:19:58 [INFO] correct (tool_hit=0)
2026-06-14 07:19:58 [INFO] 

number id: 146
2026-06-14 07:20:07 [INFO] correct (tool_hit=0)
2026-06-14 07:20:07 [INFO] 

number id: 147
2026-06-14 07:22:57 [INFO] error (tool_hit=0)
2026-06-14 07:22:57 [INFO] 

number id: 148
2026-06-14 07:23:03 [INFO] correct (tool_hit=0)
2026-06-14 07:23:03 [INFO] 

number id: 149
2026-06-14 07:23:10 [INFO] correct (tool_hit=0)
2026-06-14 07:23:10 [INFO] 

number id: 150
2026-06-14 07:24:31 [INFO] error (tool_hit=0)
2026-06-14 07:24:31 [INFO] 

number id: 151
2026-06-14 07:25:32 [INFO] error (tool_hit=0)
2026-06-14 07:25:32 [INFO] 

number id: 152
2026-06-14 07:26:04 [INFO] correct (tool_hit=0)
2026-06-14 07:26:04 [INFO] 

number id: 153
2026-06-14 07:26:33 [INFO] error (tool_hit=0)
2026-06-14 07:26:33 [INFO] 

number id: 154
2026-06-14 07:26:43 [INFO] correct (tool_hit=0)
2026-06-14 07:26:43 [INFO] 

number id: 155
2026-06-14 07:27:18 [INFO] correct (tool_hit=0)
2026-06-14 07:27:18 [INFO] 

number id: 156
2026-06-14 07:27:54 [INFO] error (tool_hit=0)
2026-06-14 07:27:54 [INFO] 

number id: 157
2026-06-14 07:28:18 [INFO] correct (tool_hit=0)
2026-06-14 07:28:18 [INFO] 

number id: 158
2026-06-14 07:29:01 [INFO] correct (tool_hit=0)
2026-06-14 07:29:01 [INFO] 

number id: 159
2026-06-14 07:29:14 [INFO] correct (tool_hit=0)
2026-06-14 07:29:14 [INFO] 

number id: 160
2026-06-14 07:29:38 [INFO] correct (tool_hit=0)
2026-06-14 07:29:38 [INFO] 

number id: 161
2026-06-14 07:29:56 [INFO] error (tool_hit=0)
2026-06-14 07:29:56 [INFO] 

number id: 162
2026-06-14 07:30:15 [INFO] error (tool_hit=0)
2026-06-14 07:30:15 [INFO] 

number id: 163
2026-06-14 07:30:43 [INFO] error (tool_hit=0)
2026-06-14 07:30:43 [INFO] 

number id: 164
2026-06-14 07:31:23 [INFO] error (tool_hit=0)
2026-06-14 07:31:23 [INFO] 

number id: 165
2026-06-14 07:34:29 [INFO] error (tool_hit=0)
2026-06-14 07:34:29 [INFO] 

number id: 166
2026-06-14 07:34:55 [INFO] correct (tool_hit=0)
2026-06-14 07:34:55 [INFO] 

number id: 167
2026-06-14 07:35:04 [INFO] correct (tool_hit=0)
2026-06-14 07:35:04 [INFO] 

number id: 168
2026-06-14 07:35:39 [INFO] error (tool_hit=0)
2026-06-14 07:35:39 [INFO] 

number id: 169
2026-06-14 07:36:11 [INFO] error (tool_hit=0)
2026-06-14 07:36:11 [INFO] 

number id: 170
2026-06-14 07:36:34 [INFO] correct (tool_hit=0)
2026-06-14 07:36:34 [INFO] 

number id: 171
2026-06-14 07:37:23 [INFO] error (tool_hit=0)
2026-06-14 07:37:23 [INFO] 

number id: 172
2026-06-14 07:38:03 [INFO] error (tool_hit=0)
2026-06-14 07:38:03 [INFO] 

number id: 173
2026-06-14 07:38:25 [INFO] correct (tool_hit=0)
2026-06-14 07:38:25 [INFO] 

number id: 174
2026-06-14 07:38:39 [INFO] correct (tool_hit=0)
2026-06-14 07:38:39 [INFO] 

number id: 175
2026-06-14 07:38:47 [INFO] correct (tool_hit=0)
2026-06-14 07:38:47 [INFO] 

number id: 176
2026-06-14 07:39:10 [INFO] error (tool_hit=0)
2026-06-14 07:39:10 [INFO] 

number id: 177
2026-06-14 07:39:36 [INFO] correct (tool_hit=0)
2026-06-14 07:39:36 [INFO] 

number id: 178
2026-06-14 07:40:30 [INFO] correct (tool_hit=0)
2026-06-14 07:40:30 [INFO] 

number id: 179
2026-06-14 07:40:50 [INFO] correct (tool_hit=0)
2026-06-14 07:40:50 [INFO] 

number id: 180
2026-06-14 07:44:13 [INFO] error (tool_hit=0)
2026-06-14 07:44:13 [INFO] 

number id: 181
2026-06-14 07:44:25 [INFO] error (tool_hit=0)
2026-06-14 07:44:25 [INFO] 

number id: 182
2026-06-14 07:44:58 [INFO] error (tool_hit=0)
2026-06-14 07:44:58 [INFO] 

number id: 183
2026-06-14 07:45:27 [INFO] correct (tool_hit=0)
2026-06-14 07:45:27 [INFO] 

number id: 184
2026-06-14 07:46:45 [INFO] error (tool_hit=0)
2026-06-14 07:46:45 [INFO] 

number id: 185
2026-06-14 07:47:43 [INFO] error (tool_hit=0)
2026-06-14 07:47:43 [INFO] 

number id: 186
2026-06-14 07:48:20 [INFO] error (tool_hit=0)
2026-06-14 07:48:20 [INFO] 

number id: 187
2026-06-14 07:48:55 [INFO] error (tool_hit=0)
2026-06-14 07:48:55 [INFO] 

number id: 188
2026-06-14 07:49:14 [INFO] correct (tool_hit=0)
2026-06-14 07:49:14 [INFO] 

number id: 189
2026-06-14 07:50:03 [INFO] error (tool_hit=0)
2026-06-14 07:50:03 [INFO] 

number id: 190
2026-06-14 07:51:10 [INFO] error (tool_hit=0)
2026-06-14 07:51:10 [INFO] 

number id: 191
2026-06-14 07:51:24 [INFO] correct (tool_hit=0)
2026-06-14 07:51:24 [INFO] 

number id: 192
2026-06-14 07:51:41 [INFO] correct (tool_hit=0)
2026-06-14 07:51:41 [INFO] 

number id: 193
2026-06-14 07:51:53 [INFO] correct (tool_hit=0)
2026-06-14 07:51:53 [INFO] 

number id: 194
2026-06-14 07:52:33 [INFO] error (tool_hit=0)
2026-06-14 07:52:33 [INFO] 

number id: 195
2026-06-14 07:53:22 [INFO] correct (tool_hit=0)
2026-06-14 07:53:22 [INFO] 

number id: 196
2026-06-14 07:54:06 [INFO] correct (tool_hit=0)
2026-06-14 07:54:06 [INFO] 

number id: 197
2026-06-14 07:54:24 [INFO] correct (tool_hit=0)
2026-06-14 07:54:24 [INFO] 

number id: 198
2026-06-14 07:54:43 [INFO] correct (tool_hit=0)
2026-06-14 07:54:43 [INFO] 

number id: 199
2026-06-14 07:54:53 [INFO] correct (tool_hit=0)
2026-06-14 07:54:53 [INFO] 200 solving 运行耗时: 1.0h, 50.0min, 10.84173583984375s
2026-06-14 07:54:53 [INFO] Correct_Q: 113
2026-06-14 07:54:53 [INFO] False_Q: 87
2026-06-14 07:54:53 [INFO] Error_Q: 0
2026-06-14 07:54:53 [INFO] Sum_Q: 200
2026-06-14 07:54:53 [INFO] Acc: 56.50%
2026-06-14 07:54:53 [INFO] Avg_time_per_Q: 33.05s
2026-06-14 07:54:53 [INFO] Total Tokens: 264729; Total Cost: $0.77
2026-06-14 07:54:53 [INFO] ===== with_tool =====
2026-06-14 07:54:53 [INFO] 

number id: 0
2026-06-14 07:55:01 [INFO] correct (tool_hit=1)
2026-06-14 07:55:01 [INFO] 

number id: 1
2026-06-14 07:55:09 [INFO] correct (tool_hit=0)
2026-06-14 07:55:09 [INFO] 

number id: 2
2026-06-14 07:55:56 [INFO] correct (tool_hit=0)
2026-06-14 07:55:56 [INFO] 

number id: 3
2026-06-14 07:56:15 [INFO] error (tool_hit=0)
2026-06-14 07:56:15 [INFO] 

number id: 4
2026-06-14 07:56:32 [INFO] correct (tool_hit=0)
2026-06-14 07:56:32 [INFO] 

number id: 5
2026-06-14 07:56:46 [INFO] correct (tool_hit=0)
2026-06-14 07:56:46 [INFO] 

number id: 6
2026-06-14 07:57:15 [INFO] correct (tool_hit=0)
2026-06-14 07:57:15 [INFO] 

number id: 7
2026-06-14 07:57:38 [INFO] error (tool_hit=0)
2026-06-14 07:57:38 [INFO] 

number id: 8
2026-06-14 07:58:47 [INFO] error (tool_hit=0)
2026-06-14 07:58:47 [INFO] 

number id: 9
2026-06-14 07:59:48 [INFO] error (tool_hit=0)
2026-06-14 07:59:48 [INFO] 

number id: 10
2026-06-14 08:00:39 [INFO] correct (tool_hit=0)
2026-06-14 08:00:39 [INFO] 

number id: 11
2026-06-14 08:01:04 [INFO] error (tool_hit=0)
2026-06-14 08:01:04 [INFO] 

number id: 12
2026-06-14 08:01:27 [INFO] correct (tool_hit=0)
2026-06-14 08:01:27 [INFO] 

number id: 13
2026-06-14 08:01:51 [INFO] correct (tool_hit=0)
2026-06-14 08:01:51 [INFO] 

number id: 14
2026-06-14 08:02:52 [INFO] error (tool_hit=0)
2026-06-14 08:02:52 [INFO] 

number id: 15
2026-06-14 08:03:20 [INFO] error (tool_hit=0)
2026-06-14 08:03:20 [INFO] 

number id: 16
2026-06-14 08:03:36 [INFO] correct (tool_hit=0)
2026-06-14 08:03:36 [INFO] 

number id: 17
2026-06-14 08:04:08 [INFO] correct (tool_hit=0)
2026-06-14 08:04:08 [INFO] 

number id: 18
2026-06-14 08:04:41 [INFO] error (tool_hit=0)
2026-06-14 08:04:41 [INFO] 

number id: 19
2026-06-14 08:04:56 [INFO] correct (tool_hit=0)
2026-06-14 08:04:56 [INFO] 

number id: 20
2026-06-14 08:06:16 [INFO] error (tool_hit=0)
2026-06-14 08:06:16 [INFO] 

number id: 21
2026-06-14 08:06:39 [INFO] error (tool_hit=0)
2026-06-14 08:06:39 [INFO] 

number id: 22
2026-06-14 08:06:52 [INFO] correct (tool_hit=1)
2026-06-14 08:06:52 [INFO] 

number id: 23
2026-06-14 08:07:08 [INFO] correct (tool_hit=0)
2026-06-14 08:07:08 [INFO] 

number id: 24
2026-06-14 08:07:15 [INFO] correct (tool_hit=0)
2026-06-14 08:07:15 [INFO] 

number id: 25
2026-06-14 08:07:21 [INFO] correct (tool_hit=0)
2026-06-14 08:07:21 [INFO] 

number id: 26
2026-06-14 08:07:50 [INFO] error (tool_hit=0)
2026-06-14 08:07:50 [INFO] 

number id: 27
2026-06-14 08:08:30 [INFO] error (tool_hit=0)
2026-06-14 08:08:30 [INFO] 

number id: 28
2026-06-14 08:08:48 [INFO] correct (tool_hit=0)
2026-06-14 08:08:48 [INFO] 

number id: 29
2026-06-14 08:09:35 [INFO] error (tool_hit=0)
2026-06-14 08:09:35 [INFO] 

number id: 30
2026-06-14 08:10:08 [INFO] correct (tool_hit=0)
2026-06-14 08:10:08 [INFO] 

number id: 31
2026-06-14 08:10:39 [INFO] error (tool_hit=0)
2026-06-14 08:10:39 [INFO] 

number id: 32
2026-06-14 08:11:38 [INFO] error (tool_hit=0)
2026-06-14 08:11:38 [INFO] 

number id: 33
2026-06-14 08:12:07 [INFO] error (tool_hit=0)
2026-06-14 08:12:07 [INFO] 

number id: 34
2026-06-14 08:12:37 [INFO] error (tool_hit=0)
2026-06-14 08:12:37 [INFO] 

number id: 35
2026-06-14 08:13:06 [INFO] error (tool_hit=0)
2026-06-14 08:13:06 [INFO] 

number id: 36
2026-06-14 08:14:16 [INFO] correct (tool_hit=0)
2026-06-14 08:14:16 [INFO] 

number id: 37
2026-06-14 08:15:20 [INFO] correct (tool_hit=0)
2026-06-14 08:15:20 [INFO] 

number id: 38
2026-06-14 08:15:50 [INFO] error (tool_hit=0)
2026-06-14 08:15:50 [INFO] 

number id: 39
2026-06-14 08:16:36 [INFO] error (tool_hit=0)
2026-06-14 08:16:36 [INFO] 

number id: 40
2026-06-14 08:17:03 [INFO] error (tool_hit=0)
2026-06-14 08:17:03 [INFO] 

number id: 41
2026-06-14 08:17:30 [INFO] correct (tool_hit=0)
2026-06-14 08:17:30 [INFO] 

number id: 42
2026-06-14 08:17:43 [INFO] correct (tool_hit=0)
2026-06-14 08:17:43 [INFO] 

number id: 43
2026-06-14 08:18:28 [INFO] error (tool_hit=0)
2026-06-14 08:18:28 [INFO] 

number id: 44
2026-06-14 08:18:47 [INFO] correct (tool_hit=2)
2026-06-14 08:18:47 [INFO] 

number id: 45
2026-06-14 08:19:09 [INFO] correct (tool_hit=0)
2026-06-14 08:19:09 [INFO] 

number id: 46
2026-06-14 08:19:50 [INFO] error (tool_hit=0)
2026-06-14 08:19:50 [INFO] 

number id: 47
2026-06-14 08:20:18 [INFO] correct (tool_hit=0)
2026-06-14 08:20:18 [INFO] 

number id: 48
2026-06-14 08:20:27 [INFO] correct (tool_hit=0)
2026-06-14 08:20:27 [INFO] 

number id: 49
2026-06-14 08:22:36 [INFO] error (tool_hit=0)
2026-06-14 08:22:36 [INFO] 

number id: 50
2026-06-14 08:23:06 [INFO] error (tool_hit=0)
2026-06-14 08:23:06 [INFO] 

number id: 51
2026-06-14 08:23:27 [INFO] correct (tool_hit=0)
2026-06-14 08:23:27 [INFO] 

number id: 52
2026-06-14 08:23:53 [INFO] correct (tool_hit=0)
2026-06-14 08:23:53 [INFO] 

number id: 53
2026-06-14 08:23:58 [INFO] correct (tool_hit=0)
2026-06-14 08:23:58 [INFO] 

number id: 54
2026-06-14 08:24:16 [INFO] correct (tool_hit=0)
2026-06-14 08:24:16 [INFO] 

number id: 55
2026-06-14 08:24:22 [INFO] correct (tool_hit=0)
2026-06-14 08:24:22 [INFO] 

number id: 56
2026-06-14 08:24:39 [INFO] correct (tool_hit=0)
2026-06-14 08:24:39 [INFO] 

number id: 57
2026-06-14 08:24:51 [INFO] correct (tool_hit=0)
2026-06-14 08:24:51 [INFO] 

number id: 58
2026-06-14 08:25:10 [INFO] error (tool_hit=0)
2026-06-14 08:25:10 [INFO] 

number id: 59
2026-06-14 08:25:52 [INFO] correct (tool_hit=1)
2026-06-14 08:25:52 [INFO] 

number id: 60
2026-06-14 08:26:16 [INFO] correct (tool_hit=0)
2026-06-14 08:26:16 [INFO] 

number id: 61
2026-06-14 08:26:40 [INFO] error (tool_hit=0)
2026-06-14 08:26:40 [INFO] 

number id: 62
2026-06-14 08:27:40 [INFO] correct (tool_hit=0)
2026-06-14 08:27:40 [INFO] 

number id: 63
2026-06-14 08:28:07 [INFO] correct (tool_hit=0)
2026-06-14 08:28:07 [INFO] 

number id: 64
2026-06-14 08:28:21 [INFO] correct (tool_hit=0)
2026-06-14 08:28:21 [INFO] 

number id: 65
2026-06-14 08:28:47 [INFO] error (tool_hit=0)
2026-06-14 08:28:47 [INFO] 

number id: 66
2026-06-14 08:29:56 [INFO] error (tool_hit=0)
2026-06-14 08:29:56 [INFO] 

number id: 67
2026-06-14 08:30:54 [INFO] correct (tool_hit=0)
2026-06-14 08:30:54 [INFO] 

number id: 68
2026-06-14 08:32:02 [INFO] correct (tool_hit=1)
2026-06-14 08:32:02 [INFO] 

number id: 69
2026-06-14 08:32:19 [INFO] correct (tool_hit=0)
2026-06-14 08:32:19 [INFO] 

number id: 70
2026-06-14 08:32:33 [INFO] error (tool_hit=2)
2026-06-14 08:32:33 [INFO] 

number id: 71
2026-06-14 08:33:27 [INFO] error (tool_hit=0)
2026-06-14 08:33:27 [INFO] 

number id: 72
2026-06-14 08:33:43 [INFO] correct (tool_hit=0)
2026-06-14 08:33:43 [INFO] 

number id: 73
2026-06-14 08:34:09 [INFO] error (tool_hit=0)
2026-06-14 08:34:09 [INFO] 

number id: 74
2026-06-14 08:34:37 [INFO] error (tool_hit=0)
2026-06-14 08:34:37 [INFO] 

number id: 75
2026-06-14 08:35:01 [INFO] error (tool_hit=0)
2026-06-14 08:35:01 [INFO] 

number id: 76
2026-06-14 08:35:13 [INFO] correct (tool_hit=0)
2026-06-14 08:35:13 [INFO] 

number id: 77
2026-06-14 08:35:36 [INFO] error (tool_hit=0)
2026-06-14 08:35:36 [INFO] 

number id: 78
2026-06-14 08:36:03 [INFO] error (tool_hit=0)
2026-06-14 08:36:03 [INFO] 

number id: 79
2026-06-14 08:36:24 [INFO] correct (tool_hit=0)
2026-06-14 08:36:24 [INFO] 

number id: 80
2026-06-14 08:36:54 [INFO] correct (tool_hit=0)
2026-06-14 08:36:54 [INFO] 

number id: 81
2026-06-14 08:37:01 [INFO] correct (tool_hit=0)
2026-06-14 08:37:01 [INFO] 

number id: 82
2026-06-14 08:37:59 [INFO] correct (tool_hit=0)
2026-06-14 08:37:59 [INFO] 

number id: 83
2026-06-14 08:38:06 [INFO] error (tool_hit=0)
2026-06-14 08:38:06 [INFO] 

number id: 84
2026-06-14 08:38:21 [INFO] correct (tool_hit=0)
2026-06-14 08:38:21 [INFO] 

number id: 85
2026-06-14 08:39:05 [INFO] error (tool_hit=0)
2026-06-14 08:39:05 [INFO] 

number id: 86
2026-06-14 08:39:19 [INFO] error (tool_hit=0)
2026-06-14 08:39:19 [INFO] 

number id: 87
2026-06-14 08:39:25 [INFO] correct (tool_hit=1)
2026-06-14 08:39:25 [INFO] 

number id: 88
2026-06-14 08:39:35 [INFO] correct (tool_hit=0)
2026-06-14 08:39:35 [INFO] 

number id: 89
2026-06-14 08:40:02 [INFO] correct (tool_hit=0)
2026-06-14 08:40:02 [INFO] 

number id: 90
2026-06-14 08:40:52 [INFO] error (tool_hit=0)
2026-06-14 08:40:52 [INFO] 

number id: 91
2026-06-14 08:41:30 [INFO] error (tool_hit=0)
2026-06-14 08:41:30 [INFO] 

number id: 92
2026-06-14 08:41:38 [INFO] correct (tool_hit=0)
2026-06-14 08:41:38 [INFO] 

number id: 93
2026-06-14 08:42:26 [INFO] correct (tool_hit=0)
2026-06-14 08:42:26 [INFO] 

number id: 94
2026-06-14 08:42:44 [INFO] correct (tool_hit=0)
2026-06-14 08:42:44 [INFO] 

number id: 95
2026-06-14 08:43:33 [INFO] error (tool_hit=0)
2026-06-14 08:43:33 [INFO] 

number id: 96
2026-06-14 08:43:59 [INFO] error (tool_hit=0)
2026-06-14 08:43:59 [INFO] 

number id: 97
2026-06-14 08:44:31 [INFO] correct (tool_hit=0)
2026-06-14 08:44:31 [INFO] 

number id: 98
2026-06-14 08:44:59 [INFO] error (tool_hit=0)
2026-06-14 08:44:59 [INFO] 

number id: 99
2026-06-14 08:45:23 [INFO] error (tool_hit=0)
2026-06-14 08:45:23 [INFO] 

number id: 100
2026-06-14 08:45:28 [INFO] correct (tool_hit=1)
2026-06-14 08:45:28 [INFO] 

number id: 101
2026-06-14 08:45:44 [INFO] error (tool_hit=0)
2026-06-14 08:45:44 [INFO] 

number id: 102
2026-06-14 08:45:46 [INFO] error (tool_hit=1)
2026-06-14 08:45:46 [INFO] 

number id: 103
2026-06-14 08:46:12 [INFO] error (tool_hit=1)
2026-06-14 08:46:12 [INFO] 

number id: 104
2026-06-14 08:46:31 [INFO] correct (tool_hit=0)
2026-06-14 08:46:31 [INFO] 

number id: 105
2026-06-14 08:46:42 [INFO] correct (tool_hit=0)
2026-06-14 08:46:42 [INFO] 

number id: 106
2026-06-14 08:47:10 [INFO] error (tool_hit=0)
2026-06-14 08:47:10 [INFO] 

number id: 107
2026-06-14 08:48:08 [INFO] error (tool_hit=0)
2026-06-14 08:48:08 [INFO] 

number id: 108
2026-06-14 08:48:25 [INFO] correct (tool_hit=0)
2026-06-14 08:48:25 [INFO] 

number id: 109
2026-06-14 08:49:15 [INFO] correct (tool_hit=0)
2026-06-14 08:49:15 [INFO] 

number id: 110
2026-06-14 08:49:22 [INFO] correct (tool_hit=0)
2026-06-14 08:49:22 [INFO] 

number id: 111
2026-06-14 08:49:51 [INFO] correct (tool_hit=0)
2026-06-14 08:49:51 [INFO] 

number id: 112
2026-06-14 08:50:03 [INFO] correct (tool_hit=0)
2026-06-14 08:50:03 [INFO] 

number id: 113
2026-06-14 08:50:13 [INFO] correct (tool_hit=0)
2026-06-14 08:50:13 [INFO] 

number id: 114
2026-06-14 08:50:20 [INFO] correct (tool_hit=0)
2026-06-14 08:50:20 [INFO] 

number id: 115
2026-06-14 08:50:51 [INFO] correct (tool_hit=0)
2026-06-14 08:50:51 [INFO] 

number id: 116
2026-06-14 08:51:01 [INFO] correct (tool_hit=2)
2026-06-14 08:51:01 [INFO] 

number id: 117
2026-06-14 08:51:47 [INFO] error (tool_hit=1)
2026-06-14 08:51:47 [INFO] 

number id: 118
2026-06-14 08:52:00 [INFO] correct (tool_hit=0)
2026-06-14 08:52:00 [INFO] 

number id: 119
2026-06-14 08:52:53 [INFO] correct (tool_hit=0)
2026-06-14 08:52:53 [INFO] 

number id: 120
2026-06-14 08:53:13 [INFO] correct (tool_hit=0)
2026-06-14 08:53:13 [INFO] 

number id: 121
2026-06-14 08:53:52 [INFO] error (tool_hit=0)
2026-06-14 08:53:52 [INFO] 

number id: 122
2026-06-14 08:54:26 [INFO] correct (tool_hit=0)
2026-06-14 08:54:26 [INFO] 

number id: 123
2026-06-14 08:54:52 [INFO] error (tool_hit=0)
2026-06-14 08:54:52 [INFO] 

number id: 124
2026-06-14 08:55:24 [INFO] correct (tool_hit=0)
2026-06-14 08:55:24 [INFO] 

number id: 125
2026-06-14 08:56:03 [INFO] correct (tool_hit=0)
2026-06-14 08:56:03 [INFO] 

number id: 126
2026-06-14 08:56:05 [INFO] correct (tool_hit=2)
2026-06-14 08:56:05 [INFO] 

number id: 127
2026-06-14 08:56:40 [INFO] correct (tool_hit=0)
2026-06-14 08:56:40 [INFO] 

number id: 128
2026-06-14 08:56:51 [INFO] correct (tool_hit=0)
2026-06-14 08:56:51 [INFO] 

number id: 129
2026-06-14 08:57:48 [INFO] error (tool_hit=0)
2026-06-14 08:57:48 [INFO] 

number id: 130
2026-06-14 08:57:58 [INFO] correct (tool_hit=1)
2026-06-14 08:57:58 [INFO] 

number id: 131
2026-06-14 08:58:19 [INFO] error (tool_hit=0)
2026-06-14 08:58:19 [INFO] 

number id: 132
2026-06-14 08:58:34 [INFO] error (tool_hit=0)
2026-06-14 08:58:34 [INFO] 

number id: 133
2026-06-14 08:58:40 [INFO] correct (tool_hit=0)
2026-06-14 08:58:40 [INFO] 

number id: 134
2026-06-14 08:59:07 [INFO] correct (tool_hit=0)
2026-06-14 08:59:07 [INFO] 

number id: 135
2026-06-14 08:59:20 [INFO] error (tool_hit=0)
2026-06-14 08:59:20 [INFO] 

number id: 136
2026-06-14 09:00:01 [INFO] error (tool_hit=0)
2026-06-14 09:00:01 [INFO] 

number id: 137
2026-06-14 09:01:03 [INFO] correct (tool_hit=0)
2026-06-14 09:01:03 [INFO] 

number id: 138
2026-06-14 09:03:51 [INFO] correct (tool_hit=0)
2026-06-14 09:03:51 [INFO] 

number id: 139
2026-06-14 09:04:38 [INFO] error (tool_hit=0)
2026-06-14 09:04:38 [INFO] 

number id: 140
2026-06-14 09:05:18 [INFO] error (tool_hit=0)
2026-06-14 09:05:18 [INFO] 

number id: 141
2026-06-14 09:06:09 [INFO] error (tool_hit=1)
2026-06-14 09:06:09 [INFO] 

number id: 142
2026-06-14 09:06:44 [INFO] error (tool_hit=0)
2026-06-14 09:06:44 [INFO] 

number id: 143
2026-06-14 09:07:28 [INFO] correct (tool_hit=0)
2026-06-14 09:07:28 [INFO] 

number id: 144
2026-06-14 09:08:08 [INFO] correct (tool_hit=0)
2026-06-14 09:08:08 [INFO] 

number id: 145
2026-06-14 09:08:20 [INFO] correct (tool_hit=0)
2026-06-14 09:08:20 [INFO] 

number id: 146
2026-06-14 09:08:31 [INFO] correct (tool_hit=0)
2026-06-14 09:08:31 [INFO] 

number id: 147
2026-06-14 09:11:51 [INFO] error (tool_hit=2)
2026-06-14 09:11:51 [INFO] 

number id: 148
2026-06-14 09:11:57 [INFO] correct (tool_hit=0)
2026-06-14 09:11:57 [INFO] 

number id: 149
2026-06-14 09:12:04 [INFO] correct (tool_hit=0)
2026-06-14 09:12:04 [INFO] 

number id: 150
2026-06-14 09:13:16 [INFO] error (tool_hit=0)
2026-06-14 09:13:16 [INFO] 

number id: 151
2026-06-14 09:14:29 [INFO] error (tool_hit=0)
2026-06-14 09:14:29 [INFO] 

number id: 152
2026-06-14 09:14:44 [INFO] error (tool_hit=0)
2026-06-14 09:14:44 [INFO] 

number id: 153
2026-06-14 09:15:18 [INFO] correct (tool_hit=0)
2026-06-14 09:15:18 [INFO] 

number id: 154
2026-06-14 09:15:24 [INFO] correct (tool_hit=0)
2026-06-14 09:15:24 [INFO] 

number id: 155
2026-06-14 09:16:14 [INFO] error (tool_hit=0)
2026-06-14 09:16:14 [INFO] 

number id: 156
2026-06-14 09:17:03 [INFO] error (tool_hit=0)
2026-06-14 09:17:03 [INFO] 

number id: 157
2026-06-14 09:17:33 [INFO] error (tool_hit=0)
2026-06-14 09:17:33 [INFO] 

number id: 158
2026-06-14 09:18:32 [INFO] correct (tool_hit=0)
2026-06-14 09:18:32 [INFO] 

number id: 159
2026-06-14 09:18:45 [INFO] correct (tool_hit=0)
2026-06-14 09:18:45 [INFO] 

number id: 160
2026-06-14 09:19:11 [INFO] correct (tool_hit=0)
2026-06-14 09:19:11 [INFO] 

number id: 161
2026-06-14 09:19:25 [INFO] error (tool_hit=0)
2026-06-14 09:19:25 [INFO] 

number id: 162
2026-06-14 09:19:43 [INFO] correct (tool_hit=0)
2026-06-14 09:19:43 [INFO] 

number id: 163
2026-06-14 09:20:24 [INFO] error (tool_hit=0)
2026-06-14 09:20:24 [INFO] 

number id: 164
2026-06-14 09:21:33 [INFO] correct (tool_hit=0)
2026-06-14 09:21:33 [INFO] 

number id: 165
2026-06-14 09:24:52 [INFO] correct (tool_hit=0)
2026-06-14 09:24:52 [INFO] 

number id: 166
2026-06-14 09:25:25 [INFO] correct (tool_hit=0)
2026-06-14 09:25:25 [INFO] 

number id: 167
2026-06-14 09:25:44 [INFO] correct (tool_hit=0)
2026-06-14 09:25:44 [INFO] 

number id: 168
2026-06-14 09:26:57 [INFO] error (tool_hit=0)
2026-06-14 09:26:57 [INFO] 

number id: 169
2026-06-14 09:27:37 [INFO] error (tool_hit=0)
2026-06-14 09:27:37 [INFO] 

number id: 170
2026-06-14 09:27:57 [INFO] error (tool_hit=0)
2026-06-14 09:27:57 [INFO] 

number id: 171
2026-06-14 09:28:41 [INFO] error (tool_hit=0)
2026-06-14 09:28:41 [INFO] 

number id: 172
2026-06-14 09:29:26 [INFO] error (tool_hit=0)
2026-06-14 09:29:26 [INFO] 

number id: 173
2026-06-14 09:29:48 [INFO] error (tool_hit=1)
2026-06-14 09:29:48 [INFO] 

number id: 174
2026-06-14 09:30:14 [INFO] correct (tool_hit=0)
2026-06-14 09:30:14 [INFO] 

number id: 175
2026-06-14 09:30:24 [INFO] correct (tool_hit=0)
2026-06-14 09:30:24 [INFO] 

number id: 176
2026-06-14 09:30:48 [INFO] error (tool_hit=0)
2026-06-14 09:30:48 [INFO] 

number id: 177
2026-06-14 09:31:19 [INFO] correct (tool_hit=0)
2026-06-14 09:31:19 [INFO] 

number id: 178
2026-06-14 09:32:06 [INFO] correct (tool_hit=0)
2026-06-14 09:32:06 [INFO] 

number id: 179
2026-06-14 09:32:28 [INFO] correct (tool_hit=0)
2026-06-14 09:32:28 [INFO] 

number id: 180
2026-06-14 09:36:48 [INFO] correct (tool_hit=0)
2026-06-14 09:36:48 [INFO] 

number id: 181
2026-06-14 09:37:02 [INFO] error (tool_hit=0)
2026-06-14 09:37:02 [INFO] 

number id: 182
2026-06-14 09:37:36 [INFO] error (tool_hit=0)
2026-06-14 09:37:36 [INFO] 

number id: 183
2026-06-14 09:38:15 [INFO] error (tool_hit=0)
2026-06-14 09:38:15 [INFO] 

number id: 184
2026-06-14 09:39:50 [INFO] error (tool_hit=0)
2026-06-14 09:39:50 [INFO] 

number id: 185
2026-06-14 09:40:20 [INFO] correct (tool_hit=2)
2026-06-14 09:40:20 [INFO] 

number id: 186
2026-06-14 09:40:54 [INFO] error (tool_hit=0)
2026-06-14 09:40:54 [INFO] 

number id: 187
2026-06-14 09:41:20 [INFO] correct (tool_hit=0)
2026-06-14 09:41:20 [INFO] 

number id: 188
2026-06-14 09:41:39 [INFO] error (tool_hit=0)
2026-06-14 09:41:39 [INFO] 

number id: 189
2026-06-14 09:42:12 [INFO] error (tool_hit=0)
2026-06-14 09:42:12 [INFO] 

number id: 190
2026-06-14 09:43:19 [INFO] error (tool_hit=0)
2026-06-14 09:43:19 [INFO] 

number id: 191
2026-06-14 09:43:36 [INFO] correct (tool_hit=0)
2026-06-14 09:43:36 [INFO] 

number id: 192
2026-06-14 09:43:47 [INFO] correct (tool_hit=0)
2026-06-14 09:43:47 [INFO] 

number id: 193
2026-06-14 09:44:00 [INFO] correct (tool_hit=0)
2026-06-14 09:44:00 [INFO] 

number id: 194
2026-06-14 09:45:20 [INFO] correct (tool_hit=0)
2026-06-14 09:45:20 [INFO] 

number id: 195
2026-06-14 09:46:31 [INFO] correct (tool_hit=1)
2026-06-14 09:46:31 [INFO] 

number id: 196
2026-06-14 09:47:15 [INFO] correct (tool_hit=0)
2026-06-14 09:47:15 [INFO] 

number id: 197
2026-06-14 09:47:32 [INFO] correct (tool_hit=0)
2026-06-14 09:47:32 [INFO] 

number id: 198
2026-06-14 09:48:08 [INFO] error (tool_hit=0)
2026-06-14 09:48:08 [INFO] 

number id: 199
2026-06-14 09:48:17 [INFO] correct (tool_hit=0)
2026-06-14 09:48:17 [INFO] 200 solving 运行耗时: 1.0h, 53.0min, 24.511087894439697s
2026-06-14 09:48:17 [INFO] Correct_Q: 113
2026-06-14 09:48:17 [INFO] False_Q: 87
2026-06-14 09:48:17 [INFO] Error_Q: 0
2026-06-14 09:48:17 [INFO] Sum_Q: 200
2026-06-14 09:48:17 [INFO] Acc: 56.50%
2026-06-14 09:48:17 [INFO] Avg_time_per_Q: 34.02s
2026-06-14 09:48:17 [INFO] Total Tokens: 262702; Total Cost: $0.77
2026-06-14 09:48:17 [INFO] Round 3 | no_tool: Acc=113/200, Avg_time=33.05s
2026-06-14 09:48:17 [INFO] Round 3 | with_tool: Acc=113/200, Avg_time=34.02s
