2026-06-14 09:48:17 [INFO] ===== Round 4/5 =====
2026-06-14 09:48:17 [INFO] ===== no_tool =====
2026-06-14 09:48:17 [INFO] 

number id: 0
2026-06-14 09:48:41 [INFO] correct (tool_hit=0)
2026-06-14 09:48:41 [INFO] 

number id: 1
2026-06-14 09:48:51 [INFO] correct (tool_hit=0)
2026-06-14 09:48:51 [INFO] 

number id: 2
2026-06-14 09:49:19 [INFO] error (tool_hit=0)
2026-06-14 09:49:19 [INFO] 

number id: 3
2026-06-14 09:49:54 [INFO] correct (tool_hit=0)
2026-06-14 09:49:54 [INFO] 

number id: 4
2026-06-14 09:50:14 [INFO] correct (tool_hit=0)
2026-06-14 09:50:14 [INFO] 

number id: 5
2026-06-14 09:50:30 [INFO] correct (tool_hit=0)
2026-06-14 09:50:30 [INFO] 

number id: 6
2026-06-14 09:50:53 [INFO] error (tool_hit=0)
2026-06-14 09:50:53 [INFO] 

number id: 7
2026-06-14 09:51:20 [INFO] correct (tool_hit=0)
2026-06-14 09:51:20 [INFO] 

number id: 8
2026-06-14 09:52:42 [INFO] correct (tool_hit=0)
2026-06-14 09:52:42 [INFO] 

number id: 9
2026-06-14 09:53:34 [INFO] correct (tool_hit=0)
2026-06-14 09:53:34 [INFO] 

number id: 10
2026-06-14 09:54:39 [INFO] correct (tool_hit=0)
2026-06-14 09:54:39 [INFO] 

number id: 11
2026-06-14 09:55:14 [INFO] error (tool_hit=0)
2026-06-14 09:55:14 [INFO] 

number id: 12
2026-06-14 09:55:35 [INFO] correct (tool_hit=0)
2026-06-14 09:55:35 [INFO] 

number id: 13
2026-06-14 09:55:54 [INFO] correct (tool_hit=0)
2026-06-14 09:55:54 [INFO] 

number id: 14
2026-06-14 09:57:02 [INFO] error (tool_hit=0)
2026-06-14 09:57:02 [INFO] 

number id: 15
2026-06-14 09:57:22 [INFO] error (tool_hit=0)
2026-06-14 09:57:22 [INFO] 

number id: 16
2026-06-14 09:57:40 [INFO] correct (tool_hit=0)
2026-06-14 09:57:40 [INFO] 

number id: 17
2026-06-14 09:58:27 [INFO] error (tool_hit=0)
2026-06-14 09:58:27 [INFO] 

number id: 18
2026-06-14 09:59:07 [INFO] error (tool_hit=0)
2026-06-14 09:59:07 [INFO] 

number id: 19
2026-06-14 09:59:23 [INFO] correct (tool_hit=0)
2026-06-14 09:59:23 [INFO] 

number id: 20
2026-06-14 10:00:37 [INFO] error (tool_hit=0)
2026-06-14 10:00:37 [INFO] 

number id: 21
2026-06-14 10:01:24 [INFO] error (tool_hit=0)
2026-06-14 10:01:24 [INFO] 

number id: 22
2026-06-14 10:01:43 [INFO] correct (tool_hit=0)
2026-06-14 10:01:43 [INFO] 

number id: 23
2026-06-14 10:02:02 [INFO] error (tool_hit=0)
2026-06-14 10:02:02 [INFO] 

number id: 24
2026-06-14 10:02:10 [INFO] correct (tool_hit=0)
2026-06-14 10:02:10 [INFO] 

number id: 25
2026-06-14 10:02:19 [INFO] correct (tool_hit=0)
2026-06-14 10:02:19 [INFO] 

number id: 26
2026-06-14 10:02:58 [INFO] error (tool_hit=0)
2026-06-14 10:02:58 [INFO] 

number id: 27
2026-06-14 10:03:55 [INFO] error (tool_hit=0)
2026-06-14 10:03:55 [INFO] 

number id: 28
2026-06-14 10:04:28 [INFO] error (tool_hit=0)
2026-06-14 10:04:28 [INFO] 

number id: 29
2026-06-14 10:05:46 [INFO] error (tool_hit=0)
2026-06-14 10:05:46 [INFO] 

number id: 30
2026-06-14 10:06:17 [INFO] error (tool_hit=0)
2026-06-14 10:06:17 [INFO] 

number id: 31
2026-06-14 10:06:36 [INFO] correct (tool_hit=0)
2026-06-14 10:06:36 [INFO] 

number id: 32
2026-06-14 10:07:49 [INFO] correct (tool_hit=0)
2026-06-14 10:07:49 [INFO] 

number id: 33
2026-06-14 10:08:43 [INFO] error (tool_hit=0)
2026-06-14 10:08:43 [INFO] 

number id: 34
2026-06-14 10:09:03 [INFO] error (tool_hit=0)
2026-06-14 10:09:03 [INFO] 

number id: 35
2026-06-14 10:09:27 [INFO] correct (tool_hit=0)
2026-06-14 10:09:27 [INFO] 

number id: 36
2026-06-14 10:10:45 [INFO] correct (tool_hit=0)
2026-06-14 10:10:45 [INFO] 

number id: 37
2026-06-14 10:11:34 [INFO] error (tool_hit=0)
2026-06-14 10:11:34 [INFO] 

number id: 38
2026-06-14 10:12:09 [INFO] error (tool_hit=0)
2026-06-14 10:12:09 [INFO] 

number id: 39
2026-06-14 10:13:00 [INFO] correct (tool_hit=0)
2026-06-14 10:13:00 [INFO] 

number id: 40
2026-06-14 10:13:18 [INFO] correct (tool_hit=0)
2026-06-14 10:13:18 [INFO] 

number id: 41
2026-06-14 10:13:43 [INFO] correct (tool_hit=0)
2026-06-14 10:13:43 [INFO] 

number id: 42
2026-06-14 10:13:57 [INFO] correct (tool_hit=0)
2026-06-14 10:13:57 [INFO] 

number id: 43
2026-06-14 10:14:57 [INFO] correct (tool_hit=0)
2026-06-14 10:14:57 [INFO] 

number id: 44
2026-06-14 10:15:33 [INFO] error (tool_hit=0)
2026-06-14 10:15:33 [INFO] 

number id: 45
2026-06-14 10:15:52 [INFO] correct (tool_hit=0)
2026-06-14 10:15:52 [INFO] 

number id: 46
2026-06-14 10:16:40 [INFO] error (tool_hit=0)
2026-06-14 10:16:40 [INFO] 

number id: 47
2026-06-14 10:17:14 [INFO] correct (tool_hit=0)
2026-06-14 10:17:14 [INFO] 

number id: 48
2026-06-14 10:17:29 [INFO] correct (tool_hit=0)
2026-06-14 10:17:29 [INFO] 

number id: 49
2026-06-14 10:20:48 [INFO] error (tool_hit=0)
2026-06-14 10:20:48 [INFO] 

number id: 50
2026-06-14 10:21:16 [INFO] error (tool_hit=0)
2026-06-14 10:21:16 [INFO] 

number id: 51
2026-06-14 10:21:38 [INFO] correct (tool_hit=0)
2026-06-14 10:21:38 [INFO] 

number id: 52
2026-06-14 10:21:59 [INFO] error (tool_hit=0)
2026-06-14 10:21:59 [INFO] 

number id: 53
2026-06-14 10:22:07 [INFO] correct (tool_hit=0)
2026-06-14 10:22:07 [INFO] 

number id: 54
2026-06-14 10:22:38 [INFO] correct (tool_hit=0)
2026-06-14 10:22:38 [INFO] 

number id: 55
2026-06-14 10:22:45 [INFO] correct (tool_hit=0)
2026-06-14 10:22:45 [INFO] 

number id: 56
2026-06-14 10:23:03 [INFO] correct (tool_hit=0)
2026-06-14 10:23:03 [INFO] 

number id: 57
2026-06-14 10:23:15 [INFO] correct (tool_hit=0)
2026-06-14 10:23:15 [INFO] 

number id: 58
2026-06-14 10:23:28 [INFO] correct (tool_hit=0)
2026-06-14 10:23:28 [INFO] 

number id: 59
2026-06-14 10:24:56 [INFO] correct (tool_hit=0)
2026-06-14 10:24:56 [INFO] 

number id: 60
2026-06-14 10:25:23 [INFO] correct (tool_hit=0)
2026-06-14 10:25:23 [INFO] 

number id: 61
2026-06-14 10:26:19 [INFO] error (tool_hit=0)
2026-06-14 10:26:19 [INFO] 

number id: 62
2026-06-14 10:27:12 [INFO] correct (tool_hit=0)
2026-06-14 10:27:12 [INFO] 

number id: 63
2026-06-14 10:27:36 [INFO] error (tool_hit=0)
2026-06-14 10:27:36 [INFO] 

number id: 64
2026-06-14 10:28:05 [INFO] error (tool_hit=0)
2026-06-14 10:28:05 [INFO] 

number id: 65
2026-06-14 10:28:30 [INFO] correct (tool_hit=0)
2026-06-14 10:28:30 [INFO] 

number id: 66
2026-06-14 10:29:48 [INFO] correct (tool_hit=0)
2026-06-14 10:29:48 [INFO] 

number id: 67
2026-06-14 10:30:53 [INFO] correct (tool_hit=0)
2026-06-14 10:30:53 [INFO] 

number id: 68
2026-06-14 10:32:56 [INFO] correct (tool_hit=0)
2026-06-14 10:32:56 [INFO] 

number id: 69
2026-06-14 10:33:13 [INFO] correct (tool_hit=0)
2026-06-14 10:33:13 [INFO] 

number id: 70
2026-06-14 10:33:32 [INFO] correct (tool_hit=0)
2026-06-14 10:33:32 [INFO] 

number id: 71
2026-06-14 10:34:18 [INFO] error (tool_hit=0)
2026-06-14 10:34:18 [INFO] 

number id: 72
2026-06-14 10:34:38 [INFO] correct (tool_hit=0)
2026-06-14 10:34:38 [INFO] 

number id: 73
2026-06-14 10:35:08 [INFO] error (tool_hit=0)
2026-06-14 10:35:08 [INFO] 

number id: 74
2026-06-14 10:35:34 [INFO] correct (tool_hit=0)
2026-06-14 10:35:34 [INFO] 

number id: 75
2026-06-14 10:36:03 [INFO] error (tool_hit=0)
2026-06-14 10:36:03 [INFO] 

number id: 76
2026-06-14 10:36:23 [INFO] correct (tool_hit=0)
2026-06-14 10:36:23 [INFO] 

number id: 77
2026-06-14 10:36:42 [INFO] error (tool_hit=0)
2026-06-14 10:36:42 [INFO] 

number id: 78
2026-06-14 10:37:15 [INFO] error (tool_hit=0)
2026-06-14 10:37:15 [INFO] 

number id: 79
2026-06-14 10:37:46 [INFO] correct (tool_hit=0)
2026-06-14 10:37:46 [INFO] 

number id: 80
2026-06-14 10:38:11 [INFO] correct (tool_hit=0)
2026-06-14 10:38:11 [INFO] 

number id: 81
2026-06-14 10:38:20 [INFO] correct (tool_hit=0)
2026-06-14 10:38:20 [INFO] 

number id: 82
2026-06-14 10:39:17 [INFO] error (tool_hit=0)
2026-06-14 10:39:17 [INFO] 

number id: 83
2026-06-14 10:39:23 [INFO] error (tool_hit=0)
2026-06-14 10:39:23 [INFO] 

number id: 84
2026-06-14 10:39:41 [INFO] correct (tool_hit=0)
2026-06-14 10:39:41 [INFO] 

number id: 85
2026-06-14 10:40:30 [INFO] error (tool_hit=0)
2026-06-14 10:40:30 [INFO] 

number id: 86
2026-06-14 10:40:45 [INFO] correct (tool_hit=0)
2026-06-14 10:40:45 [INFO] 

number id: 87
2026-06-14 10:40:59 [INFO] correct (tool_hit=0)
2026-06-14 10:40:59 [INFO] 

number id: 88
2026-06-14 10:41:08 [INFO] correct (tool_hit=0)
2026-06-14 10:41:08 [INFO] 

number id: 89
2026-06-14 10:41:52 [INFO] correct (tool_hit=0)
2026-06-14 10:41:52 [INFO] 

number id: 90
2026-06-14 10:42:51 [INFO] correct (tool_hit=0)
2026-06-14 10:42:51 [INFO] 

number id: 91
2026-06-14 10:44:07 [INFO] error (tool_hit=0)
2026-06-14 10:44:07 [INFO] 

number id: 92
2026-06-14 10:44:19 [INFO] correct (tool_hit=0)
2026-06-14 10:44:19 [INFO] 

number id: 93
2026-06-14 10:45:09 [INFO] correct (tool_hit=0)
2026-06-14 10:45:09 [INFO] 

number id: 94
2026-06-14 10:45:28 [INFO] correct (tool_hit=0)
2026-06-14 10:45:28 [INFO] 

number id: 95
2026-06-14 10:46:41 [INFO] error (tool_hit=0)
2026-06-14 10:46:41 [INFO] 

number id: 96
2026-06-14 10:46:55 [INFO] error (tool_hit=0)
2026-06-14 10:46:55 [INFO] 

number id: 97
2026-06-14 10:47:25 [INFO] error (tool_hit=0)
2026-06-14 10:47:25 [INFO] 

number id: 98
2026-06-14 10:48:01 [INFO] error (tool_hit=0)
2026-06-14 10:48:01 [INFO] 

number id: 99
2026-06-14 10:48:26 [INFO] correct (tool_hit=0)
2026-06-14 10:48:26 [INFO] 

number id: 100
2026-06-14 10:48:36 [INFO] correct (tool_hit=0)
2026-06-14 10:48:36 [INFO] 

number id: 101
2026-06-14 10:48:56 [INFO] correct (tool_hit=0)
2026-06-14 10:48:56 [INFO] 

number id: 102
2026-06-14 10:48:59 [INFO] correct (tool_hit=0)
2026-06-14 10:48:59 [INFO] 

number id: 103
2026-06-14 10:49:34 [INFO] correct (tool_hit=0)
2026-06-14 10:49:34 [INFO] 

number id: 104
2026-06-14 10:49:59 [INFO] correct (tool_hit=0)
2026-06-14 10:49:59 [INFO] 

number id: 105
2026-06-14 10:50:10 [INFO] correct (tool_hit=0)
2026-06-14 10:50:10 [INFO] 

number id: 106
2026-06-14 10:50:40 [INFO] error (tool_hit=0)
2026-06-14 10:50:40 [INFO] 

number id: 107
2026-06-14 10:51:45 [INFO] correct (tool_hit=0)
2026-06-14 10:51:45 [INFO] 

number id: 108
2026-06-14 10:52:06 [INFO] error (tool_hit=0)
2026-06-14 10:52:06 [INFO] 

number id: 109
2026-06-14 10:52:57 [INFO] error (tool_hit=0)
2026-06-14 10:52:57 [INFO] 

number id: 110
2026-06-14 10:53:10 [INFO] correct (tool_hit=0)
2026-06-14 10:53:10 [INFO] 

number id: 111
2026-06-14 10:53:41 [INFO] correct (tool_hit=0)
2026-06-14 10:53:41 [INFO] 

number id: 112
2026-06-14 10:53:54 [INFO] correct (tool_hit=0)
2026-06-14 10:53:54 [INFO] 

number id: 113
2026-06-14 10:54:09 [INFO] correct (tool_hit=0)
2026-06-14 10:54:09 [INFO] 

number id: 114
2026-06-14 10:54:17 [INFO] error (tool_hit=0)
2026-06-14 10:54:17 [INFO] 

number id: 115
2026-06-14 10:54:43 [INFO] error (tool_hit=0)
2026-06-14 10:54:43 [INFO] 

number id: 116
2026-06-14 10:55:27 [INFO] correct (tool_hit=0)
2026-06-14 10:55:27 [INFO] 

number id: 117
2026-06-14 10:56:26 [INFO] error (tool_hit=0)
2026-06-14 10:56:26 [INFO] 

number id: 118
2026-06-14 10:56:41 [INFO] correct (tool_hit=0)
2026-06-14 10:56:41 [INFO] 

number id: 119
2026-06-14 10:57:53 [INFO] error (tool_hit=0)
2026-06-14 10:57:53 [INFO] 

number id: 120
2026-06-14 10:58:08 [INFO] correct (tool_hit=0)
2026-06-14 10:58:08 [INFO] 

number id: 121
2026-06-14 10:58:52 [INFO] correct (tool_hit=0)
2026-06-14 10:58:52 [INFO] 

number id: 122
2026-06-14 10:59:31 [INFO] error (tool_hit=0)
2026-06-14 10:59:31 [INFO] 

number id: 123
2026-06-14 10:59:47 [INFO] error (tool_hit=0)
2026-06-14 10:59:47 [INFO] 

number id: 124
2026-06-14 11:00:35 [INFO] error (tool_hit=0)
2026-06-14 11:00:35 [INFO] 

number id: 125
2026-06-14 11:01:07 [INFO] correct (tool_hit=0)
2026-06-14 11:01:07 [INFO] 

number id: 126
2026-06-14 11:01:19 [INFO] error (tool_hit=0)
2026-06-14 11:01:19 [INFO] 

number id: 127
2026-06-14 11:01:53 [INFO] correct (tool_hit=0)
2026-06-14 11:01:53 [INFO] 

number id: 128
2026-06-14 11:02:06 [INFO] correct (tool_hit=0)
2026-06-14 11:02:06 [INFO] 

number id: 129
2026-06-14 11:02:43 [INFO] error (tool_hit=0)
2026-06-14 11:02:43 [INFO] 

number id: 130
2026-06-14 11:02:52 [INFO] correct (tool_hit=0)
2026-06-14 11:02:52 [INFO] 

number id: 131
2026-06-14 11:03:13 [INFO] correct (tool_hit=0)
2026-06-14 11:03:13 [INFO] 

number id: 132
2026-06-14 11:03:25 [INFO] correct (tool_hit=0)
2026-06-14 11:03:25 [INFO] 

number id: 133
2026-06-14 11:03:32 [INFO] correct (tool_hit=0)
2026-06-14 11:03:32 [INFO] 

number id: 134
2026-06-14 11:04:00 [INFO] error (tool_hit=0)
2026-06-14 11:04:00 [INFO] 

number id: 135
2026-06-14 11:04:14 [INFO] error (tool_hit=0)
2026-06-14 11:04:14 [INFO] 

number id: 136
2026-06-14 11:05:09 [INFO] correct (tool_hit=0)
2026-06-14 11:05:09 [INFO] 

number id: 137
2026-06-14 11:06:11 [INFO] error (tool_hit=0)
2026-06-14 11:06:11 [INFO] 

number id: 138
2026-06-14 11:08:59 [INFO] correct (tool_hit=0)
2026-06-14 11:08:59 [INFO] 

number id: 139
2026-06-14 11:09:38 [INFO] error (tool_hit=0)
2026-06-14 11:09:38 [INFO] 

number id: 140
2026-06-14 11:10:08 [INFO] error (tool_hit=0)
2026-06-14 11:10:08 [INFO] 

number id: 141
2026-06-14 11:10:44 [INFO] error (tool_hit=0)
2026-06-14 11:10:44 [INFO] 

number id: 142
2026-06-14 11:11:09 [INFO] error (tool_hit=0)
2026-06-14 11:11:09 [INFO] 

number id: 143
2026-06-14 11:11:34 [INFO] error (tool_hit=0)
2026-06-14 11:11:34 [INFO] 

number id: 144
2026-06-14 11:11:57 [INFO] correct (tool_hit=0)
2026-06-14 11:11:57 [INFO] 

number id: 145
2026-06-14 11:12:04 [INFO] correct (tool_hit=0)
2026-06-14 11:12:04 [INFO] 

number id: 146
2026-06-14 11:12:14 [INFO] correct (tool_hit=0)
2026-06-14 11:12:14 [INFO] 

number id: 147
2026-06-14 11:14:27 [INFO] correct (tool_hit=0)
2026-06-14 11:14:27 [INFO] 

number id: 148
2026-06-14 11:14:31 [INFO] correct (tool_hit=0)
2026-06-14 11:14:31 [INFO] 

number id: 149
2026-06-14 11:14:40 [INFO] correct (tool_hit=0)
2026-06-14 11:14:40 [INFO] 

number id: 150
2026-06-14 11:15:45 [INFO] error (tool_hit=0)
2026-06-14 11:15:45 [INFO] 

number id: 151
2026-06-14 11:16:23 [INFO] error (tool_hit=0)
2026-06-14 11:16:23 [INFO] 

number id: 152
2026-06-14 11:16:45 [INFO] correct (tool_hit=0)
2026-06-14 11:16:45 [INFO] 

number id: 153
2026-06-14 11:17:15 [INFO] error (tool_hit=0)
2026-06-14 11:17:15 [INFO] 

number id: 154
2026-06-14 11:17:22 [INFO] correct (tool_hit=0)
2026-06-14 11:17:22 [INFO] 

number id: 155
2026-06-14 11:18:05 [INFO] correct (tool_hit=0)
2026-06-14 11:18:05 [INFO] 

number id: 156
2026-06-14 11:18:32 [INFO] correct (tool_hit=0)
2026-06-14 11:18:32 [INFO] 

number id: 157
2026-06-14 11:18:57 [INFO] error (tool_hit=0)
2026-06-14 11:18:57 [INFO] 

number id: 158
2026-06-14 11:19:26 [INFO] error (tool_hit=0)
2026-06-14 11:19:26 [INFO] 

number id: 159
2026-06-14 11:19:35 [INFO] correct (tool_hit=0)
2026-06-14 11:19:35 [INFO] 

number id: 160
2026-06-14 11:19:51 [INFO] correct (tool_hit=0)
2026-06-14 11:19:51 [INFO] 

number id: 161
2026-06-14 11:20:05 [INFO] correct (tool_hit=0)
2026-06-14 11:20:05 [INFO] 

number id: 162
2026-06-14 11:20:17 [INFO] correct (tool_hit=0)
2026-06-14 11:20:17 [INFO] 

number id: 163
2026-06-14 11:20:49 [INFO] correct (tool_hit=0)
2026-06-14 11:20:49 [INFO] 

number id: 164
2026-06-14 11:21:30 [INFO] error (tool_hit=0)
2026-06-14 11:21:30 [INFO] 

number id: 165
2026-06-14 11:23:48 [INFO] error (tool_hit=0)
2026-06-14 11:23:48 [INFO] 

number id: 166
2026-06-14 11:24:07 [INFO] correct (tool_hit=0)
2026-06-14 11:24:07 [INFO] 

number id: 167
2026-06-14 11:24:13 [INFO] correct (tool_hit=0)
2026-06-14 11:24:13 [INFO] 

number id: 168
2026-06-14 11:24:51 [INFO] error (tool_hit=0)
2026-06-14 11:24:51 [INFO] 

number id: 169
2026-06-14 11:25:20 [INFO] error (tool_hit=0)
2026-06-14 11:25:20 [INFO] 

number id: 170
2026-06-14 11:25:36 [INFO] error (tool_hit=0)
2026-06-14 11:25:36 [INFO] 

number id: 171
2026-06-14 11:25:59 [INFO] correct (tool_hit=0)
2026-06-14 11:25:59 [INFO] 

number id: 172
2026-06-14 11:26:37 [INFO] correct (tool_hit=0)
2026-06-14 11:26:37 [INFO] 

number id: 173
2026-06-14 11:26:50 [INFO] correct (tool_hit=0)
2026-06-14 11:26:50 [INFO] 

number id: 174
2026-06-14 11:27:05 [INFO] correct (tool_hit=0)
2026-06-14 11:27:05 [INFO] 

number id: 175
2026-06-14 11:27:10 [INFO] correct (tool_hit=0)
2026-06-14 11:27:10 [INFO] 

number id: 176
2026-06-14 11:27:32 [INFO] error (tool_hit=0)
2026-06-14 11:27:32 [INFO] 

number id: 177
2026-06-14 11:27:56 [INFO] error (tool_hit=0)
2026-06-14 11:27:56 [INFO] 

number id: 178
2026-06-14 11:28:36 [INFO] error (tool_hit=0)
2026-06-14 11:28:36 [INFO] 

number id: 179
2026-06-14 11:28:46 [INFO] correct (tool_hit=0)
2026-06-14 11:28:46 [INFO] 

number id: 180
2026-06-14 11:31:09 [INFO] error (tool_hit=0)
2026-06-14 11:31:09 [INFO] 

number id: 181
2026-06-14 11:31:16 [INFO] error (tool_hit=0)
2026-06-14 11:31:16 [INFO] 

number id: 182
2026-06-14 11:31:35 [INFO] correct (tool_hit=0)
2026-06-14 11:31:35 [INFO] 

number id: 183
2026-06-14 11:31:50 [INFO] correct (tool_hit=0)
2026-06-14 11:31:50 [INFO] 

number id: 184
2026-06-14 11:32:36 [INFO] correct (tool_hit=0)
2026-06-14 11:32:36 [INFO] 

number id: 185
2026-06-14 11:33:02 [INFO] error (tool_hit=0)
2026-06-14 11:33:02 [INFO] 

number id: 186
2026-06-14 11:33:20 [INFO] correct (tool_hit=0)
2026-06-14 11:33:20 [INFO] 

number id: 187
2026-06-14 11:33:31 [INFO] correct (tool_hit=0)
2026-06-14 11:33:31 [INFO] 

number id: 188
2026-06-14 11:33:45 [INFO] correct (tool_hit=0)
2026-06-14 11:33:45 [INFO] 

number id: 189
2026-06-14 11:34:19 [INFO] correct (tool_hit=0)
2026-06-14 11:34:19 [INFO] 

number id: 190
2026-06-14 11:35:04 [INFO] error (tool_hit=0)
2026-06-14 11:35:04 [INFO] 

number id: 191
2026-06-14 11:35:14 [INFO] correct (tool_hit=0)
2026-06-14 11:35:14 [INFO] 

number id: 192
2026-06-14 11:35:24 [INFO] error (tool_hit=0)
2026-06-14 11:35:24 [INFO] 

number id: 193
2026-06-14 11:35:33 [INFO] correct (tool_hit=0)
2026-06-14 11:35:33 [INFO] 

number id: 194
2026-06-14 11:35:54 [INFO] error (tool_hit=0)
2026-06-14 11:35:54 [INFO] 

number id: 195
2026-06-14 11:36:34 [INFO] correct (tool_hit=0)
2026-06-14 11:36:34 [INFO] 

number id: 196
2026-06-14 11:37:09 [INFO] correct (tool_hit=0)
2026-06-14 11:37:09 [INFO] 

number id: 197
2026-06-14 11:37:20 [INFO] error (tool_hit=0)
2026-06-14 11:37:20 [INFO] 

number id: 198
2026-06-14 11:37:35 [INFO] error (tool_hit=0)
2026-06-14 11:37:35 [INFO] 

number id: 199
2026-06-14 11:37:42 [INFO] correct (tool_hit=0)
2026-06-14 11:37:42 [INFO] 200 solving 运行耗时: 1.0h, 49.0min, 25.137149572372437s
2026-06-14 11:37:42 [INFO] Correct_Q: 119
2026-06-14 11:37:42 [INFO] False_Q: 81
2026-06-14 11:37:42 [INFO] Error_Q: 0
2026-06-14 11:37:42 [INFO] Sum_Q: 200
2026-06-14 11:37:42 [INFO] Acc: 59.50%
2026-06-14 11:37:42 [INFO] Avg_time_per_Q: 32.83s
2026-06-14 11:37:42 [INFO] Total Tokens: 266950; Total Cost: $0.78
2026-06-14 11:37:42 [INFO] ===== with_tool =====
2026-06-14 11:37:42 [INFO] 

number id: 0
2026-06-14 11:37:50 [INFO] correct (tool_hit=1)
2026-06-14 11:37:50 [INFO] 

number id: 1
2026-06-14 11:37:55 [INFO] correct (tool_hit=0)
2026-06-14 11:37:55 [INFO] 

number id: 2
2026-06-14 11:38:15 [INFO] error (tool_hit=0)
2026-06-14 11:38:15 [INFO] 

number id: 3
2026-06-14 11:38:39 [INFO] correct (tool_hit=0)
2026-06-14 11:38:39 [INFO] 

number id: 4
2026-06-14 11:38:48 [INFO] correct (tool_hit=0)
2026-06-14 11:38:48 [INFO] 

number id: 5
2026-06-14 11:39:10 [INFO] correct (tool_hit=0)
2026-06-14 11:39:10 [INFO] 

number id: 6
2026-06-14 11:39:40 [INFO] error (tool_hit=0)
2026-06-14 11:39:40 [INFO] 

number id: 7
2026-06-14 11:39:57 [INFO] correct (tool_hit=0)
2026-06-14 11:39:57 [INFO] 

number id: 8
2026-06-14 11:40:33 [INFO] error (tool_hit=0)
2026-06-14 11:40:33 [INFO] 

number id: 9
2026-06-14 11:41:04 [INFO] error (tool_hit=0)
2026-06-14 11:41:04 [INFO] 

number id: 10
2026-06-14 11:41:31 [INFO] correct (tool_hit=0)
2026-06-14 11:41:31 [INFO] 

number id: 11
2026-06-14 11:41:52 [INFO] error (tool_hit=0)
2026-06-14 11:41:52 [INFO] 

number id: 12
2026-06-14 11:42:05 [INFO] correct (tool_hit=0)
2026-06-14 11:42:05 [INFO] 

number id: 13
2026-06-14 11:42:15 [INFO] correct (tool_hit=0)
2026-06-14 11:42:15 [INFO] 

number id: 14
2026-06-14 11:42:53 [INFO] correct (tool_hit=0)
2026-06-14 11:42:53 [INFO] 

number id: 15
2026-06-14 11:43:07 [INFO] error (tool_hit=0)
2026-06-14 11:43:07 [INFO] 

number id: 16
2026-06-14 11:43:20 [INFO] correct (tool_hit=0)
2026-06-14 11:43:20 [INFO] 

number id: 17
2026-06-14 11:43:36 [INFO] correct (tool_hit=0)
2026-06-14 11:43:36 [INFO] 

number id: 18
2026-06-14 11:43:57 [INFO] error (tool_hit=0)
2026-06-14 11:43:57 [INFO] 

number id: 19
2026-06-14 11:44:06 [INFO] error (tool_hit=0)
2026-06-14 11:44:06 [INFO] 

number id: 20
2026-06-14 11:44:41 [INFO] error (tool_hit=0)
2026-06-14 11:44:41 [INFO] 

number id: 21
2026-06-14 11:45:01 [INFO] error (tool_hit=0)
2026-06-14 11:45:01 [INFO] 

number id: 22
2026-06-14 11:45:09 [INFO] correct (tool_hit=1)
2026-06-14 11:45:09 [INFO] 

number id: 23
2026-06-14 11:45:20 [INFO] correct (tool_hit=0)
2026-06-14 11:45:20 [INFO] 

number id: 24
2026-06-14 11:45:26 [INFO] correct (tool_hit=0)
2026-06-14 11:45:26 [INFO] 

number id: 25
2026-06-14 11:45:33 [INFO] correct (tool_hit=0)
2026-06-14 11:45:33 [INFO] 

number id: 26
2026-06-14 11:45:50 [INFO] correct (tool_hit=0)
2026-06-14 11:45:50 [INFO] 

number id: 27
2026-06-14 11:46:14 [INFO] error (tool_hit=0)
2026-06-14 11:46:14 [INFO] 

number id: 28
2026-06-14 11:46:28 [INFO] error (tool_hit=0)
2026-06-14 11:46:28 [INFO] 

number id: 29
2026-06-14 11:47:01 [INFO] error (tool_hit=0)
2026-06-14 11:47:01 [INFO] 

number id: 30
2026-06-14 11:47:16 [INFO] error (tool_hit=0)
2026-06-14 11:47:16 [INFO] 

number id: 31
2026-06-14 11:47:33 [INFO] correct (tool_hit=0)
2026-06-14 11:47:33 [INFO] 

number id: 32
2026-06-14 11:48:15 [INFO] correct (tool_hit=0)
2026-06-14 11:48:15 [INFO] 

number id: 33
2026-06-14 11:48:33 [INFO] error (tool_hit=0)
2026-06-14 11:48:33 [INFO] 

number id: 34
2026-06-14 11:48:47 [INFO] error (tool_hit=0)
2026-06-14 11:48:47 [INFO] 

number id: 35
2026-06-14 11:49:01 [INFO] correct (tool_hit=0)
2026-06-14 11:49:01 [INFO] 

number id: 36
2026-06-14 11:49:50 [INFO] error (tool_hit=0)
2026-06-14 11:49:50 [INFO] 

number id: 37
2026-06-14 11:50:21 [INFO] correct (tool_hit=0)
2026-06-14 11:50:21 [INFO] 

number id: 38
2026-06-14 11:50:35 [INFO] error (tool_hit=0)
2026-06-14 11:50:35 [INFO] 

number id: 39
2026-06-14 11:50:59 [INFO] correct (tool_hit=0)
2026-06-14 11:50:59 [INFO] 

number id: 40
2026-06-14 11:51:12 [INFO] error (tool_hit=0)
2026-06-14 11:51:12 [INFO] 

number id: 41
2026-06-14 11:51:28 [INFO] correct (tool_hit=0)
2026-06-14 11:51:28 [INFO] 

number id: 42
2026-06-14 11:51:34 [INFO] correct (tool_hit=0)
2026-06-14 11:51:34 [INFO] 

number id: 43
2026-06-14 11:52:01 [INFO] correct (tool_hit=0)
2026-06-14 11:52:01 [INFO] 

number id: 44
2026-06-14 11:52:14 [INFO] error (tool_hit=2)
2026-06-14 11:52:14 [INFO] 

number id: 45
2026-06-14 11:52:26 [INFO] correct (tool_hit=0)
2026-06-14 11:52:26 [INFO] 

number id: 46
2026-06-14 11:52:49 [INFO] error (tool_hit=0)
2026-06-14 11:52:49 [INFO] 

number id: 47
2026-06-14 11:53:03 [INFO] correct (tool_hit=0)
2026-06-14 11:53:03 [INFO] 

number id: 48
2026-06-14 11:53:09 [INFO] correct (tool_hit=0)
2026-06-14 11:53:09 [INFO] 

number id: 49
2026-06-14 11:54:12 [INFO] correct (tool_hit=0)
2026-06-14 11:54:12 [INFO] 

number id: 50
2026-06-14 11:54:29 [INFO] error (tool_hit=0)
2026-06-14 11:54:29 [INFO] 

number id: 51
2026-06-14 11:54:42 [INFO] correct (tool_hit=0)
2026-06-14 11:54:42 [INFO] 

number id: 52
2026-06-14 11:55:01 [INFO] error (tool_hit=0)
2026-06-14 11:55:01 [INFO] 

number id: 53
2026-06-14 11:55:04 [INFO] correct (tool_hit=0)
2026-06-14 11:55:04 [INFO] 

number id: 54
2026-06-14 11:55:24 [INFO] error (tool_hit=0)
2026-06-14 11:55:24 [INFO] 

number id: 55
2026-06-14 11:55:33 [INFO] correct (tool_hit=0)
2026-06-14 11:55:33 [INFO] 

number id: 56
2026-06-14 11:55:42 [INFO] correct (tool_hit=0)
2026-06-14 11:55:42 [INFO] 

number id: 57
2026-06-14 11:55:57 [INFO] correct (tool_hit=0)
2026-06-14 11:55:57 [INFO] 

number id: 58
2026-06-14 11:56:03 [INFO] error (tool_hit=0)
2026-06-14 11:56:03 [INFO] 

number id: 59
2026-06-14 11:56:30 [INFO] error (tool_hit=1)
2026-06-14 11:56:30 [INFO] 

number id: 60
2026-06-14 11:56:42 [INFO] correct (tool_hit=0)
2026-06-14 11:56:42 [INFO] 

number id: 61
2026-06-14 11:56:56 [INFO] error (tool_hit=0)
2026-06-14 11:56:56 [INFO] 

number id: 62
2026-06-14 11:57:28 [INFO] correct (tool_hit=0)
2026-06-14 11:57:28 [INFO] 

number id: 63
2026-06-14 11:57:48 [INFO] error (tool_hit=0)
2026-06-14 11:57:48 [INFO] 

number id: 64
2026-06-14 11:58:05 [INFO] correct (tool_hit=0)
2026-06-14 11:58:05 [INFO] 

number id: 65
2026-06-14 11:58:21 [INFO] error (tool_hit=0)
2026-06-14 11:58:21 [INFO] 

number id: 66
2026-06-14 11:59:07 [INFO] error (tool_hit=0)
2026-06-14 11:59:07 [INFO] 

number id: 67
2026-06-14 11:59:35 [INFO] correct (tool_hit=0)
2026-06-14 11:59:35 [INFO] 

number id: 68
2026-06-14 12:00:12 [INFO] correct (tool_hit=1)
2026-06-14 12:00:12 [INFO] 

number id: 69
2026-06-14 12:00:20 [INFO] correct (tool_hit=0)
2026-06-14 12:00:20 [INFO] 

number id: 70
2026-06-14 12:00:26 [INFO] correct (tool_hit=2)
2026-06-14 12:00:26 [INFO] 

number id: 71
2026-06-14 12:01:07 [INFO] correct (tool_hit=0)
2026-06-14 12:01:07 [INFO] 

number id: 72
2026-06-14 12:01:18 [INFO] correct (tool_hit=0)
2026-06-14 12:01:18 [INFO] 

number id: 73
2026-06-14 12:01:40 [INFO] error (tool_hit=0)
2026-06-14 12:01:40 [INFO] 

number id: 74
2026-06-14 12:01:56 [INFO] error (tool_hit=0)
2026-06-14 12:01:56 [INFO] 

number id: 75
2026-06-14 12:02:15 [INFO] error (tool_hit=0)
2026-06-14 12:02:15 [INFO] 

number id: 76
2026-06-14 12:02:25 [INFO] correct (tool_hit=0)
2026-06-14 12:02:25 [INFO] 

number id: 77
2026-06-14 12:02:45 [INFO] correct (tool_hit=0)
2026-06-14 12:02:45 [INFO] 

number id: 78
2026-06-14 12:03:01 [INFO] error (tool_hit=0)
2026-06-14 12:03:01 [INFO] 

number id: 79
2026-06-14 12:03:14 [INFO] error (tool_hit=0)
2026-06-14 12:03:14 [INFO] 

number id: 80
2026-06-14 12:03:27 [INFO] error (tool_hit=0)
2026-06-14 12:03:27 [INFO] 

number id: 81
2026-06-14 12:03:39 [INFO] error (tool_hit=0)
2026-06-14 12:03:39 [INFO] 

number id: 82
2026-06-14 12:04:05 [INFO] error (tool_hit=0)
2026-06-14 12:04:05 [INFO] 

number id: 83
2026-06-14 12:04:11 [INFO] correct (tool_hit=0)
2026-06-14 12:04:11 [INFO] 

number id: 84
2026-06-14 12:04:25 [INFO] correct (tool_hit=0)
2026-06-14 12:04:25 [INFO] 

number id: 85
2026-06-14 12:04:43 [INFO] correct (tool_hit=0)
2026-06-14 12:04:43 [INFO] 

number id: 86
2026-06-14 12:04:50 [INFO] error (tool_hit=0)
2026-06-14 12:04:50 [INFO] 

number id: 87
2026-06-14 12:04:57 [INFO] error (tool_hit=1)
2026-06-14 12:04:57 [INFO] 

number id: 88
2026-06-14 12:05:04 [INFO] correct (tool_hit=0)
2026-06-14 12:05:04 [INFO] 

number id: 89
2026-06-14 12:05:26 [INFO] correct (tool_hit=0)
2026-06-14 12:05:26 [INFO] 

number id: 90
2026-06-14 12:06:04 [INFO] error (tool_hit=0)
2026-06-14 12:06:04 [INFO] 

number id: 91
2026-06-14 12:06:46 [INFO] correct (tool_hit=0)
2026-06-14 12:06:46 [INFO] 

number id: 92
2026-06-14 12:06:54 [INFO] correct (tool_hit=0)
2026-06-14 12:06:54 [INFO] 

number id: 93
2026-06-14 12:07:13 [INFO] correct (tool_hit=0)
2026-06-14 12:07:13 [INFO] 

number id: 94
2026-06-14 12:07:26 [INFO] correct (tool_hit=0)
2026-06-14 12:07:26 [INFO] 

number id: 95
2026-06-14 12:08:00 [INFO] error (tool_hit=0)
2026-06-14 12:08:00 [INFO] 

number id: 96
2026-06-14 12:08:13 [INFO] error (tool_hit=0)
2026-06-14 12:08:13 [INFO] 

number id: 97
2026-06-14 12:08:32 [INFO] correct (tool_hit=0)
2026-06-14 12:08:32 [INFO] 

number id: 98
2026-06-14 12:08:50 [INFO] correct (tool_hit=0)
2026-06-14 12:08:50 [INFO] 

number id: 99
2026-06-14 12:09:08 [INFO] error (tool_hit=0)
2026-06-14 12:09:08 [INFO] 

number id: 100
2026-06-14 12:09:13 [INFO] correct (tool_hit=1)
2026-06-14 12:09:13 [INFO] 

number id: 101
2026-06-14 12:09:24 [INFO] correct (tool_hit=0)
2026-06-14 12:09:24 [INFO] 

number id: 102
2026-06-14 12:09:26 [INFO] error (tool_hit=1)
2026-06-14 12:09:26 [INFO] 

number id: 103
2026-06-14 12:09:39 [INFO] error (tool_hit=1)
2026-06-14 12:09:39 [INFO] 

number id: 104
2026-06-14 12:09:55 [INFO] correct (tool_hit=0)
2026-06-14 12:09:55 [INFO] 

number id: 105
2026-06-14 12:10:02 [INFO] error (tool_hit=0)
2026-06-14 12:10:02 [INFO] 

number id: 106
2026-06-14 12:10:15 [INFO] error (tool_hit=0)
2026-06-14 12:10:15 [INFO] 

number id: 107
2026-06-14 12:10:40 [INFO] correct (tool_hit=0)
2026-06-14 12:10:40 [INFO] 

number id: 108
2026-06-14 12:10:51 [INFO] error (tool_hit=0)
2026-06-14 12:10:51 [INFO] 

number id: 109
2026-06-14 12:11:19 [INFO] error (tool_hit=0)
2026-06-14 12:11:19 [INFO] 

number id: 110
2026-06-14 12:11:25 [INFO] correct (tool_hit=0)
2026-06-14 12:11:25 [INFO] 

number id: 111
2026-06-14 12:11:38 [INFO] error (tool_hit=0)
2026-06-14 12:11:38 [INFO] 

number id: 112
2026-06-14 12:11:48 [INFO] correct (tool_hit=0)
2026-06-14 12:11:48 [INFO] 

number id: 113
2026-06-14 12:11:55 [INFO] correct (tool_hit=0)
2026-06-14 12:11:55 [INFO] 

number id: 114
2026-06-14 12:12:00 [INFO] correct (tool_hit=0)
2026-06-14 12:12:00 [INFO] 

number id: 115
2026-06-14 12:12:21 [INFO] error (tool_hit=0)
2026-06-14 12:12:21 [INFO] 

number id: 116
2026-06-14 12:12:32 [INFO] correct (tool_hit=2)
2026-06-14 12:12:32 [INFO] 

number id: 117
2026-06-14 12:12:52 [INFO] correct (tool_hit=1)
2026-06-14 12:12:52 [INFO] 

number id: 118
2026-06-14 12:13:00 [INFO] correct (tool_hit=0)
2026-06-14 12:13:00 [INFO] 

number id: 119
2026-06-14 12:13:36 [INFO] correct (tool_hit=0)
2026-06-14 12:13:36 [INFO] 

number id: 120
2026-06-14 12:13:48 [INFO] correct (tool_hit=0)
2026-06-14 12:13:48 [INFO] 

number id: 121
2026-06-14 12:14:06 [INFO] error (tool_hit=0)
2026-06-14 12:14:06 [INFO] 

number id: 122
2026-06-14 12:14:29 [INFO] correct (tool_hit=0)
2026-06-14 12:14:29 [INFO] 

number id: 123
2026-06-14 12:14:45 [INFO] correct (tool_hit=0)
2026-06-14 12:14:45 [INFO] 

number id: 124
2026-06-14 12:15:18 [INFO] correct (tool_hit=0)
2026-06-14 12:15:18 [INFO] 

number id: 125
2026-06-14 12:15:42 [INFO] correct (tool_hit=0)
2026-06-14 12:15:42 [INFO] 

number id: 126
2026-06-14 12:15:44 [INFO] correct (tool_hit=2)
2026-06-14 12:15:44 [INFO] 

number id: 127
2026-06-14 12:16:00 [INFO] correct (tool_hit=0)
2026-06-14 12:16:00 [INFO] 

number id: 128
2026-06-14 12:16:08 [INFO] error (tool_hit=0)
2026-06-14 12:16:08 [INFO] 

number id: 129
2026-06-14 12:16:38 [INFO] correct (tool_hit=0)
2026-06-14 12:16:38 [INFO] 

number id: 130
2026-06-14 12:16:48 [INFO] correct (tool_hit=1)
2026-06-14 12:16:48 [INFO] 

number id: 131
2026-06-14 12:16:56 [INFO] error (tool_hit=0)
2026-06-14 12:16:56 [INFO] 

number id: 132
2026-06-14 12:17:07 [INFO] correct (tool_hit=0)
2026-06-14 12:17:07 [INFO] 

number id: 133
2026-06-14 12:17:15 [INFO] correct (tool_hit=0)
2026-06-14 12:17:15 [INFO] 

number id: 134
2026-06-14 12:17:27 [INFO] error (tool_hit=0)
2026-06-14 12:17:27 [INFO] 

number id: 135
2026-06-14 12:17:38 [INFO] error (tool_hit=0)
2026-06-14 12:17:38 [INFO] 

number id: 136
2026-06-14 12:18:14 [INFO] error (tool_hit=0)
2026-06-14 12:18:14 [INFO] 

number id: 137
2026-06-14 12:18:43 [INFO] correct (tool_hit=0)
2026-06-14 12:18:43 [INFO] 

number id: 138
2026-06-14 12:20:29 [INFO] error (tool_hit=0)
2026-06-14 12:20:29 [INFO] 

number id: 139
2026-06-14 12:21:05 [INFO] correct (tool_hit=0)
2026-06-14 12:21:05 [INFO] 

number id: 140
2026-06-14 12:21:29 [INFO] correct (tool_hit=0)
2026-06-14 12:21:29 [INFO] 

number id: 141
2026-06-14 12:22:04 [INFO] correct (tool_hit=1)
2026-06-14 12:22:04 [INFO] 

number id: 142
2026-06-14 12:22:29 [INFO] error (tool_hit=0)
2026-06-14 12:22:29 [INFO] 

number id: 143
2026-06-14 12:22:57 [INFO] correct (tool_hit=0)
2026-06-14 12:22:57 [INFO] 

number id: 144
2026-06-14 12:23:12 [INFO] error (tool_hit=0)
2026-06-14 12:23:12 [INFO] 

number id: 145
2026-06-14 12:23:17 [INFO] correct (tool_hit=0)
2026-06-14 12:23:17 [INFO] 

number id: 146
2026-06-14 12:23:26 [INFO] correct (tool_hit=0)
2026-06-14 12:23:26 [INFO] 

number id: 147
2026-06-14 12:25:10 [INFO] error (tool_hit=2)
2026-06-14 12:25:10 [INFO] 

number id: 148
2026-06-14 12:25:14 [INFO] correct (tool_hit=0)
2026-06-14 12:25:14 [INFO] 

number id: 149
2026-06-14 12:25:19 [INFO] correct (tool_hit=0)
2026-06-14 12:25:19 [INFO] 

number id: 150
2026-06-14 12:26:13 [INFO] error (tool_hit=0)
2026-06-14 12:26:13 [INFO] 

number id: 151
2026-06-14 12:26:52 [INFO] error (tool_hit=0)
2026-06-14 12:26:52 [INFO] 

number id: 152
2026-06-14 12:27:05 [INFO] error (tool_hit=0)
2026-06-14 12:27:05 [INFO] 

number id: 153
2026-06-14 12:27:25 [INFO] error (tool_hit=0)
2026-06-14 12:27:25 [INFO] 

number id: 154
2026-06-14 12:27:28 [INFO] correct (tool_hit=0)
2026-06-14 12:27:28 [INFO] 

number id: 155
2026-06-14 12:27:51 [INFO] correct (tool_hit=0)
2026-06-14 12:27:51 [INFO] 

number id: 156
2026-06-14 12:28:10 [INFO] correct (tool_hit=0)
2026-06-14 12:28:10 [INFO] 

number id: 157
2026-06-14 12:28:26 [INFO] error (tool_hit=0)
2026-06-14 12:28:26 [INFO] 

number id: 158
2026-06-14 12:28:56 [INFO] correct (tool_hit=0)
2026-06-14 12:28:56 [INFO] 

number id: 159
2026-06-14 12:29:02 [INFO] correct (tool_hit=0)
2026-06-14 12:29:02 [INFO] 

number id: 160
2026-06-14 12:29:16 [INFO] correct (tool_hit=0)
2026-06-14 12:29:16 [INFO] 

number id: 161
2026-06-14 12:29:28 [INFO] correct (tool_hit=0)
2026-06-14 12:29:28 [INFO] 

number id: 162
2026-06-14 12:29:37 [INFO] error (tool_hit=0)
2026-06-14 12:29:37 [INFO] 

number id: 163
2026-06-14 12:29:54 [INFO] error (tool_hit=0)
2026-06-14 12:29:54 [INFO] 

number id: 164
2026-06-14 12:30:20 [INFO] error (tool_hit=0)
2026-06-14 12:30:20 [INFO] 

number id: 165
2026-06-14 12:31:57 [INFO] correct (tool_hit=0)
2026-06-14 12:31:57 [INFO] 

number id: 166
2026-06-14 12:32:20 [INFO] error (tool_hit=0)
2026-06-14 12:32:20 [INFO] 

number id: 167
2026-06-14 12:32:28 [INFO] correct (tool_hit=0)
2026-06-14 12:32:28 [INFO] 

number id: 168
2026-06-14 12:32:58 [INFO] correct (tool_hit=0)
2026-06-14 12:32:58 [INFO] 

number id: 169
2026-06-14 12:33:15 [INFO] error (tool_hit=0)
2026-06-14 12:33:15 [INFO] 

number id: 170
2026-06-14 12:33:32 [INFO] error (tool_hit=0)
2026-06-14 12:33:32 [INFO] 

number id: 171
2026-06-14 12:33:56 [INFO] error (tool_hit=0)
2026-06-14 12:33:56 [INFO] 

number id: 172
2026-06-14 12:34:23 [INFO] correct (tool_hit=0)
2026-06-14 12:34:23 [INFO] 

number id: 173
2026-06-14 12:34:32 [INFO] correct (tool_hit=1)
2026-06-14 12:34:32 [INFO] 

number id: 174
2026-06-14 12:34:47 [INFO] correct (tool_hit=0)
2026-06-14 12:34:47 [INFO] 

number id: 175
2026-06-14 12:34:51 [INFO] correct (tool_hit=0)
2026-06-14 12:34:51 [INFO] 

number id: 176
2026-06-14 12:35:08 [INFO] error (tool_hit=0)
2026-06-14 12:35:08 [INFO] 

number id: 177
2026-06-14 12:35:30 [INFO] correct (tool_hit=0)
2026-06-14 12:35:30 [INFO] 

number id: 178
2026-06-14 12:35:56 [INFO] error (tool_hit=0)
2026-06-14 12:35:56 [INFO] 

number id: 179
2026-06-14 12:36:06 [INFO] correct (tool_hit=0)
2026-06-14 12:36:06 [INFO] 

number id: 180
2026-06-14 12:38:01 [INFO] error (tool_hit=0)
2026-06-14 12:38:01 [INFO] 

number id: 181
2026-06-14 12:38:09 [INFO] error (tool_hit=0)
2026-06-14 12:38:09 [INFO] 

number id: 182
2026-06-14 12:38:22 [INFO] error (tool_hit=0)
2026-06-14 12:38:22 [INFO] 

number id: 183
2026-06-14 12:38:38 [INFO] correct (tool_hit=0)
2026-06-14 12:38:38 [INFO] 

number id: 184
2026-06-14 12:39:20 [INFO] error (tool_hit=0)
2026-06-14 12:39:20 [INFO] 

number id: 185
2026-06-14 12:39:35 [INFO] error (tool_hit=2)
2026-06-14 12:39:35 [INFO] 

number id: 186
2026-06-14 12:39:55 [INFO] correct (tool_hit=0)
2026-06-14 12:39:55 [INFO] 

number id: 187
2026-06-14 12:40:06 [INFO] correct (tool_hit=0)
2026-06-14 12:40:06 [INFO] 

number id: 188
2026-06-14 12:40:20 [INFO] error (tool_hit=0)
2026-06-14 12:40:20 [INFO] 

number id: 189
2026-06-14 12:40:50 [INFO] error (tool_hit=0)
2026-06-14 12:40:50 [INFO] 

number id: 190
2026-06-14 12:41:14 [INFO] error (tool_hit=0)
2026-06-14 12:41:14 [INFO] 

number id: 191
2026-06-14 12:41:25 [INFO] error (tool_hit=0)
2026-06-14 12:41:25 [INFO] 

number id: 192
2026-06-14 12:41:34 [INFO] correct (tool_hit=0)
2026-06-14 12:41:34 [INFO] 

number id: 193
2026-06-14 12:41:43 [INFO] correct (tool_hit=0)
2026-06-14 12:41:43 [INFO] 

number id: 194
2026-06-14 12:42:04 [INFO] correct (tool_hit=0)
2026-06-14 12:42:04 [INFO] 

number id: 195
2026-06-14 12:42:31 [INFO] error (tool_hit=1)
2026-06-14 12:42:31 [INFO] 

number id: 196
2026-06-14 12:42:57 [INFO] correct (tool_hit=0)
2026-06-14 12:42:57 [INFO] 

number id: 197
2026-06-14 12:43:06 [INFO] correct (tool_hit=0)
2026-06-14 12:43:06 [INFO] 

number id: 198
2026-06-14 12:43:24 [INFO] error (tool_hit=0)
2026-06-14 12:43:24 [INFO] 

number id: 199
2026-06-14 12:43:31 [INFO] correct (tool_hit=0)
2026-06-14 12:43:31 [INFO] 200 solving 运行耗时: 1.0h, 5.0min, 48.23805093765259s
2026-06-14 12:43:31 [INFO] Correct_Q: 113
2026-06-14 12:43:31 [INFO] False_Q: 87
2026-06-14 12:43:31 [INFO] Error_Q: 0
2026-06-14 12:43:31 [INFO] Sum_Q: 200
2026-06-14 12:43:31 [INFO] Acc: 56.50%
2026-06-14 12:43:31 [INFO] Avg_time_per_Q: 19.74s
2026-06-14 12:43:31 [INFO] Total Tokens: 256961; Total Cost: $0.76
2026-06-14 12:43:31 [INFO] Round 4 | no_tool: Acc=119/200, Avg_time=32.83s
2026-06-14 12:43:31 [INFO] Round 4 | with_tool: Acc=113/200, Avg_time=19.74s
