2026-06-13 23:08:01 [INFO] ===== Round 1/5 =====
2026-06-13 23:08:01 [INFO] ===== no_tool =====
2026-06-13 23:08:01 [INFO] 

number id: 0
2026-06-13 23:08:06 [INFO] correct (tool_hit=0)
2026-06-13 23:08:06 [INFO] 

number id: 1
2026-06-13 23:08:13 [INFO] correct (tool_hit=0)
2026-06-13 23:08:13 [INFO] 

number id: 2
2026-06-13 23:08:57 [INFO] error (tool_hit=0)
2026-06-13 23:08:57 [INFO] 

number id: 3
2026-06-13 23:09:22 [INFO] correct (tool_hit=0)
2026-06-13 23:09:22 [INFO] 

number id: 4
2026-06-13 23:09:43 [INFO] correct (tool_hit=0)
2026-06-13 23:09:43 [INFO] 

number id: 5
2026-06-13 23:10:03 [INFO] correct (tool_hit=0)
2026-06-13 23:10:03 [INFO] 

number id: 6
2026-06-13 23:10:32 [INFO] correct (tool_hit=0)
2026-06-13 23:10:32 [INFO] 

number id: 7
2026-06-13 23:11:04 [INFO] error (tool_hit=0)
2026-06-13 23:11:04 [INFO] 

number id: 8
2026-06-13 23:11:55 [INFO] error (tool_hit=0)
2026-06-13 23:11:55 [INFO] 

number id: 9
2026-06-13 23:12:38 [INFO] error (tool_hit=0)
2026-06-13 23:12:38 [INFO] 

number id: 10
2026-06-13 23:13:30 [INFO] error (tool_hit=0)
2026-06-13 23:13:30 [INFO] 

number id: 11
2026-06-13 23:14:01 [INFO] error (tool_hit=0)
2026-06-13 23:14:01 [INFO] 

number id: 12
2026-06-13 23:14:18 [INFO] correct (tool_hit=0)
2026-06-13 23:14:18 [INFO] 

number id: 13
2026-06-13 23:14:42 [INFO] correct (tool_hit=0)
2026-06-13 23:14:42 [INFO] 

number id: 14
2026-06-13 23:16:08 [INFO] error (tool_hit=0)
2026-06-13 23:16:08 [INFO] 

number id: 15
2026-06-13 23:16:22 [INFO] error (tool_hit=0)
2026-06-13 23:16:22 [INFO] 

number id: 16
2026-06-13 23:16:39 [INFO] correct (tool_hit=0)
2026-06-13 23:16:39 [INFO] 

number id: 17
2026-06-13 23:17:14 [INFO] error (tool_hit=0)
2026-06-13 23:17:14 [INFO] 

number id: 18
2026-06-13 23:17:49 [INFO] error (tool_hit=0)
2026-06-13 23:17:49 [INFO] 

number id: 19
2026-06-13 23:18:06 [INFO] correct (tool_hit=0)
2026-06-13 23:18:06 [INFO] 

number id: 20
2026-06-13 23:18:50 [INFO] correct (tool_hit=0)
2026-06-13 23:18:50 [INFO] 

number id: 21
2026-06-13 23:19:07 [INFO] error (tool_hit=0)
2026-06-13 23:19:07 [INFO] 

number id: 22
2026-06-13 23:19:22 [INFO] correct (tool_hit=0)
2026-06-13 23:19:22 [INFO] 

number id: 23
2026-06-13 23:19:37 [INFO] correct (tool_hit=0)
2026-06-13 23:19:37 [INFO] 

number id: 24
2026-06-13 23:19:45 [INFO] correct (tool_hit=0)
2026-06-13 23:19:45 [INFO] 

number id: 25
2026-06-13 23:19:55 [INFO] correct (tool_hit=0)
2026-06-13 23:19:55 [INFO] 

number id: 26
2026-06-13 23:20:28 [INFO] error (tool_hit=0)
2026-06-13 23:20:28 [INFO] 

number id: 27
2026-06-13 23:21:21 [INFO] error (tool_hit=0)
2026-06-13 23:21:21 [INFO] 

number id: 28
2026-06-13 23:21:51 [INFO] correct (tool_hit=0)
2026-06-13 23:21:51 [INFO] 

number id: 29
2026-06-13 23:22:43 [INFO] correct (tool_hit=0)
2026-06-13 23:22:43 [INFO] 

number id: 30
2026-06-13 23:23:10 [INFO] error (tool_hit=0)
2026-06-13 23:23:10 [INFO] 

number id: 31
2026-06-13 23:23:45 [INFO] error (tool_hit=0)
2026-06-13 23:23:45 [INFO] 

number id: 32
2026-06-13 23:24:49 [INFO] error (tool_hit=0)
2026-06-13 23:24:49 [INFO] 

number id: 33
2026-06-13 23:25:37 [INFO] correct (tool_hit=0)
2026-06-13 23:25:37 [INFO] 

number id: 34
2026-06-13 23:26:01 [INFO] error (tool_hit=0)
2026-06-13 23:26:01 [INFO] 

number id: 35
2026-06-13 23:26:17 [INFO] correct (tool_hit=0)
2026-06-13 23:26:17 [INFO] 

number id: 36
2026-06-13 23:27:30 [INFO] error (tool_hit=0)
2026-06-13 23:27:30 [INFO] 

number id: 37
2026-06-13 23:28:23 [INFO] correct (tool_hit=0)
2026-06-13 23:28:23 [INFO] 

number id: 38
2026-06-13 23:28:57 [INFO] error (tool_hit=0)
2026-06-13 23:28:57 [INFO] 

number id: 39
2026-06-13 23:29:36 [INFO] correct (tool_hit=0)
2026-06-13 23:29:36 [INFO] 

number id: 40
2026-06-13 23:29:50 [INFO] error (tool_hit=0)
2026-06-13 23:29:50 [INFO] 

number id: 41
2026-06-13 23:30:11 [INFO] correct (tool_hit=0)
2026-06-13 23:30:11 [INFO] 

number id: 42
2026-06-13 23:30:23 [INFO] correct (tool_hit=0)
2026-06-13 23:30:23 [INFO] 

number id: 43
2026-06-13 23:31:17 [INFO] correct (tool_hit=0)
2026-06-13 23:31:17 [INFO] 

number id: 44
2026-06-13 23:31:35 [INFO] correct (tool_hit=0)
2026-06-13 23:31:35 [INFO] 

number id: 45
2026-06-13 23:31:55 [INFO] correct (tool_hit=0)
2026-06-13 23:31:55 [INFO] 

number id: 46
2026-06-13 23:32:40 [INFO] correct (tool_hit=0)
2026-06-13 23:32:40 [INFO] 

number id: 47
2026-06-13 23:33:10 [INFO] correct (tool_hit=0)
2026-06-13 23:33:10 [INFO] 

number id: 48
2026-06-13 23:33:24 [INFO] correct (tool_hit=0)
2026-06-13 23:33:24 [INFO] 

number id: 49
2026-06-13 23:35:00 [INFO] error (tool_hit=0)
2026-06-13 23:35:00 [INFO] 

number id: 50
2026-06-13 23:35:26 [INFO] error (tool_hit=0)
2026-06-13 23:35:26 [INFO] 

number id: 51
2026-06-13 23:35:44 [INFO] correct (tool_hit=0)
2026-06-13 23:35:44 [INFO] 

number id: 52
2026-06-13 23:36:03 [INFO] error (tool_hit=0)
2026-06-13 23:36:03 [INFO] 

number id: 53
2026-06-13 23:36:11 [INFO] correct (tool_hit=0)
2026-06-13 23:36:11 [INFO] 

number id: 54
2026-06-13 23:36:32 [INFO] error (tool_hit=0)
2026-06-13 23:36:32 [INFO] 

number id: 55
2026-06-13 23:36:39 [INFO] correct (tool_hit=0)
2026-06-13 23:36:39 [INFO] 

number id: 56
2026-06-13 23:36:51 [INFO] correct (tool_hit=0)
2026-06-13 23:36:51 [INFO] 

number id: 57
2026-06-13 23:37:05 [INFO] correct (tool_hit=0)
2026-06-13 23:37:05 [INFO] 

number id: 58
2026-06-13 23:37:11 [INFO] correct (tool_hit=0)
2026-06-13 23:37:11 [INFO] 

number id: 59
2026-06-13 23:37:59 [INFO] correct (tool_hit=0)
2026-06-13 23:37:59 [INFO] 

number id: 60
2026-06-13 23:38:23 [INFO] correct (tool_hit=0)
2026-06-13 23:38:23 [INFO] 

number id: 61
2026-06-13 23:39:03 [INFO] error (tool_hit=0)
2026-06-13 23:39:03 [INFO] 

number id: 62
2026-06-13 23:40:20 [INFO] correct (tool_hit=0)
2026-06-13 23:40:20 [INFO] 

number id: 63
2026-06-13 23:40:43 [INFO] error (tool_hit=0)
2026-06-13 23:40:43 [INFO] 

number id: 64
2026-06-13 23:40:55 [INFO] correct (tool_hit=0)
2026-06-13 23:40:55 [INFO] 

number id: 65
2026-06-13 23:41:16 [INFO] correct (tool_hit=0)
2026-06-13 23:41:16 [INFO] 

number id: 66
2026-06-13 23:42:02 [INFO] error (tool_hit=0)
2026-06-13 23:42:02 [INFO] 

number id: 67
2026-06-13 23:42:51 [INFO] correct (tool_hit=0)
2026-06-13 23:42:51 [INFO] 

number id: 68
2026-06-13 23:43:58 [INFO] error (tool_hit=0)
2026-06-13 23:43:58 [INFO] 

number id: 69
2026-06-13 23:44:05 [INFO] correct (tool_hit=0)
2026-06-13 23:44:05 [INFO] 

number id: 70
2026-06-13 23:44:19 [INFO] error (tool_hit=0)
2026-06-13 23:44:19 [INFO] 

number id: 71
2026-06-13 23:44:48 [INFO] correct (tool_hit=0)
2026-06-13 23:44:48 [INFO] 

number id: 72
2026-06-13 23:45:06 [INFO] correct (tool_hit=0)
2026-06-13 23:45:06 [INFO] 

number id: 73
2026-06-13 23:45:35 [INFO] error (tool_hit=0)
2026-06-13 23:45:35 [INFO] 

number id: 74
2026-06-13 23:45:56 [INFO] correct (tool_hit=0)
2026-06-13 23:45:56 [INFO] 

number id: 75
2026-06-13 23:46:17 [INFO] error (tool_hit=0)
2026-06-13 23:46:17 [INFO] 

number id: 76
2026-06-13 23:46:27 [INFO] error (tool_hit=0)
2026-06-13 23:46:27 [INFO] 

number id: 77
2026-06-13 23:46:52 [INFO] correct (tool_hit=0)
2026-06-13 23:46:52 [INFO] 

number id: 78
2026-06-13 23:47:17 [INFO] error (tool_hit=0)
2026-06-13 23:47:17 [INFO] 

number id: 79
2026-06-13 23:47:53 [INFO] correct (tool_hit=0)
2026-06-13 23:47:53 [INFO] 

number id: 80
2026-06-13 23:48:17 [INFO] correct (tool_hit=0)
2026-06-13 23:48:17 [INFO] 

number id: 81
2026-06-13 23:48:26 [INFO] correct (tool_hit=0)
2026-06-13 23:48:26 [INFO] 

number id: 82
2026-06-13 23:49:10 [INFO] correct (tool_hit=0)
2026-06-13 23:49:10 [INFO] 

number id: 83
2026-06-13 23:49:17 [INFO] correct (tool_hit=0)
2026-06-13 23:49:17 [INFO] 

number id: 84
2026-06-13 23:49:33 [INFO] correct (tool_hit=0)
2026-06-13 23:49:33 [INFO] 

number id: 85
2026-06-13 23:49:58 [INFO] error (tool_hit=0)
2026-06-13 23:49:58 [INFO] 

number id: 86
2026-06-13 23:50:07 [INFO] correct (tool_hit=0)
2026-06-13 23:50:07 [INFO] 

number id: 87
2026-06-13 23:50:17 [INFO] correct (tool_hit=0)
2026-06-13 23:50:17 [INFO] 

number id: 88
2026-06-13 23:50:24 [INFO] correct (tool_hit=0)
2026-06-13 23:50:24 [INFO] 

number id: 89
2026-06-13 23:51:03 [INFO] correct (tool_hit=0)
2026-06-13 23:51:03 [INFO] 

number id: 90
2026-06-13 23:51:55 [INFO] correct (tool_hit=0)
2026-06-13 23:51:55 [INFO] 

number id: 91
2026-06-13 23:52:48 [INFO] correct (tool_hit=0)
2026-06-13 23:52:48 [INFO] 

number id: 92
2026-06-13 23:53:00 [INFO] correct (tool_hit=0)
2026-06-13 23:53:00 [INFO] 

number id: 93
2026-06-13 23:53:36 [INFO] correct (tool_hit=0)
2026-06-13 23:53:36 [INFO] 

number id: 94
2026-06-13 23:53:55 [INFO] error (tool_hit=0)
2026-06-13 23:53:55 [INFO] 

number id: 95
2026-06-13 23:54:52 [INFO] error (tool_hit=0)
2026-06-13 23:54:52 [INFO] 

number id: 96
2026-06-13 23:55:02 [INFO] correct (tool_hit=0)
2026-06-13 23:55:02 [INFO] 

number id: 97
2026-06-13 23:55:31 [INFO] error (tool_hit=0)
2026-06-13 23:55:31 [INFO] 

number id: 98
2026-06-13 23:55:56 [INFO] error (tool_hit=0)
2026-06-13 23:55:56 [INFO] 

number id: 99
2026-06-13 23:56:22 [INFO] error (tool_hit=0)
2026-06-13 23:56:22 [INFO] 

number id: 100
2026-06-13 23:56:31 [INFO] correct (tool_hit=0)
2026-06-13 23:56:31 [INFO] 

number id: 101
2026-06-13 23:56:45 [INFO] correct (tool_hit=0)
2026-06-13 23:56:45 [INFO] 

number id: 102
2026-06-13 23:56:49 [INFO] correct (tool_hit=0)
2026-06-13 23:56:49 [INFO] 

number id: 103
2026-06-13 23:57:16 [INFO] correct (tool_hit=0)
2026-06-13 23:57:16 [INFO] 

number id: 104
2026-06-13 23:57:29 [INFO] correct (tool_hit=0)
2026-06-13 23:57:29 [INFO] 

number id: 105
2026-06-13 23:57:38 [INFO] correct (tool_hit=0)
2026-06-13 23:57:38 [INFO] 

number id: 106
2026-06-13 23:57:54 [INFO] error (tool_hit=0)
2026-06-13 23:57:54 [INFO] 

number id: 107
2026-06-13 23:58:37 [INFO] error (tool_hit=0)
2026-06-13 23:58:37 [INFO] 

number id: 108
2026-06-13 23:58:53 [INFO] correct (tool_hit=0)
2026-06-13 23:58:53 [INFO] 

number id: 109
2026-06-13 23:59:43 [INFO] correct (tool_hit=0)
2026-06-13 23:59:43 [INFO] 

number id: 110
2026-06-13 23:59:51 [INFO] correct (tool_hit=0)
2026-06-13 23:59:51 [INFO] 

number id: 111
2026-06-14 00:01:43 [INFO] correct (tool_hit=0)
2026-06-14 00:01:43 [INFO] 

number id: 112
2026-06-14 00:01:53 [INFO] error (tool_hit=0)
2026-06-14 00:01:53 [INFO] 

number id: 113
2026-06-14 00:02:10 [INFO] correct (tool_hit=0)
2026-06-14 00:02:10 [INFO] 

number id: 114
2026-06-14 00:02:17 [INFO] correct (tool_hit=0)
2026-06-14 00:02:17 [INFO] 

number id: 115
2026-06-14 00:02:38 [INFO] correct (tool_hit=0)
2026-06-14 00:02:38 [INFO] 

number id: 116
2026-06-14 00:03:00 [INFO] correct (tool_hit=0)
2026-06-14 00:03:00 [INFO] 

number id: 117
2026-06-14 00:03:20 [INFO] error (tool_hit=0)
2026-06-14 00:03:20 [INFO] 

number id: 118
2026-06-14 00:03:33 [INFO] correct (tool_hit=0)
2026-06-14 00:03:33 [INFO] 

number id: 119
2026-06-14 00:04:54 [INFO] error (tool_hit=0)
2026-06-14 00:04:54 [INFO] 

number id: 120
2026-06-14 00:05:13 [INFO] correct (tool_hit=0)
2026-06-14 00:05:13 [INFO] 

number id: 121
2026-06-14 00:05:52 [INFO] correct (tool_hit=0)
2026-06-14 00:05:52 [INFO] 

number id: 122
2026-06-14 00:06:46 [INFO] error (tool_hit=0)
2026-06-14 00:06:46 [INFO] 

number id: 123
2026-06-14 00:07:15 [INFO] error (tool_hit=0)
2026-06-14 00:07:15 [INFO] 

number id: 124
2026-06-14 00:08:01 [INFO] error (tool_hit=0)
2026-06-14 00:08:01 [INFO] 

number id: 125
2026-06-14 00:08:37 [INFO] correct (tool_hit=0)
2026-06-14 00:08:37 [INFO] 

number id: 126
2026-06-14 00:08:46 [INFO] correct (tool_hit=0)
2026-06-14 00:08:46 [INFO] 

number id: 127
2026-06-14 00:09:17 [INFO] correct (tool_hit=0)
2026-06-14 00:09:17 [INFO] 

number id: 128
2026-06-14 00:09:30 [INFO] correct (tool_hit=0)
2026-06-14 00:09:30 [INFO] 

number id: 129
2026-06-14 00:10:14 [INFO] error (tool_hit=0)
2026-06-14 00:10:14 [INFO] 

number id: 130
2026-06-14 00:10:24 [INFO] correct (tool_hit=0)
2026-06-14 00:10:24 [INFO] 

number id: 131
2026-06-14 00:10:39 [INFO] error (tool_hit=0)
2026-06-14 00:10:39 [INFO] 

number id: 132
2026-06-14 00:10:52 [INFO] correct (tool_hit=0)
2026-06-14 00:10:52 [INFO] 

number id: 133
2026-06-14 00:10:57 [INFO] correct (tool_hit=0)
2026-06-14 00:10:57 [INFO] 

number id: 134
2026-06-14 00:11:24 [INFO] error (tool_hit=0)
2026-06-14 00:11:24 [INFO] 

number id: 135
2026-06-14 00:11:47 [INFO] error (tool_hit=0)
2026-06-14 00:11:47 [INFO] 

number id: 136
2026-06-14 00:12:17 [INFO] correct (tool_hit=0)
2026-06-14 00:12:17 [INFO] 

number id: 137
2026-06-14 00:12:47 [INFO] error (tool_hit=0)
2026-06-14 00:12:47 [INFO] 

number id: 138
2026-06-14 00:14:40 [INFO] error (tool_hit=0)
2026-06-14 00:14:40 [INFO] 

number id: 139
2026-06-14 00:15:10 [INFO] error (tool_hit=0)
2026-06-14 00:15:10 [INFO] 

number id: 140
2026-06-14 00:15:43 [INFO] error (tool_hit=0)
2026-06-14 00:15:43 [INFO] 

number id: 141
2026-06-14 00:16:21 [INFO] correct (tool_hit=0)
2026-06-14 00:16:21 [INFO] 

number id: 142
2026-06-14 00:16:46 [INFO] correct (tool_hit=0)
2026-06-14 00:16:46 [INFO] 

number id: 143
2026-06-14 00:17:19 [INFO] correct (tool_hit=0)
2026-06-14 00:17:19 [INFO] 

number id: 144
2026-06-14 00:17:42 [INFO] correct (tool_hit=0)
2026-06-14 00:17:42 [INFO] 

number id: 145
2026-06-14 00:17:49 [INFO] correct (tool_hit=0)
2026-06-14 00:17:49 [INFO] 

number id: 146
2026-06-14 00:17:59 [INFO] correct (tool_hit=0)
2026-06-14 00:17:59 [INFO] 

number id: 147
2026-06-14 00:21:17 [INFO] error (tool_hit=0)
2026-06-14 00:21:17 [INFO] 

number id: 148
2026-06-14 00:21:22 [INFO] correct (tool_hit=0)
2026-06-14 00:21:22 [INFO] 

number id: 149
2026-06-14 00:21:31 [INFO] correct (tool_hit=0)
2026-06-14 00:21:31 [INFO] 

number id: 150
2026-06-14 00:22:41 [INFO] error (tool_hit=0)
2026-06-14 00:22:41 [INFO] 

number id: 151
2026-06-14 00:23:56 [INFO] error (tool_hit=0)
2026-06-14 00:23:56 [INFO] 

number id: 152
2026-06-14 00:24:16 [INFO] error (tool_hit=0)
2026-06-14 00:24:16 [INFO] 

number id: 153
2026-06-14 00:25:02 [INFO] error (tool_hit=0)
2026-06-14 00:25:02 [INFO] 

number id: 154
2026-06-14 00:25:11 [INFO] correct (tool_hit=0)
2026-06-14 00:25:11 [INFO] 

number id: 155
2026-06-14 00:25:56 [INFO] error (tool_hit=0)
2026-06-14 00:25:56 [INFO] 

number id: 156
2026-06-14 00:26:26 [INFO] error (tool_hit=0)
2026-06-14 00:26:26 [INFO] 

number id: 157
2026-06-14 00:26:57 [INFO] error (tool_hit=0)
2026-06-14 00:26:57 [INFO] 

number id: 158
2026-06-14 00:27:40 [INFO] correct (tool_hit=0)
2026-06-14 00:27:40 [INFO] 

number id: 159
2026-06-14 00:27:50 [INFO] correct (tool_hit=0)
2026-06-14 00:27:50 [INFO] 

number id: 160
2026-06-14 00:28:11 [INFO] correct (tool_hit=0)
2026-06-14 00:28:11 [INFO] 

number id: 161
2026-06-14 00:28:24 [INFO] correct (tool_hit=0)
2026-06-14 00:28:24 [INFO] 

number id: 162
2026-06-14 00:28:43 [INFO] error (tool_hit=0)
2026-06-14 00:28:43 [INFO] 

number id: 163
2026-06-14 00:29:07 [INFO] error (tool_hit=0)
2026-06-14 00:29:07 [INFO] 

number id: 164
2026-06-14 00:29:49 [INFO] correct (tool_hit=0)
2026-06-14 00:29:49 [INFO] 

number id: 165
2026-06-14 00:32:29 [INFO] correct (tool_hit=0)
2026-06-14 00:32:29 [INFO] 

number id: 166
2026-06-14 00:32:51 [INFO] correct (tool_hit=0)
2026-06-14 00:32:51 [INFO] 

number id: 167
2026-06-14 00:33:04 [INFO] correct (tool_hit=0)
2026-06-14 00:33:04 [INFO] 

number id: 168
2026-06-14 00:33:52 [INFO] error (tool_hit=0)
2026-06-14 00:33:52 [INFO] 

number id: 169
2026-06-14 00:34:21 [INFO] error (tool_hit=0)
2026-06-14 00:34:21 [INFO] 

number id: 170
2026-06-14 00:34:42 [INFO] correct (tool_hit=0)
2026-06-14 00:34:42 [INFO] 

number id: 171
2026-06-14 00:35:03 [INFO] error (tool_hit=0)
2026-06-14 00:35:03 [INFO] 

number id: 172
2026-06-14 00:35:44 [INFO] error (tool_hit=0)
2026-06-14 00:35:44 [INFO] 

number id: 173
2026-06-14 00:36:02 [INFO] error (tool_hit=0)
2026-06-14 00:36:02 [INFO] 

number id: 174
2026-06-14 00:36:20 [INFO] correct (tool_hit=0)
2026-06-14 00:36:20 [INFO] 

number id: 175
2026-06-14 00:36:34 [INFO] error (tool_hit=0)
2026-06-14 00:36:34 [INFO] 

number id: 176
2026-06-14 00:36:58 [INFO] error (tool_hit=0)
2026-06-14 00:36:58 [INFO] 

number id: 177
2026-06-14 00:37:32 [INFO] error (tool_hit=0)
2026-06-14 00:37:32 [INFO] 

number id: 178
2026-06-14 00:37:57 [INFO] error (tool_hit=0)
2026-06-14 00:37:57 [INFO] 

number id: 179
2026-06-14 00:38:09 [INFO] correct (tool_hit=0)
2026-06-14 00:38:09 [INFO] 

number id: 180
2026-06-14 00:40:46 [INFO] error (tool_hit=0)
2026-06-14 00:40:46 [INFO] 

number id: 181
2026-06-14 00:41:00 [INFO] error (tool_hit=0)
2026-06-14 00:41:00 [INFO] 

number id: 182
2026-06-14 00:41:24 [INFO] error (tool_hit=0)
2026-06-14 00:41:24 [INFO] 

number id: 183
2026-06-14 00:41:48 [INFO] error (tool_hit=0)
2026-06-14 00:41:48 [INFO] 

number id: 184
2026-06-14 00:42:58 [INFO] error (tool_hit=0)
2026-06-14 00:42:58 [INFO] 

number id: 185
2026-06-14 00:43:50 [INFO] error (tool_hit=0)
2026-06-14 00:43:50 [INFO] 

number id: 186
2026-06-14 00:44:27 [INFO] error (tool_hit=0)
2026-06-14 00:44:27 [INFO] 

number id: 187
2026-06-14 00:44:48 [INFO] correct (tool_hit=0)
2026-06-14 00:44:48 [INFO] 

number id: 188
2026-06-14 00:45:00 [INFO] error (tool_hit=0)
2026-06-14 00:45:00 [INFO] 

number id: 189
2026-06-14 00:45:43 [INFO] correct (tool_hit=0)
2026-06-14 00:45:43 [INFO] 

number id: 190
2026-06-14 00:46:46 [INFO] error (tool_hit=0)
2026-06-14 00:46:46 [INFO] 

number id: 191
2026-06-14 00:46:55 [INFO] correct (tool_hit=0)
2026-06-14 00:46:55 [INFO] 

number id: 192
2026-06-14 00:47:09 [INFO] correct (tool_hit=0)
2026-06-14 00:47:09 [INFO] 

number id: 193
2026-06-14 00:47:21 [INFO] correct (tool_hit=0)
2026-06-14 00:47:21 [INFO] 

number id: 194
2026-06-14 00:47:50 [INFO] error (tool_hit=0)
2026-06-14 00:47:50 [INFO] 

number id: 195
2026-06-14 00:48:43 [INFO] correct (tool_hit=0)
2026-06-14 00:48:43 [INFO] 

number id: 196
2026-06-14 00:49:16 [INFO] correct (tool_hit=0)
2026-06-14 00:49:16 [INFO] 

number id: 197
2026-06-14 00:49:30 [INFO] correct (tool_hit=0)
2026-06-14 00:49:30 [INFO] 

number id: 198
2026-06-14 00:49:58 [INFO] error (tool_hit=0)
2026-06-14 00:49:58 [INFO] 

number id: 199
2026-06-14 00:50:07 [INFO] correct (tool_hit=0)
2026-06-14 00:50:07 [INFO] 200 solving 运行耗时: 1.0h, 42.0min, 6.106683254241943s
2026-06-14 00:50:07 [INFO] Correct_Q: 115
2026-06-14 00:50:07 [INFO] False_Q: 85
2026-06-14 00:50:07 [INFO] Error_Q: 0
2026-06-14 00:50:07 [INFO] Sum_Q: 200
2026-06-14 00:50:07 [INFO] Acc: 57.50%
2026-06-14 00:50:07 [INFO] Avg_time_per_Q: 30.63s
2026-06-14 00:50:07 [INFO] Total Tokens: 268356; Total Cost: $0.80
2026-06-14 00:50:07 [INFO] ===== with_tool =====
2026-06-14 00:50:07 [INFO] 

number id: 0
2026-06-14 00:50:14 [INFO] correct (tool_hit=1)
2026-06-14 00:50:14 [INFO] 

number id: 1
2026-06-14 00:50:21 [INFO] correct (tool_hit=0)
2026-06-14 00:50:21 [INFO] 

number id: 2
2026-06-14 00:50:57 [INFO] error (tool_hit=0)
2026-06-14 00:50:57 [INFO] 

number id: 3
2026-06-14 00:51:24 [INFO] correct (tool_hit=0)
2026-06-14 00:51:24 [INFO] 

number id: 4
2026-06-14 00:51:37 [INFO] correct (tool_hit=0)
2026-06-14 00:51:37 [INFO] 

number id: 5
2026-06-14 00:51:57 [INFO] error (tool_hit=0)
2026-06-14 00:51:57 [INFO] 

number id: 6
2026-06-14 00:52:22 [INFO] error (tool_hit=0)
2026-06-14 00:52:22 [INFO] 

number id: 7
2026-06-14 00:52:48 [INFO] error (tool_hit=0)
2026-06-14 00:52:48 [INFO] 

number id: 8
2026-06-14 00:53:58 [INFO] error (tool_hit=0)
2026-06-14 00:53:58 [INFO] 

number id: 9
2026-06-14 00:54:46 [INFO] correct (tool_hit=0)
2026-06-14 00:54:46 [INFO] 

number id: 10
2026-06-14 00:55:27 [INFO] error (tool_hit=0)
2026-06-14 00:55:27 [INFO] 

number id: 11
2026-06-14 00:56:06 [INFO] error (tool_hit=0)
2026-06-14 00:56:06 [INFO] 

number id: 12
2026-06-14 00:56:25 [INFO] correct (tool_hit=0)
2026-06-14 00:56:25 [INFO] 

number id: 13
2026-06-14 00:56:42 [INFO] correct (tool_hit=0)
2026-06-14 00:56:42 [INFO] 

number id: 14
2026-06-14 00:57:47 [INFO] error (tool_hit=0)
2026-06-14 00:57:47 [INFO] 

number id: 15
2026-06-14 00:58:09 [INFO] error (tool_hit=0)
2026-06-14 00:58:09 [INFO] 

number id: 16
2026-06-14 00:58:22 [INFO] correct (tool_hit=0)
2026-06-14 00:58:22 [INFO] 

number id: 17
2026-06-14 00:58:49 [INFO] correct (tool_hit=0)
2026-06-14 00:58:49 [INFO] 

number id: 18
2026-06-14 00:59:17 [INFO] error (tool_hit=0)
2026-06-14 00:59:17 [INFO] 

number id: 19
2026-06-14 00:59:32 [INFO] error (tool_hit=0)
2026-06-14 00:59:32 [INFO] 

number id: 20
2026-06-14 01:00:46 [INFO] correct (tool_hit=0)
2026-06-14 01:00:46 [INFO] 

number id: 21
2026-06-14 01:01:09 [INFO] error (tool_hit=0)
2026-06-14 01:01:09 [INFO] 

number id: 22
2026-06-14 01:01:21 [INFO] correct (tool_hit=1)
2026-06-14 01:01:21 [INFO] 

number id: 23
2026-06-14 01:01:38 [INFO] error (tool_hit=0)
2026-06-14 01:01:38 [INFO] 

number id: 24
2026-06-14 01:01:44 [INFO] correct (tool_hit=0)
2026-06-14 01:01:44 [INFO] 

number id: 25
2026-06-14 01:01:55 [INFO] correct (tool_hit=0)
2026-06-14 01:01:55 [INFO] 

number id: 26
2026-06-14 01:02:29 [INFO] error (tool_hit=0)
2026-06-14 01:02:29 [INFO] 

number id: 27
2026-06-14 01:03:35 [INFO] correct (tool_hit=0)
2026-06-14 01:03:35 [INFO] 

number id: 28
2026-06-14 01:04:12 [INFO] correct (tool_hit=0)
2026-06-14 01:04:12 [INFO] 

number id: 29
2026-06-14 01:05:10 [INFO] correct (tool_hit=0)
2026-06-14 01:05:10 [INFO] 

number id: 30
2026-06-14 01:05:32 [INFO] correct (tool_hit=0)
2026-06-14 01:05:32 [INFO] 

number id: 31
2026-06-14 01:06:09 [INFO] error (tool_hit=0)
2026-06-14 01:06:09 [INFO] 

number id: 32
2026-06-14 01:07:00 [INFO] error (tool_hit=0)
2026-06-14 01:07:00 [INFO] 

number id: 33
2026-06-14 01:07:44 [INFO] error (tool_hit=0)
2026-06-14 01:07:44 [INFO] 

number id: 34
2026-06-14 01:08:09 [INFO] error (tool_hit=0)
2026-06-14 01:08:09 [INFO] 

number id: 35
2026-06-14 01:08:23 [INFO] correct (tool_hit=0)
2026-06-14 01:08:23 [INFO] 

number id: 36
2026-06-14 01:09:35 [INFO] error (tool_hit=0)
2026-06-14 01:09:35 [INFO] 

number id: 37
2026-06-14 01:10:28 [INFO] correct (tool_hit=0)
2026-06-14 01:10:28 [INFO] 

number id: 38
2026-06-14 01:11:09 [INFO] error (tool_hit=0)
2026-06-14 01:11:09 [INFO] 

number id: 39
2026-06-14 01:11:45 [INFO] correct (tool_hit=0)
2026-06-14 01:11:45 [INFO] 

number id: 40
2026-06-14 01:12:06 [INFO] correct (tool_hit=0)
2026-06-14 01:12:06 [INFO] 

number id: 41
2026-06-14 01:12:23 [INFO] correct (tool_hit=0)
2026-06-14 01:12:23 [INFO] 

number id: 42
2026-06-14 01:12:38 [INFO] correct (tool_hit=0)
2026-06-14 01:12:38 [INFO] 

number id: 43
2026-06-14 01:13:22 [INFO] correct (tool_hit=0)
2026-06-14 01:13:22 [INFO] 

number id: 44
2026-06-14 01:13:40 [INFO] correct (tool_hit=2)
2026-06-14 01:13:40 [INFO] 

number id: 45
2026-06-14 01:13:58 [INFO] correct (tool_hit=0)
2026-06-14 01:13:58 [INFO] 

number id: 46
2026-06-14 01:14:42 [INFO] correct (tool_hit=0)
2026-06-14 01:14:42 [INFO] 

number id: 47
2026-06-14 01:15:05 [INFO] correct (tool_hit=0)
2026-06-14 01:15:05 [INFO] 

number id: 48
2026-06-14 01:15:17 [INFO] correct (tool_hit=0)
2026-06-14 01:15:17 [INFO] 

number id: 49
2026-06-14 01:16:48 [INFO] correct (tool_hit=0)
2026-06-14 01:16:48 [INFO] 

number id: 50
2026-06-14 01:17:19 [INFO] correct (tool_hit=0)
2026-06-14 01:17:19 [INFO] 

number id: 51
2026-06-14 01:17:45 [INFO] correct (tool_hit=0)
2026-06-14 01:17:45 [INFO] 

number id: 52
2026-06-14 01:18:15 [INFO] error (tool_hit=0)
2026-06-14 01:18:15 [INFO] 

number id: 53
2026-06-14 01:18:24 [INFO] correct (tool_hit=0)
2026-06-14 01:18:24 [INFO] 

number id: 54
2026-06-14 01:19:00 [INFO] error (tool_hit=0)
2026-06-14 01:19:00 [INFO] 

number id: 55
2026-06-14 01:19:08 [INFO] error (tool_hit=0)
2026-06-14 01:19:08 [INFO] 

number id: 56
2026-06-14 01:19:21 [INFO] correct (tool_hit=0)
2026-06-14 01:19:21 [INFO] 

number id: 57
2026-06-14 01:19:35 [INFO] correct (tool_hit=0)
2026-06-14 01:19:35 [INFO] 

number id: 58
2026-06-14 01:19:43 [INFO] correct (tool_hit=0)
2026-06-14 01:19:43 [INFO] 

number id: 59
2026-06-14 01:20:21 [INFO] correct (tool_hit=1)
2026-06-14 01:20:21 [INFO] 

number id: 60
2026-06-14 01:20:38 [INFO] correct (tool_hit=0)
2026-06-14 01:20:38 [INFO] 

number id: 61
2026-06-14 01:20:56 [INFO] error (tool_hit=0)
2026-06-14 01:20:56 [INFO] 

number id: 62
2026-06-14 01:21:59 [INFO] error (tool_hit=0)
2026-06-14 01:21:59 [INFO] 

number id: 63
2026-06-14 01:22:17 [INFO] correct (tool_hit=0)
2026-06-14 01:22:17 [INFO] 

number id: 64
2026-06-14 01:22:33 [INFO] correct (tool_hit=0)
2026-06-14 01:22:33 [INFO] 

number id: 65
2026-06-14 01:22:55 [INFO] correct (tool_hit=0)
2026-06-14 01:22:55 [INFO] 

number id: 66
2026-06-14 01:23:47 [INFO] error (tool_hit=0)
2026-06-14 01:23:47 [INFO] 

number id: 67
2026-06-14 01:24:30 [INFO] correct (tool_hit=0)
2026-06-14 01:24:30 [INFO] 

number id: 68
2026-06-14 01:25:25 [INFO] correct (tool_hit=1)
2026-06-14 01:25:25 [INFO] 

number id: 69
2026-06-14 01:25:43 [INFO] correct (tool_hit=0)
2026-06-14 01:25:43 [INFO] 

number id: 70
2026-06-14 01:25:57 [INFO] correct (tool_hit=2)
2026-06-14 01:25:57 [INFO] 

number id: 71
2026-06-14 01:26:34 [INFO] correct (tool_hit=0)
2026-06-14 01:26:34 [INFO] 

number id: 72
2026-06-14 01:26:46 [INFO] error (tool_hit=0)
2026-06-14 01:26:46 [INFO] 

number id: 73
2026-06-14 01:27:19 [INFO] correct (tool_hit=0)
2026-06-14 01:27:19 [INFO] 

number id: 74
2026-06-14 01:27:33 [INFO] correct (tool_hit=0)
2026-06-14 01:27:33 [INFO] 

number id: 75
2026-06-14 01:27:51 [INFO] correct (tool_hit=0)
2026-06-14 01:27:51 [INFO] 

number id: 76
2026-06-14 01:28:03 [INFO] correct (tool_hit=0)
2026-06-14 01:28:03 [INFO] 

number id: 77
2026-06-14 01:28:24 [INFO] error (tool_hit=0)
2026-06-14 01:28:24 [INFO] 

number id: 78
2026-06-14 01:28:42 [INFO] error (tool_hit=0)
2026-06-14 01:28:42 [INFO] 

number id: 79
2026-06-14 01:29:11 [INFO] correct (tool_hit=0)
2026-06-14 01:29:11 [INFO] 

number id: 80
2026-06-14 01:29:33 [INFO] error (tool_hit=0)
2026-06-14 01:29:33 [INFO] 

number id: 81
2026-06-14 01:29:41 [INFO] correct (tool_hit=0)
2026-06-14 01:29:41 [INFO] 

number id: 82
2026-06-14 01:30:19 [INFO] error (tool_hit=0)
2026-06-14 01:30:19 [INFO] 

number id: 83
2026-06-14 01:30:25 [INFO] correct (tool_hit=0)
2026-06-14 01:30:25 [INFO] 

number id: 84
2026-06-14 01:30:40 [INFO] correct (tool_hit=0)
2026-06-14 01:30:40 [INFO] 

number id: 85
2026-06-14 01:31:09 [INFO] error (tool_hit=0)
2026-06-14 01:31:09 [INFO] 

number id: 86
2026-06-14 01:31:17 [INFO] correct (tool_hit=0)
2026-06-14 01:31:17 [INFO] 

number id: 87
2026-06-14 01:31:25 [INFO] correct (tool_hit=1)
2026-06-14 01:31:25 [INFO] 

number id: 88
2026-06-14 01:31:33 [INFO] correct (tool_hit=0)
2026-06-14 01:31:33 [INFO] 

number id: 89
2026-06-14 01:31:54 [INFO] correct (tool_hit=0)
2026-06-14 01:31:54 [INFO] 

number id: 90
2026-06-14 01:32:36 [INFO] correct (tool_hit=0)
2026-06-14 01:32:36 [INFO] 

number id: 91
2026-06-14 01:33:14 [INFO] error (tool_hit=0)
2026-06-14 01:33:14 [INFO] 

number id: 92
2026-06-14 01:33:25 [INFO] correct (tool_hit=0)
2026-06-14 01:33:25 [INFO] 

number id: 93
2026-06-14 01:34:00 [INFO] error (tool_hit=0)
2026-06-14 01:34:00 [INFO] 

number id: 94
2026-06-14 01:34:17 [INFO] correct (tool_hit=0)
2026-06-14 01:34:17 [INFO] 

number id: 95
2026-06-14 01:35:08 [INFO] correct (tool_hit=0)
2026-06-14 01:35:08 [INFO] 

number id: 96
2026-06-14 01:35:31 [INFO] correct (tool_hit=0)
2026-06-14 01:35:31 [INFO] 

number id: 97
2026-06-14 01:36:08 [INFO] correct (tool_hit=0)
2026-06-14 01:36:08 [INFO] 

number id: 98
2026-06-14 01:36:32 [INFO] error (tool_hit=0)
2026-06-14 01:36:32 [INFO] 

number id: 99
2026-06-14 01:36:52 [INFO] error (tool_hit=0)
2026-06-14 01:36:52 [INFO] 

number id: 100
2026-06-14 01:36:58 [INFO] correct (tool_hit=1)
2026-06-14 01:36:58 [INFO] 

number id: 101
2026-06-14 01:37:10 [INFO] error (tool_hit=0)
2026-06-14 01:37:10 [INFO] 

number id: 102
2026-06-14 01:37:12 [INFO] error (tool_hit=1)
2026-06-14 01:37:12 [INFO] 

number id: 103
2026-06-14 01:37:36 [INFO] error (tool_hit=1)
2026-06-14 01:37:36 [INFO] 

number id: 104
2026-06-14 01:37:56 [INFO] correct (tool_hit=0)
2026-06-14 01:37:56 [INFO] 

number id: 105
2026-06-14 01:38:06 [INFO] correct (tool_hit=0)
2026-06-14 01:38:06 [INFO] 

number id: 106
2026-06-14 01:38:20 [INFO] error (tool_hit=0)
2026-06-14 01:38:20 [INFO] 

number id: 107
2026-06-14 01:38:54 [INFO] error (tool_hit=0)
2026-06-14 01:38:54 [INFO] 

number id: 108
2026-06-14 01:39:08 [INFO] correct (tool_hit=0)
2026-06-14 01:39:08 [INFO] 

number id: 109
2026-06-14 01:39:50 [INFO] correct (tool_hit=0)
2026-06-14 01:39:50 [INFO] 

number id: 110
2026-06-14 01:39:59 [INFO] correct (tool_hit=0)
2026-06-14 01:39:59 [INFO] 

number id: 111
2026-06-14 01:40:23 [INFO] correct (tool_hit=0)
2026-06-14 01:40:23 [INFO] 

number id: 112
2026-06-14 01:40:35 [INFO] correct (tool_hit=0)
2026-06-14 01:40:35 [INFO] 

number id: 113
2026-06-14 01:40:46 [INFO] correct (tool_hit=0)
2026-06-14 01:40:46 [INFO] 

number id: 114
2026-06-14 01:40:55 [INFO] error (tool_hit=0)
2026-06-14 01:40:55 [INFO] 

number id: 115
2026-06-14 01:41:40 [INFO] error (tool_hit=0)
2026-06-14 01:41:40 [INFO] 

number id: 116
2026-06-14 01:41:50 [INFO] correct (tool_hit=2)
2026-06-14 01:41:50 [INFO] 

number id: 117
2026-06-14 01:42:25 [INFO] error (tool_hit=1)
2026-06-14 01:42:25 [INFO] 

number id: 118
2026-06-14 01:42:36 [INFO] correct (tool_hit=0)
2026-06-14 01:42:36 [INFO] 

number id: 119
2026-06-14 01:43:33 [INFO] correct (tool_hit=0)
2026-06-14 01:43:33 [INFO] 

number id: 120
2026-06-14 01:43:45 [INFO] correct (tool_hit=0)
2026-06-14 01:43:45 [INFO] 

number id: 121
2026-06-14 01:44:21 [INFO] error (tool_hit=0)
2026-06-14 01:44:21 [INFO] 

number id: 122
2026-06-14 01:44:48 [INFO] correct (tool_hit=0)
2026-06-14 01:44:48 [INFO] 

number id: 123
2026-06-14 01:45:15 [INFO] error (tool_hit=0)
2026-06-14 01:45:15 [INFO] 

number id: 124
2026-06-14 01:45:51 [INFO] error (tool_hit=0)
2026-06-14 01:45:51 [INFO] 

number id: 125
2026-06-14 01:46:24 [INFO] correct (tool_hit=0)
2026-06-14 01:46:24 [INFO] 

number id: 126
2026-06-14 01:46:26 [INFO] error (tool_hit=2)
2026-06-14 01:46:26 [INFO] 

number id: 127
2026-06-14 01:46:52 [INFO] correct (tool_hit=0)
2026-06-14 01:46:52 [INFO] 

number id: 128
2026-06-14 01:47:05 [INFO] error (tool_hit=0)
2026-06-14 01:47:05 [INFO] 

number id: 129
2026-06-14 01:47:53 [INFO] error (tool_hit=0)
2026-06-14 01:47:53 [INFO] 

number id: 130
2026-06-14 01:48:03 [INFO] correct (tool_hit=1)
2026-06-14 01:48:03 [INFO] 

number id: 131
2026-06-14 01:48:31 [INFO] error (tool_hit=0)
2026-06-14 01:48:31 [INFO] 

number id: 132
2026-06-14 01:48:47 [INFO] correct (tool_hit=0)
2026-06-14 01:48:47 [INFO] 

number id: 133
2026-06-14 01:48:55 [INFO] correct (tool_hit=0)
2026-06-14 01:48:55 [INFO] 

number id: 134
2026-06-14 01:49:27 [INFO] correct (tool_hit=0)
2026-06-14 01:49:27 [INFO] 

number id: 135
2026-06-14 01:49:41 [INFO] error (tool_hit=0)
2026-06-14 01:49:41 [INFO] 

number id: 136
2026-06-14 01:50:31 [INFO] error (tool_hit=0)
2026-06-14 01:50:31 [INFO] 

number id: 137
2026-06-14 01:51:21 [INFO] error (tool_hit=0)
2026-06-14 01:51:21 [INFO] 

number id: 138
2026-06-14 01:54:33 [INFO] error (tool_hit=0)
2026-06-14 01:54:33 [INFO] 

number id: 139
2026-06-14 01:55:36 [INFO] error (tool_hit=0)
2026-06-14 01:55:36 [INFO] 

number id: 140
2026-06-14 01:56:04 [INFO] correct (tool_hit=0)
2026-06-14 01:56:04 [INFO] 

number id: 141
2026-06-14 01:56:59 [INFO] correct (tool_hit=1)
2026-06-14 01:56:59 [INFO] 

number id: 142
2026-06-14 01:57:36 [INFO] error (tool_hit=0)
2026-06-14 01:57:36 [INFO] 

number id: 143
2026-06-14 01:58:07 [INFO] error (tool_hit=0)
2026-06-14 01:58:07 [INFO] 

number id: 144
2026-06-14 01:58:38 [INFO] error (tool_hit=0)
2026-06-14 01:58:38 [INFO] 

number id: 145
2026-06-14 01:58:46 [INFO] correct (tool_hit=0)
2026-06-14 01:58:46 [INFO] 

number id: 146
2026-06-14 01:58:59 [INFO] correct (tool_hit=0)
2026-06-14 01:58:59 [INFO] 

number id: 147
2026-06-14 02:02:19 [INFO] error (tool_hit=2)
2026-06-14 02:02:19 [INFO] 

number id: 148
2026-06-14 02:02:24 [INFO] correct (tool_hit=0)
2026-06-14 02:02:24 [INFO] 

number id: 149
2026-06-14 02:02:30 [INFO] correct (tool_hit=0)
2026-06-14 02:02:30 [INFO] 

number id: 150
2026-06-14 02:03:25 [INFO] error (tool_hit=0)
2026-06-14 02:03:25 [INFO] 

number id: 151
2026-06-14 02:04:27 [INFO] error (tool_hit=0)
2026-06-14 02:04:27 [INFO] 

number id: 152
2026-06-14 02:04:48 [INFO] error (tool_hit=0)
2026-06-14 02:04:48 [INFO] 

number id: 153
2026-06-14 02:05:31 [INFO] error (tool_hit=0)
2026-06-14 02:05:31 [INFO] 

number id: 154
2026-06-14 02:05:41 [INFO] correct (tool_hit=0)
2026-06-14 02:05:41 [INFO] 

number id: 155
2026-06-14 02:06:18 [INFO] error (tool_hit=0)
2026-06-14 02:06:18 [INFO] 

number id: 156
2026-06-14 02:06:49 [INFO] error (tool_hit=0)
2026-06-14 02:06:49 [INFO] 

number id: 157
2026-06-14 02:07:09 [INFO] correct (tool_hit=0)
2026-06-14 02:07:09 [INFO] 

number id: 158
2026-06-14 02:08:03 [INFO] correct (tool_hit=0)
2026-06-14 02:08:03 [INFO] 

number id: 159
2026-06-14 02:08:16 [INFO] correct (tool_hit=0)
2026-06-14 02:08:16 [INFO] 

number id: 160
2026-06-14 02:08:44 [INFO] correct (tool_hit=0)
2026-06-14 02:08:44 [INFO] 

number id: 161
2026-06-14 02:09:01 [INFO] error (tool_hit=0)
2026-06-14 02:09:01 [INFO] 

number id: 162
2026-06-14 02:09:15 [INFO] error (tool_hit=0)
2026-06-14 02:09:15 [INFO] 

number id: 163
2026-06-14 02:09:48 [INFO] error (tool_hit=0)
2026-06-14 02:09:48 [INFO] 

number id: 164
2026-06-14 02:10:24 [INFO] correct (tool_hit=0)
2026-06-14 02:10:24 [INFO] 

number id: 165
2026-06-14 02:12:26 [INFO] correct (tool_hit=0)
2026-06-14 02:12:26 [INFO] 

number id: 166
2026-06-14 02:12:49 [INFO] correct (tool_hit=0)
2026-06-14 02:12:49 [INFO] 

number id: 167
2026-06-14 02:13:01 [INFO] correct (tool_hit=0)
2026-06-14 02:13:01 [INFO] 

number id: 168
2026-06-14 02:13:40 [INFO] error (tool_hit=0)
2026-06-14 02:13:40 [INFO] 

number id: 169
2026-06-14 02:14:02 [INFO] error (tool_hit=0)
2026-06-14 02:14:02 [INFO] 

number id: 170
2026-06-14 02:14:26 [INFO] correct (tool_hit=0)
2026-06-14 02:14:26 [INFO] 

number id: 171
2026-06-14 02:15:03 [INFO] error (tool_hit=0)
2026-06-14 02:15:03 [INFO] 

number id: 172
2026-06-14 02:15:43 [INFO] correct (tool_hit=0)
2026-06-14 02:15:43 [INFO] 

number id: 173
2026-06-14 02:15:58 [INFO] correct (tool_hit=1)
2026-06-14 02:15:58 [INFO] 

number id: 174
2026-06-14 02:16:13 [INFO] correct (tool_hit=0)
2026-06-14 02:16:13 [INFO] 

number id: 175
2026-06-14 02:16:19 [INFO] correct (tool_hit=0)
2026-06-14 02:16:19 [INFO] 

number id: 176
2026-06-14 02:16:43 [INFO] error (tool_hit=0)
2026-06-14 02:16:43 [INFO] 

number id: 177
2026-06-14 02:17:13 [INFO] error (tool_hit=0)
2026-06-14 02:17:13 [INFO] 

number id: 178
2026-06-14 02:18:07 [INFO] error (tool_hit=0)
2026-06-14 02:18:07 [INFO] 

number id: 179
2026-06-14 02:18:18 [INFO] correct (tool_hit=0)
2026-06-14 02:18:18 [INFO] 

number id: 180
2026-06-14 02:21:18 [INFO] error (tool_hit=0)
2026-06-14 02:21:18 [INFO] 

number id: 181
2026-06-14 02:21:28 [INFO] correct (tool_hit=0)
2026-06-14 02:21:28 [INFO] 

number id: 182
2026-06-14 02:21:47 [INFO] error (tool_hit=0)
2026-06-14 02:21:47 [INFO] 

number id: 183
2026-06-14 02:22:08 [INFO] correct (tool_hit=0)
2026-06-14 02:22:08 [INFO] 

number id: 184
2026-06-14 02:23:09 [INFO] error (tool_hit=0)
2026-06-14 02:23:09 [INFO] 

number id: 185
2026-06-14 02:23:33 [INFO] error (tool_hit=2)
2026-06-14 02:23:33 [INFO] 

number id: 186
2026-06-14 02:24:04 [INFO] correct (tool_hit=0)
2026-06-14 02:24:04 [INFO] 

number id: 187
2026-06-14 02:24:22 [INFO] correct (tool_hit=0)
2026-06-14 02:24:22 [INFO] 

number id: 188
2026-06-14 02:24:40 [INFO] correct (tool_hit=0)
2026-06-14 02:24:40 [INFO] 

number id: 189
2026-06-14 02:25:14 [INFO] correct (tool_hit=0)
2026-06-14 02:25:14 [INFO] 

number id: 190
2026-06-14 02:25:52 [INFO] error (tool_hit=0)
2026-06-14 02:25:52 [INFO] 

number id: 191
2026-06-14 02:26:05 [INFO] correct (tool_hit=0)
2026-06-14 02:26:05 [INFO] 

number id: 192
2026-06-14 02:26:12 [INFO] correct (tool_hit=0)
2026-06-14 02:26:12 [INFO] 

number id: 193
2026-06-14 02:26:24 [INFO] correct (tool_hit=0)
2026-06-14 02:26:24 [INFO] 

number id: 194
2026-06-14 02:27:01 [INFO] error (tool_hit=0)
2026-06-14 02:27:01 [INFO] 

number id: 195
2026-06-14 02:27:33 [INFO] correct (tool_hit=1)
2026-06-14 02:27:33 [INFO] 

number id: 196
2026-06-14 02:28:11 [INFO] correct (tool_hit=0)
2026-06-14 02:28:11 [INFO] 

number id: 197
2026-06-14 02:28:24 [INFO] correct (tool_hit=0)
2026-06-14 02:28:24 [INFO] 

number id: 198
2026-06-14 02:28:55 [INFO] correct (tool_hit=0)
2026-06-14 02:28:55 [INFO] 

number id: 199
2026-06-14 02:29:03 [INFO] correct (tool_hit=0)
2026-06-14 02:29:03 [INFO] 200 solving 运行耗时: 1.0h, 38.0min, 55.776392698287964s
2026-06-14 02:29:03 [INFO] Correct_Q: 119
2026-06-14 02:29:03 [INFO] False_Q: 81
2026-06-14 02:29:03 [INFO] Error_Q: 0
2026-06-14 02:29:03 [INFO] Sum_Q: 200
2026-06-14 02:29:03 [INFO] Acc: 59.50%
2026-06-14 02:29:03 [INFO] Avg_time_per_Q: 29.68s
2026-06-14 02:29:03 [INFO] Total Tokens: 261839; Total Cost: $0.77
2026-06-14 02:29:03 [INFO] Round 1 | no_tool: Acc=115/200, Avg_time=30.63s
2026-06-14 02:29:03 [INFO] Round 1 | with_tool: Acc=119/200, Avg_time=29.68s
