2026-06-14 12:43:31 [INFO] ===== Round 5/5 =====
2026-06-14 12:43:31 [INFO] ===== no_tool =====
2026-06-14 12:43:31 [INFO] 

number id: 0
2026-06-14 12:43:38 [INFO] correct (tool_hit=0)
2026-06-14 12:43:38 [INFO] 

number id: 1
2026-06-14 12:43:44 [INFO] correct (tool_hit=0)
2026-06-14 12:43:44 [INFO] 

number id: 2
2026-06-14 12:44:17 [INFO] error (tool_hit=0)
2026-06-14 12:44:17 [INFO] 

number id: 3
2026-06-14 12:44:31 [INFO] correct (tool_hit=0)
2026-06-14 12:44:31 [INFO] 

number id: 4
2026-06-14 12:44:45 [INFO] correct (tool_hit=0)
2026-06-14 12:44:45 [INFO] 

number id: 5
2026-06-14 12:44:56 [INFO] correct (tool_hit=0)
2026-06-14 12:44:56 [INFO] 

number id: 6
2026-06-14 12:45:14 [INFO] error (tool_hit=0)
2026-06-14 12:45:14 [INFO] 

number id: 7
2026-06-14 12:45:28 [INFO] error (tool_hit=0)
2026-06-14 12:45:28 [INFO] 

number id: 8
2026-06-14 12:46:11 [INFO] error (tool_hit=0)
2026-06-14 12:46:11 [INFO] 

number id: 9
2026-06-14 12:46:40 [INFO] error (tool_hit=0)
2026-06-14 12:46:40 [INFO] 

number id: 10
2026-06-14 12:47:13 [INFO] error (tool_hit=0)
2026-06-14 12:47:13 [INFO] 

number id: 11
2026-06-14 12:47:33 [INFO] error (tool_hit=0)
2026-06-14 12:47:33 [INFO] 

number id: 12
2026-06-14 12:47:47 [INFO] correct (tool_hit=0)
2026-06-14 12:47:47 [INFO] 

number id: 13
2026-06-14 12:47:58 [INFO] correct (tool_hit=0)
2026-06-14 12:47:58 [INFO] 

number id: 14
2026-06-14 12:48:35 [INFO] error (tool_hit=0)
2026-06-14 12:48:35 [INFO] 

number id: 15
2026-06-14 12:48:50 [INFO] error (tool_hit=0)
2026-06-14 12:48:50 [INFO] 

number id: 16
2026-06-14 12:48:57 [INFO] correct (tool_hit=0)
2026-06-14 12:48:57 [INFO] 

number id: 17
2026-06-14 12:49:18 [INFO] error (tool_hit=0)
2026-06-14 12:49:18 [INFO] 

number id: 18
2026-06-14 12:49:37 [INFO] error (tool_hit=0)
2026-06-14 12:49:37 [INFO] 

number id: 19
2026-06-14 12:49:48 [INFO] correct (tool_hit=0)
2026-06-14 12:49:48 [INFO] 

number id: 20
2026-06-14 12:50:23 [INFO] error (tool_hit=0)
2026-06-14 12:50:23 [INFO] 

number id: 21
2026-06-14 12:50:35 [INFO] correct (tool_hit=0)
2026-06-14 12:50:35 [INFO] 

number id: 22
2026-06-14 12:50:46 [INFO] correct (tool_hit=0)
2026-06-14 12:50:46 [INFO] 

number id: 23
2026-06-14 12:50:55 [INFO] correct (tool_hit=0)
2026-06-14 12:50:55 [INFO] 

number id: 24
2026-06-14 12:51:01 [INFO] correct (tool_hit=0)
2026-06-14 12:51:01 [INFO] 

number id: 25
2026-06-14 12:51:06 [INFO] correct (tool_hit=0)
2026-06-14 12:51:06 [INFO] 

number id: 26
2026-06-14 12:51:22 [INFO] error (tool_hit=0)
2026-06-14 12:51:22 [INFO] 

number id: 27
2026-06-14 12:51:51 [INFO] error (tool_hit=0)
2026-06-14 12:51:51 [INFO] 

number id: 28
2026-06-14 12:52:07 [INFO] correct (tool_hit=0)
2026-06-14 12:52:07 [INFO] 

number id: 29
2026-06-14 12:52:38 [INFO] error (tool_hit=0)
2026-06-14 12:52:38 [INFO] 

number id: 30
2026-06-14 12:53:01 [INFO] correct (tool_hit=0)
2026-06-14 12:53:01 [INFO] 

number id: 31
2026-06-14 12:53:11 [INFO] error (tool_hit=0)
2026-06-14 12:53:11 [INFO] 

number id: 32
2026-06-14 12:53:53 [INFO] correct (tool_hit=0)
2026-06-14 12:53:53 [INFO] 

number id: 33
2026-06-14 12:54:16 [INFO] error (tool_hit=0)
2026-06-14 12:54:16 [INFO] 

number id: 34
2026-06-14 12:54:33 [INFO] error (tool_hit=0)
2026-06-14 12:54:33 [INFO] 

number id: 35
2026-06-14 12:54:45 [INFO] correct (tool_hit=0)
2026-06-14 12:54:45 [INFO] 

number id: 36
2026-06-14 12:55:37 [INFO] correct (tool_hit=0)
2026-06-14 12:55:37 [INFO] 

number id: 37
2026-06-14 12:56:11 [INFO] correct (tool_hit=0)
2026-06-14 12:56:11 [INFO] 

number id: 38
2026-06-14 12:56:29 [INFO] error (tool_hit=0)
2026-06-14 12:56:29 [INFO] 

number id: 39
2026-06-14 12:56:52 [INFO] correct (tool_hit=0)
2026-06-14 12:56:52 [INFO] 

number id: 40
2026-06-14 12:57:05 [INFO] correct (tool_hit=0)
2026-06-14 12:57:05 [INFO] 

number id: 41
2026-06-14 12:57:15 [INFO] error (tool_hit=0)
2026-06-14 12:57:15 [INFO] 

number id: 42
2026-06-14 12:57:24 [INFO] correct (tool_hit=0)
2026-06-14 12:57:24 [INFO] 

number id: 43
2026-06-14 12:57:56 [INFO] correct (tool_hit=0)
2026-06-14 12:57:56 [INFO] 

number id: 44
2026-06-14 12:58:14 [INFO] correct (tool_hit=0)
2026-06-14 12:58:14 [INFO] 

number id: 45
2026-06-14 12:58:30 [INFO] correct (tool_hit=0)
2026-06-14 12:58:30 [INFO] 

number id: 46
2026-06-14 12:58:48 [INFO] error (tool_hit=0)
2026-06-14 12:58:48 [INFO] 

number id: 47
2026-06-14 12:59:04 [INFO] error (tool_hit=0)
2026-06-14 12:59:04 [INFO] 

number id: 48
2026-06-14 12:59:10 [INFO] correct (tool_hit=0)
2026-06-14 12:59:10 [INFO] 

number id: 49
2026-06-14 13:00:31 [INFO] error (tool_hit=0)
2026-06-14 13:00:31 [INFO] 

number id: 50
2026-06-14 13:00:54 [INFO] error (tool_hit=0)
2026-06-14 13:00:54 [INFO] 

number id: 51
2026-06-14 13:01:04 [INFO] correct (tool_hit=0)
2026-06-14 13:01:04 [INFO] 

number id: 52
2026-06-14 13:01:21 [INFO] correct (tool_hit=0)
2026-06-14 13:01:21 [INFO] 

number id: 53
2026-06-14 13:01:25 [INFO] correct (tool_hit=0)
2026-06-14 13:01:25 [INFO] 

number id: 54
2026-06-14 13:01:39 [INFO] error (tool_hit=0)
2026-06-14 13:01:39 [INFO] 

number id: 55
2026-06-14 13:01:47 [INFO] correct (tool_hit=0)
2026-06-14 13:01:47 [INFO] 

number id: 56
2026-06-14 13:01:56 [INFO] correct (tool_hit=0)
2026-06-14 13:01:56 [INFO] 

number id: 57
2026-06-14 13:02:09 [INFO] correct (tool_hit=0)
2026-06-14 13:02:09 [INFO] 

number id: 58
2026-06-14 13:02:16 [INFO] correct (tool_hit=0)
2026-06-14 13:02:16 [INFO] 

number id: 59
2026-06-14 13:02:40 [INFO] correct (tool_hit=0)
2026-06-14 13:02:40 [INFO] 

number id: 60
2026-06-14 13:02:57 [INFO] error (tool_hit=0)
2026-06-14 13:02:57 [INFO] 

number id: 61
2026-06-14 13:03:20 [INFO] correct (tool_hit=0)
2026-06-14 13:03:20 [INFO] 

number id: 62
2026-06-14 13:03:59 [INFO] error (tool_hit=0)
2026-06-14 13:03:59 [INFO] 

number id: 63
2026-06-14 13:04:15 [INFO] correct (tool_hit=0)
2026-06-14 13:04:15 [INFO] 

number id: 64
2026-06-14 13:04:28 [INFO] correct (tool_hit=0)
2026-06-14 13:04:28 [INFO] 

number id: 65
2026-06-14 13:04:38 [INFO] correct (tool_hit=0)
2026-06-14 13:04:38 [INFO] 

number id: 66
2026-06-14 13:05:13 [INFO] error (tool_hit=0)
2026-06-14 13:05:13 [INFO] 

number id: 67
2026-06-14 13:05:39 [INFO] correct (tool_hit=0)
2026-06-14 13:05:39 [INFO] 

number id: 68
2026-06-14 13:06:18 [INFO] correct (tool_hit=0)
2026-06-14 13:06:18 [INFO] 

number id: 69
2026-06-14 13:06:23 [INFO] correct (tool_hit=0)
2026-06-14 13:06:23 [INFO] 

number id: 70
2026-06-14 13:06:34 [INFO] correct (tool_hit=0)
2026-06-14 13:06:34 [INFO] 

number id: 71
2026-06-14 13:06:56 [INFO] error (tool_hit=0)
2026-06-14 13:06:56 [INFO] 

number id: 72
2026-06-14 13:07:05 [INFO] correct (tool_hit=0)
2026-06-14 13:07:05 [INFO] 

number id: 73
2026-06-14 13:07:23 [INFO] error (tool_hit=0)
2026-06-14 13:07:23 [INFO] 

number id: 74
2026-06-14 13:07:33 [INFO] error (tool_hit=0)
2026-06-14 13:07:33 [INFO] 

number id: 75
2026-06-14 13:07:46 [INFO] error (tool_hit=0)
2026-06-14 13:07:46 [INFO] 

number id: 76
2026-06-14 13:07:55 [INFO] error (tool_hit=0)
2026-06-14 13:07:55 [INFO] 

number id: 77
2026-06-14 13:08:11 [INFO] error (tool_hit=0)
2026-06-14 13:08:11 [INFO] 

number id: 78
2026-06-14 13:08:27 [INFO] correct (tool_hit=0)
2026-06-14 13:08:27 [INFO] 

number id: 79
2026-06-14 13:08:40 [INFO] error (tool_hit=0)
2026-06-14 13:08:40 [INFO] 

number id: 80
2026-06-14 13:08:51 [INFO] correct (tool_hit=0)
2026-06-14 13:08:51 [INFO] 

number id: 81
2026-06-14 13:09:01 [INFO] correct (tool_hit=0)
2026-06-14 13:09:01 [INFO] 

number id: 82
2026-06-14 13:09:18 [INFO] correct (tool_hit=0)
2026-06-14 13:09:18 [INFO] 

number id: 83
2026-06-14 13:09:23 [INFO] error (tool_hit=0)
2026-06-14 13:09:23 [INFO] 

number id: 84
2026-06-14 13:09:32 [INFO] correct (tool_hit=0)
2026-06-14 13:09:32 [INFO] 

number id: 85
2026-06-14 13:09:47 [INFO] error (tool_hit=0)
2026-06-14 13:09:47 [INFO] 

number id: 86
2026-06-14 13:09:55 [INFO] correct (tool_hit=0)
2026-06-14 13:09:55 [INFO] 

number id: 87
2026-06-14 13:10:01 [INFO] correct (tool_hit=0)
2026-06-14 13:10:01 [INFO] 

number id: 88
2026-06-14 13:10:07 [INFO] correct (tool_hit=0)
2026-06-14 13:10:07 [INFO] 

number id: 89
2026-06-14 13:10:28 [INFO] correct (tool_hit=0)
2026-06-14 13:10:28 [INFO] 

number id: 90
2026-06-14 13:10:58 [INFO] correct (tool_hit=0)
2026-06-14 13:10:58 [INFO] 

number id: 91
2026-06-14 13:11:21 [INFO] error (tool_hit=0)
2026-06-14 13:11:21 [INFO] 

number id: 92
2026-06-14 13:11:31 [INFO] correct (tool_hit=0)
2026-06-14 13:11:31 [INFO] 

number id: 93
2026-06-14 13:11:55 [INFO] error (tool_hit=0)
2026-06-14 13:11:55 [INFO] 

number id: 94
2026-06-14 13:12:13 [INFO] correct (tool_hit=0)
2026-06-14 13:12:13 [INFO] 

number id: 95
2026-06-14 13:12:42 [INFO] error (tool_hit=0)
2026-06-14 13:12:42 [INFO] 

number id: 96
2026-06-14 13:12:50 [INFO] correct (tool_hit=0)
2026-06-14 13:12:50 [INFO] 

number id: 97
2026-06-14 13:13:04 [INFO] correct (tool_hit=0)
2026-06-14 13:13:04 [INFO] 

number id: 98
2026-06-14 13:13:25 [INFO] error (tool_hit=0)
2026-06-14 13:13:25 [INFO] 

number id: 99
2026-06-14 13:13:37 [INFO] correct (tool_hit=0)
2026-06-14 13:13:37 [INFO] 

number id: 100
2026-06-14 13:13:44 [INFO] correct (tool_hit=0)
2026-06-14 13:13:44 [INFO] 

number id: 101
2026-06-14 13:13:57 [INFO] error (tool_hit=0)
2026-06-14 13:13:57 [INFO] 

number id: 102
2026-06-14 13:13:59 [INFO] error (tool_hit=0)
2026-06-14 13:13:59 [INFO] 

number id: 103
2026-06-14 13:14:15 [INFO] correct (tool_hit=0)
2026-06-14 13:14:15 [INFO] 

number id: 104
2026-06-14 13:14:24 [INFO] error (tool_hit=0)
2026-06-14 13:14:24 [INFO] 

number id: 105
2026-06-14 13:14:33 [INFO] correct (tool_hit=0)
2026-06-14 13:14:33 [INFO] 

number id: 106
2026-06-14 13:14:51 [INFO] correct (tool_hit=0)
2026-06-14 13:14:51 [INFO] 

number id: 107
2026-06-14 13:15:22 [INFO] error (tool_hit=0)
2026-06-14 13:15:22 [INFO] 

number id: 108
2026-06-14 13:15:32 [INFO] correct (tool_hit=0)
2026-06-14 13:15:32 [INFO] 

number id: 109
2026-06-14 13:16:01 [INFO] error (tool_hit=0)
2026-06-14 13:16:01 [INFO] 

number id: 110
2026-06-14 13:16:09 [INFO] correct (tool_hit=0)
2026-06-14 13:16:09 [INFO] 

number id: 111
2026-06-14 13:16:26 [INFO] error (tool_hit=0)
2026-06-14 13:16:26 [INFO] 

number id: 112
2026-06-14 13:16:37 [INFO] error (tool_hit=0)
2026-06-14 13:16:37 [INFO] 

number id: 113
2026-06-14 13:16:47 [INFO] correct (tool_hit=0)
2026-06-14 13:16:47 [INFO] 

number id: 114
2026-06-14 13:16:52 [INFO] correct (tool_hit=0)
2026-06-14 13:16:52 [INFO] 

number id: 115
2026-06-14 13:17:09 [INFO] error (tool_hit=0)
2026-06-14 13:17:09 [INFO] 

number id: 116
2026-06-14 13:17:30 [INFO] correct (tool_hit=0)
2026-06-14 13:17:30 [INFO] 

number id: 117
2026-06-14 13:17:59 [INFO] error (tool_hit=0)
2026-06-14 13:17:59 [INFO] 

number id: 118
2026-06-14 13:18:08 [INFO] correct (tool_hit=0)
2026-06-14 13:18:08 [INFO] 

number id: 119
2026-06-14 13:18:42 [INFO] error (tool_hit=0)
2026-06-14 13:18:42 [INFO] 

number id: 120
2026-06-14 13:18:54 [INFO] correct (tool_hit=0)
2026-06-14 13:18:54 [INFO] 

number id: 121
2026-06-14 13:19:11 [INFO] error (tool_hit=0)
2026-06-14 13:19:11 [INFO] 

number id: 122
2026-06-14 13:19:47 [INFO] correct (tool_hit=0)
2026-06-14 13:19:47 [INFO] 

number id: 123
2026-06-14 13:20:05 [INFO] correct (tool_hit=0)
2026-06-14 13:20:05 [INFO] 

number id: 124
2026-06-14 13:20:40 [INFO] error (tool_hit=0)
2026-06-14 13:20:40 [INFO] 

number id: 125
2026-06-14 13:21:03 [INFO] error (tool_hit=0)
2026-06-14 13:21:03 [INFO] 

number id: 126
2026-06-14 13:21:09 [INFO] correct (tool_hit=0)
2026-06-14 13:21:09 [INFO] 

number id: 127
2026-06-14 13:21:26 [INFO] correct (tool_hit=0)
2026-06-14 13:21:26 [INFO] 

number id: 128
2026-06-14 13:21:34 [INFO] correct (tool_hit=0)
2026-06-14 13:21:34 [INFO] 

number id: 129
2026-06-14 13:21:58 [INFO] error (tool_hit=0)
2026-06-14 13:21:58 [INFO] 

number id: 130
2026-06-14 13:22:07 [INFO] correct (tool_hit=0)
2026-06-14 13:22:07 [INFO] 

number id: 131
2026-06-14 13:22:20 [INFO] error (tool_hit=0)
2026-06-14 13:22:20 [INFO] 

number id: 132
2026-06-14 13:22:32 [INFO] correct (tool_hit=0)
2026-06-14 13:22:32 [INFO] 

number id: 133
2026-06-14 13:22:38 [INFO] correct (tool_hit=0)
2026-06-14 13:22:38 [INFO] 

number id: 134
2026-06-14 13:22:54 [INFO] error (tool_hit=0)
2026-06-14 13:22:54 [INFO] 

number id: 135
2026-06-14 13:23:07 [INFO] error (tool_hit=0)
2026-06-14 13:23:07 [INFO] 

number id: 136
2026-06-14 13:23:35 [INFO] correct (tool_hit=0)
2026-06-14 13:23:35 [INFO] 

number id: 137
2026-06-14 13:23:56 [INFO] error (tool_hit=0)
2026-06-14 13:23:56 [INFO] 

number id: 138
2026-06-14 13:26:06 [INFO] error (tool_hit=0)
2026-06-14 13:26:06 [INFO] 

number id: 139
2026-06-14 13:26:21 [INFO] error (tool_hit=0)
2026-06-14 13:26:21 [INFO] 

number id: 140
2026-06-14 13:26:41 [INFO] error (tool_hit=0)
2026-06-14 13:26:41 [INFO] 

number id: 141
2026-06-14 13:27:06 [INFO] error (tool_hit=0)
2026-06-14 13:27:06 [INFO] 

number id: 142
2026-06-14 13:27:24 [INFO] error (tool_hit=0)
2026-06-14 13:27:24 [INFO] 

number id: 143
2026-06-14 13:27:48 [INFO] error (tool_hit=0)
2026-06-14 13:27:48 [INFO] 

number id: 144
2026-06-14 13:28:07 [INFO] correct (tool_hit=0)
2026-06-14 13:28:07 [INFO] 

number id: 145
2026-06-14 13:28:12 [INFO] correct (tool_hit=0)
2026-06-14 13:28:12 [INFO] 

number id: 146
2026-06-14 13:28:20 [INFO] error (tool_hit=0)
2026-06-14 13:28:20 [INFO] 

number id: 147
2026-06-14 13:29:41 [INFO] error (tool_hit=0)
2026-06-14 13:29:41 [INFO] 

number id: 148
2026-06-14 13:29:44 [INFO] correct (tool_hit=0)
2026-06-14 13:29:44 [INFO] 

number id: 149
2026-06-14 13:29:48 [INFO] correct (tool_hit=0)
2026-06-14 13:29:48 [INFO] 

number id: 150
2026-06-14 13:30:26 [INFO] error (tool_hit=0)
2026-06-14 13:30:26 [INFO] 

number id: 151
2026-06-14 13:30:54 [INFO] error (tool_hit=0)
2026-06-14 13:30:54 [INFO] 

number id: 152
2026-06-14 13:31:10 [INFO] error (tool_hit=0)
2026-06-14 13:31:10 [INFO] 

number id: 153
2026-06-14 13:31:33 [INFO] error (tool_hit=0)
2026-06-14 13:31:33 [INFO] 

number id: 154
2026-06-14 13:31:40 [INFO] correct (tool_hit=0)
2026-06-14 13:31:40 [INFO] 

number id: 155
2026-06-14 13:32:11 [INFO] correct (tool_hit=0)
2026-06-14 13:32:11 [INFO] 

number id: 156
2026-06-14 13:32:39 [INFO] error (tool_hit=0)
2026-06-14 13:32:39 [INFO] 

number id: 157
2026-06-14 13:32:53 [INFO] error (tool_hit=0)
2026-06-14 13:32:53 [INFO] 

number id: 158
2026-06-14 13:33:20 [INFO] correct (tool_hit=0)
2026-06-14 13:33:20 [INFO] 

number id: 159
2026-06-14 13:33:28 [INFO] correct (tool_hit=0)
2026-06-14 13:33:28 [INFO] 

number id: 160
2026-06-14 13:33:40 [INFO] correct (tool_hit=0)
2026-06-14 13:33:40 [INFO] 

number id: 161
2026-06-14 13:33:46 [INFO] correct (tool_hit=0)
2026-06-14 13:33:46 [INFO] 

number id: 162
2026-06-14 13:33:58 [INFO] correct (tool_hit=0)
2026-06-14 13:33:58 [INFO] 

number id: 163
2026-06-14 13:34:13 [INFO] correct (tool_hit=0)
2026-06-14 13:34:13 [INFO] 

number id: 164
2026-06-14 13:34:40 [INFO] correct (tool_hit=0)
2026-06-14 13:34:40 [INFO] 

number id: 165
2026-06-14 13:36:40 [INFO] error (tool_hit=0)
2026-06-14 13:36:40 [INFO] 

number id: 166
2026-06-14 13:36:57 [INFO] correct (tool_hit=0)
2026-06-14 13:36:57 [INFO] 

number id: 167
2026-06-14 13:37:11 [INFO] correct (tool_hit=0)
2026-06-14 13:37:11 [INFO] 

number id: 168
2026-06-14 13:37:33 [INFO] correct (tool_hit=0)
2026-06-14 13:37:33 [INFO] 

number id: 169
2026-06-14 13:37:50 [INFO] correct (tool_hit=0)
2026-06-14 13:37:50 [INFO] 

number id: 170
2026-06-14 13:38:06 [INFO] correct (tool_hit=0)
2026-06-14 13:38:06 [INFO] 

number id: 171
2026-06-14 13:38:22 [INFO] error (tool_hit=0)
2026-06-14 13:38:22 [INFO] 

number id: 172
2026-06-14 13:38:46 [INFO] error (tool_hit=0)
2026-06-14 13:38:46 [INFO] 

number id: 173
2026-06-14 13:39:01 [INFO] correct (tool_hit=0)
2026-06-14 13:39:01 [INFO] 

number id: 174
2026-06-14 13:39:16 [INFO] correct (tool_hit=0)
2026-06-14 13:39:16 [INFO] 

number id: 175
2026-06-14 13:39:20 [INFO] correct (tool_hit=0)
2026-06-14 13:39:20 [INFO] 

number id: 176
2026-06-14 13:39:34 [INFO] correct (tool_hit=0)
2026-06-14 13:39:34 [INFO] 

number id: 177
2026-06-14 13:39:58 [INFO] correct (tool_hit=0)
2026-06-14 13:39:58 [INFO] 

number id: 178
2026-06-14 13:40:20 [INFO] error (tool_hit=0)
2026-06-14 13:40:20 [INFO] 

number id: 179
2026-06-14 13:40:31 [INFO] correct (tool_hit=0)
2026-06-14 13:40:31 [INFO] 

number id: 180
2026-06-14 13:42:45 [INFO] error (tool_hit=0)
2026-06-14 13:42:45 [INFO] 

number id: 181
2026-06-14 13:42:52 [INFO] error (tool_hit=0)
2026-06-14 13:42:52 [INFO] 

number id: 182
2026-06-14 13:43:07 [INFO] correct (tool_hit=0)
2026-06-14 13:43:07 [INFO] 

number id: 183
2026-06-14 13:43:24 [INFO] correct (tool_hit=0)
2026-06-14 13:43:24 [INFO] 

number id: 184
2026-06-14 13:44:06 [INFO] error (tool_hit=0)
2026-06-14 13:44:06 [INFO] 

number id: 185
2026-06-14 13:44:28 [INFO] error (tool_hit=0)
2026-06-14 13:44:28 [INFO] 

number id: 186
2026-06-14 13:44:46 [INFO] correct (tool_hit=0)
2026-06-14 13:44:46 [INFO] 

number id: 187
2026-06-14 13:44:57 [INFO] correct (tool_hit=0)
2026-06-14 13:44:57 [INFO] 

number id: 188
2026-06-14 13:45:12 [INFO] correct (tool_hit=0)
2026-06-14 13:45:12 [INFO] 

number id: 189
2026-06-14 13:45:44 [INFO] correct (tool_hit=0)
2026-06-14 13:45:44 [INFO] 

number id: 190
2026-06-14 13:46:17 [INFO] correct (tool_hit=0)
2026-06-14 13:46:17 [INFO] 

number id: 191
2026-06-14 13:46:33 [INFO] error (tool_hit=0)
2026-06-14 13:46:33 [INFO] 

number id: 192
2026-06-14 13:46:44 [INFO] correct (tool_hit=0)
2026-06-14 13:46:44 [INFO] 

number id: 193
2026-06-14 13:46:53 [INFO] correct (tool_hit=0)
2026-06-14 13:46:53 [INFO] 

number id: 194
2026-06-14 13:47:28 [INFO] error (tool_hit=0)
2026-06-14 13:47:28 [INFO] 

number id: 195
2026-06-14 13:48:10 [INFO] correct (tool_hit=0)
2026-06-14 13:48:10 [INFO] 

number id: 196
2026-06-14 13:48:38 [INFO] correct (tool_hit=0)
2026-06-14 13:48:38 [INFO] 

number id: 197
2026-06-14 13:48:47 [INFO] error (tool_hit=0)
2026-06-14 13:48:47 [INFO] 

number id: 198
2026-06-14 13:49:06 [INFO] correct (tool_hit=0)
2026-06-14 13:49:06 [INFO] 

number id: 199
2026-06-14 13:49:14 [INFO] correct (tool_hit=0)
2026-06-14 13:49:14 [INFO] 200 solving 运行耗时: 1.0h, 5.0min, 43.075329542160034s
2026-06-14 13:49:14 [INFO] Correct_Q: 116
2026-06-14 13:49:14 [INFO] False_Q: 84
2026-06-14 13:49:14 [INFO] Error_Q: 0
2026-06-14 13:49:14 [INFO] Sum_Q: 200
2026-06-14 13:49:14 [INFO] Acc: 58.00%
2026-06-14 13:49:14 [INFO] Avg_time_per_Q: 19.72s
2026-06-14 13:49:14 [INFO] Total Tokens: 261443; Total Cost: $0.76
2026-06-14 13:49:14 [INFO] ===== with_tool =====
2026-06-14 13:49:14 [INFO] 

number id: 0
2026-06-14 13:49:20 [INFO] correct (tool_hit=1)
2026-06-14 13:49:20 [INFO] 

number id: 1
2026-06-14 13:49:25 [INFO] correct (tool_hit=0)
2026-06-14 13:49:25 [INFO] 

number id: 2
2026-06-14 13:49:55 [INFO] error (tool_hit=0)
2026-06-14 13:49:55 [INFO] 

number id: 3
2026-06-14 13:50:32 [INFO] error (tool_hit=0)
2026-06-14 13:50:32 [INFO] 

number id: 4
2026-06-14 13:50:41 [INFO] correct (tool_hit=0)
2026-06-14 13:50:41 [INFO] 

number id: 5
2026-06-14 13:50:56 [INFO] correct (tool_hit=0)
2026-06-14 13:50:56 [INFO] 

number id: 6
2026-06-14 13:51:12 [INFO] error (tool_hit=0)
2026-06-14 13:51:12 [INFO] 

number id: 7
2026-06-14 13:51:28 [INFO] error (tool_hit=0)
2026-06-14 13:51:28 [INFO] 

number id: 8
2026-06-14 13:52:16 [INFO] error (tool_hit=0)
2026-06-14 13:52:16 [INFO] 

number id: 9
2026-06-14 13:52:54 [INFO] error (tool_hit=0)
2026-06-14 13:52:54 [INFO] 

number id: 10
2026-06-14 13:53:33 [INFO] correct (tool_hit=0)
2026-06-14 13:53:33 [INFO] 

number id: 11
2026-06-14 13:53:46 [INFO] error (tool_hit=0)
2026-06-14 13:53:46 [INFO] 

number id: 12
2026-06-14 13:54:00 [INFO] error (tool_hit=0)
2026-06-14 13:54:00 [INFO] 

number id: 13
2026-06-14 13:54:13 [INFO] correct (tool_hit=0)
2026-06-14 13:54:13 [INFO] 

number id: 14
2026-06-14 13:54:50 [INFO] correct (tool_hit=0)
2026-06-14 13:54:50 [INFO] 

number id: 15
2026-06-14 13:55:07 [INFO] correct (tool_hit=0)
2026-06-14 13:55:07 [INFO] 

number id: 16
2026-06-14 13:55:15 [INFO] correct (tool_hit=0)
2026-06-14 13:55:15 [INFO] 

number id: 17
2026-06-14 13:55:34 [INFO] error (tool_hit=0)
2026-06-14 13:55:34 [INFO] 

number id: 18
2026-06-14 13:55:51 [INFO] error (tool_hit=0)
2026-06-14 13:55:51 [INFO] 

number id: 19
2026-06-14 13:55:59 [INFO] correct (tool_hit=0)
2026-06-14 13:55:59 [INFO] 

number id: 20
2026-06-14 13:56:35 [INFO] error (tool_hit=0)
2026-06-14 13:56:35 [INFO] 

number id: 21
2026-06-14 13:56:55 [INFO] error (tool_hit=0)
2026-06-14 13:56:55 [INFO] 

number id: 22
2026-06-14 13:57:03 [INFO] correct (tool_hit=1)
2026-06-14 13:57:03 [INFO] 

number id: 23
2026-06-14 13:57:15 [INFO] correct (tool_hit=0)
2026-06-14 13:57:15 [INFO] 

number id: 24
2026-06-14 13:57:21 [INFO] correct (tool_hit=0)
2026-06-14 13:57:21 [INFO] 

number id: 25
2026-06-14 13:57:29 [INFO] correct (tool_hit=0)
2026-06-14 13:57:29 [INFO] 

number id: 26
2026-06-14 13:57:53 [INFO] correct (tool_hit=0)
2026-06-14 13:57:53 [INFO] 

number id: 27
2026-06-14 13:58:23 [INFO] error (tool_hit=0)
2026-06-14 13:58:23 [INFO] 

number id: 28
2026-06-14 13:58:41 [INFO] correct (tool_hit=0)
2026-06-14 13:58:41 [INFO] 

number id: 29
2026-06-14 13:59:22 [INFO] correct (tool_hit=0)
2026-06-14 13:59:22 [INFO] 

number id: 30
2026-06-14 13:59:36 [INFO] error (tool_hit=0)
2026-06-14 13:59:36 [INFO] 

number id: 31
2026-06-14 13:59:50 [INFO] correct (tool_hit=0)
2026-06-14 13:59:50 [INFO] 

number id: 32
2026-06-14 14:00:39 [INFO] correct (tool_hit=0)
2026-06-14 14:00:39 [INFO] 

number id: 33
2026-06-14 14:01:03 [INFO] correct (tool_hit=0)
2026-06-14 14:01:03 [INFO] 

number id: 34
2026-06-14 14:01:33 [INFO] error (tool_hit=0)
2026-06-14 14:01:33 [INFO] 

number id: 35
2026-06-14 14:01:50 [INFO] correct (tool_hit=0)
2026-06-14 14:01:50 [INFO] 

number id: 36
2026-06-14 14:02:35 [INFO] error (tool_hit=0)
2026-06-14 14:02:35 [INFO] 

number id: 37
2026-06-14 14:03:06 [INFO] error (tool_hit=0)
2026-06-14 14:03:06 [INFO] 

number id: 38
2026-06-14 14:03:39 [INFO] error (tool_hit=0)
2026-06-14 14:03:39 [INFO] 

number id: 39
2026-06-14 14:04:07 [INFO] correct (tool_hit=0)
2026-06-14 14:04:07 [INFO] 

number id: 40
2026-06-14 14:04:21 [INFO] correct (tool_hit=0)
2026-06-14 14:04:21 [INFO] 

number id: 41
2026-06-14 14:04:34 [INFO] correct (tool_hit=0)
2026-06-14 14:04:34 [INFO] 

number id: 42
2026-06-14 14:04:44 [INFO] error (tool_hit=0)
2026-06-14 14:04:44 [INFO] 

number id: 43
2026-06-14 14:05:15 [INFO] correct (tool_hit=0)
2026-06-14 14:05:15 [INFO] 

number id: 44
2026-06-14 14:05:32 [INFO] correct (tool_hit=2)
2026-06-14 14:05:32 [INFO] 

number id: 45
2026-06-14 14:05:43 [INFO] correct (tool_hit=0)
2026-06-14 14:05:43 [INFO] 

number id: 46
2026-06-14 14:06:12 [INFO] error (tool_hit=0)
2026-06-14 14:06:12 [INFO] 

number id: 47
2026-06-14 14:06:26 [INFO] correct (tool_hit=0)
2026-06-14 14:06:26 [INFO] 

number id: 48
2026-06-14 14:06:33 [INFO] correct (tool_hit=0)
2026-06-14 14:06:33 [INFO] 

number id: 49
2026-06-14 14:08:05 [INFO] correct (tool_hit=0)
2026-06-14 14:08:05 [INFO] 

number id: 50
2026-06-14 14:08:23 [INFO] error (tool_hit=0)
2026-06-14 14:08:23 [INFO] 

number id: 51
2026-06-14 14:08:34 [INFO] correct (tool_hit=0)
2026-06-14 14:08:34 [INFO] 

number id: 52
2026-06-14 14:08:50 [INFO] error (tool_hit=0)
2026-06-14 14:08:50 [INFO] 

number id: 53
2026-06-14 14:08:55 [INFO] correct (tool_hit=0)
2026-06-14 14:08:55 [INFO] 

number id: 54
2026-06-14 14:09:10 [INFO] error (tool_hit=0)
2026-06-14 14:09:10 [INFO] 

number id: 55
2026-06-14 14:09:17 [INFO] correct (tool_hit=0)
2026-06-14 14:09:17 [INFO] 

number id: 56
2026-06-14 14:09:26 [INFO] correct (tool_hit=0)
2026-06-14 14:09:26 [INFO] 

number id: 57
2026-06-14 14:09:39 [INFO] correct (tool_hit=0)
2026-06-14 14:09:39 [INFO] 

number id: 58
2026-06-14 14:09:49 [INFO] correct (tool_hit=0)
2026-06-14 14:09:49 [INFO] 

number id: 59
2026-06-14 14:10:33 [INFO] correct (tool_hit=1)
2026-06-14 14:10:33 [INFO] 

number id: 60
2026-06-14 14:10:46 [INFO] correct (tool_hit=0)
2026-06-14 14:10:46 [INFO] 

number id: 61
2026-06-14 14:11:16 [INFO] error (tool_hit=0)
2026-06-14 14:11:16 [INFO] 

number id: 62
2026-06-14 14:12:05 [INFO] error (tool_hit=0)
2026-06-14 14:12:05 [INFO] 

number id: 63
2026-06-14 14:12:22 [INFO] correct (tool_hit=0)
2026-06-14 14:12:22 [INFO] 

number id: 64
2026-06-14 14:12:34 [INFO] correct (tool_hit=0)
2026-06-14 14:12:34 [INFO] 

number id: 65
2026-06-14 14:12:48 [INFO] correct (tool_hit=0)
2026-06-14 14:12:48 [INFO] 

number id: 66
2026-06-14 14:13:33 [INFO] error (tool_hit=0)
2026-06-14 14:13:33 [INFO] 

number id: 67
2026-06-14 14:13:57 [INFO] correct (tool_hit=0)
2026-06-14 14:13:57 [INFO] 

number id: 68
2026-06-14 14:15:05 [INFO] correct (tool_hit=1)
2026-06-14 14:15:05 [INFO] 

number id: 69
2026-06-14 14:15:14 [INFO] correct (tool_hit=0)
2026-06-14 14:15:14 [INFO] 

number id: 70
2026-06-14 14:15:20 [INFO] correct (tool_hit=2)
2026-06-14 14:15:20 [INFO] 

number id: 71
2026-06-14 14:15:41 [INFO] error (tool_hit=0)
2026-06-14 14:15:41 [INFO] 

number id: 72
2026-06-14 14:15:52 [INFO] error (tool_hit=0)
2026-06-14 14:15:52 [INFO] 

number id: 73
2026-06-14 14:16:08 [INFO] error (tool_hit=0)
2026-06-14 14:16:08 [INFO] 

number id: 74
2026-06-14 14:16:23 [INFO] correct (tool_hit=0)
2026-06-14 14:16:23 [INFO] 

number id: 75
2026-06-14 14:16:39 [INFO] error (tool_hit=0)
2026-06-14 14:16:39 [INFO] 

number id: 76
2026-06-14 14:16:49 [INFO] correct (tool_hit=0)
2026-06-14 14:16:49 [INFO] 

number id: 77
2026-06-14 14:17:12 [INFO] error (tool_hit=0)
2026-06-14 14:17:12 [INFO] 

number id: 78
2026-06-14 14:17:32 [INFO] error (tool_hit=0)
2026-06-14 14:17:32 [INFO] 

number id: 79
2026-06-14 14:17:51 [INFO] error (tool_hit=0)
2026-06-14 14:17:51 [INFO] 

number id: 80
2026-06-14 14:18:08 [INFO] correct (tool_hit=0)
2026-06-14 14:18:08 [INFO] 

number id: 81
2026-06-14 14:18:16 [INFO] correct (tool_hit=0)
2026-06-14 14:18:16 [INFO] 

number id: 82
2026-06-14 14:18:48 [INFO] error (tool_hit=0)
2026-06-14 14:18:48 [INFO] 

number id: 83
2026-06-14 14:18:53 [INFO] correct (tool_hit=0)
2026-06-14 14:18:53 [INFO] 

number id: 84
2026-06-14 14:19:07 [INFO] correct (tool_hit=0)
2026-06-14 14:19:07 [INFO] 

number id: 85
2026-06-14 14:19:25 [INFO] error (tool_hit=0)
2026-06-14 14:19:25 [INFO] 

number id: 86
2026-06-14 14:19:33 [INFO] correct (tool_hit=0)
2026-06-14 14:19:33 [INFO] 

number id: 87
2026-06-14 14:19:40 [INFO] correct (tool_hit=1)
2026-06-14 14:19:40 [INFO] 

number id: 88
2026-06-14 14:19:46 [INFO] correct (tool_hit=0)
2026-06-14 14:19:46 [INFO] 

number id: 89
2026-06-14 14:19:56 [INFO] error (tool_hit=0)
2026-06-14 14:19:56 [INFO] 

number id: 90
2026-06-14 14:20:37 [INFO] error (tool_hit=0)
2026-06-14 14:20:37 [INFO] 

number id: 91
2026-06-14 14:21:26 [INFO] correct (tool_hit=0)
2026-06-14 14:21:26 [INFO] 

number id: 92
2026-06-14 14:21:34 [INFO] correct (tool_hit=0)
2026-06-14 14:21:34 [INFO] 

number id: 93
2026-06-14 14:22:03 [INFO] correct (tool_hit=0)
2026-06-14 14:22:03 [INFO] 

number id: 94
2026-06-14 14:22:13 [INFO] correct (tool_hit=0)
2026-06-14 14:22:13 [INFO] 

number id: 95
2026-06-14 14:22:48 [INFO] error (tool_hit=0)
2026-06-14 14:22:48 [INFO] 

number id: 96
2026-06-14 14:23:08 [INFO] correct (tool_hit=0)
2026-06-14 14:23:08 [INFO] 

number id: 97
2026-06-14 14:23:24 [INFO] error (tool_hit=0)
2026-06-14 14:23:24 [INFO] 

number id: 98
2026-06-14 14:23:42 [INFO] correct (tool_hit=0)
2026-06-14 14:23:42 [INFO] 

number id: 99
2026-06-14 14:24:01 [INFO] correct (tool_hit=0)
2026-06-14 14:24:01 [INFO] 

number id: 100
2026-06-14 14:24:05 [INFO] correct (tool_hit=1)
2026-06-14 14:24:05 [INFO] 

number id: 101
2026-06-14 14:24:16 [INFO] correct (tool_hit=0)
2026-06-14 14:24:16 [INFO] 

number id: 102
2026-06-14 14:24:18 [INFO] error (tool_hit=1)
2026-06-14 14:24:18 [INFO] 

number id: 103
2026-06-14 14:24:33 [INFO] error (tool_hit=1)
2026-06-14 14:24:33 [INFO] 

number id: 104
2026-06-14 14:24:46 [INFO] error (tool_hit=0)
2026-06-14 14:24:46 [INFO] 

number id: 105
2026-06-14 14:24:55 [INFO] error (tool_hit=0)
2026-06-14 14:24:55 [INFO] 

number id: 106
2026-06-14 14:25:17 [INFO] error (tool_hit=0)
2026-06-14 14:25:17 [INFO] 

number id: 107
2026-06-14 14:25:50 [INFO] error (tool_hit=0)
2026-06-14 14:25:50 [INFO] 

number id: 108
2026-06-14 14:26:00 [INFO] error (tool_hit=0)
2026-06-14 14:26:00 [INFO] 

number id: 109
2026-06-14 14:26:27 [INFO] correct (tool_hit=0)
2026-06-14 14:26:27 [INFO] 

number id: 110
2026-06-14 14:26:34 [INFO] correct (tool_hit=0)
2026-06-14 14:26:34 [INFO] 

number id: 111
2026-06-14 14:26:53 [INFO] correct (tool_hit=0)
2026-06-14 14:26:53 [INFO] 

number id: 112
2026-06-14 14:27:04 [INFO] correct (tool_hit=0)
2026-06-14 14:27:04 [INFO] 

number id: 113
2026-06-14 14:27:13 [INFO] correct (tool_hit=0)
2026-06-14 14:27:13 [INFO] 

number id: 114
2026-06-14 14:27:19 [INFO] correct (tool_hit=0)
2026-06-14 14:27:19 [INFO] 

number id: 115
2026-06-14 14:27:49 [INFO] correct (tool_hit=0)
2026-06-14 14:27:49 [INFO] 

number id: 116
2026-06-14 14:28:04 [INFO] correct (tool_hit=2)
2026-06-14 14:28:04 [INFO] 

number id: 117
2026-06-14 14:28:40 [INFO] error (tool_hit=1)
2026-06-14 14:28:40 [INFO] 

number id: 118
2026-06-14 14:28:52 [INFO] correct (tool_hit=0)
2026-06-14 14:28:52 [INFO] 

number id: 119
2026-06-14 14:29:28 [INFO] correct (tool_hit=0)
2026-06-14 14:29:28 [INFO] 

number id: 120
2026-06-14 14:29:39 [INFO] correct (tool_hit=0)
2026-06-14 14:29:39 [INFO] 

number id: 121
2026-06-14 14:30:05 [INFO] correct (tool_hit=0)
2026-06-14 14:30:05 [INFO] 

number id: 122
2026-06-14 14:30:33 [INFO] correct (tool_hit=0)
2026-06-14 14:30:33 [INFO] 

number id: 123
2026-06-14 14:30:44 [INFO] error (tool_hit=0)
2026-06-14 14:30:44 [INFO] 

number id: 124
2026-06-14 14:31:25 [INFO] error (tool_hit=0)
2026-06-14 14:31:25 [INFO] 

number id: 125
2026-06-14 14:31:50 [INFO] correct (tool_hit=0)
2026-06-14 14:31:50 [INFO] 

number id: 126
2026-06-14 14:31:52 [INFO] correct (tool_hit=2)
2026-06-14 14:31:52 [INFO] 

number id: 127
2026-06-14 14:32:12 [INFO] correct (tool_hit=0)
2026-06-14 14:32:12 [INFO] 

number id: 128
2026-06-14 14:32:22 [INFO] correct (tool_hit=0)
2026-06-14 14:32:22 [INFO] 

number id: 129
2026-06-14 14:32:53 [INFO] error (tool_hit=0)
2026-06-14 14:32:53 [INFO] 

number id: 130
2026-06-14 14:33:04 [INFO] correct (tool_hit=1)
2026-06-14 14:33:04 [INFO] 

number id: 131
2026-06-14 14:33:12 [INFO] error (tool_hit=0)
2026-06-14 14:33:12 [INFO] 

number id: 132
2026-06-14 14:33:22 [INFO] error (tool_hit=0)
2026-06-14 14:33:22 [INFO] 

number id: 133
2026-06-14 14:33:29 [INFO] correct (tool_hit=0)
2026-06-14 14:33:29 [INFO] 

number id: 134
2026-06-14 14:33:46 [INFO] correct (tool_hit=0)
2026-06-14 14:33:46 [INFO] 

number id: 135
2026-06-14 14:33:56 [INFO] correct (tool_hit=0)
2026-06-14 14:33:56 [INFO] 

number id: 136
2026-06-14 14:34:25 [INFO] error (tool_hit=0)
2026-06-14 14:34:25 [INFO] 

number id: 137
2026-06-14 14:34:59 [INFO] correct (tool_hit=0)
2026-06-14 14:34:59 [INFO] 

number id: 138
2026-06-14 14:36:42 [INFO] error (tool_hit=0)
2026-06-14 14:36:42 [INFO] 

number id: 139
2026-06-14 14:37:20 [INFO] error (tool_hit=0)
2026-06-14 14:37:20 [INFO] 

number id: 140
2026-06-14 14:37:44 [INFO] correct (tool_hit=0)
2026-06-14 14:37:44 [INFO] 

number id: 141
2026-06-14 14:38:10 [INFO] correct (tool_hit=1)
2026-06-14 14:38:10 [INFO] 

number id: 142
2026-06-14 14:38:28 [INFO] error (tool_hit=0)
2026-06-14 14:38:28 [INFO] 

number id: 143
2026-06-14 14:38:47 [INFO] error (tool_hit=0)
2026-06-14 14:38:47 [INFO] 

number id: 144
2026-06-14 14:39:09 [INFO] error (tool_hit=0)
2026-06-14 14:39:09 [INFO] 

number id: 145
2026-06-14 14:39:14 [INFO] correct (tool_hit=0)
2026-06-14 14:39:14 [INFO] 

number id: 146
2026-06-14 14:39:25 [INFO] correct (tool_hit=0)
2026-06-14 14:39:25 [INFO] 

number id: 147
2026-06-14 14:40:59 [INFO] error (tool_hit=2)
2026-06-14 14:40:59 [INFO] 

number id: 148
2026-06-14 14:41:04 [INFO] correct (tool_hit=0)
2026-06-14 14:41:04 [INFO] 

number id: 149
2026-06-14 14:41:09 [INFO] correct (tool_hit=0)
2026-06-14 14:41:09 [INFO] 

number id: 150
2026-06-14 14:41:54 [INFO] correct (tool_hit=0)
2026-06-14 14:41:54 [INFO] 

number id: 151
2026-06-14 14:42:34 [INFO] correct (tool_hit=0)
2026-06-14 14:42:34 [INFO] 

number id: 152
2026-06-14 14:42:54 [INFO] error (tool_hit=0)
2026-06-14 14:42:54 [INFO] 

number id: 153
2026-06-14 14:43:06 [INFO] error (tool_hit=0)
2026-06-14 14:43:06 [INFO] 

number id: 154
2026-06-14 14:43:12 [INFO] correct (tool_hit=0)
2026-06-14 14:43:12 [INFO] 

number id: 155
2026-06-14 14:43:48 [INFO] error (tool_hit=0)
2026-06-14 14:43:48 [INFO] 

number id: 156
2026-06-14 14:44:17 [INFO] correct (tool_hit=0)
2026-06-14 14:44:17 [INFO] 

number id: 157
2026-06-14 14:44:37 [INFO] correct (tool_hit=0)
2026-06-14 14:44:37 [INFO] 

number id: 158
2026-06-14 14:45:08 [INFO] error (tool_hit=0)
2026-06-14 14:45:08 [INFO] 

number id: 159
2026-06-14 14:45:16 [INFO] correct (tool_hit=0)
2026-06-14 14:45:16 [INFO] 

number id: 160
2026-06-14 14:45:29 [INFO] correct (tool_hit=0)
2026-06-14 14:45:29 [INFO] 

number id: 161
2026-06-14 14:45:38 [INFO] error (tool_hit=0)
2026-06-14 14:45:38 [INFO] 

number id: 162
2026-06-14 14:45:48 [INFO] correct (tool_hit=0)
2026-06-14 14:45:48 [INFO] 

number id: 163
2026-06-14 14:46:08 [INFO] correct (tool_hit=0)
2026-06-14 14:46:08 [INFO] 

number id: 164
2026-06-14 14:46:47 [INFO] correct (tool_hit=0)
2026-06-14 14:46:47 [INFO] 

number id: 165
2026-06-14 14:49:01 [INFO] error (tool_hit=0)
2026-06-14 14:49:01 [INFO] 

number id: 166
2026-06-14 14:49:18 [INFO] correct (tool_hit=0)
2026-06-14 14:49:18 [INFO] 

number id: 167
2026-06-14 14:49:26 [INFO] correct (tool_hit=0)
2026-06-14 14:49:26 [INFO] 

number id: 168
2026-06-14 14:49:58 [INFO] error (tool_hit=0)
2026-06-14 14:49:58 [INFO] 

number id: 169
2026-06-14 14:50:23 [INFO] correct (tool_hit=0)
2026-06-14 14:50:23 [INFO] 

number id: 170
2026-06-14 14:50:38 [INFO] correct (tool_hit=0)
2026-06-14 14:50:38 [INFO] 

number id: 171
2026-06-14 14:50:58 [INFO] error (tool_hit=0)
2026-06-14 14:50:58 [INFO] 

number id: 172
2026-06-14 14:51:28 [INFO] error (tool_hit=0)
2026-06-14 14:51:28 [INFO] 

number id: 173
2026-06-14 14:51:38 [INFO] error (tool_hit=1)
2026-06-14 14:51:38 [INFO] 

number id: 174
2026-06-14 14:51:52 [INFO] error (tool_hit=0)
2026-06-14 14:51:52 [INFO] 

number id: 175
2026-06-14 14:51:56 [INFO] correct (tool_hit=0)
2026-06-14 14:51:56 [INFO] 

number id: 176
2026-06-14 14:52:17 [INFO] error (tool_hit=0)
2026-06-14 14:52:17 [INFO] 

number id: 177
2026-06-14 14:52:41 [INFO] correct (tool_hit=0)
2026-06-14 14:52:41 [INFO] 

number id: 178
2026-06-14 14:53:21 [INFO] correct (tool_hit=0)
2026-06-14 14:53:21 [INFO] 

number id: 179
2026-06-14 14:53:30 [INFO] error (tool_hit=0)
2026-06-14 14:53:30 [INFO] 

number id: 180
2026-06-14 14:55:54 [INFO] error (tool_hit=0)
2026-06-14 14:55:54 [INFO] 

number id: 181
2026-06-14 14:56:00 [INFO] error (tool_hit=0)
2026-06-14 14:56:00 [INFO] 

number id: 182
2026-06-14 14:56:19 [INFO] error (tool_hit=0)
2026-06-14 14:56:19 [INFO] 

number id: 183
2026-06-14 14:56:38 [INFO] correct (tool_hit=0)
2026-06-14 14:56:38 [INFO] 

number id: 184
2026-06-14 14:57:28 [INFO] error (tool_hit=0)
2026-06-14 14:57:28 [INFO] 

number id: 185
2026-06-14 14:57:51 [INFO] error (tool_hit=2)
2026-06-14 14:57:51 [INFO] 

number id: 186
2026-06-14 14:58:10 [INFO] correct (tool_hit=0)
2026-06-14 14:58:10 [INFO] 

number id: 187
2026-06-14 14:58:23 [INFO] correct (tool_hit=0)
2026-06-14 14:58:23 [INFO] 

number id: 188
2026-06-14 14:58:34 [INFO] correct (tool_hit=0)
2026-06-14 14:58:34 [INFO] 

number id: 189
2026-06-14 14:59:06 [INFO] error (tool_hit=0)
2026-06-14 14:59:06 [INFO] 

number id: 190
2026-06-14 14:59:38 [INFO] error (tool_hit=0)
2026-06-14 14:59:38 [INFO] 

number id: 191
2026-06-14 14:59:48 [INFO] error (tool_hit=0)
2026-06-14 14:59:48 [INFO] 

number id: 192
2026-06-14 14:59:55 [INFO] correct (tool_hit=0)
2026-06-14 14:59:55 [INFO] 

number id: 193
2026-06-14 15:00:05 [INFO] correct (tool_hit=0)
2026-06-14 15:00:05 [INFO] 

number id: 194
2026-06-14 15:00:29 [INFO] error (tool_hit=0)
2026-06-14 15:00:29 [INFO] 

number id: 195
2026-06-14 15:01:10 [INFO] correct (tool_hit=1)
2026-06-14 15:01:10 [INFO] 

number id: 196
2026-06-14 15:01:38 [INFO] error (tool_hit=0)
2026-06-14 15:01:38 [INFO] 

number id: 197
2026-06-14 15:01:48 [INFO] correct (tool_hit=0)
2026-06-14 15:01:48 [INFO] 

number id: 198
2026-06-14 15:02:02 [INFO] error (tool_hit=0)
2026-06-14 15:02:02 [INFO] 

number id: 199
2026-06-14 15:02:06 [INFO] correct (tool_hit=0)
2026-06-14 15:02:06 [INFO] 200 solving 运行耗时: 1.0h, 12.0min, 52.70279598236084s
2026-06-14 15:02:06 [INFO] Correct_Q: 117
2026-06-14 15:02:06 [INFO] False_Q: 83
2026-06-14 15:02:06 [INFO] Error_Q: 0
2026-06-14 15:02:06 [INFO] Sum_Q: 200
2026-06-14 15:02:06 [INFO] Acc: 58.50%
2026-06-14 15:02:06 [INFO] Avg_time_per_Q: 21.86s
2026-06-14 15:02:06 [INFO] Total Tokens: 259784; Total Cost: $0.75
2026-06-14 15:02:06 [INFO] Round 5 | no_tool: Acc=116/200, Avg_time=19.72s
2026-06-14 15:02:06 [INFO] Round 5 | with_tool: Acc=117/200, Avg_time=21.86s
