2026-06-13 23:04:01 [INFO] ===== Round 1/1 =====
2026-06-13 23:04:01 [INFO] ===== no_tool =====
2026-06-13 23:04:01 [INFO] 

number id: 0
2026-06-13 23:04:06 [INFO] correct (tool_hit=0)
2026-06-13 23:04:06 [INFO] 

number id: 1
2026-06-13 23:04:12 [INFO] correct (tool_hit=0)
2026-06-13 23:04:12 [INFO] 

number id: 2
2026-06-13 23:04:23 [INFO] error (tool_hit=0)
2026-06-13 23:04:23 [INFO] 

number id: 3
2026-06-13 23:04:34 [INFO] error (tool_hit=0)
2026-06-13 23:04:34 [INFO] 

number id: 4
2026-06-13 23:04:40 [INFO] correct (tool_hit=0)
2026-06-13 23:04:40 [INFO] 

number id: 5
2026-06-13 23:04:50 [INFO] correct (tool_hit=0)
2026-06-13 23:04:50 [INFO] 

number id: 6
2026-06-13 23:05:03 [INFO] error (tool_hit=0)
2026-06-13 23:05:03 [INFO] 

number id: 7
2026-06-13 23:05:20 [INFO] correct (tool_hit=0)
2026-06-13 23:05:20 [INFO] 

number id: 8
2026-06-13 23:06:10 [INFO] error (tool_hit=0)
2026-06-13 23:06:10 [INFO] 

number id: 9
2026-06-13 23:07:01 [INFO] error (tool_hit=0)
2026-06-13 23:07:01 [INFO] 

number id: 10
