2026-06-13 18:05:22 [INFO] ===== Round 1/1 =====
2026-06-13 18:05:22 [INFO] ===== no_tool =====
2026-06-13 18:05:22 [INFO] 



2026-06-13 18:05:22 [INFO] number id: 0
2026-06-13 18:05:22 [INFO] label id: Study_1:0
2026-06-13 18:05:22 [INFO] puzzle content:
2026-06-13 18:05:22 [INFO] def sat(s: str):
    return s.count('o') == 1000 and s.count('oo') == 0
2026-06-13 18:05:32 [INFO] Runtime error: name 'sat' is not defined
2026-06-13 18:05:32 [INFO] 



2026-06-13 18:05:32 [INFO] number id: 1
2026-06-13 18:05:32 [INFO] label id: Study_2:0
2026-06-13 18:05:32 [INFO] puzzle content:
2026-06-13 18:05:32 [INFO] def sat(s: str):
    return s.count('o') == 1000 and s.count('oo') == 100 and s.count('ho') == 801
2026-06-13 18:05:43 [INFO] Runtime error: name 'sat' is not defined
2026-06-13 18:05:43 [INFO] 



2026-06-13 18:05:43 [INFO] number id: 2
2026-06-13 18:05:43 [INFO] label id: Study_3:0
2026-06-13 18:05:43 [INFO] puzzle content:
2026-06-13 18:05:43 [INFO] def sat(li: List[int]):
    return sorted(li) == list(range(999)) and all(li[i] != i for i in range(len(li)))
2026-06-13 18:05:55 [INFO] Runtime error: name 'sat' is not defined
2026-06-13 18:05:55 [INFO] 



2026-06-13 18:05:55 [INFO] number id: 3
2026-06-13 18:05:55 [INFO] label id: Study_4:0
2026-06-13 18:05:55 [INFO] puzzle content:
2026-06-13 18:05:55 [INFO] def sat(li: List[int]):
    return len(li) == 10 and li.count(li[3]) == 2
2026-06-13 18:06:02 [INFO] Runtime error: name 'sat' is not defined
2026-06-13 18:06:02 [INFO] 



2026-06-13 18:06:02 [INFO] number id: 4
2026-06-13 18:06:02 [INFO] label id: Study_5:0
2026-06-13 18:06:02 [INFO] puzzle content:
2026-06-13 18:06:02 [INFO] def sat(li: List[int]):
    return all([li.count(i) == i for i in range(10)])
2026-06-13 18:06:08 [INFO] Runtime error: name 'sat' is not defined
2026-06-13 18:06:08 [INFO] 



2026-06-13 18:06:08 [INFO] number id: 5
2026-06-13 18:06:08 [INFO] label id: Study_6:0
2026-06-13 18:06:08 [INFO] puzzle content:
2026-06-13 18:06:08 [INFO] def sat(i: int):
    return i % 123 == 4 and i > 10 ** 10
2026-06-13 18:06:13 [INFO] Runtime error: name 'sat' is not defined
2026-06-13 18:06:13 [INFO] 



2026-06-13 18:06:13 [INFO] number id: 6
2026-06-13 18:06:13 [INFO] label id: Study_7:0
2026-06-13 18:06:13 [INFO] puzzle content:
2026-06-13 18:06:13 [INFO] def sat(s: str):
    return str(8 ** 2888).count(s) > 8 and len(s) == 3
2026-06-13 18:06:20 [INFO] Runtime error: name 'sat' is not defined
2026-06-13 18:06:20 [INFO] 



2026-06-13 18:06:20 [INFO] number id: 7
2026-06-13 18:06:20 [INFO] label id: Study_8:0
2026-06-13 18:06:20 [INFO] puzzle content:
2026-06-13 18:06:20 [INFO] def sat(ls: List[str]):
    return ls[1234] in ls[1235] and ls[1234] != ls[1235]
2026-06-13 18:06:28 [INFO] Runtime error: name 'sat' is not defined
2026-06-13 18:06:28 [INFO] 



2026-06-13 18:06:28 [INFO] number id: 8
2026-06-13 18:06:28 [INFO] label id: Study_9:0
2026-06-13 18:06:28 [INFO] puzzle content:
2026-06-13 18:06:28 [INFO] def sat(li: List[int]):
    return ["The quick brown fox jumps over the lazy dog"[i] for i in li] == list(
        "The five boxing wizards jump quickly")
2026-06-13 18:06:37 [INFO] Runtime error: name 'sat' is not defined
2026-06-13 18:06:37 [INFO] 



2026-06-13 18:06:37 [INFO] number id: 9
2026-06-13 18:06:37 [INFO] label id: Study_10:0
2026-06-13 18:06:37 [INFO] puzzle content:
2026-06-13 18:06:37 [INFO] def sat(s: str):
    return s in str(8 ** 1818) and s == s[::-1] and len(s) > 11
2026-06-13 18:06:45 [INFO] Runtime error: name 'sat' is not defined
2026-06-13 18:06:45 [INFO] 10 solving 运行耗时: 0.0h, 1.0min, 22.577061414718628s
2026-06-13 18:06:45 [INFO] 
Tokens/token_usage_no_tool_2026-06-13-18-05-22.json
2026-06-13 18:06:45 [INFO] Correct_Q: 0
2026-06-13 18:06:45 [INFO] False_Q: 0
2026-06-13 18:06:45 [INFO] Error_Q: 10
2026-06-13 18:06:45 [INFO] Sum_Q: 10
2026-06-13 18:06:45 [INFO] Acc: 0.00%
2026-06-13 18:06:45 [INFO] Avg_time_per_Q: 8.26s
2026-06-13 18:06:45 [INFO] Total Tokens: 14837
2026-06-13 18:06:45 [INFO] Total Cost: $0.05
2026-06-13 18:06:45 [INFO] ===== with_tool =====
2026-06-13 18:06:45 [INFO] 



2026-06-13 18:06:45 [INFO] number id: 0
2026-06-13 18:06:45 [INFO] label id: Study_1:0
2026-06-13 18:06:45 [INFO] puzzle content:
2026-06-13 18:06:45 [INFO] def sat(s: str):
    return s.count('o') == 1000 and s.count('oo') == 0
2026-06-13 18:06:54 [INFO] Runtime error: name 'sat' is not defined
2026-06-13 18:06:54 [INFO] 



2026-06-13 18:06:54 [INFO] number id: 1
2026-06-13 18:06:54 [INFO] label id: Study_2:0
2026-06-13 18:06:54 [INFO] puzzle content:
2026-06-13 18:06:54 [INFO] def sat(s: str):
    return s.count('o') == 1000 and s.count('oo') == 100 and s.count('ho') == 801
2026-06-13 18:07:04 [INFO] Runtime error: name 'sat' is not defined
2026-06-13 18:07:04 [INFO] 



2026-06-13 18:07:04 [INFO] number id: 2
2026-06-13 18:07:04 [INFO] label id: Study_3:0
2026-06-13 18:07:04 [INFO] puzzle content:
2026-06-13 18:07:04 [INFO] def sat(li: List[int]):
    return sorted(li) == list(range(999)) and all(li[i] != i for i in range(len(li)))
2026-06-13 18:07:29 [INFO] Runtime error: name 'sat' is not defined
2026-06-13 18:07:29 [INFO] 



2026-06-13 18:07:29 [INFO] number id: 3
2026-06-13 18:07:29 [INFO] label id: Study_4:0
2026-06-13 18:07:29 [INFO] puzzle content:
2026-06-13 18:07:29 [INFO] def sat(li: List[int]):
    return len(li) == 10 and li.count(li[3]) == 2
2026-06-13 18:07:37 [INFO] Runtime error: name 'sat' is not defined
2026-06-13 18:07:37 [INFO] 



2026-06-13 18:07:37 [INFO] number id: 4
2026-06-13 18:07:37 [INFO] label id: Study_5:0
2026-06-13 18:07:37 [INFO] puzzle content:
2026-06-13 18:07:37 [INFO] def sat(li: List[int]):
    return all([li.count(i) == i for i in range(10)])
2026-06-13 18:07:45 [INFO] Runtime error: name 'sat' is not defined
2026-06-13 18:07:45 [INFO] 



2026-06-13 18:07:45 [INFO] number id: 5
2026-06-13 18:07:45 [INFO] label id: Study_6:0
2026-06-13 18:07:45 [INFO] puzzle content:
2026-06-13 18:07:45 [INFO] def sat(i: int):
    return i % 123 == 4 and i > 10 ** 10
2026-06-13 18:07:45 [INFO] Tool->10000000003
2026-06-13 18:07:45 [INFO] Runtime error: name 'sat' is not defined
2026-06-13 18:07:45 [INFO] 



2026-06-13 18:07:45 [INFO] number id: 6
2026-06-13 18:07:45 [INFO] label id: Study_7:0
2026-06-13 18:07:45 [INFO] puzzle content:
2026-06-13 18:07:45 [INFO] def sat(s: str):
    return str(8 ** 2888).count(s) > 8 and len(s) == 3
2026-06-13 18:07:47 [INFO] Tool->'672'
2026-06-13 18:07:47 [INFO] Runtime error: name 'sat' is not defined
2026-06-13 18:07:47 [INFO] 



2026-06-13 18:07:47 [INFO] number id: 7
2026-06-13 18:07:47 [INFO] label id: Study_8:0
2026-06-13 18:07:47 [INFO] puzzle content:
2026-06-13 18:07:47 [INFO] def sat(ls: List[str]):
    return ls[1234] in ls[1235] and ls[1234] != ls[1235]
2026-06-13 18:07:56 [INFO] Runtime error: name 'sat' is not defined
2026-06-13 18:07:56 [INFO] 



2026-06-13 18:07:56 [INFO] number id: 8
2026-06-13 18:07:56 [INFO] label id: Study_9:0
2026-06-13 18:07:56 [INFO] puzzle content:
2026-06-13 18:07:56 [INFO] def sat(li: List[int]):
    return ["The quick brown fox jumps over the lazy dog"[i] for i in li] == list(
        "The five boxing wizards jump quickly")
2026-06-13 18:08:07 [INFO] Runtime error: invalid syntax (<string>, line 1)
2026-06-13 18:08:07 [INFO] 



2026-06-13 18:08:07 [INFO] number id: 9
2026-06-13 18:08:07 [INFO] label id: Study_10:0
2026-06-13 18:08:07 [INFO] puzzle content:
2026-06-13 18:08:07 [INFO] def sat(s: str):
    return s in str(8 ** 1818) and s == s[::-1] and len(s) > 11
2026-06-13 18:08:08 [INFO] Tool->'8834117114388'
2026-06-13 18:08:08 [INFO] Runtime error: name 'sat' is not defined
2026-06-13 18:08:08 [INFO] 10 solving 运行耗时: 0.0h, 1.0min, 22.835152626037598s
2026-06-13 18:08:08 [INFO] 
Tokens/token_usage_with_tool_2026-06-13-18-05-22.json
2026-06-13 18:08:08 [INFO] Correct_Q: 0
2026-06-13 18:08:08 [INFO] False_Q: 0
2026-06-13 18:08:08 [INFO] Error_Q: 10
2026-06-13 18:08:08 [INFO] Sum_Q: 10
2026-06-13 18:08:08 [INFO] Acc: 0.00%
2026-06-13 18:08:08 [INFO] Avg_time_per_Q: 8.28s
2026-06-13 18:08:08 [INFO] Total Tokens: 13037
2026-06-13 18:08:08 [INFO] Total Cost: $0.06
2026-06-13 18:08:08 [INFO] Round 1 summary | no_tool: Acc=0/10, Avg_time=8.26s
2026-06-13 18:08:08 [INFO] Round 1 summary | with_tool: Acc=0/10, Avg_time=8.28s
