2026-06-13 20:36:40 [INFO] ===== Round 1/1 =====
2026-06-13 20:36:40 [INFO] ===== no_tool =====
2026-06-13 20:36:40 [INFO] 



2026-06-13 20:36:40 [INFO] number id: 0
2026-06-13 20:36:40 [INFO] label id: Study_1:0
2026-06-13 20:36:40 [INFO] puzzle content:
2026-06-13 20:36:40 [INFO] def sat(s: str):
    return s.count('o') == 1000 and s.count('oo') == 0
2026-06-13 20:36:49 [INFO] False->Fail
2026-06-13 20:36:49 [INFO] 



2026-06-13 20:36:49 [INFO] number id: 1
2026-06-13 20:36:49 [INFO] label id: Study_2:0
2026-06-13 20:36:49 [INFO] puzzle content:
2026-06-13 20:36:49 [INFO] def sat(s: str):
    return s.count('o') == 1000 and s.count('oo') == 100 and s.count('ho') == 801
2026-06-13 20:37:02 [INFO] False->Fail
2026-06-13 20:37:02 [INFO] 



2026-06-13 20:37:02 [INFO] number id: 2
2026-06-13 20:37:02 [INFO] label id: Study_3:0
2026-06-13 20:37:02 [INFO] puzzle content:
2026-06-13 20:37:02 [INFO] def sat(li: List[int]):
    return sorted(li) == list(range(999)) and all(li[i] != i for i in range(len(li)))
2026-06-13 20:37:29 [INFO] False->Fail
2026-06-13 20:37:29 [INFO] 



2026-06-13 20:37:29 [INFO] number id: 3
2026-06-13 20:37:29 [INFO] label id: Study_4:0
2026-06-13 20:37:29 [INFO] puzzle content:
2026-06-13 20:37:29 [INFO] def sat(li: List[int]):
    return len(li) == 10 and li.count(li[3]) == 2
2026-06-13 20:37:38 [INFO] False->Fail
2026-06-13 20:37:38 [INFO] 



2026-06-13 20:37:38 [INFO] number id: 4
2026-06-13 20:37:38 [INFO] label id: Study_5:0
2026-06-13 20:37:38 [INFO] puzzle content:
2026-06-13 20:37:38 [INFO] def sat(li: List[int]):
    return all([li.count(i) == i for i in range(10)])
2026-06-13 20:37:45 [INFO] False->Fail
2026-06-13 20:37:45 [INFO] 



2026-06-13 20:37:45 [INFO] number id: 5
2026-06-13 20:37:45 [INFO] label id: Study_6:0
2026-06-13 20:37:45 [INFO] puzzle content:
2026-06-13 20:37:45 [INFO] def sat(i: int):
    return i % 123 == 4 and i > 10 ** 10
2026-06-13 20:37:51 [INFO] False->Fail
2026-06-13 20:37:51 [INFO] 



2026-06-13 20:37:51 [INFO] number id: 6
2026-06-13 20:37:51 [INFO] label id: Study_7:0
2026-06-13 20:37:51 [INFO] puzzle content:
2026-06-13 20:37:51 [INFO] def sat(s: str):
    return str(8 ** 2888).count(s) > 8 and len(s) == 3
2026-06-13 20:38:00 [INFO] False->Fail
2026-06-13 20:38:00 [INFO] 



2026-06-13 20:38:00 [INFO] number id: 7
2026-06-13 20:38:00 [INFO] label id: Study_8:0
2026-06-13 20:38:00 [INFO] puzzle content:
2026-06-13 20:38:00 [INFO] def sat(ls: List[str]):
    return ls[1234] in ls[1235] and ls[1234] != ls[1235]
2026-06-13 20:38:09 [INFO] True->Success
2026-06-13 20:38:09 [INFO] 



2026-06-13 20:38:09 [INFO] number id: 8
2026-06-13 20:38:09 [INFO] label id: Study_9:0
2026-06-13 20:38:09 [INFO] puzzle content:
2026-06-13 20:38:09 [INFO] def sat(li: List[int]):
    return ["The quick brown fox jumps over the lazy dog"[i] for i in li] == list(
        "The five boxing wizards jump quickly")
2026-06-13 20:38:19 [INFO] Runtime error: string index out of range
2026-06-13 20:38:19 [INFO] 



2026-06-13 20:38:19 [INFO] number id: 9
2026-06-13 20:38:19 [INFO] label id: Study_10:0
2026-06-13 20:38:19 [INFO] puzzle content:
2026-06-13 20:38:19 [INFO] def sat(s: str):
    return s in str(8 ** 1818) and s == s[::-1] and len(s) > 11
2026-06-13 20:38:33 [INFO] False->Fail
2026-06-13 20:38:33 [INFO] 



2026-06-13 20:38:33 [INFO] number id: 10
2026-06-13 20:38:33 [INFO] label id: Study_11:0
2026-06-13 20:38:33 [INFO] puzzle content:
2026-06-13 20:38:33 [INFO] def sat(ls: List[str]):
    return min(ls) == max(ls) == str(len(ls))
2026-06-13 20:38:41 [INFO] True->Success
2026-06-13 20:38:41 [INFO] 



2026-06-13 20:38:41 [INFO] number id: 11
2026-06-13 20:38:41 [INFO] label id: Study_12:0
2026-06-13 20:38:41 [INFO] puzzle content:
2026-06-13 20:38:41 [INFO] def sat(li: List[int]):
    return all(i + j == 9 for i, j in zip([4] + li, li)) and len(li) == 1000
2026-06-13 20:38:46 [INFO] False->Fail
2026-06-13 20:38:46 [INFO] 



2026-06-13 20:38:46 [INFO] number id: 12
2026-06-13 20:38:46 [INFO] label id: Study_13:0
2026-06-13 20:38:46 [INFO] puzzle content:
2026-06-13 20:38:46 [INFO] def sat(x: float):
    return str(x - 3.1415).startswith("123.456")
2026-06-13 20:38:53 [INFO] False->Fail
2026-06-13 20:38:53 [INFO] 



2026-06-13 20:38:53 [INFO] number id: 13
2026-06-13 20:38:53 [INFO] label id: Study_14:0
2026-06-13 20:38:53 [INFO] puzzle content:
2026-06-13 20:38:53 [INFO] def sat(li: List[int]):
    return all([sum(li[:i]) == i for i in range(20)])
2026-06-13 20:39:03 [INFO] False->Fail
2026-06-13 20:39:03 [INFO] 



2026-06-13 20:39:03 [INFO] number id: 14
2026-06-13 20:39:03 [INFO] label id: Study_15:0
2026-06-13 20:39:03 [INFO] puzzle content:
2026-06-13 20:39:03 [INFO] def sat(li: List[int]):
    return all(sum(li[:i]) == 2 ** i - 1 for i in range(20))
2026-06-13 20:39:16 [INFO] True->Success
2026-06-13 20:39:16 [INFO] 



2026-06-13 20:39:16 [INFO] number id: 15
2026-06-13 20:39:16 [INFO] label id: Study_16:0
2026-06-13 20:39:16 [INFO] puzzle content:
2026-06-13 20:39:16 [INFO] def sat(s: str):
    return float(s) + len(s) == 4.5
2026-06-13 20:39:28 [INFO] True->Success
2026-06-13 20:39:28 [INFO] 



2026-06-13 20:39:28 [INFO] number id: 16
2026-06-13 20:39:28 [INFO] label id: Study_17:0
2026-06-13 20:39:28 [INFO] puzzle content:
2026-06-13 20:39:28 [INFO] def sat(i: int):
    return len(str(i + 1000)) > len(str(i + 1001))
2026-06-13 20:39:36 [INFO] False->Fail
2026-06-13 20:39:36 [INFO] 



2026-06-13 20:39:36 [INFO] number id: 17
2026-06-13 20:39:36 [INFO] label id: Study_18:0
2026-06-13 20:39:36 [INFO] puzzle content:
2026-06-13 20:39:36 [INFO] def sat(ls: List[str]):
    return [s + t for s in ls for t in ls if s != t] == 'berlin berger linber linger gerber gerlin'.split()
2026-06-13 20:39:49 [INFO] True->Success
2026-06-13 20:39:49 [INFO] 



2026-06-13 20:39:49 [INFO] number id: 18
2026-06-13 20:39:49 [INFO] label id: Study_19:0
2026-06-13 20:39:49 [INFO] puzzle content:
2026-06-13 20:39:49 [INFO] def sat(li: List[int]):
    return {i + j for i in li for j in li} == {0, 1, 2, 3, 4, 5, 6, 17, 18, 19, 20, 34}
2026-06-13 20:40:11 [INFO] False->Fail
2026-06-13 20:40:11 [INFO] 



2026-06-13 20:40:11 [INFO] number id: 19
2026-06-13 20:40:11 [INFO] label id: Study_20:0
2026-06-13 20:40:11 [INFO] puzzle content:
2026-06-13 20:40:11 [INFO] def sat(li: List[int]):
    return all(j in {i - 1, i + 1, 3 * i} for i, j in zip([0] + li, li + [128]))
2026-06-13 20:40:32 [INFO] Runtime error: invalid syntax (<string>, line 1)
2026-06-13 20:40:32 [INFO] 20 solving 运行耗时: 0.0h, 3.0min, 52.515846967697144s
2026-06-13 20:40:32 [INFO] 
Tokens/token_usage_no_tool_2026-06-13-20-36-40.json
2026-06-13 20:40:32 [INFO] Correct_Q: 5
2026-06-13 20:40:32 [INFO] False_Q: 13
2026-06-13 20:40:32 [INFO] Error_Q: 2
2026-06-13 20:40:32 [INFO] Sum_Q: 20
2026-06-13 20:40:32 [INFO] Acc: 25.00%
2026-06-13 20:40:32 [INFO] Avg_time_per_Q: 11.63s
2026-06-13 20:40:32 [INFO] Total Tokens: 28934
2026-06-13 20:40:32 [INFO] Total Cost: $0.11
2026-06-13 20:40:32 [INFO] ===== with_tool =====
2026-06-13 20:40:32 [INFO] 



2026-06-13 20:40:32 [INFO] number id: 0
2026-06-13 20:40:32 [INFO] label id: Study_1:0
2026-06-13 20:40:32 [INFO] puzzle content:
2026-06-13 20:40:32 [INFO] def sat(s: str):
    return s.count('o') == 1000 and s.count('oo') == 0
2026-06-13 20:40:45 [INFO] False->Fail
2026-06-13 20:40:45 [INFO] 



2026-06-13 20:40:45 [INFO] number id: 1
2026-06-13 20:40:45 [INFO] label id: Study_2:0
2026-06-13 20:40:45 [INFO] puzzle content:
2026-06-13 20:40:45 [INFO] def sat(s: str):
    return s.count('o') == 1000 and s.count('oo') == 100 and s.count('ho') == 801
2026-06-13 20:41:00 [INFO] False->Fail
2026-06-13 20:41:00 [INFO] 



2026-06-13 20:41:00 [INFO] number id: 2
2026-06-13 20:41:00 [INFO] label id: Study_3:0
2026-06-13 20:41:00 [INFO] puzzle content:
2026-06-13 20:41:00 [INFO] def sat(li: List[int]):
    return sorted(li) == list(range(999)) and all(li[i] != i for i in range(len(li)))
2026-06-13 20:41:25 [INFO] Runtime error: invalid syntax (<string>, line 1)
2026-06-13 20:41:25 [INFO] 



2026-06-13 20:41:25 [INFO] number id: 3
2026-06-13 20:41:25 [INFO] label id: Study_4:0
2026-06-13 20:41:25 [INFO] puzzle content:
2026-06-13 20:41:25 [INFO] def sat(li: List[int]):
    return len(li) == 10 and li.count(li[3]) == 2
2026-06-13 20:41:34 [INFO] Runtime error: invalid syntax (<string>, line 1)
2026-06-13 20:41:34 [INFO] 



2026-06-13 20:41:34 [INFO] number id: 4
2026-06-13 20:41:34 [INFO] label id: Study_5:0
2026-06-13 20:41:34 [INFO] puzzle content:
2026-06-13 20:41:34 [INFO] def sat(li: List[int]):
    return all([li.count(i) == i for i in range(10)])
2026-06-13 20:41:43 [INFO] False->Fail
2026-06-13 20:41:43 [INFO] 



2026-06-13 20:41:43 [INFO] number id: 5
2026-06-13 20:41:43 [INFO] label id: Study_6:0
2026-06-13 20:41:43 [INFO] puzzle content:
2026-06-13 20:41:43 [INFO] def sat(i: int):
    return i % 123 == 4 and i > 10 ** 10
2026-06-13 20:41:43 [INFO] Tool->10000000003
2026-06-13 20:41:43 [INFO] True->Success
2026-06-13 20:41:43 [INFO] 



2026-06-13 20:41:43 [INFO] number id: 6
2026-06-13 20:41:43 [INFO] label id: Study_7:0
2026-06-13 20:41:43 [INFO] puzzle content:
2026-06-13 20:41:43 [INFO] def sat(s: str):
    return str(8 ** 2888).count(s) > 8 and len(s) == 3
2026-06-13 20:41:45 [INFO] Tool->'672'
2026-06-13 20:41:45 [INFO] True->Success
2026-06-13 20:41:45 [INFO] 



2026-06-13 20:41:45 [INFO] number id: 7
2026-06-13 20:41:45 [INFO] label id: Study_8:0
2026-06-13 20:41:45 [INFO] puzzle content:
2026-06-13 20:41:45 [INFO] def sat(ls: List[str]):
    return ls[1234] in ls[1235] and ls[1234] != ls[1235]
2026-06-13 20:41:56 [INFO] True->Success
2026-06-13 20:41:56 [INFO] 



2026-06-13 20:41:56 [INFO] number id: 8
2026-06-13 20:41:56 [INFO] label id: Study_9:0
2026-06-13 20:41:56 [INFO] puzzle content:
2026-06-13 20:41:56 [INFO] def sat(li: List[int]):
    return ["The quick brown fox jumps over the lazy dog"[i] for i in li] == list(
        "The five boxing wizards jump quickly")
2026-06-13 20:42:11 [INFO] Runtime error: string index out of range
2026-06-13 20:42:11 [INFO] 



2026-06-13 20:42:11 [INFO] number id: 9
2026-06-13 20:42:11 [INFO] label id: Study_10:0
2026-06-13 20:42:11 [INFO] puzzle content:
2026-06-13 20:42:11 [INFO] def sat(s: str):
    return s in str(8 ** 1818) and s == s[::-1] and len(s) > 11
2026-06-13 20:42:11 [INFO] Tool->'8834117114388'
2026-06-13 20:42:11 [INFO] True->Success
2026-06-13 20:42:11 [INFO] 



2026-06-13 20:42:11 [INFO] number id: 10
2026-06-13 20:42:11 [INFO] label id: Study_11:0
2026-06-13 20:42:11 [INFO] puzzle content:
2026-06-13 20:42:11 [INFO] def sat(ls: List[str]):
    return min(ls) == max(ls) == str(len(ls))
2026-06-13 20:42:25 [INFO] True->Success
2026-06-13 20:42:25 [INFO] 



2026-06-13 20:42:25 [INFO] number id: 11
2026-06-13 20:42:25 [INFO] label id: Study_12:0
2026-06-13 20:42:25 [INFO] puzzle content:
2026-06-13 20:42:25 [INFO] def sat(li: List[int]):
    return all(i + j == 9 for i, j in zip([4] + li, li)) and len(li) == 1000
2026-06-13 20:43:01 [INFO] False->Fail
2026-06-13 20:43:01 [INFO] 



2026-06-13 20:43:01 [INFO] number id: 12
2026-06-13 20:43:01 [INFO] label id: Study_13:0
2026-06-13 20:43:01 [INFO] puzzle content:
2026-06-13 20:43:01 [INFO] def sat(x: float):
    return str(x - 3.1415).startswith("123.456")
2026-06-13 20:43:08 [INFO] False->Fail
2026-06-13 20:43:08 [INFO] 



2026-06-13 20:43:08 [INFO] number id: 13
2026-06-13 20:43:08 [INFO] label id: Study_14:0
2026-06-13 20:43:08 [INFO] puzzle content:
2026-06-13 20:43:08 [INFO] def sat(li: List[int]):
    return all([sum(li[:i]) == i for i in range(20)])
2026-06-13 20:43:22 [INFO] True->Success
2026-06-13 20:43:22 [INFO] 



2026-06-13 20:43:22 [INFO] number id: 14
2026-06-13 20:43:22 [INFO] label id: Study_15:0
2026-06-13 20:43:22 [INFO] puzzle content:
2026-06-13 20:43:22 [INFO] def sat(li: List[int]):
    return all(sum(li[:i]) == 2 ** i - 1 for i in range(20))
2026-06-13 20:43:50 [INFO] True->Success
2026-06-13 20:43:50 [INFO] 



2026-06-13 20:43:50 [INFO] number id: 15
2026-06-13 20:43:50 [INFO] label id: Study_16:0
2026-06-13 20:43:50 [INFO] puzzle content:
2026-06-13 20:43:50 [INFO] def sat(s: str):
    return float(s) + len(s) == 4.5
2026-06-13 20:44:06 [INFO] False->Fail
2026-06-13 20:44:06 [INFO] 



2026-06-13 20:44:06 [INFO] number id: 16
2026-06-13 20:44:06 [INFO] label id: Study_17:0
2026-06-13 20:44:06 [INFO] puzzle content:
2026-06-13 20:44:06 [INFO] def sat(i: int):
    return len(str(i + 1000)) > len(str(i + 1001))
2026-06-13 20:44:06 [INFO] Tool->-2000
2026-06-13 20:44:06 [INFO] True->Success
2026-06-13 20:44:06 [INFO] 



2026-06-13 20:44:06 [INFO] number id: 17
2026-06-13 20:44:06 [INFO] label id: Study_18:0
2026-06-13 20:44:06 [INFO] puzzle content:
2026-06-13 20:44:06 [INFO] def sat(ls: List[str]):
    return [s + t for s in ls for t in ls if s != t] == 'berlin berger linber linger gerber gerlin'.split()
2026-06-13 20:44:27 [INFO] False->Fail
2026-06-13 20:44:27 [INFO] 



2026-06-13 20:44:27 [INFO] number id: 18
2026-06-13 20:44:27 [INFO] label id: Study_19:0
2026-06-13 20:44:27 [INFO] puzzle content:
2026-06-13 20:44:27 [INFO] def sat(li: List[int]):
    return {i + j for i in li for j in li} == {0, 1, 2, 3, 4, 5, 6, 17, 18, 19, 20, 34}
2026-06-13 20:45:04 [INFO] False->Fail
2026-06-13 20:45:04 [INFO] 



2026-06-13 20:45:04 [INFO] number id: 19
2026-06-13 20:45:04 [INFO] label id: Study_20:0
2026-06-13 20:45:04 [INFO] puzzle content:
2026-06-13 20:45:04 [INFO] def sat(li: List[int]):
    return all(j in {i - 1, i + 1, 3 * i} for i, j in zip([0] + li, li + [128]))
2026-06-13 20:45:30 [INFO] False->Fail
2026-06-13 20:45:30 [INFO] 20 solving 运行耗时: 0.0h, 4.0min, 57.5669469833374s
2026-06-13 20:45:30 [INFO] 
Tokens/token_usage_with_tool_2026-06-13-20-36-40.json
2026-06-13 20:45:30 [INFO] Correct_Q: 8
2026-06-13 20:45:30 [INFO] False_Q: 9
2026-06-13 20:45:30 [INFO] Error_Q: 3
2026-06-13 20:45:30 [INFO] Sum_Q: 20
2026-06-13 20:45:30 [INFO] Acc: 40.00%
2026-06-13 20:45:30 [INFO] Avg_time_per_Q: 14.88s
2026-06-13 20:45:30 [INFO] Total Tokens: 26604
2026-06-13 20:45:30 [INFO] Total Cost: $0.13
2026-06-13 20:45:30 [INFO] Round 1 summary | no_tool: Acc=5/20, Avg_time=11.63s
2026-06-13 20:45:30 [INFO] Round 1 summary | with_tool: Acc=8/20, Avg_time=14.88s
